[0.041s] Invoking command in '/home/evan/Documents/algo_gaze_project/build/robotis_controller': AMENT_PREFIX_PATH=/home/evan/Documents/algo_gaze_project/install/robotis_framework_common:/home/evan/Documents/algo_gaze_project/install/robotis_device:/home/evan/Documents/algo_gaze_project/install/robotis_controller_msgs:/home/evan/Documents/algo_gaze_project/install/dynamixel_sdk:${AMENT_PREFIX_PATH} CMAKE_PREFIX_PATH=/home/evan/Documents/algo_gaze_project/install/robotis_framework_common:/home/evan/Documents/algo_gaze_project/install/robotis_device:/home/evan/Documents/algo_gaze_project/install/robotis_controller_msgs:/home/evan/Documents/algo_gaze_project/install/dynamixel_sdk:/opt/ros/humble LD_LIBRARY_PATH=/home/evan/Documents/algo_gaze_project/install/robotis_device/lib:/home/evan/Documents/algo_gaze_project/install/robotis_controller_msgs/lib:/home/evan/Documents/algo_gaze_project/install/dynamixel_sdk/lib:${LD_LIBRARY_PATH} PYTHONPATH=/home/evan/Documents/algo_gaze_project/install/robotis_controller_msgs/local/lib/python3.10/dist-packages:/home/evan/Documents/algo_gaze_project/install/dynamixel_sdk/local/lib/python3.10/dist-packages:${PYTHONPATH} /usr/bin/cmake /home/evan/Documents/algo_gaze_project/ROBOTIS-Framework/robotis_controller -DAMENT_CMAKE_SYMLINK_INSTALL=1 -DCMAKE_INSTALL_PREFIX=/home/evan/Documents/algo_gaze_project/install/robotis_controller
[0.137s] -- The C compiler identification is GNU 11.4.0
[0.226s] -- The CXX compiler identification is GNU 11.4.0
[0.238s] -- Detecting C compiler ABI info
[0.329s] -- Detecting C compiler ABI info - done
[0.339s] -- Check for working C compiler: /usr/bin/cc - skipped
[0.339s] -- Detecting C compile features
[0.340s] -- Detecting C compile features - done
[0.344s] -- Detecting CXX compiler ABI info
[0.442s] -- Detecting CXX compiler ABI info - done
[0.451s] -- Check for working CXX compiler: /usr/bin/c++ - skipped
[0.451s] -- Detecting CXX compile features
[0.453s] -- Detecting CXX compile features - done
[0.455s] -- Found ament_cmake: 1.3.14 (/opt/ros/humble/share/ament_cmake/cmake)
[0.684s] -- Found Python3: /usr/bin/python3 (found version "3.10.12") found components: Interpreter 
[0.786s] -- Override CMake install command with custom implementation using symlinks instead of copying resources
[0.834s] -- Found ament_index_cpp: 1.4.1 (/opt/ros/humble/share/ament_index_cpp/cmake)
[0.838s] -- Found rclcpp: 16.0.19 (/opt/ros/humble/share/rclcpp/cmake)
[0.918s] -- Found rosidl_generator_c: 3.1.8 (/opt/ros/humble/share/rosidl_generator_c/cmake)
[0.930s] -- Found rosidl_adapter: 3.1.8 (/opt/ros/humble/share/rosidl_adapter/cmake)
[0.958s] -- Found rosidl_generator_cpp: 3.1.8 (/opt/ros/humble/share/rosidl_generator_cpp/cmake)
[0.975s] -- Using all available rosidl_typesupport_c: rosidl_typesupport_fastrtps_c;rosidl_typesupport_introspection_c
[1.005s] -- Using all available rosidl_typesupport_cpp: rosidl_typesupport_fastrtps_cpp;rosidl_typesupport_introspection_cpp
[1.090s] -- Found rmw_implementation_cmake: 6.1.2 (/opt/ros/humble/share/rmw_implementation_cmake/cmake)
[1.092s] -- Found rmw_fastrtps_cpp: 6.2.10 (/opt/ros/humble/share/rmw_fastrtps_cpp/cmake)
[1.265s] -- Found OpenSSL: /usr/lib/x86_64-linux-gnu/libcrypto.so (found version "3.0.2")  
[1.329s] -- Found FastRTPS: /opt/ros/humble/include  
[1.403s] -- Using RMW implementation 'rmw_fastrtps_cpp' as default
[1.420s] -- Looking for pthread.h
[1.972s] -- Looking for pthread.h - found
[1.972s] -- Performing Test CMAKE_HAVE_LIBC_PTHREAD
[2.137s] -- Performing Test CMAKE_HAVE_LIBC_PTHREAD - Success
[2.139s] -- Found Threads: TRUE  
[2.220s] -- Found sensor_msgs: 4.9.1 (/opt/ros/humble/share/sensor_msgs/cmake)
[2.261s] -- Found robotis_controller_msgs: 0.1.4 (/home/evan/Documents/algo_gaze_project/install/robotis_controller_msgs/share/robotis_controller_msgs/cmake)
[2.280s] -- Found dynamixel_sdk: 3.8.4 (/home/evan/Documents/algo_gaze_project/install/dynamixel_sdk/share/dynamixel_sdk/cmake)
[2.283s] -- Found robotis_device: 0.2.9 (/home/evan/Documents/algo_gaze_project/install/robotis_device/share/robotis_device/cmake)
[2.285s] -- Found robotis_framework_common: 0.2.9 (/home/evan/Documents/algo_gaze_project/install/robotis_framework_common/share/robotis_framework_common/cmake)
[2.294s] -- Found PkgConfig: /usr/bin/pkg-config (found version "0.29.2") 
[2.296s] -- Checking for module 'yaml-cpp'
[2.336s] --   Found yaml-cpp, version 0.7.0
[2.548s] -- Configuring done
[2.576s] -- Generating done
[2.583s] -- Build files have been written to: /home/evan/Documents/algo_gaze_project/build/robotis_controller
[2.614s] Invoked command in '/home/evan/Documents/algo_gaze_project/build/robotis_controller' returned '0': AMENT_PREFIX_PATH=/home/evan/Documents/algo_gaze_project/install/robotis_framework_common:/home/evan/Documents/algo_gaze_project/install/robotis_device:/home/evan/Documents/algo_gaze_project/install/robotis_controller_msgs:/home/evan/Documents/algo_gaze_project/install/dynamixel_sdk:${AMENT_PREFIX_PATH} CMAKE_PREFIX_PATH=/home/evan/Documents/algo_gaze_project/install/robotis_framework_common:/home/evan/Documents/algo_gaze_project/install/robotis_device:/home/evan/Documents/algo_gaze_project/install/robotis_controller_msgs:/home/evan/Documents/algo_gaze_project/install/dynamixel_sdk:/opt/ros/humble LD_LIBRARY_PATH=/home/evan/Documents/algo_gaze_project/install/robotis_device/lib:/home/evan/Documents/algo_gaze_project/install/robotis_controller_msgs/lib:/home/evan/Documents/algo_gaze_project/install/dynamixel_sdk/lib:${LD_LIBRARY_PATH} PYTHONPATH=/home/evan/Documents/algo_gaze_project/install/robotis_controller_msgs/local/lib/python3.10/dist-packages:/home/evan/Documents/algo_gaze_project/install/dynamixel_sdk/local/lib/python3.10/dist-packages:${PYTHONPATH} /usr/bin/cmake /home/evan/Documents/algo_gaze_project/ROBOTIS-Framework/robotis_controller -DAMENT_CMAKE_SYMLINK_INSTALL=1 -DCMAKE_INSTALL_PREFIX=/home/evan/Documents/algo_gaze_project/install/robotis_controller
[2.617s] Invoking command in '/home/evan/Documents/algo_gaze_project/build/robotis_controller': AMENT_PREFIX_PATH=/home/evan/Documents/algo_gaze_project/install/robotis_framework_common:/home/evan/Documents/algo_gaze_project/install/robotis_device:/home/evan/Documents/algo_gaze_project/install/robotis_controller_msgs:/home/evan/Documents/algo_gaze_project/install/dynamixel_sdk:${AMENT_PREFIX_PATH} CMAKE_PREFIX_PATH=/home/evan/Documents/algo_gaze_project/install/robotis_framework_common:/home/evan/Documents/algo_gaze_project/install/robotis_device:/home/evan/Documents/algo_gaze_project/install/robotis_controller_msgs:/home/evan/Documents/algo_gaze_project/install/dynamixel_sdk:/opt/ros/humble LD_LIBRARY_PATH=/home/evan/Documents/algo_gaze_project/install/robotis_device/lib:/home/evan/Documents/algo_gaze_project/install/robotis_controller_msgs/lib:/home/evan/Documents/algo_gaze_project/install/dynamixel_sdk/lib:${LD_LIBRARY_PATH} PYTHONPATH=/home/evan/Documents/algo_gaze_project/install/robotis_controller_msgs/local/lib/python3.10/dist-packages:/home/evan/Documents/algo_gaze_project/install/dynamixel_sdk/local/lib/python3.10/dist-packages:${PYTHONPATH} /usr/bin/cmake --build /home/evan/Documents/algo_gaze_project/build/robotis_controller -- -j12 -l12
[3.375s] [ 50%] [32mBuilding CXX object CMakeFiles/robotis_controller.dir/src/robotis_controller/robotis_controller.cpp.o[0m
[36.696s] [100%] [32m[1mLinking CXX shared library librobotis_controller.so[0m
[37.935s] [100%] Built target robotis_controller
