-- The C compiler identification is GNU 11.4.0
-- The CXX compiler identification is GNU 11.4.0
-- Detecting C compiler ABI info
-- Detecting C compiler ABI info - done
-- Check for working C compiler: /usr/bin/cc - skipped
-- Detecting C compile features
-- Detecting C compile features - done
-- Detecting CXX compiler ABI info
-- Detecting CXX compiler ABI info - done
-- Check for working CXX compiler: /usr/bin/c++ - skipped
-- Detecting CXX compile features
-- Detecting CXX compile features - done
-- Found ament_cmake: 1.3.14 (/opt/ros/humble/share/ament_cmake/cmake)
-- Found Python3: /usr/bin/python3 (found version "3.10.12") found components: Interpreter 
-- Override CMake install command with custom implementation using symlinks instead of copying resources
-- Found std_msgs: 4.9.1 (/opt/ros/humble/share/std_msgs/cmake)
-- Found rosidl_generator_c: 3.1.8 (/opt/ros/humble/share/rosidl_generator_c/cmake)
-- Found rosidl_adapter: 3.1.8 (/opt/ros/humble/share/rosidl_adapter/cmake)
-- Found rosidl_generator_cpp: 3.1.8 (/opt/ros/humble/share/rosidl_generator_cpp/cmake)
-- Using all available rosidl_typesupport_c: rosidl_typesupport_fastrtps_c;rosidl_typesupport_introspection_c
-- Using all available rosidl_typesupport_cpp: rosidl_typesupport_fastrtps_cpp;rosidl_typesupport_introspection_cpp
-- Found sensor_msgs: 4.9.1 (/opt/ros/humble/share/sensor_msgs/cmake)
-- Found rosidl_default_generators: 1.2.1 (/opt/ros/humble/share/rosidl_default_generators/cmake)
-- Found ament_cmake_ros: 0.10.0 (/opt/ros/humble/share/ament_cmake_ros/cmake)
-- Using all available rosidl_typesupport_c: rosidl_typesupport_fastrtps_c;rosidl_typesupport_introspection_c
-- Using all available rosidl_typesupport_cpp: rosidl_typesupport_fastrtps_cpp;rosidl_typesupport_introspection_cpp
-- Found PythonInterp: /usr/bin/python3 (found suitable version "3.10.12", minimum required is "3.6") 
-- Found python_cmake_module: 0.10.0 (/opt/ros/humble/share/python_cmake_module/cmake)
-- Found PythonLibs: /usr/lib/x86_64-linux-gnu/libpython3.10.so (found suitable version "3.10.12", minimum required is "3.5") 
-- Using PYTHON_EXECUTABLE: /usr/bin/python3
-- Using PYTHON_INCLUDE_DIRS: /usr/include/python3.10
-- Using PYTHON_LIBRARIES: /usr/lib/x86_64-linux-gnu/libpython3.10.so
-- Found PythonExtra: .so  
-- Configuring done
-- Generating done
-- Build files have been written to: /home/evan/Documents/BRONE_audio_gaze_project/build/robotis_controller_msgs
[  1%] [34m[1mGenerating C code for ROS interfaces[0m
[  2%] [34m[1mGenerating C++ code for ROS interfaces[0m
[  3%] [34m[1mGenerating Rust code for ROS interfaces[0m
[  3%] Built target ament_cmake_python_symlink_robotis_controller_msgs
running egg_info
creating robotis_controller_msgs.egg-info
writing robotis_controller_msgs.egg-info/PKG-INFO
writing dependency_links to robotis_controller_msgs.egg-info/dependency_links.txt
writing top-level names to robotis_controller_msgs.egg-info/top_level.txt
writing manifest file 'robotis_controller_msgs.egg-info/SOURCES.txt'
reading manifest file 'robotis_controller_msgs.egg-info/SOURCES.txt'
writing manifest file 'robotis_controller_msgs.egg-info/SOURCES.txt'
[  3%] Built target ament_cmake_python_build_robotis_controller_msgs_egg
[  3%] Built target robotis_controller_msgs__rs
[  4%] [32mBuilding C object CMakeFiles/robotis_controller_msgs__rosidl_generator_c.dir/rosidl_generator_c/robotis_controller_msgs/msg/detail/joint_ctrl_module__functions.c.o[0m
[  5%] [32mBuilding C object CMakeFiles/robotis_controller_msgs__rosidl_generator_c.dir/rosidl_generator_c/robotis_controller_msgs/msg/detail/status_msg__functions.c.o[0m
[  7%] [32mBuilding C object CMakeFiles/robotis_controller_msgs__rosidl_generator_c.dir/rosidl_generator_c/robotis_controller_msgs/srv/detail/get_joint_module__functions.c.o[0m
[  9%] [32mBuilding C object CMakeFiles/robotis_controller_msgs__rosidl_generator_c.dir/rosidl_generator_c/robotis_controller_msgs/msg/detail/write_control_table__functions.c.o[0m
[ 10%] [32mBuilding C object CMakeFiles/robotis_controller_msgs__rosidl_generator_c.dir/rosidl_generator_c/robotis_controller_msgs/srv/detail/set_joint_module__functions.c.o[0m
[  6%] [32mBuilding C object CMakeFiles/robotis_controller_msgs__rosidl_generator_c.dir/rosidl_generator_c/robotis_controller_msgs/msg/detail/sync_write_item__functions.c.o[0m
[ 11%] [32mBuilding C object CMakeFiles/robotis_controller_msgs__rosidl_generator_c.dir/rosidl_generator_c/robotis_controller_msgs/srv/detail/set_module__functions.c.o[0m
[ 12%] [32mBuilding C object CMakeFiles/robotis_controller_msgs__rosidl_generator_c.dir/rosidl_generator_c/robotis_controller_msgs/srv/detail/load_offset__functions.c.o[0m
[ 13%] [32m[1mLinking C shared library librobotis_controller_msgs__rosidl_generator_c.so[0m
[ 13%] Built target robotis_controller_msgs__cpp
[ 14%] [34m[1mGenerating C++ type support for eProsima Fast-RTPS[0m
[ 15%] [34m[1mGenerating C++ introspection for ROS interfaces[0m
[ 17%] [34m[1mGenerating C++ type support dispatch for ROS interfaces[0m
[ 17%] Built target robotis_controller_msgs__rosidl_generator_c
[ 18%] [34m[1mGenerating C type support for eProsima Fast-RTPS[0m
[ 19%] [34m[1mGenerating C introspection for ROS interfaces[0m
[ 20%] [34m[1mGenerating C type support dispatch for ROS interfaces[0m
[ 21%] [32mBuilding CXX object CMakeFiles/robotis_controller_msgs__rosidl_typesupport_introspection_cpp.dir/rosidl_typesupport_introspection_cpp/robotis_controller_msgs/msg/detail/sync_write_item__type_support.cpp.o[0m
[ 22%] [32mBuilding CXX object CMakeFiles/robotis_controller_msgs__rosidl_typesupport_c.dir/rosidl_typesupport_c/robotis_controller_msgs/msg/sync_write_item__type_support.cpp.o[0m
[ 23%] [32mBuilding CXX object CMakeFiles/robotis_controller_msgs__rosidl_typesupport_cpp.dir/rosidl_typesupport_cpp/robotis_controller_msgs/msg/sync_write_item__type_support.cpp.o[0m
[ 25%] [32mBuilding CXX object CMakeFiles/robotis_controller_msgs__rosidl_typesupport_c.dir/rosidl_typesupport_c/robotis_controller_msgs/msg/joint_ctrl_module__type_support.cpp.o[0m
[ 26%] [32mBuilding CXX object CMakeFiles/robotis_controller_msgs__rosidl_typesupport_c.dir/rosidl_typesupport_c/robotis_controller_msgs/msg/status_msg__type_support.cpp.o[0m
[ 27%] [32mBuilding CXX object CMakeFiles/robotis_controller_msgs__rosidl_typesupport_c.dir/rosidl_typesupport_c/robotis_controller_msgs/msg/write_control_table__type_support.cpp.o[0m
[ 28%] [32mBuilding CXX object CMakeFiles/robotis_controller_msgs__rosidl_typesupport_c.dir/rosidl_typesupport_c/robotis_controller_msgs/srv/get_joint_module__type_support.cpp.o[0m
[ 29%] [32mBuilding CXX object CMakeFiles/robotis_controller_msgs__rosidl_typesupport_c.dir/rosidl_typesupport_c/robotis_controller_msgs/srv/set_joint_module__type_support.cpp.o[0m
[ 30%] [32mBuilding CXX object CMakeFiles/robotis_controller_msgs__rosidl_typesupport_c.dir/rosidl_typesupport_c/robotis_controller_msgs/srv/set_module__type_support.cpp.o[0m
[ 31%] [32mBuilding CXX object CMakeFiles/robotis_controller_msgs__rosidl_typesupport_introspection_cpp.dir/rosidl_typesupport_introspection_cpp/robotis_controller_msgs/srv/detail/set_module__type_support.cpp.o[0m
[ 32%] [32mBuilding CXX object CMakeFiles/robotis_controller_msgs__rosidl_typesupport_c.dir/rosidl_typesupport_c/robotis_controller_msgs/srv/load_offset__type_support.cpp.o[0m
[ 34%] [32mBuilding CXX object CMakeFiles/robotis_controller_msgs__rosidl_typesupport_fastrtps_cpp.dir/rosidl_typesupport_fastrtps_cpp/robotis_controller_msgs/msg/detail/dds_fastrtps/sync_write_item__type_support.cpp.o[0m
[ 35%] [32m[1mLinking CXX shared library librobotis_controller_msgs__rosidl_typesupport_c.so[0m
[ 36%] [32mBuilding CXX object CMakeFiles/robotis_controller_msgs__rosidl_typesupport_fastrtps_c.dir/rosidl_typesupport_fastrtps_c/robotis_controller_msgs/msg/detail/sync_write_item__type_support_c.cpp.o[0m
[ 36%] Built target robotis_controller_msgs__rosidl_typesupport_c
[ 37%] [32mBuilding C object CMakeFiles/robotis_controller_msgs__rosidl_typesupport_introspection_c.dir/rosidl_typesupport_introspection_c/robotis_controller_msgs/msg/detail/sync_write_item__type_support.c.o[0m
[ 38%] [32mBuilding C object CMakeFiles/robotis_controller_msgs__rosidl_typesupport_introspection_c.dir/rosidl_typesupport_introspection_c/robotis_controller_msgs/msg/detail/joint_ctrl_module__type_support.c.o[0m
[ 39%] [32mBuilding CXX object CMakeFiles/robotis_controller_msgs__rosidl_typesupport_cpp.dir/rosidl_typesupport_cpp/robotis_controller_msgs/msg/joint_ctrl_module__type_support.cpp.o[0m
[ 40%] [32mBuilding C object CMakeFiles/robotis_controller_msgs__rosidl_typesupport_introspection_c.dir/rosidl_typesupport_introspection_c/robotis_controller_msgs/msg/detail/status_msg__type_support.c.o[0m
[ 42%] [32mBuilding CXX object CMakeFiles/robotis_controller_msgs__rosidl_typesupport_introspection_cpp.dir/rosidl_typesupport_introspection_cpp/robotis_controller_msgs/srv/detail/set_joint_module__type_support.cpp.o[0m
[ 43%] [32mBuilding C object CMakeFiles/robotis_controller_msgs__rosidl_typesupport_introspection_c.dir/rosidl_typesupport_introspection_c/robotis_controller_msgs/msg/detail/write_control_table__type_support.c.o[0m
[ 44%] [32mBuilding C object CMakeFiles/robotis_controller_msgs__rosidl_typesupport_introspection_c.dir/rosidl_typesupport_introspection_c/robotis_controller_msgs/srv/detail/get_joint_module__type_support.c.o[0m
[ 45%] [32mBuilding C object CMakeFiles/robotis_controller_msgs__rosidl_typesupport_introspection_c.dir/rosidl_typesupport_introspection_c/robotis_controller_msgs/srv/detail/set_joint_module__type_support.c.o[0m
[ 46%] [32mBuilding C object CMakeFiles/robotis_controller_msgs__rosidl_typesupport_introspection_c.dir/rosidl_typesupport_introspection_c/robotis_controller_msgs/srv/detail/set_module__type_support.c.o[0m
[ 47%] [32mBuilding C object CMakeFiles/robotis_controller_msgs__rosidl_typesupport_introspection_c.dir/rosidl_typesupport_introspection_c/robotis_controller_msgs/srv/detail/load_offset__type_support.c.o[0m
[ 48%] [32mBuilding CXX object CMakeFiles/robotis_controller_msgs__rosidl_typesupport_fastrtps_cpp.dir/rosidl_typesupport_fastrtps_cpp/robotis_controller_msgs/msg/detail/dds_fastrtps/joint_ctrl_module__type_support.cpp.o[0m
[ 50%] [32m[1mLinking C shared library librobotis_controller_msgs__rosidl_typesupport_introspection_c.so[0m
[ 51%] [32mBuilding CXX object CMakeFiles/robotis_controller_msgs__rosidl_typesupport_fastrtps_c.dir/rosidl_typesupport_fastrtps_c/robotis_controller_msgs/msg/detail/status_msg__type_support_c.cpp.o[0m
[ 51%] Built target robotis_controller_msgs__rosidl_typesupport_introspection_c
[ 52%] [32mBuilding CXX object CMakeFiles/robotis_controller_msgs__rosidl_typesupport_cpp.dir/rosidl_typesupport_cpp/robotis_controller_msgs/msg/write_control_table__type_support.cpp.o[0m
[ 53%] [32mBuilding CXX object CMakeFiles/robotis_controller_msgs__rosidl_typesupport_fastrtps_cpp.dir/rosidl_typesupport_fastrtps_cpp/robotis_controller_msgs/msg/detail/dds_fastrtps/status_msg__type_support.cpp.o[0m
[ 54%] [32mBuilding CXX object CMakeFiles/robotis_controller_msgs__rosidl_typesupport_cpp.dir/rosidl_typesupport_cpp/robotis_controller_msgs/srv/get_joint_module__type_support.cpp.o[0m
[ 55%] [32mBuilding CXX object CMakeFiles/robotis_controller_msgs__rosidl_typesupport_introspection_cpp.dir/rosidl_typesupport_introspection_cpp/robotis_controller_msgs/srv/detail/load_offset__type_support.cpp.o[0m
[ 56%] [32mBuilding CXX object CMakeFiles/robotis_controller_msgs__rosidl_typesupport_fastrtps_c.dir/rosidl_typesupport_fastrtps_c/robotis_controller_msgs/srv/detail/get_joint_module__type_support_c.cpp.o[0m
[ 57%] [32mBuilding CXX object CMakeFiles/robotis_controller_msgs__rosidl_typesupport_cpp.dir/rosidl_typesupport_cpp/robotis_controller_msgs/msg/status_msg__type_support.cpp.o[0m
[ 59%] [32mBuilding CXX object CMakeFiles/robotis_controller_msgs__rosidl_typesupport_fastrtps_cpp.dir/rosidl_typesupport_fastrtps_cpp/robotis_controller_msgs/srv/detail/dds_fastrtps/get_joint_module__type_support.cpp.o[0m
[ 60%] [32mBuilding CXX object CMakeFiles/robotis_controller_msgs__rosidl_typesupport_introspection_cpp.dir/rosidl_typesupport_introspection_cpp/robotis_controller_msgs/srv/detail/get_joint_module__type_support.cpp.o[0m
[ 61%] [32mBuilding CXX object CMakeFiles/robotis_controller_msgs__rosidl_typesupport_fastrtps_c.dir/rosidl_typesupport_fastrtps_c/robotis_controller_msgs/srv/detail/set_joint_module__type_support_c.cpp.o[0m
[ 62%] [32mBuilding CXX object CMakeFiles/robotis_controller_msgs__rosidl_typesupport_cpp.dir/rosidl_typesupport_cpp/robotis_controller_msgs/srv/set_module__type_support.cpp.o[0m
[ 63%] [32mBuilding CXX object CMakeFiles/robotis_controller_msgs__rosidl_typesupport_fastrtps_cpp.dir/rosidl_typesupport_fastrtps_cpp/robotis_controller_msgs/srv/detail/dds_fastrtps/set_joint_module__type_support.cpp.o[0m
[ 64%] [32mBuilding CXX object CMakeFiles/robotis_controller_msgs__rosidl_typesupport_introspection_cpp.dir/rosidl_typesupport_introspection_cpp/robotis_controller_msgs/msg/detail/write_control_table__type_support.cpp.o[0m
[ 65%] [32mBuilding CXX object CMakeFiles/robotis_controller_msgs__rosidl_typesupport_fastrtps_c.dir/rosidl_typesupport_fastrtps_c/robotis_controller_msgs/srv/detail/set_module__type_support_c.cpp.o[0m
[ 67%] [32mBuilding CXX object CMakeFiles/robotis_controller_msgs__rosidl_typesupport_cpp.dir/rosidl_typesupport_cpp/robotis_controller_msgs/srv/load_offset__type_support.cpp.o[0m
[ 68%] [32mBuilding CXX object CMakeFiles/robotis_controller_msgs__rosidl_typesupport_fastrtps_c.dir/rosidl_typesupport_fastrtps_c/robotis_controller_msgs/msg/detail/write_control_table__type_support_c.cpp.o[0m
[ 69%] [32mBuilding CXX object CMakeFiles/robotis_controller_msgs__rosidl_typesupport_fastrtps_cpp.dir/rosidl_typesupport_fastrtps_cpp/robotis_controller_msgs/srv/detail/dds_fastrtps/load_offset__type_support.cpp.o[0m
[ 70%] [32mBuilding CXX object CMakeFiles/robotis_controller_msgs__rosidl_typesupport_cpp.dir/rosidl_typesupport_cpp/robotis_controller_msgs/srv/set_joint_module__type_support.cpp.o[0m
[ 71%] [32mBuilding CXX object CMakeFiles/robotis_controller_msgs__rosidl_typesupport_introspection_cpp.dir/rosidl_typesupport_introspection_cpp/robotis_controller_msgs/msg/detail/status_msg__type_support.cpp.o[0m
[ 72%] [32m[1mLinking CXX shared library librobotis_controller_msgs__rosidl_typesupport_cpp.so[0m
[ 73%] [32mBuilding CXX object CMakeFiles/robotis_controller_msgs__rosidl_typesupport_fastrtps_c.dir/rosidl_typesupport_fastrtps_c/robotis_controller_msgs/srv/detail/load_offset__type_support_c.cpp.o[0m
[ 75%] [32mBuilding CXX object CMakeFiles/robotis_controller_msgs__rosidl_typesupport_introspection_cpp.dir/rosidl_typesupport_introspection_cpp/robotis_controller_msgs/msg/detail/joint_ctrl_module__type_support.cpp.o[0m
[ 75%] Built target robotis_controller_msgs__rosidl_typesupport_cpp
[ 76%] [32mBuilding CXX object CMakeFiles/robotis_controller_msgs__rosidl_typesupport_fastrtps_cpp.dir/rosidl_typesupport_fastrtps_cpp/robotis_controller_msgs/srv/detail/dds_fastrtps/set_module__type_support.cpp.o[0m
[ 77%] [32mBuilding CXX object CMakeFiles/robotis_controller_msgs__rosidl_typesupport_fastrtps_c.dir/rosidl_typesupport_fastrtps_c/robotis_controller_msgs/msg/detail/joint_ctrl_module__type_support_c.cpp.o[0m
[ 78%] [32m[1mLinking CXX shared library librobotis_controller_msgs__rosidl_typesupport_introspection_cpp.so[0m
[ 79%] [32mBuilding CXX object CMakeFiles/robotis_controller_msgs__rosidl_typesupport_fastrtps_cpp.dir/rosidl_typesupport_fastrtps_cpp/robotis_controller_msgs/msg/detail/dds_fastrtps/write_control_table__type_support.cpp.o[0m
[ 79%] Built target robotis_controller_msgs__rosidl_typesupport_introspection_cpp
[ 80%] [32m[1mLinking CXX shared library librobotis_controller_msgs__rosidl_typesupport_fastrtps_c.so[0m
[ 80%] Built target robotis_controller_msgs__rosidl_typesupport_fastrtps_c
[ 81%] [32m[1mLinking CXX shared library librobotis_controller_msgs__rosidl_typesupport_fastrtps_cpp.so[0m
[ 81%] Built target robotis_controller_msgs__rosidl_typesupport_fastrtps_cpp
[ 81%] Built target robotis_controller_msgs
[ 82%] [34m[1mGenerating Python code for ROS interfaces[0m
[ 82%] Built target robotis_controller_msgs__py
[ 84%] [32mBuilding C object CMakeFiles/robotis_controller_msgs__rosidl_generator_py.dir/rosidl_generator_py/robotis_controller_msgs/msg/_sync_write_item_s.c.o[0m
[ 85%] [32mBuilding C object CMakeFiles/robotis_controller_msgs__rosidl_generator_py.dir/rosidl_generator_py/robotis_controller_msgs/srv/_load_offset_s.c.o[0m
[ 86%] [32mBuilding C object CMakeFiles/robotis_controller_msgs__rosidl_generator_py.dir/rosidl_generator_py/robotis_controller_msgs/srv/_set_module_s.c.o[0m
[ 87%] [32mBuilding C object CMakeFiles/robotis_controller_msgs__rosidl_generator_py.dir/rosidl_generator_py/robotis_controller_msgs/srv/_set_joint_module_s.c.o[0m
[ 88%] [32mBuilding C object CMakeFiles/robotis_controller_msgs__rosidl_generator_py.dir/rosidl_generator_py/robotis_controller_msgs/srv/_get_joint_module_s.c.o[0m
[ 89%] [32mBuilding C object CMakeFiles/robotis_controller_msgs__rosidl_generator_py.dir/rosidl_generator_py/robotis_controller_msgs/msg/_write_control_table_s.c.o[0m
[ 90%] [32mBuilding C object CMakeFiles/robotis_controller_msgs__rosidl_generator_py.dir/rosidl_generator_py/robotis_controller_msgs/msg/_status_msg_s.c.o[0m
[ 92%] [32mBuilding C object CMakeFiles/robotis_controller_msgs__rosidl_generator_py.dir/rosidl_generator_py/robotis_controller_msgs/msg/_joint_ctrl_module_s.c.o[0m
[ 93%] [32m[1mLinking C shared library rosidl_generator_py/robotis_controller_msgs/librobotis_controller_msgs__rosidl_generator_py.so[0m
[ 93%] Built target robotis_controller_msgs__rosidl_generator_py
[ 94%] [32mBuilding C object CMakeFiles/robotis_controller_msgs__rosidl_typesupport_fastrtps_c__pyext.dir/rosidl_generator_py/robotis_controller_msgs/_robotis_controller_msgs_s.ep.rosidl_typesupport_fastrtps_c.c.o[0m
[ 95%] [32m[1mLinking C shared library rosidl_generator_py/robotis_controller_msgs/robotis_controller_msgs_s__rosidl_typesupport_fastrtps_c.cpython-310-x86_64-linux-gnu.so[0m
[ 95%] Built target robotis_controller_msgs__rosidl_typesupport_fastrtps_c__pyext
[ 96%] [32mBuilding C object CMakeFiles/robotis_controller_msgs__rosidl_typesupport_c__pyext.dir/rosidl_generator_py/robotis_controller_msgs/_robotis_controller_msgs_s.ep.rosidl_typesupport_c.c.o[0m
[ 97%] [32m[1mLinking C shared library rosidl_generator_py/robotis_controller_msgs/robotis_controller_msgs_s__rosidl_typesupport_c.cpython-310-x86_64-linux-gnu.so[0m
[ 97%] Built target robotis_controller_msgs__rosidl_typesupport_c__pyext
[ 98%] [32mBuilding C object CMakeFiles/robotis_controller_msgs__rosidl_typesupport_introspection_c__pyext.dir/rosidl_generator_py/robotis_controller_msgs/_robotis_controller_msgs_s.ep.rosidl_typesupport_introspection_c.c.o[0m
[100%] [32m[1mLinking C shared library rosidl_generator_py/robotis_controller_msgs/robotis_controller_msgs_s__rosidl_typesupport_introspection_c.cpython-310-x86_64-linux-gnu.so[0m
[100%] Built target robotis_controller_msgs__rosidl_typesupport_introspection_c__pyext
-- Install configuration: ""
-- Execute custom install script
-- Symlinking: /home/evan/Documents/BRONE_audio_gaze_project/install/robotis_controller_msgs/share/ament_index/resource_index/rosidl_interfaces/robotis_controller_msgs
-- Symlinking: /home/evan/Documents/BRONE_audio_gaze_project/install/robotis_controller_msgs/include/robotis_controller_msgs/robotis_controller_msgs/msg/detail/joint_ctrl_module__functions.h
-- Symlinking: /home/evan/Documents/BRONE_audio_gaze_project/install/robotis_controller_msgs/include/robotis_controller_msgs/robotis_controller_msgs/msg/detail/joint_ctrl_module__struct.h
-- Symlinking: /home/evan/Documents/BRONE_audio_gaze_project/install/robotis_controller_msgs/include/robotis_controller_msgs/robotis_controller_msgs/msg/detail/joint_ctrl_module__type_support.h
-- Symlinking: /home/evan/Documents/BRONE_audio_gaze_project/install/robotis_controller_msgs/include/robotis_controller_msgs/robotis_controller_msgs/msg/detail/status_msg__functions.h
-- Symlinking: /home/evan/Documents/BRONE_audio_gaze_project/install/robotis_controller_msgs/include/robotis_controller_msgs/robotis_controller_msgs/msg/detail/status_msg__struct.h
-- Symlinking: /home/evan/Documents/BRONE_audio_gaze_project/install/robotis_controller_msgs/include/robotis_controller_msgs/robotis_controller_msgs/msg/detail/status_msg__type_support.h
-- Symlinking: /home/evan/Documents/BRONE_audio_gaze_project/install/robotis_controller_msgs/include/robotis_controller_msgs/robotis_controller_msgs/msg/detail/sync_write_item__functions.h
-- Symlinking: /home/evan/Documents/BRONE_audio_gaze_project/install/robotis_controller_msgs/include/robotis_controller_msgs/robotis_controller_msgs/msg/detail/sync_write_item__struct.h
-- Symlinking: /home/evan/Documents/BRONE_audio_gaze_project/install/robotis_controller_msgs/include/robotis_controller_msgs/robotis_controller_msgs/msg/detail/sync_write_item__type_support.h
-- Symlinking: /home/evan/Documents/BRONE_audio_gaze_project/install/robotis_controller_msgs/include/robotis_controller_msgs/robotis_controller_msgs/msg/detail/write_control_table__functions.h
-- Symlinking: /home/evan/Documents/BRONE_audio_gaze_project/install/robotis_controller_msgs/include/robotis_controller_msgs/robotis_controller_msgs/msg/detail/write_control_table__struct.h
-- Symlinking: /home/evan/Documents/BRONE_audio_gaze_project/install/robotis_controller_msgs/include/robotis_controller_msgs/robotis_controller_msgs/msg/detail/write_control_table__type_support.h
-- Symlinking: /home/evan/Documents/BRONE_audio_gaze_project/install/robotis_controller_msgs/include/robotis_controller_msgs/robotis_controller_msgs/msg/joint_ctrl_module.h
-- Symlinking: /home/evan/Documents/BRONE_audio_gaze_project/install/robotis_controller_msgs/include/robotis_controller_msgs/robotis_controller_msgs/msg/rosidl_generator_c__visibility_control.h
-- Symlinking: /home/evan/Documents/BRONE_audio_gaze_project/install/robotis_controller_msgs/include/robotis_controller_msgs/robotis_controller_msgs/msg/status_msg.h
-- Symlinking: /home/evan/Documents/BRONE_audio_gaze_project/install/robotis_controller_msgs/include/robotis_controller_msgs/robotis_controller_msgs/msg/sync_write_item.h
-- Symlinking: /home/evan/Documents/BRONE_audio_gaze_project/install/robotis_controller_msgs/include/robotis_controller_msgs/robotis_controller_msgs/msg/write_control_table.h
-- Symlinking: /home/evan/Documents/BRONE_audio_gaze_project/install/robotis_controller_msgs/include/robotis_controller_msgs/robotis_controller_msgs/srv/detail/get_joint_module__functions.h
-- Symlinking: /home/evan/Documents/BRONE_audio_gaze_project/install/robotis_controller_msgs/include/robotis_controller_msgs/robotis_controller_msgs/srv/detail/get_joint_module__struct.h
-- Symlinking: /home/evan/Documents/BRONE_audio_gaze_project/install/robotis_controller_msgs/include/robotis_controller_msgs/robotis_controller_msgs/srv/detail/get_joint_module__type_support.h
-- Symlinking: /home/evan/Documents/BRONE_audio_gaze_project/install/robotis_controller_msgs/include/robotis_controller_msgs/robotis_controller_msgs/srv/detail/load_offset__functions.h
-- Symlinking: /home/evan/Documents/BRONE_audio_gaze_project/install/robotis_controller_msgs/include/robotis_controller_msgs/robotis_controller_msgs/srv/detail/load_offset__struct.h
-- Symlinking: /home/evan/Documents/BRONE_audio_gaze_project/install/robotis_controller_msgs/include/robotis_controller_msgs/robotis_controller_msgs/srv/detail/load_offset__type_support.h
-- Symlinking: /home/evan/Documents/BRONE_audio_gaze_project/install/robotis_controller_msgs/include/robotis_controller_msgs/robotis_controller_msgs/srv/detail/set_joint_module__functions.h
-- Symlinking: /home/evan/Documents/BRONE_audio_gaze_project/install/robotis_controller_msgs/include/robotis_controller_msgs/robotis_controller_msgs/srv/detail/set_joint_module__struct.h
-- Symlinking: /home/evan/Documents/BRONE_audio_gaze_project/install/robotis_controller_msgs/include/robotis_controller_msgs/robotis_controller_msgs/srv/detail/set_joint_module__type_support.h
-- Symlinking: /home/evan/Documents/BRONE_audio_gaze_project/install/robotis_controller_msgs/include/robotis_controller_msgs/robotis_controller_msgs/srv/detail/set_module__functions.h
-- Symlinking: /home/evan/Documents/BRONE_audio_gaze_project/install/robotis_controller_msgs/include/robotis_controller_msgs/robotis_controller_msgs/srv/detail/set_module__struct.h
-- Symlinking: /home/evan/Documents/BRONE_audio_gaze_project/install/robotis_controller_msgs/include/robotis_controller_msgs/robotis_controller_msgs/srv/detail/set_module__type_support.h
-- Symlinking: /home/evan/Documents/BRONE_audio_gaze_project/install/robotis_controller_msgs/include/robotis_controller_msgs/robotis_controller_msgs/srv/get_joint_module.h
-- Symlinking: /home/evan/Documents/BRONE_audio_gaze_project/install/robotis_controller_msgs/include/robotis_controller_msgs/robotis_controller_msgs/srv/load_offset.h
-- Symlinking: /home/evan/Documents/BRONE_audio_gaze_project/install/robotis_controller_msgs/include/robotis_controller_msgs/robotis_controller_msgs/srv/set_joint_module.h
-- Symlinking: /home/evan/Documents/BRONE_audio_gaze_project/install/robotis_controller_msgs/include/robotis_controller_msgs/robotis_controller_msgs/srv/set_module.h
-- Symlinking: /home/evan/Documents/BRONE_audio_gaze_project/install/robotis_controller_msgs/share/robotis_controller_msgs/environment/library_path.sh
-- Symlinking: /home/evan/Documents/BRONE_audio_gaze_project/install/robotis_controller_msgs/share/robotis_controller_msgs/environment/library_path.dsv
-- Symlinking: /home/evan/Documents/BRONE_audio_gaze_project/install/robotis_controller_msgs/include/robotis_controller_msgs/robotis_controller_msgs/msg/detail/joint_ctrl_module__rosidl_typesupport_fastrtps_c.h
-- Symlinking: /home/evan/Documents/BRONE_audio_gaze_project/install/robotis_controller_msgs/include/robotis_controller_msgs/robotis_controller_msgs/msg/detail/status_msg__rosidl_typesupport_fastrtps_c.h
-- Symlinking: /home/evan/Documents/BRONE_audio_gaze_project/install/robotis_controller_msgs/include/robotis_controller_msgs/robotis_controller_msgs/msg/detail/sync_write_item__rosidl_typesupport_fastrtps_c.h
-- Symlinking: /home/evan/Documents/BRONE_audio_gaze_project/install/robotis_controller_msgs/include/robotis_controller_msgs/robotis_controller_msgs/msg/detail/write_control_table__rosidl_typesupport_fastrtps_c.h
-- Symlinking: /home/evan/Documents/BRONE_audio_gaze_project/install/robotis_controller_msgs/include/robotis_controller_msgs/robotis_controller_msgs/msg/rosidl_typesupport_fastrtps_c__visibility_control.h
-- Symlinking: /home/evan/Documents/BRONE_audio_gaze_project/install/robotis_controller_msgs/include/robotis_controller_msgs/robotis_controller_msgs/srv/detail/get_joint_module__rosidl_typesupport_fastrtps_c.h
-- Symlinking: /home/evan/Documents/BRONE_audio_gaze_project/install/robotis_controller_msgs/include/robotis_controller_msgs/robotis_controller_msgs/srv/detail/load_offset__rosidl_typesupport_fastrtps_c.h
-- Symlinking: /home/evan/Documents/BRONE_audio_gaze_project/install/robotis_controller_msgs/include/robotis_controller_msgs/robotis_controller_msgs/srv/detail/set_joint_module__rosidl_typesupport_fastrtps_c.h
-- Symlinking: /home/evan/Documents/BRONE_audio_gaze_project/install/robotis_controller_msgs/include/robotis_controller_msgs/robotis_controller_msgs/srv/detail/set_module__rosidl_typesupport_fastrtps_c.h
-- Symlinking: /home/evan/Documents/BRONE_audio_gaze_project/install/robotis_controller_msgs/include/robotis_controller_msgs/robotis_controller_msgs/msg/detail/joint_ctrl_module__builder.hpp
-- Symlinking: /home/evan/Documents/BRONE_audio_gaze_project/install/robotis_controller_msgs/include/robotis_controller_msgs/robotis_controller_msgs/msg/detail/joint_ctrl_module__struct.hpp
-- Symlinking: /home/evan/Documents/BRONE_audio_gaze_project/install/robotis_controller_msgs/include/robotis_controller_msgs/robotis_controller_msgs/msg/detail/joint_ctrl_module__traits.hpp
-- Symlinking: /home/evan/Documents/BRONE_audio_gaze_project/install/robotis_controller_msgs/include/robotis_controller_msgs/robotis_controller_msgs/msg/detail/joint_ctrl_module__type_support.hpp
-- Symlinking: /home/evan/Documents/BRONE_audio_gaze_project/install/robotis_controller_msgs/include/robotis_controller_msgs/robotis_controller_msgs/msg/detail/status_msg__builder.hpp
-- Symlinking: /home/evan/Documents/BRONE_audio_gaze_project/install/robotis_controller_msgs/include/robotis_controller_msgs/robotis_controller_msgs/msg/detail/status_msg__struct.hpp
-- Symlinking: /home/evan/Documents/BRONE_audio_gaze_project/install/robotis_controller_msgs/include/robotis_controller_msgs/robotis_controller_msgs/msg/detail/status_msg__traits.hpp
-- Symlinking: /home/evan/Documents/BRONE_audio_gaze_project/install/robotis_controller_msgs/include/robotis_controller_msgs/robotis_controller_msgs/msg/detail/status_msg__type_support.hpp
-- Symlinking: /home/evan/Documents/BRONE_audio_gaze_project/install/robotis_controller_msgs/include/robotis_controller_msgs/robotis_controller_msgs/msg/detail/sync_write_item__builder.hpp
-- Symlinking: /home/evan/Documents/BRONE_audio_gaze_project/install/robotis_controller_msgs/include/robotis_controller_msgs/robotis_controller_msgs/msg/detail/sync_write_item__struct.hpp
-- Symlinking: /home/evan/Documents/BRONE_audio_gaze_project/install/robotis_controller_msgs/include/robotis_controller_msgs/robotis_controller_msgs/msg/detail/sync_write_item__traits.hpp
-- Symlinking: /home/evan/Documents/BRONE_audio_gaze_project/install/robotis_controller_msgs/include/robotis_controller_msgs/robotis_controller_msgs/msg/detail/sync_write_item__type_support.hpp
-- Symlinking: /home/evan/Documents/BRONE_audio_gaze_project/install/robotis_controller_msgs/include/robotis_controller_msgs/robotis_controller_msgs/msg/detail/write_control_table__builder.hpp
-- Symlinking: /home/evan/Documents/BRONE_audio_gaze_project/install/robotis_controller_msgs/include/robotis_controller_msgs/robotis_controller_msgs/msg/detail/write_control_table__struct.hpp
-- Symlinking: /home/evan/Documents/BRONE_audio_gaze_project/install/robotis_controller_msgs/include/robotis_controller_msgs/robotis_controller_msgs/msg/detail/write_control_table__traits.hpp
-- Symlinking: /home/evan/Documents/BRONE_audio_gaze_project/install/robotis_controller_msgs/include/robotis_controller_msgs/robotis_controller_msgs/msg/detail/write_control_table__type_support.hpp
-- Symlinking: /home/evan/Documents/BRONE_audio_gaze_project/install/robotis_controller_msgs/include/robotis_controller_msgs/robotis_controller_msgs/msg/joint_ctrl_module.hpp
-- Symlinking: /home/evan/Documents/BRONE_audio_gaze_project/install/robotis_controller_msgs/include/robotis_controller_msgs/robotis_controller_msgs/msg/rosidl_generator_cpp__visibility_control.hpp
-- Symlinking: /home/evan/Documents/BRONE_audio_gaze_project/install/robotis_controller_msgs/include/robotis_controller_msgs/robotis_controller_msgs/msg/status_msg.hpp
-- Symlinking: /home/evan/Documents/BRONE_audio_gaze_project/install/robotis_controller_msgs/include/robotis_controller_msgs/robotis_controller_msgs/msg/sync_write_item.hpp
-- Symlinking: /home/evan/Documents/BRONE_audio_gaze_project/install/robotis_controller_msgs/include/robotis_controller_msgs/robotis_controller_msgs/msg/write_control_table.hpp
-- Symlinking: /home/evan/Documents/BRONE_audio_gaze_project/install/robotis_controller_msgs/include/robotis_controller_msgs/robotis_controller_msgs/srv/detail/get_joint_module__builder.hpp
-- Symlinking: /home/evan/Documents/BRONE_audio_gaze_project/install/robotis_controller_msgs/include/robotis_controller_msgs/robotis_controller_msgs/srv/detail/get_joint_module__struct.hpp
-- Symlinking: /home/evan/Documents/BRONE_audio_gaze_project/install/robotis_controller_msgs/include/robotis_controller_msgs/robotis_controller_msgs/srv/detail/get_joint_module__traits.hpp
-- Symlinking: /home/evan/Documents/BRONE_audio_gaze_project/install/robotis_controller_msgs/include/robotis_controller_msgs/robotis_controller_msgs/srv/detail/get_joint_module__type_support.hpp
-- Symlinking: /home/evan/Documents/BRONE_audio_gaze_project/install/robotis_controller_msgs/include/robotis_controller_msgs/robotis_controller_msgs/srv/detail/load_offset__builder.hpp
-- Symlinking: /home/evan/Documents/BRONE_audio_gaze_project/install/robotis_controller_msgs/include/robotis_controller_msgs/robotis_controller_msgs/srv/detail/load_offset__struct.hpp
-- Symlinking: /home/evan/Documents/BRONE_audio_gaze_project/install/robotis_controller_msgs/include/robotis_controller_msgs/robotis_controller_msgs/srv/detail/load_offset__traits.hpp
-- Symlinking: /home/evan/Documents/BRONE_audio_gaze_project/install/robotis_controller_msgs/include/robotis_controller_msgs/robotis_controller_msgs/srv/detail/load_offset__type_support.hpp
-- Symlinking: /home/evan/Documents/BRONE_audio_gaze_project/install/robotis_controller_msgs/include/robotis_controller_msgs/robotis_controller_msgs/srv/detail/set_joint_module__builder.hpp
-- Symlinking: /home/evan/Documents/BRONE_audio_gaze_project/install/robotis_controller_msgs/include/robotis_controller_msgs/robotis_controller_msgs/srv/detail/set_joint_module__struct.hpp
-- Symlinking: /home/evan/Documents/BRONE_audio_gaze_project/install/robotis_controller_msgs/include/robotis_controller_msgs/robotis_controller_msgs/srv/detail/set_joint_module__traits.hpp
-- Symlinking: /home/evan/Documents/BRONE_audio_gaze_project/install/robotis_controller_msgs/include/robotis_controller_msgs/robotis_controller_msgs/srv/detail/set_joint_module__type_support.hpp
-- Symlinking: /home/evan/Documents/BRONE_audio_gaze_project/install/robotis_controller_msgs/include/robotis_controller_msgs/robotis_controller_msgs/srv/detail/set_module__builder.hpp
-- Symlinking: /home/evan/Documents/BRONE_audio_gaze_project/install/robotis_controller_msgs/include/robotis_controller_msgs/robotis_controller_msgs/srv/detail/set_module__struct.hpp
-- Symlinking: /home/evan/Documents/BRONE_audio_gaze_project/install/robotis_controller_msgs/include/robotis_controller_msgs/robotis_controller_msgs/srv/detail/set_module__traits.hpp
-- Symlinking: /home/evan/Documents/BRONE_audio_gaze_project/install/robotis_controller_msgs/include/robotis_controller_msgs/robotis_controller_msgs/srv/detail/set_module__type_support.hpp
-- Symlinking: /home/evan/Documents/BRONE_audio_gaze_project/install/robotis_controller_msgs/include/robotis_controller_msgs/robotis_controller_msgs/srv/get_joint_module.hpp
-- Symlinking: /home/evan/Documents/BRONE_audio_gaze_project/install/robotis_controller_msgs/include/robotis_controller_msgs/robotis_controller_msgs/srv/load_offset.hpp
-- Symlinking: /home/evan/Documents/BRONE_audio_gaze_project/install/robotis_controller_msgs/include/robotis_controller_msgs/robotis_controller_msgs/srv/set_joint_module.hpp
-- Symlinking: /home/evan/Documents/BRONE_audio_gaze_project/install/robotis_controller_msgs/include/robotis_controller_msgs/robotis_controller_msgs/srv/set_module.hpp
-- Symlinking: /home/evan/Documents/BRONE_audio_gaze_project/install/robotis_controller_msgs/include/robotis_controller_msgs/robotis_controller_msgs/msg/detail/joint_ctrl_module__rosidl_typesupport_fastrtps_cpp.hpp
-- Symlinking: /home/evan/Documents/BRONE_audio_gaze_project/install/robotis_controller_msgs/include/robotis_controller_msgs/robotis_controller_msgs/msg/detail/status_msg__rosidl_typesupport_fastrtps_cpp.hpp
-- Symlinking: /home/evan/Documents/BRONE_audio_gaze_project/install/robotis_controller_msgs/include/robotis_controller_msgs/robotis_controller_msgs/msg/detail/sync_write_item__rosidl_typesupport_fastrtps_cpp.hpp
-- Symlinking: /home/evan/Documents/BRONE_audio_gaze_project/install/robotis_controller_msgs/include/robotis_controller_msgs/robotis_controller_msgs/msg/detail/write_control_table__rosidl_typesupport_fastrtps_cpp.hpp
-- Symlinking: /home/evan/Documents/BRONE_audio_gaze_project/install/robotis_controller_msgs/include/robotis_controller_msgs/robotis_controller_msgs/msg/rosidl_typesupport_fastrtps_cpp__visibility_control.h
-- Symlinking: /home/evan/Documents/BRONE_audio_gaze_project/install/robotis_controller_msgs/include/robotis_controller_msgs/robotis_controller_msgs/srv/detail/get_joint_module__rosidl_typesupport_fastrtps_cpp.hpp
-- Symlinking: /home/evan/Documents/BRONE_audio_gaze_project/install/robotis_controller_msgs/include/robotis_controller_msgs/robotis_controller_msgs/srv/detail/load_offset__rosidl_typesupport_fastrtps_cpp.hpp
-- Symlinking: /home/evan/Documents/BRONE_audio_gaze_project/install/robotis_controller_msgs/include/robotis_controller_msgs/robotis_controller_msgs/srv/detail/set_joint_module__rosidl_typesupport_fastrtps_cpp.hpp
-- Symlinking: /home/evan/Documents/BRONE_audio_gaze_project/install/robotis_controller_msgs/include/robotis_controller_msgs/robotis_controller_msgs/srv/detail/set_module__rosidl_typesupport_fastrtps_cpp.hpp
-- Symlinking: /home/evan/Documents/BRONE_audio_gaze_project/install/robotis_controller_msgs/include/robotis_controller_msgs/robotis_controller_msgs/msg/detail/joint_ctrl_module__rosidl_typesupport_introspection_c.h
-- Symlinking: /home/evan/Documents/BRONE_audio_gaze_project/install/robotis_controller_msgs/include/robotis_controller_msgs/robotis_controller_msgs/msg/detail/status_msg__rosidl_typesupport_introspection_c.h
-- Symlinking: /home/evan/Documents/BRONE_audio_gaze_project/install/robotis_controller_msgs/include/robotis_controller_msgs/robotis_controller_msgs/msg/detail/sync_write_item__rosidl_typesupport_introspection_c.h
-- Symlinking: /home/evan/Documents/BRONE_audio_gaze_project/install/robotis_controller_msgs/include/robotis_controller_msgs/robotis_controller_msgs/msg/detail/write_control_table__rosidl_typesupport_introspection_c.h
-- Symlinking: /home/evan/Documents/BRONE_audio_gaze_project/install/robotis_controller_msgs/include/robotis_controller_msgs/robotis_controller_msgs/msg/rosidl_typesupport_introspection_c__visibility_control.h
-- Symlinking: /home/evan/Documents/BRONE_audio_gaze_project/install/robotis_controller_msgs/include/robotis_controller_msgs/robotis_controller_msgs/srv/detail/get_joint_module__rosidl_typesupport_introspection_c.h
-- Symlinking: /home/evan/Documents/BRONE_audio_gaze_project/install/robotis_controller_msgs/include/robotis_controller_msgs/robotis_controller_msgs/srv/detail/load_offset__rosidl_typesupport_introspection_c.h
-- Symlinking: /home/evan/Documents/BRONE_audio_gaze_project/install/robotis_controller_msgs/include/robotis_controller_msgs/robotis_controller_msgs/srv/detail/set_joint_module__rosidl_typesupport_introspection_c.h
-- Symlinking: /home/evan/Documents/BRONE_audio_gaze_project/install/robotis_controller_msgs/include/robotis_controller_msgs/robotis_controller_msgs/srv/detail/set_module__rosidl_typesupport_introspection_c.h
-- Symlinking: /home/evan/Documents/BRONE_audio_gaze_project/install/robotis_controller_msgs/include/robotis_controller_msgs/robotis_controller_msgs/msg/detail/joint_ctrl_module__rosidl_typesupport_introspection_cpp.hpp
-- Symlinking: /home/evan/Documents/BRONE_audio_gaze_project/install/robotis_controller_msgs/include/robotis_controller_msgs/robotis_controller_msgs/msg/detail/status_msg__rosidl_typesupport_introspection_cpp.hpp
-- Symlinking: /home/evan/Documents/BRONE_audio_gaze_project/install/robotis_controller_msgs/include/robotis_controller_msgs/robotis_controller_msgs/msg/detail/sync_write_item__rosidl_typesupport_introspection_cpp.hpp
-- Symlinking: /home/evan/Documents/BRONE_audio_gaze_project/install/robotis_controller_msgs/include/robotis_controller_msgs/robotis_controller_msgs/msg/detail/write_control_table__rosidl_typesupport_introspection_cpp.hpp
-- Symlinking: /home/evan/Documents/BRONE_audio_gaze_project/install/robotis_controller_msgs/include/robotis_controller_msgs/robotis_controller_msgs/srv/detail/get_joint_module__rosidl_typesupport_introspection_cpp.hpp
-- Symlinking: /home/evan/Documents/BRONE_audio_gaze_project/install/robotis_controller_msgs/include/robotis_controller_msgs/robotis_controller_msgs/srv/detail/load_offset__rosidl_typesupport_introspection_cpp.hpp
-- Symlinking: /home/evan/Documents/BRONE_audio_gaze_project/install/robotis_controller_msgs/include/robotis_controller_msgs/robotis_controller_msgs/srv/detail/set_joint_module__rosidl_typesupport_introspection_cpp.hpp
-- Symlinking: /home/evan/Documents/BRONE_audio_gaze_project/install/robotis_controller_msgs/include/robotis_controller_msgs/robotis_controller_msgs/srv/detail/set_module__rosidl_typesupport_introspection_cpp.hpp
-- Symlinking: /home/evan/Documents/BRONE_audio_gaze_project/install/robotis_controller_msgs/share/robotis_controller_msgs/environment/pythonpath.sh
-- Symlinking: /home/evan/Documents/BRONE_audio_gaze_project/install/robotis_controller_msgs/share/robotis_controller_msgs/environment/pythonpath.dsv
-- Symlinking: /home/evan/Documents/BRONE_audio_gaze_project/install/robotis_controller_msgs/local/lib/python3.10/dist-packages/robotis_controller_msgs-0.1.4-py3.10.egg-info/PKG-INFO
-- Symlinking: /home/evan/Documents/BRONE_audio_gaze_project/install/robotis_controller_msgs/local/lib/python3.10/dist-packages/robotis_controller_msgs-0.1.4-py3.10.egg-info/SOURCES.txt
-- Symlinking: /home/evan/Documents/BRONE_audio_gaze_project/install/robotis_controller_msgs/local/lib/python3.10/dist-packages/robotis_controller_msgs-0.1.4-py3.10.egg-info/dependency_links.txt
-- Symlinking: /home/evan/Documents/BRONE_audio_gaze_project/install/robotis_controller_msgs/local/lib/python3.10/dist-packages/robotis_controller_msgs-0.1.4-py3.10.egg-info/top_level.txt
-- Symlinking: /home/evan/Documents/BRONE_audio_gaze_project/install/robotis_controller_msgs/local/lib/python3.10/dist-packages/robotis_controller_msgs/__init__.py
-- Symlinking: /home/evan/Documents/BRONE_audio_gaze_project/install/robotis_controller_msgs/local/lib/python3.10/dist-packages/robotis_controller_msgs/_robotis_controller_msgs_s.ep.rosidl_typesupport_c.c
-- Symlinking: /home/evan/Documents/BRONE_audio_gaze_project/install/robotis_controller_msgs/local/lib/python3.10/dist-packages/robotis_controller_msgs/_robotis_controller_msgs_s.ep.rosidl_typesupport_fastrtps_c.c
-- Symlinking: /home/evan/Documents/BRONE_audio_gaze_project/install/robotis_controller_msgs/local/lib/python3.10/dist-packages/robotis_controller_msgs/_robotis_controller_msgs_s.ep.rosidl_typesupport_introspection_c.c
-- Symlinking: /home/evan/Documents/BRONE_audio_gaze_project/install/robotis_controller_msgs/local/lib/python3.10/dist-packages/robotis_controller_msgs/librobotis_controller_msgs__rosidl_generator_py.so
-- Symlinking: /home/evan/Documents/BRONE_audio_gaze_project/install/robotis_controller_msgs/local/lib/python3.10/dist-packages/robotis_controller_msgs/msg/__init__.py
-- Symlinking: /home/evan/Documents/BRONE_audio_gaze_project/install/robotis_controller_msgs/local/lib/python3.10/dist-packages/robotis_controller_msgs/msg/_joint_ctrl_module.py
-- Symlinking: /home/evan/Documents/BRONE_audio_gaze_project/install/robotis_controller_msgs/local/lib/python3.10/dist-packages/robotis_controller_msgs/msg/_joint_ctrl_module_s.c
-- Symlinking: /home/evan/Documents/BRONE_audio_gaze_project/install/robotis_controller_msgs/local/lib/python3.10/dist-packages/robotis_controller_msgs/msg/_status_msg.py
-- Symlinking: /home/evan/Documents/BRONE_audio_gaze_project/install/robotis_controller_msgs/local/lib/python3.10/dist-packages/robotis_controller_msgs/msg/_status_msg_s.c
-- Symlinking: /home/evan/Documents/BRONE_audio_gaze_project/install/robotis_controller_msgs/local/lib/python3.10/dist-packages/robotis_controller_msgs/msg/_sync_write_item.py
-- Symlinking: /home/evan/Documents/BRONE_audio_gaze_project/install/robotis_controller_msgs/local/lib/python3.10/dist-packages/robotis_controller_msgs/msg/_sync_write_item_s.c
-- Symlinking: /home/evan/Documents/BRONE_audio_gaze_project/install/robotis_controller_msgs/local/lib/python3.10/dist-packages/robotis_controller_msgs/msg/_write_control_table.py
-- Symlinking: /home/evan/Documents/BRONE_audio_gaze_project/install/robotis_controller_msgs/local/lib/python3.10/dist-packages/robotis_controller_msgs/msg/_write_control_table_s.c
-- Symlinking: /home/evan/Documents/BRONE_audio_gaze_project/install/robotis_controller_msgs/local/lib/python3.10/dist-packages/robotis_controller_msgs/robotis_controller_msgs_s__rosidl_typesupport_c.cpython-310-x86_64-linux-gnu.so
-- Symlinking: /home/evan/Documents/BRONE_audio_gaze_project/install/robotis_controller_msgs/local/lib/python3.10/dist-packages/robotis_controller_msgs/robotis_controller_msgs_s__rosidl_typesupport_fastrtps_c.cpython-310-x86_64-linux-gnu.so
-- Symlinking: /home/evan/Documents/BRONE_audio_gaze_project/install/robotis_controller_msgs/local/lib/python3.10/dist-packages/robotis_controller_msgs/robotis_controller_msgs_s__rosidl_typesupport_introspection_c.cpython-310-x86_64-linux-gnu.so
-- Symlinking: /home/evan/Documents/BRONE_audio_gaze_project/install/robotis_controller_msgs/local/lib/python3.10/dist-packages/robotis_controller_msgs/srv/__init__.py
-- Symlinking: /home/evan/Documents/BRONE_audio_gaze_project/install/robotis_controller_msgs/local/lib/python3.10/dist-packages/robotis_controller_msgs/srv/_get_joint_module.py
-- Symlinking: /home/evan/Documents/BRONE_audio_gaze_project/install/robotis_controller_msgs/local/lib/python3.10/dist-packages/robotis_controller_msgs/srv/_get_joint_module_s.c
-- Symlinking: /home/evan/Documents/BRONE_audio_gaze_project/install/robotis_controller_msgs/local/lib/python3.10/dist-packages/robotis_controller_msgs/srv/_load_offset.py
-- Symlinking: /home/evan/Documents/BRONE_audio_gaze_project/install/robotis_controller_msgs/local/lib/python3.10/dist-packages/robotis_controller_msgs/srv/_load_offset_s.c
-- Symlinking: /home/evan/Documents/BRONE_audio_gaze_project/install/robotis_controller_msgs/local/lib/python3.10/dist-packages/robotis_controller_msgs/srv/_set_joint_module.py
-- Symlinking: /home/evan/Documents/BRONE_audio_gaze_project/install/robotis_controller_msgs/local/lib/python3.10/dist-packages/robotis_controller_msgs/srv/_set_joint_module_s.c
-- Symlinking: /home/evan/Documents/BRONE_audio_gaze_project/install/robotis_controller_msgs/local/lib/python3.10/dist-packages/robotis_controller_msgs/srv/_set_module.py
-- Symlinking: /home/evan/Documents/BRONE_audio_gaze_project/install/robotis_controller_msgs/local/lib/python3.10/dist-packages/robotis_controller_msgs/srv/_set_module_s.c
-- Up-to-date symlink: /home/evan/Documents/BRONE_audio_gaze_project/install/robotis_controller_msgs/local/lib/python3.10/dist-packages/robotis_controller_msgs/robotis_controller_msgs_s__rosidl_typesupport_fastrtps_c.cpython-310-x86_64-linux-gnu.so
-- Up-to-date symlink: /home/evan/Documents/BRONE_audio_gaze_project/install/robotis_controller_msgs/local/lib/python3.10/dist-packages/robotis_controller_msgs/robotis_controller_msgs_s__rosidl_typesupport_introspection_c.cpython-310-x86_64-linux-gnu.so
-- Up-to-date symlink: /home/evan/Documents/BRONE_audio_gaze_project/install/robotis_controller_msgs/local/lib/python3.10/dist-packages/robotis_controller_msgs/robotis_controller_msgs_s__rosidl_typesupport_c.cpython-310-x86_64-linux-gnu.so
-- Symlinking: /home/evan/Documents/BRONE_audio_gaze_project/install/robotis_controller_msgs/share/ament_index/resource_index/rust_packages/robotis_controller_msgs
-- Symlinking: /home/evan/Documents/BRONE_audio_gaze_project/install/robotis_controller_msgs/share/robotis_controller_msgs/rust/Cargo.toml
-- Symlinking: /home/evan/Documents/BRONE_audio_gaze_project/install/robotis_controller_msgs/share/robotis_controller_msgs/rust/build.rs
-- Symlinking: /home/evan/Documents/BRONE_audio_gaze_project/install/robotis_controller_msgs/share/robotis_controller_msgs/rust/src/lib.rs
-- Symlinking: /home/evan/Documents/BRONE_audio_gaze_project/install/robotis_controller_msgs/share/robotis_controller_msgs/rust/src/msg.rs
-- Symlinking: /home/evan/Documents/BRONE_audio_gaze_project/install/robotis_controller_msgs/share/robotis_controller_msgs/rust/src/msg/rmw.rs
-- Symlinking: /home/evan/Documents/BRONE_audio_gaze_project/install/robotis_controller_msgs/share/robotis_controller_msgs/rust/src/srv.rs
-- Symlinking: /home/evan/Documents/BRONE_audio_gaze_project/install/robotis_controller_msgs/share/robotis_controller_msgs/rust/src/srv/rmw.rs
-- Symlinking: /home/evan/Documents/BRONE_audio_gaze_project/install/robotis_controller_msgs/share/robotis_controller_msgs/msg/SyncWriteItem.idl
-- Symlinking: /home/evan/Documents/BRONE_audio_gaze_project/install/robotis_controller_msgs/share/robotis_controller_msgs/msg/JointCtrlModule.idl
-- Symlinking: /home/evan/Documents/BRONE_audio_gaze_project/install/robotis_controller_msgs/share/robotis_controller_msgs/msg/StatusMsg.idl
-- Symlinking: /home/evan/Documents/BRONE_audio_gaze_project/install/robotis_controller_msgs/share/robotis_controller_msgs/msg/WriteControlTable.idl
-- Symlinking: /home/evan/Documents/BRONE_audio_gaze_project/install/robotis_controller_msgs/share/robotis_controller_msgs/srv/GetJointModule.idl
-- Symlinking: /home/evan/Documents/BRONE_audio_gaze_project/install/robotis_controller_msgs/share/robotis_controller_msgs/srv/SetJointModule.idl
-- Symlinking: /home/evan/Documents/BRONE_audio_gaze_project/install/robotis_controller_msgs/share/robotis_controller_msgs/srv/SetModule.idl
-- Symlinking: /home/evan/Documents/BRONE_audio_gaze_project/install/robotis_controller_msgs/share/robotis_controller_msgs/srv/LoadOffset.idl
-- Symlinking: /home/evan/Documents/BRONE_audio_gaze_project/install/robotis_controller_msgs/share/robotis_controller_msgs/msg/SyncWriteItem.msg
-- Symlinking: /home/evan/Documents/BRONE_audio_gaze_project/install/robotis_controller_msgs/share/robotis_controller_msgs/msg/JointCtrlModule.msg
-- Symlinking: /home/evan/Documents/BRONE_audio_gaze_project/install/robotis_controller_msgs/share/robotis_controller_msgs/msg/StatusMsg.msg
-- Symlinking: /home/evan/Documents/BRONE_audio_gaze_project/install/robotis_controller_msgs/share/robotis_controller_msgs/msg/WriteControlTable.msg
-- Symlinking: /home/evan/Documents/BRONE_audio_gaze_project/install/robotis_controller_msgs/share/robotis_controller_msgs/srv/GetJointModule.srv
-- Symlinking: /home/evan/Documents/BRONE_audio_gaze_project/install/robotis_controller_msgs/share/robotis_controller_msgs/srv/GetJointModule_Request.msg
-- Symlinking: /home/evan/Documents/BRONE_audio_gaze_project/install/robotis_controller_msgs/share/robotis_controller_msgs/srv/GetJointModule_Response.msg
-- Symlinking: /home/evan/Documents/BRONE_audio_gaze_project/install/robotis_controller_msgs/share/robotis_controller_msgs/srv/SetJointModule.srv
-- Symlinking: /home/evan/Documents/BRONE_audio_gaze_project/install/robotis_controller_msgs/share/robotis_controller_msgs/srv/SetJointModule_Request.msg
-- Symlinking: /home/evan/Documents/BRONE_audio_gaze_project/install/robotis_controller_msgs/share/robotis_controller_msgs/srv/SetJointModule_Response.msg
-- Symlinking: /home/evan/Documents/BRONE_audio_gaze_project/install/robotis_controller_msgs/share/robotis_controller_msgs/srv/SetModule.srv
-- Symlinking: /home/evan/Documents/BRONE_audio_gaze_project/install/robotis_controller_msgs/share/robotis_controller_msgs/srv/SetModule_Request.msg
-- Symlinking: /home/evan/Documents/BRONE_audio_gaze_project/install/robotis_controller_msgs/share/robotis_controller_msgs/srv/SetModule_Response.msg
-- Symlinking: /home/evan/Documents/BRONE_audio_gaze_project/install/robotis_controller_msgs/share/robotis_controller_msgs/srv/LoadOffset.srv
-- Symlinking: /home/evan/Documents/BRONE_audio_gaze_project/install/robotis_controller_msgs/share/robotis_controller_msgs/srv/LoadOffset_Request.msg
-- Symlinking: /home/evan/Documents/BRONE_audio_gaze_project/install/robotis_controller_msgs/share/robotis_controller_msgs/srv/LoadOffset_Response.msg
-- Symlinking: /home/evan/Documents/BRONE_audio_gaze_project/install/robotis_controller_msgs/share/ament_index/resource_index/package_run_dependencies/robotis_controller_msgs
-- Symlinking: /home/evan/Documents/BRONE_audio_gaze_project/install/robotis_controller_msgs/share/ament_index/resource_index/parent_prefix_path/robotis_controller_msgs
-- Symlinking: /home/evan/Documents/BRONE_audio_gaze_project/install/robotis_controller_msgs/share/robotis_controller_msgs/environment/ament_prefix_path.sh
-- Symlinking: /home/evan/Documents/BRONE_audio_gaze_project/install/robotis_controller_msgs/share/robotis_controller_msgs/environment/ament_prefix_path.dsv
-- Symlinking: /home/evan/Documents/BRONE_audio_gaze_project/install/robotis_controller_msgs/share/robotis_controller_msgs/environment/path.sh
-- Symlinking: /home/evan/Documents/BRONE_audio_gaze_project/install/robotis_controller_msgs/share/robotis_controller_msgs/environment/path.dsv
-- Symlinking: /home/evan/Documents/BRONE_audio_gaze_project/install/robotis_controller_msgs/share/robotis_controller_msgs/local_setup.bash
-- Symlinking: /home/evan/Documents/BRONE_audio_gaze_project/install/robotis_controller_msgs/share/robotis_controller_msgs/local_setup.sh
-- Symlinking: /home/evan/Documents/BRONE_audio_gaze_project/install/robotis_controller_msgs/share/robotis_controller_msgs/local_setup.zsh
-- Symlinking: /home/evan/Documents/BRONE_audio_gaze_project/install/robotis_controller_msgs/share/robotis_controller_msgs/local_setup.dsv
-- Symlinking: /home/evan/Documents/BRONE_audio_gaze_project/install/robotis_controller_msgs/share/robotis_controller_msgs/package.dsv
-- Symlinking: /home/evan/Documents/BRONE_audio_gaze_project/install/robotis_controller_msgs/share/ament_index/resource_index/packages/robotis_controller_msgs
-- Symlinking: /home/evan/Documents/BRONE_audio_gaze_project/install/robotis_controller_msgs/share/robotis_controller_msgs/cmake/rosidl_cmake-extras.cmake
-- Symlinking: /home/evan/Documents/BRONE_audio_gaze_project/install/robotis_controller_msgs/share/robotis_controller_msgs/cmake/ament_cmake_export_dependencies-extras.cmake
-- Symlinking: /home/evan/Documents/BRONE_audio_gaze_project/install/robotis_controller_msgs/share/robotis_controller_msgs/cmake/ament_cmake_export_include_directories-extras.cmake
-- Symlinking: /home/evan/Documents/BRONE_audio_gaze_project/install/robotis_controller_msgs/share/robotis_controller_msgs/cmake/ament_cmake_export_libraries-extras.cmake
-- Symlinking: /home/evan/Documents/BRONE_audio_gaze_project/install/robotis_controller_msgs/share/robotis_controller_msgs/cmake/ament_cmake_export_targets-extras.cmake
-- Symlinking: /home/evan/Documents/BRONE_audio_gaze_project/install/robotis_controller_msgs/share/robotis_controller_msgs/cmake/rosidl_cmake_export_typesupport_targets-extras.cmake
-- Symlinking: /home/evan/Documents/BRONE_audio_gaze_project/install/robotis_controller_msgs/share/robotis_controller_msgs/cmake/rosidl_cmake_export_typesupport_libraries-extras.cmake
-- Symlinking: /home/evan/Documents/BRONE_audio_gaze_project/install/robotis_controller_msgs/share/robotis_controller_msgs/cmake/robotis_controller_msgsConfig.cmake
-- Symlinking: /home/evan/Documents/BRONE_audio_gaze_project/install/robotis_controller_msgs/share/robotis_controller_msgs/cmake/robotis_controller_msgsConfig-version.cmake
-- Symlinking: /home/evan/Documents/BRONE_audio_gaze_project/install/robotis_controller_msgs/share/robotis_controller_msgs/package.xml
-- Installing: /home/evan/Documents/BRONE_audio_gaze_project/install/robotis_controller_msgs/lib/librobotis_controller_msgs__rosidl_generator_c.so
-- Set runtime path of "/home/evan/Documents/BRONE_audio_gaze_project/install/robotis_controller_msgs/lib/librobotis_controller_msgs__rosidl_generator_c.so" to ""
-- Installing: /home/evan/Documents/BRONE_audio_gaze_project/install/robotis_controller_msgs/lib/librobotis_controller_msgs__rosidl_typesupport_fastrtps_c.so
-- Set runtime path of "/home/evan/Documents/BRONE_audio_gaze_project/install/robotis_controller_msgs/lib/librobotis_controller_msgs__rosidl_typesupport_fastrtps_c.so" to ""
-- Installing: /home/evan/Documents/BRONE_audio_gaze_project/install/robotis_controller_msgs/lib/librobotis_controller_msgs__rosidl_typesupport_fastrtps_cpp.so
-- Set runtime path of "/home/evan/Documents/BRONE_audio_gaze_project/install/robotis_controller_msgs/lib/librobotis_controller_msgs__rosidl_typesupport_fastrtps_cpp.so" to ""
-- Installing: /home/evan/Documents/BRONE_audio_gaze_project/install/robotis_controller_msgs/lib/librobotis_controller_msgs__rosidl_typesupport_introspection_c.so
-- Set runtime path of "/home/evan/Documents/BRONE_audio_gaze_project/install/robotis_controller_msgs/lib/librobotis_controller_msgs__rosidl_typesupport_introspection_c.so" to ""
-- Installing: /home/evan/Documents/BRONE_audio_gaze_project/install/robotis_controller_msgs/lib/librobotis_controller_msgs__rosidl_typesupport_c.so
-- Set runtime path of "/home/evan/Documents/BRONE_audio_gaze_project/install/robotis_controller_msgs/lib/librobotis_controller_msgs__rosidl_typesupport_c.so" to ""
-- Installing: /home/evan/Documents/BRONE_audio_gaze_project/install/robotis_controller_msgs/lib/librobotis_controller_msgs__rosidl_typesupport_introspection_cpp.so
-- Set runtime path of "/home/evan/Documents/BRONE_audio_gaze_project/install/robotis_controller_msgs/lib/librobotis_controller_msgs__rosidl_typesupport_introspection_cpp.so" to ""
-- Installing: /home/evan/Documents/BRONE_audio_gaze_project/install/robotis_controller_msgs/lib/librobotis_controller_msgs__rosidl_typesupport_cpp.so
-- Set runtime path of "/home/evan/Documents/BRONE_audio_gaze_project/install/robotis_controller_msgs/lib/librobotis_controller_msgs__rosidl_typesupport_cpp.so" to ""
Listing '/home/evan/Documents/BRONE_audio_gaze_project/install/robotis_controller_msgs/local/lib/python3.10/dist-packages/robotis_controller_msgs'...
Compiling '/home/evan/Documents/BRONE_audio_gaze_project/install/robotis_controller_msgs/local/lib/python3.10/dist-packages/robotis_controller_msgs/__init__.py'...
Listing '/home/evan/Documents/BRONE_audio_gaze_project/install/robotis_controller_msgs/local/lib/python3.10/dist-packages/robotis_controller_msgs/msg'...
Compiling '/home/evan/Documents/BRONE_audio_gaze_project/install/robotis_controller_msgs/local/lib/python3.10/dist-packages/robotis_controller_msgs/msg/__init__.py'...
Compiling '/home/evan/Documents/BRONE_audio_gaze_project/install/robotis_controller_msgs/local/lib/python3.10/dist-packages/robotis_controller_msgs/msg/_joint_ctrl_module.py'...
Compiling '/home/evan/Documents/BRONE_audio_gaze_project/install/robotis_controller_msgs/local/lib/python3.10/dist-packages/robotis_controller_msgs/msg/_status_msg.py'...
Compiling '/home/evan/Documents/BRONE_audio_gaze_project/install/robotis_controller_msgs/local/lib/python3.10/dist-packages/robotis_controller_msgs/msg/_sync_write_item.py'...
Compiling '/home/evan/Documents/BRONE_audio_gaze_project/install/robotis_controller_msgs/local/lib/python3.10/dist-packages/robotis_controller_msgs/msg/_write_control_table.py'...
Listing '/home/evan/Documents/BRONE_audio_gaze_project/install/robotis_controller_msgs/local/lib/python3.10/dist-packages/robotis_controller_msgs/srv'...
Compiling '/home/evan/Documents/BRONE_audio_gaze_project/install/robotis_controller_msgs/local/lib/python3.10/dist-packages/robotis_controller_msgs/srv/__init__.py'...
Compiling '/home/evan/Documents/BRONE_audio_gaze_project/install/robotis_controller_msgs/local/lib/python3.10/dist-packages/robotis_controller_msgs/srv/_get_joint_module.py'...
Compiling '/home/evan/Documents/BRONE_audio_gaze_project/install/robotis_controller_msgs/local/lib/python3.10/dist-packages/robotis_controller_msgs/srv/_load_offset.py'...
Compiling '/home/evan/Documents/BRONE_audio_gaze_project/install/robotis_controller_msgs/local/lib/python3.10/dist-packages/robotis_controller_msgs/srv/_set_joint_module.py'...
Compiling '/home/evan/Documents/BRONE_audio_gaze_project/install/robotis_controller_msgs/local/lib/python3.10/dist-packages/robotis_controller_msgs/srv/_set_module.py'...
-- Installing: /home/evan/Documents/BRONE_audio_gaze_project/install/robotis_controller_msgs/lib/librobotis_controller_msgs__rosidl_generator_py.so
-- Set runtime path of "/home/evan/Documents/BRONE_audio_gaze_project/install/robotis_controller_msgs/lib/librobotis_controller_msgs__rosidl_generator_py.so" to ""
-- Installing: /home/evan/Documents/BRONE_audio_gaze_project/install/robotis_controller_msgs/share/robotis_controller_msgs/cmake/export_robotis_controller_msgs__rosidl_generator_cExport.cmake
-- Installing: /home/evan/Documents/BRONE_audio_gaze_project/install/robotis_controller_msgs/share/robotis_controller_msgs/cmake/export_robotis_controller_msgs__rosidl_generator_cExport-noconfig.cmake
-- Installing: /home/evan/Documents/BRONE_audio_gaze_project/install/robotis_controller_msgs/share/robotis_controller_msgs/cmake/export_robotis_controller_msgs__rosidl_typesupport_fastrtps_cExport.cmake
-- Installing: /home/evan/Documents/BRONE_audio_gaze_project/install/robotis_controller_msgs/share/robotis_controller_msgs/cmake/export_robotis_controller_msgs__rosidl_typesupport_fastrtps_cExport-noconfig.cmake
-- Installing: /home/evan/Documents/BRONE_audio_gaze_project/install/robotis_controller_msgs/share/robotis_controller_msgs/cmake/export_robotis_controller_msgs__rosidl_generator_cppExport.cmake
-- Installing: /home/evan/Documents/BRONE_audio_gaze_project/install/robotis_controller_msgs/share/robotis_controller_msgs/cmake/export_robotis_controller_msgs__rosidl_typesupport_fastrtps_cppExport.cmake
-- Installing: /home/evan/Documents/BRONE_audio_gaze_project/install/robotis_controller_msgs/share/robotis_controller_msgs/cmake/export_robotis_controller_msgs__rosidl_typesupport_fastrtps_cppExport-noconfig.cmake
-- Installing: /home/evan/Documents/BRONE_audio_gaze_project/install/robotis_controller_msgs/share/robotis_controller_msgs/cmake/robotis_controller_msgs__rosidl_typesupport_introspection_cExport.cmake
-- Installing: /home/evan/Documents/BRONE_audio_gaze_project/install/robotis_controller_msgs/share/robotis_controller_msgs/cmake/robotis_controller_msgs__rosidl_typesupport_introspection_cExport-noconfig.cmake
-- Installing: /home/evan/Documents/BRONE_audio_gaze_project/install/robotis_controller_msgs/share/robotis_controller_msgs/cmake/robotis_controller_msgs__rosidl_typesupport_cExport.cmake
-- Installing: /home/evan/Documents/BRONE_audio_gaze_project/install/robotis_controller_msgs/share/robotis_controller_msgs/cmake/robotis_controller_msgs__rosidl_typesupport_cExport-noconfig.cmake
-- Installing: /home/evan/Documents/BRONE_audio_gaze_project/install/robotis_controller_msgs/share/robotis_controller_msgs/cmake/robotis_controller_msgs__rosidl_typesupport_introspection_cppExport.cmake
-- Installing: /home/evan/Documents/BRONE_audio_gaze_project/install/robotis_controller_msgs/share/robotis_controller_msgs/cmake/robotis_controller_msgs__rosidl_typesupport_introspection_cppExport-noconfig.cmake
-- Installing: /home/evan/Documents/BRONE_audio_gaze_project/install/robotis_controller_msgs/share/robotis_controller_msgs/cmake/robotis_controller_msgs__rosidl_typesupport_cppExport.cmake
-- Installing: /home/evan/Documents/BRONE_audio_gaze_project/install/robotis_controller_msgs/share/robotis_controller_msgs/cmake/robotis_controller_msgs__rosidl_typesupport_cppExport-noconfig.cmake
-- Installing: /home/evan/Documents/BRONE_audio_gaze_project/install/robotis_controller_msgs/share/robotis_controller_msgs/cmake/export_robotis_controller_msgs__rosidl_generator_pyExport.cmake
-- Installing: /home/evan/Documents/BRONE_audio_gaze_project/install/robotis_controller_msgs/share/robotis_controller_msgs/cmake/export_robotis_controller_msgs__rosidl_generator_pyExport-noconfig.cmake
