[0.035s] Invoking command in '/home/evan/Documents/BRONE_audio_gaze_project/build/robotis_controller_msgs': CMAKE_PREFIX_PATH=${CMAKE_PREFIX_PATH}:/home/evan/Documents/BRONE_audio_gaze_project/install/algo_gaze:/home/evan/Documents/BRONE_audio_gaze_project/install/brone_gaze:/opt/ros/humble /usr/bin/cmake /home/evan/Documents/BRONE_audio_gaze_project/ROBOTIS-Framework-msgs/robotis_controller_msgs -DAMENT_CMAKE_SYMLINK_INSTALL=1 -DCMAKE_INSTALL_PREFIX=/home/evan/Documents/BRONE_audio_gaze_project/install/robotis_controller_msgs
[0.108s] -- The C compiler identification is GNU 11.4.0
[0.173s] -- The CXX compiler identification is GNU 11.4.0
[0.190s] -- Detecting C compiler ABI info
[0.281s] -- Detecting C compiler ABI info - done
[0.294s] -- Check for working C compiler: /usr/bin/cc - skipped
[0.294s] -- Detecting C compile features
[0.294s] -- Detecting C compile features - done
[0.296s] -- Detecting CXX compiler ABI info
[0.393s] -- Detecting CXX compiler ABI info - done
[0.400s] -- Check for working CXX compiler: /usr/bin/c++ - skipped
[0.400s] -- Detecting CXX compile features
[0.400s] -- Detecting CXX compile features - done
[0.402s] -- Found ament_cmake: 1.3.14 (/opt/ros/humble/share/ament_cmake/cmake)
[0.595s] -- Found Python3: /usr/bin/python3 (found version "3.10.12") found components: Interpreter 
[0.714s] -- Override CMake install command with custom implementation using symlinks instead of copying resources
[0.768s] -- Found std_msgs: 4.9.1 (/opt/ros/humble/share/std_msgs/cmake)
[0.802s] -- Found rosidl_generator_c: 3.1.8 (/opt/ros/humble/share/rosidl_generator_c/cmake)
[0.809s] -- Found rosidl_adapter: 3.1.8 (/opt/ros/humble/share/rosidl_adapter/cmake)
[0.816s] -- Found rosidl_generator_cpp: 3.1.8 (/opt/ros/humble/share/rosidl_generator_cpp/cmake)
[0.830s] -- Using all available rosidl_typesupport_c: rosidl_typesupport_fastrtps_c;rosidl_typesupport_introspection_c
[0.848s] -- Using all available rosidl_typesupport_cpp: rosidl_typesupport_fastrtps_cpp;rosidl_typesupport_introspection_cpp
[0.878s] -- Found sensor_msgs: 4.9.1 (/opt/ros/humble/share/sensor_msgs/cmake)
[0.922s] -- Found rosidl_default_generators: 1.2.1 (/opt/ros/humble/share/rosidl_default_generators/cmake)
[1.881s] -- Found ament_cmake_ros: 0.10.0 (/opt/ros/humble/share/ament_cmake_ros/cmake)
[3.252s] -- Using all available rosidl_typesupport_c: rosidl_typesupport_fastrtps_c;rosidl_typesupport_introspection_c
[3.808s] -- Using all available rosidl_typesupport_cpp: rosidl_typesupport_fastrtps_cpp;rosidl_typesupport_introspection_cpp
[3.932s] -- Found PythonInterp: /usr/bin/python3 (found suitable version "3.10.12", minimum required is "3.6") 
[3.939s] -- Found python_cmake_module: 0.10.0 (/opt/ros/humble/share/python_cmake_module/cmake)
[4.075s] -- Found PythonLibs: /usr/lib/x86_64-linux-gnu/libpython3.10.so (found suitable version "3.10.12", minimum required is "3.5") 
[4.076s] -- Using PYTHON_EXECUTABLE: /usr/bin/python3
[4.076s] -- Using PYTHON_INCLUDE_DIRS: /usr/include/python3.10
[4.076s] -- Using PYTHON_LIBRARIES: /usr/lib/x86_64-linux-gnu/libpython3.10.so
[4.224s] -- Found PythonExtra: .so  
[4.822s] -- Configuring done
[5.106s] -- Generating done
[5.204s] -- Build files have been written to: /home/evan/Documents/BRONE_audio_gaze_project/build/robotis_controller_msgs
[5.277s] Invoked command in '/home/evan/Documents/BRONE_audio_gaze_project/build/robotis_controller_msgs' returned '0': CMAKE_PREFIX_PATH=${CMAKE_PREFIX_PATH}:/home/evan/Documents/BRONE_audio_gaze_project/install/algo_gaze:/home/evan/Documents/BRONE_audio_gaze_project/install/brone_gaze:/opt/ros/humble /usr/bin/cmake /home/evan/Documents/BRONE_audio_gaze_project/ROBOTIS-Framework-msgs/robotis_controller_msgs -DAMENT_CMAKE_SYMLINK_INSTALL=1 -DCMAKE_INSTALL_PREFIX=/home/evan/Documents/BRONE_audio_gaze_project/install/robotis_controller_msgs
[5.278s] Invoking command in '/home/evan/Documents/BRONE_audio_gaze_project/build/robotis_controller_msgs': CMAKE_PREFIX_PATH=${CMAKE_PREFIX_PATH}:/home/evan/Documents/BRONE_audio_gaze_project/install/algo_gaze:/home/evan/Documents/BRONE_audio_gaze_project/install/brone_gaze:/opt/ros/humble /usr/bin/cmake --build /home/evan/Documents/BRONE_audio_gaze_project/build/robotis_controller_msgs -- -j12 -l12
[17.258s] [  1%] [34m[1mGenerating C code for ROS interfaces[0m
[17.258s] [  2%] [34m[1mGenerating C++ code for ROS interfaces[0m
[17.258s] [  3%] [34m[1mGenerating Rust code for ROS interfaces[0m
[17.258s] [  3%] Built target ament_cmake_python_symlink_robotis_controller_msgs
[17.259s] running egg_info
[17.259s] creating robotis_controller_msgs.egg-info
[17.259s] writing robotis_controller_msgs.egg-info/PKG-INFO
[17.259s] writing dependency_links to robotis_controller_msgs.egg-info/dependency_links.txt
[17.259s] writing top-level names to robotis_controller_msgs.egg-info/top_level.txt
[17.259s] writing manifest file 'robotis_controller_msgs.egg-info/SOURCES.txt'
[17.259s] reading manifest file 'robotis_controller_msgs.egg-info/SOURCES.txt'
[17.259s] writing manifest file 'robotis_controller_msgs.egg-info/SOURCES.txt'
[17.259s] [  3%] Built target ament_cmake_python_build_robotis_controller_msgs_egg
[17.259s] [  3%] Built target robotis_controller_msgs__rs
[17.259s] [  4%] [32mBuilding C object CMakeFiles/robotis_controller_msgs__rosidl_generator_c.dir/rosidl_generator_c/robotis_controller_msgs/msg/detail/joint_ctrl_module__functions.c.o[0m
[17.260s] [  5%] [32mBuilding C object CMakeFiles/robotis_controller_msgs__rosidl_generator_c.dir/rosidl_generator_c/robotis_controller_msgs/msg/detail/status_msg__functions.c.o[0m
[17.260s] [  7%] [32mBuilding C object CMakeFiles/robotis_controller_msgs__rosidl_generator_c.dir/rosidl_generator_c/robotis_controller_msgs/srv/detail/get_joint_module__functions.c.o[0m
[17.260s] [  9%] [32mBuilding C object CMakeFiles/robotis_controller_msgs__rosidl_generator_c.dir/rosidl_generator_c/robotis_controller_msgs/msg/detail/write_control_table__functions.c.o[0m
[17.260s] [ 10%] [32mBuilding C object CMakeFiles/robotis_controller_msgs__rosidl_generator_c.dir/rosidl_generator_c/robotis_controller_msgs/srv/detail/set_joint_module__functions.c.o[0m
[17.260s] [  6%] [32mBuilding C object CMakeFiles/robotis_controller_msgs__rosidl_generator_c.dir/rosidl_generator_c/robotis_controller_msgs/msg/detail/sync_write_item__functions.c.o[0m
[17.260s] [ 11%] [32mBuilding C object CMakeFiles/robotis_controller_msgs__rosidl_generator_c.dir/rosidl_generator_c/robotis_controller_msgs/srv/detail/set_module__functions.c.o[0m
[17.260s] [ 12%] [32mBuilding C object CMakeFiles/robotis_controller_msgs__rosidl_generator_c.dir/rosidl_generator_c/robotis_controller_msgs/srv/detail/load_offset__functions.c.o[0m
[17.261s] [ 13%] [32m[1mLinking C shared library librobotis_controller_msgs__rosidl_generator_c.so[0m
[17.261s] [ 13%] Built target robotis_controller_msgs__cpp
[17.261s] [ 14%] [34m[1mGenerating C++ type support for eProsima Fast-RTPS[0m
[17.261s] [ 15%] [34m[1mGenerating C++ introspection for ROS interfaces[0m
[17.261s] [ 17%] [34m[1mGenerating C++ type support dispatch for ROS interfaces[0m
[17.261s] [ 17%] Built target robotis_controller_msgs__rosidl_generator_c
[17.261s] [ 18%] [34m[1mGenerating C type support for eProsima Fast-RTPS[0m
[17.261s] [ 19%] [34m[1mGenerating C introspection for ROS interfaces[0m
[17.262s] [ 20%] [34m[1mGenerating C type support dispatch for ROS interfaces[0m
[17.262s] [ 21%] [32mBuilding CXX object CMakeFiles/robotis_controller_msgs__rosidl_typesupport_introspection_cpp.dir/rosidl_typesupport_introspection_cpp/robotis_controller_msgs/msg/detail/sync_write_item__type_support.cpp.o[0m
[17.268s] [ 22%] [32mBuilding CXX object CMakeFiles/robotis_controller_msgs__rosidl_typesupport_c.dir/rosidl_typesupport_c/robotis_controller_msgs/msg/sync_write_item__type_support.cpp.o[0m
[17.269s] [ 23%] [32mBuilding CXX object CMakeFiles/robotis_controller_msgs__rosidl_typesupport_cpp.dir/rosidl_typesupport_cpp/robotis_controller_msgs/msg/sync_write_item__type_support.cpp.o[0m
[17.269s] [ 25%] [32mBuilding CXX object CMakeFiles/robotis_controller_msgs__rosidl_typesupport_c.dir/rosidl_typesupport_c/robotis_controller_msgs/msg/joint_ctrl_module__type_support.cpp.o[0m
[17.269s] [ 26%] [32mBuilding CXX object CMakeFiles/robotis_controller_msgs__rosidl_typesupport_c.dir/rosidl_typesupport_c/robotis_controller_msgs/msg/status_msg__type_support.cpp.o[0m
[17.269s] [ 27%] [32mBuilding CXX object CMakeFiles/robotis_controller_msgs__rosidl_typesupport_c.dir/rosidl_typesupport_c/robotis_controller_msgs/msg/write_control_table__type_support.cpp.o[0m
[17.269s] [ 28%] [32mBuilding CXX object CMakeFiles/robotis_controller_msgs__rosidl_typesupport_c.dir/rosidl_typesupport_c/robotis_controller_msgs/srv/get_joint_module__type_support.cpp.o[0m
[17.269s] [ 29%] [32mBuilding CXX object CMakeFiles/robotis_controller_msgs__rosidl_typesupport_c.dir/rosidl_typesupport_c/robotis_controller_msgs/srv/set_joint_module__type_support.cpp.o[0m
[17.269s] [ 30%] [32mBuilding CXX object CMakeFiles/robotis_controller_msgs__rosidl_typesupport_c.dir/rosidl_typesupport_c/robotis_controller_msgs/srv/set_module__type_support.cpp.o[0m
[17.269s] [ 31%] [32mBuilding CXX object CMakeFiles/robotis_controller_msgs__rosidl_typesupport_introspection_cpp.dir/rosidl_typesupport_introspection_cpp/robotis_controller_msgs/srv/detail/set_module__type_support.cpp.o[0m
[17.269s] [ 32%] [32mBuilding CXX object CMakeFiles/robotis_controller_msgs__rosidl_typesupport_c.dir/rosidl_typesupport_c/robotis_controller_msgs/srv/load_offset__type_support.cpp.o[0m
[17.270s] [ 34%] [32mBuilding CXX object CMakeFiles/robotis_controller_msgs__rosidl_typesupport_fastrtps_cpp.dir/rosidl_typesupport_fastrtps_cpp/robotis_controller_msgs/msg/detail/dds_fastrtps/sync_write_item__type_support.cpp.o[0m
[17.270s] [ 35%] [32m[1mLinking CXX shared library librobotis_controller_msgs__rosidl_typesupport_c.so[0m
[17.270s] [ 36%] [32mBuilding CXX object CMakeFiles/robotis_controller_msgs__rosidl_typesupport_fastrtps_c.dir/rosidl_typesupport_fastrtps_c/robotis_controller_msgs/msg/detail/sync_write_item__type_support_c.cpp.o[0m
[17.270s] [ 36%] Built target robotis_controller_msgs__rosidl_typesupport_c
[17.270s] [ 37%] [32mBuilding C object CMakeFiles/robotis_controller_msgs__rosidl_typesupport_introspection_c.dir/rosidl_typesupport_introspection_c/robotis_controller_msgs/msg/detail/sync_write_item__type_support.c.o[0m
[17.270s] [ 38%] [32mBuilding C object CMakeFiles/robotis_controller_msgs__rosidl_typesupport_introspection_c.dir/rosidl_typesupport_introspection_c/robotis_controller_msgs/msg/detail/joint_ctrl_module__type_support.c.o[0m
[17.270s] [ 39%] [32mBuilding CXX object CMakeFiles/robotis_controller_msgs__rosidl_typesupport_cpp.dir/rosidl_typesupport_cpp/robotis_controller_msgs/msg/joint_ctrl_module__type_support.cpp.o[0m
[17.270s] [ 40%] [32mBuilding C object CMakeFiles/robotis_controller_msgs__rosidl_typesupport_introspection_c.dir/rosidl_typesupport_introspection_c/robotis_controller_msgs/msg/detail/status_msg__type_support.c.o[0m
[17.270s] [ 42%] [32mBuilding CXX object CMakeFiles/robotis_controller_msgs__rosidl_typesupport_introspection_cpp.dir/rosidl_typesupport_introspection_cpp/robotis_controller_msgs/srv/detail/set_joint_module__type_support.cpp.o[0m
[17.270s] [ 43%] [32mBuilding C object CMakeFiles/robotis_controller_msgs__rosidl_typesupport_introspection_c.dir/rosidl_typesupport_introspection_c/robotis_controller_msgs/msg/detail/write_control_table__type_support.c.o[0m
[17.270s] [ 44%] [32mBuilding C object CMakeFiles/robotis_controller_msgs__rosidl_typesupport_introspection_c.dir/rosidl_typesupport_introspection_c/robotis_controller_msgs/srv/detail/get_joint_module__type_support.c.o[0m
[17.271s] [ 45%] [32mBuilding C object CMakeFiles/robotis_controller_msgs__rosidl_typesupport_introspection_c.dir/rosidl_typesupport_introspection_c/robotis_controller_msgs/srv/detail/set_joint_module__type_support.c.o[0m
[17.271s] [ 46%] [32mBuilding C object CMakeFiles/robotis_controller_msgs__rosidl_typesupport_introspection_c.dir/rosidl_typesupport_introspection_c/robotis_controller_msgs/srv/detail/set_module__type_support.c.o[0m
[17.271s] [ 47%] [32mBuilding C object CMakeFiles/robotis_controller_msgs__rosidl_typesupport_introspection_c.dir/rosidl_typesupport_introspection_c/robotis_controller_msgs/srv/detail/load_offset__type_support.c.o[0m
[17.271s] [ 48%] [32mBuilding CXX object CMakeFiles/robotis_controller_msgs__rosidl_typesupport_fastrtps_cpp.dir/rosidl_typesupport_fastrtps_cpp/robotis_controller_msgs/msg/detail/dds_fastrtps/joint_ctrl_module__type_support.cpp.o[0m
[17.271s] [ 50%] [32m[1mLinking C shared library librobotis_controller_msgs__rosidl_typesupport_introspection_c.so[0m
[17.271s] [ 51%] [32mBuilding CXX object CMakeFiles/robotis_controller_msgs__rosidl_typesupport_fastrtps_c.dir/rosidl_typesupport_fastrtps_c/robotis_controller_msgs/msg/detail/status_msg__type_support_c.cpp.o[0m
[17.271s] [ 51%] Built target robotis_controller_msgs__rosidl_typesupport_introspection_c
[17.271s] [ 52%] [32mBuilding CXX object CMakeFiles/robotis_controller_msgs__rosidl_typesupport_cpp.dir/rosidl_typesupport_cpp/robotis_controller_msgs/msg/write_control_table__type_support.cpp.o[0m
[17.271s] [ 53%] [32mBuilding CXX object CMakeFiles/robotis_controller_msgs__rosidl_typesupport_fastrtps_cpp.dir/rosidl_typesupport_fastrtps_cpp/robotis_controller_msgs/msg/detail/dds_fastrtps/status_msg__type_support.cpp.o[0m
[17.271s] [ 54%] [32mBuilding CXX object CMakeFiles/robotis_controller_msgs__rosidl_typesupport_cpp.dir/rosidl_typesupport_cpp/robotis_controller_msgs/srv/get_joint_module__type_support.cpp.o[0m
[17.350s] [ 55%] [32mBuilding CXX object CMakeFiles/robotis_controller_msgs__rosidl_typesupport_introspection_cpp.dir/rosidl_typesupport_introspection_cpp/robotis_controller_msgs/srv/detail/load_offset__type_support.cpp.o[0m
[17.643s] [ 56%] [32mBuilding CXX object CMakeFiles/robotis_controller_msgs__rosidl_typesupport_fastrtps_c.dir/rosidl_typesupport_fastrtps_c/robotis_controller_msgs/srv/detail/get_joint_module__type_support_c.cpp.o[0m
[18.045s] [ 57%] [32mBuilding CXX object CMakeFiles/robotis_controller_msgs__rosidl_typesupport_cpp.dir/rosidl_typesupport_cpp/robotis_controller_msgs/msg/status_msg__type_support.cpp.o[0m
[18.449s] [ 59%] [32mBuilding CXX object CMakeFiles/robotis_controller_msgs__rosidl_typesupport_fastrtps_cpp.dir/rosidl_typesupport_fastrtps_cpp/robotis_controller_msgs/srv/detail/dds_fastrtps/get_joint_module__type_support.cpp.o[0m
[18.650s] [ 60%] [32mBuilding CXX object CMakeFiles/robotis_controller_msgs__rosidl_typesupport_introspection_cpp.dir/rosidl_typesupport_introspection_cpp/robotis_controller_msgs/srv/detail/get_joint_module__type_support.cpp.o[0m
[18.791s] [ 61%] [32mBuilding CXX object CMakeFiles/robotis_controller_msgs__rosidl_typesupport_fastrtps_c.dir/rosidl_typesupport_fastrtps_c/robotis_controller_msgs/srv/detail/set_joint_module__type_support_c.cpp.o[0m
[18.992s] [ 62%] [32mBuilding CXX object CMakeFiles/robotis_controller_msgs__rosidl_typesupport_cpp.dir/rosidl_typesupport_cpp/robotis_controller_msgs/srv/set_module__type_support.cpp.o[0m
[19.138s] [ 63%] [32mBuilding CXX object CMakeFiles/robotis_controller_msgs__rosidl_typesupport_fastrtps_cpp.dir/rosidl_typesupport_fastrtps_cpp/robotis_controller_msgs/srv/detail/dds_fastrtps/set_joint_module__type_support.cpp.o[0m
[19.708s] [ 64%] [32mBuilding CXX object CMakeFiles/robotis_controller_msgs__rosidl_typesupport_introspection_cpp.dir/rosidl_typesupport_introspection_cpp/robotis_controller_msgs/msg/detail/write_control_table__type_support.cpp.o[0m
[19.755s] [ 65%] [32mBuilding CXX object CMakeFiles/robotis_controller_msgs__rosidl_typesupport_fastrtps_c.dir/rosidl_typesupport_fastrtps_c/robotis_controller_msgs/srv/detail/set_module__type_support_c.cpp.o[0m
[19.766s] [ 67%] [32mBuilding CXX object CMakeFiles/robotis_controller_msgs__rosidl_typesupport_cpp.dir/rosidl_typesupport_cpp/robotis_controller_msgs/srv/load_offset__type_support.cpp.o[0m
[20.426s] [ 68%] [32mBuilding CXX object CMakeFiles/robotis_controller_msgs__rosidl_typesupport_fastrtps_c.dir/rosidl_typesupport_fastrtps_c/robotis_controller_msgs/msg/detail/write_control_table__type_support_c.cpp.o[0m
[20.438s] [ 69%] [32mBuilding CXX object CMakeFiles/robotis_controller_msgs__rosidl_typesupport_fastrtps_cpp.dir/rosidl_typesupport_fastrtps_cpp/robotis_controller_msgs/srv/detail/dds_fastrtps/load_offset__type_support.cpp.o[0m
[20.473s] [ 70%] [32mBuilding CXX object CMakeFiles/robotis_controller_msgs__rosidl_typesupport_cpp.dir/rosidl_typesupport_cpp/robotis_controller_msgs/srv/set_joint_module__type_support.cpp.o[0m
[20.475s] [ 71%] [32mBuilding CXX object CMakeFiles/robotis_controller_msgs__rosidl_typesupport_introspection_cpp.dir/rosidl_typesupport_introspection_cpp/robotis_controller_msgs/msg/detail/status_msg__type_support.cpp.o[0m
[20.951s] [ 72%] [32m[1mLinking CXX shared library librobotis_controller_msgs__rosidl_typesupport_cpp.so[0m
[20.962s] [ 73%] [32mBuilding CXX object CMakeFiles/robotis_controller_msgs__rosidl_typesupport_fastrtps_c.dir/rosidl_typesupport_fastrtps_c/robotis_controller_msgs/srv/detail/load_offset__type_support_c.cpp.o[0m
[21.027s] [ 75%] [32mBuilding CXX object CMakeFiles/robotis_controller_msgs__rosidl_typesupport_introspection_cpp.dir/rosidl_typesupport_introspection_cpp/robotis_controller_msgs/msg/detail/joint_ctrl_module__type_support.cpp.o[0m
[21.041s] [ 75%] Built target robotis_controller_msgs__rosidl_typesupport_cpp
[21.067s] [ 76%] [32mBuilding CXX object CMakeFiles/robotis_controller_msgs__rosidl_typesupport_fastrtps_cpp.dir/rosidl_typesupport_fastrtps_cpp/robotis_controller_msgs/srv/detail/dds_fastrtps/set_module__type_support.cpp.o[0m
[21.459s] [ 77%] [32mBuilding CXX object CMakeFiles/robotis_controller_msgs__rosidl_typesupport_fastrtps_c.dir/rosidl_typesupport_fastrtps_c/robotis_controller_msgs/msg/detail/joint_ctrl_module__type_support_c.cpp.o[0m
[21.696s] [ 78%] [32m[1mLinking CXX shared library librobotis_controller_msgs__rosidl_typesupport_introspection_cpp.so[0m
[21.830s] [ 79%] [32mBuilding CXX object CMakeFiles/robotis_controller_msgs__rosidl_typesupport_fastrtps_cpp.dir/rosidl_typesupport_fastrtps_cpp/robotis_controller_msgs/msg/detail/dds_fastrtps/write_control_table__type_support.cpp.o[0m
[21.862s] [ 79%] Built target robotis_controller_msgs__rosidl_typesupport_introspection_cpp
[21.888s] [ 80%] [32m[1mLinking CXX shared library librobotis_controller_msgs__rosidl_typesupport_fastrtps_c.so[0m
[22.099s] [ 80%] Built target robotis_controller_msgs__rosidl_typesupport_fastrtps_c
[22.461s] [ 81%] [32m[1mLinking CXX shared library librobotis_controller_msgs__rosidl_typesupport_fastrtps_cpp.so[0m
[22.602s] [ 81%] Built target robotis_controller_msgs__rosidl_typesupport_fastrtps_cpp
[22.627s] [ 81%] Built target robotis_controller_msgs
[22.659s] [ 82%] [34m[1mGenerating Python code for ROS interfaces[0m
[24.717s] [ 82%] Built target robotis_controller_msgs__py
[24.742s] [ 84%] [32mBuilding C object CMakeFiles/robotis_controller_msgs__rosidl_generator_py.dir/rosidl_generator_py/robotis_controller_msgs/msg/_sync_write_item_s.c.o[0m
[24.890s] [ 85%] [32mBuilding C object CMakeFiles/robotis_controller_msgs__rosidl_generator_py.dir/rosidl_generator_py/robotis_controller_msgs/srv/_load_offset_s.c.o[0m
[25.032s] [ 86%] [32mBuilding C object CMakeFiles/robotis_controller_msgs__rosidl_generator_py.dir/rosidl_generator_py/robotis_controller_msgs/srv/_set_module_s.c.o[0m
[25.170s] [ 87%] [32mBuilding C object CMakeFiles/robotis_controller_msgs__rosidl_generator_py.dir/rosidl_generator_py/robotis_controller_msgs/srv/_set_joint_module_s.c.o[0m
[25.317s] [ 88%] [32mBuilding C object CMakeFiles/robotis_controller_msgs__rosidl_generator_py.dir/rosidl_generator_py/robotis_controller_msgs/srv/_get_joint_module_s.c.o[0m
[25.481s] [ 89%] [32mBuilding C object CMakeFiles/robotis_controller_msgs__rosidl_generator_py.dir/rosidl_generator_py/robotis_controller_msgs/msg/_write_control_table_s.c.o[0m
[25.636s] [ 90%] [32mBuilding C object CMakeFiles/robotis_controller_msgs__rosidl_generator_py.dir/rosidl_generator_py/robotis_controller_msgs/msg/_status_msg_s.c.o[0m
[25.759s] [ 92%] [32mBuilding C object CMakeFiles/robotis_controller_msgs__rosidl_generator_py.dir/rosidl_generator_py/robotis_controller_msgs/msg/_joint_ctrl_module_s.c.o[0m
[25.890s] [ 93%] [32m[1mLinking C shared library rosidl_generator_py/robotis_controller_msgs/librobotis_controller_msgs__rosidl_generator_py.so[0m
[25.946s] [ 93%] Built target robotis_controller_msgs__rosidl_generator_py
[25.974s] [ 94%] [32mBuilding C object CMakeFiles/robotis_controller_msgs__rosidl_typesupport_fastrtps_c__pyext.dir/rosidl_generator_py/robotis_controller_msgs/_robotis_controller_msgs_s.ep.rosidl_typesupport_fastrtps_c.c.o[0m
[26.140s] [ 95%] [32m[1mLinking C shared library rosidl_generator_py/robotis_controller_msgs/robotis_controller_msgs_s__rosidl_typesupport_fastrtps_c.cpython-310-x86_64-linux-gnu.so[0m
[26.198s] [ 95%] Built target robotis_controller_msgs__rosidl_typesupport_fastrtps_c__pyext
[26.238s] [ 96%] [32mBuilding C object CMakeFiles/robotis_controller_msgs__rosidl_typesupport_c__pyext.dir/rosidl_generator_py/robotis_controller_msgs/_robotis_controller_msgs_s.ep.rosidl_typesupport_c.c.o[0m
[26.473s] [ 97%] [32m[1mLinking C shared library rosidl_generator_py/robotis_controller_msgs/robotis_controller_msgs_s__rosidl_typesupport_c.cpython-310-x86_64-linux-gnu.so[0m
[26.527s] [ 97%] Built target robotis_controller_msgs__rosidl_typesupport_c__pyext
[26.554s] [ 98%] [32mBuilding C object CMakeFiles/robotis_controller_msgs__rosidl_typesupport_introspection_c__pyext.dir/rosidl_generator_py/robotis_controller_msgs/_robotis_controller_msgs_s.ep.rosidl_typesupport_introspection_c.c.o[0m
[26.757s] [100%] [32m[1mLinking C shared library rosidl_generator_py/robotis_controller_msgs/robotis_controller_msgs_s__rosidl_typesupport_introspection_c.cpython-310-x86_64-linux-gnu.so[0m
[26.811s] [100%] Built target robotis_controller_msgs__rosidl_typesupport_introspection_c__pyext
[26.909s] Invoked command in '/home/evan/Documents/BRONE_audio_gaze_project/build/robotis_controller_msgs' returned '0': CMAKE_PREFIX_PATH=${CMAKE_PREFIX_PATH}:/home/evan/Documents/BRONE_audio_gaze_project/install/algo_gaze:/home/evan/Documents/BRONE_audio_gaze_project/install/brone_gaze:/opt/ros/humble /usr/bin/cmake --build /home/evan/Documents/BRONE_audio_gaze_project/build/robotis_controller_msgs -- -j12 -l12
[26.911s] Invoking command in '/home/evan/Documents/BRONE_audio_gaze_project/build/robotis_controller_msgs': CMAKE_PREFIX_PATH=${CMAKE_PREFIX_PATH}:/home/evan/Documents/BRONE_audio_gaze_project/install/algo_gaze:/home/evan/Documents/BRONE_audio_gaze_project/install/brone_gaze:/opt/ros/humble /usr/bin/cmake --install /home/evan/Documents/BRONE_audio_gaze_project/build/robotis_controller_msgs
[27.300s] -- Install configuration: ""
[27.301s] -- Execute custom install script
[27.301s] -- Symlinking: /home/evan/Documents/BRONE_audio_gaze_project/install/robotis_controller_msgs/share/ament_index/resource_index/rosidl_interfaces/robotis_controller_msgs
[27.301s] -- Symlinking: /home/evan/Documents/BRONE_audio_gaze_project/install/robotis_controller_msgs/include/robotis_controller_msgs/robotis_controller_msgs/msg/detail/joint_ctrl_module__functions.h
[27.301s] -- Symlinking: /home/evan/Documents/BRONE_audio_gaze_project/install/robotis_controller_msgs/include/robotis_controller_msgs/robotis_controller_msgs/msg/detail/joint_ctrl_module__struct.h
[27.301s] -- Symlinking: /home/evan/Documents/BRONE_audio_gaze_project/install/robotis_controller_msgs/include/robotis_controller_msgs/robotis_controller_msgs/msg/detail/joint_ctrl_module__type_support.h
[27.301s] -- Symlinking: /home/evan/Documents/BRONE_audio_gaze_project/install/robotis_controller_msgs/include/robotis_controller_msgs/robotis_controller_msgs/msg/detail/status_msg__functions.h
[27.301s] -- Symlinking: /home/evan/Documents/BRONE_audio_gaze_project/install/robotis_controller_msgs/include/robotis_controller_msgs/robotis_controller_msgs/msg/detail/status_msg__struct.h
[27.301s] -- Symlinking: /home/evan/Documents/BRONE_audio_gaze_project/install/robotis_controller_msgs/include/robotis_controller_msgs/robotis_controller_msgs/msg/detail/status_msg__type_support.h
[27.301s] -- Symlinking: /home/evan/Documents/BRONE_audio_gaze_project/install/robotis_controller_msgs/include/robotis_controller_msgs/robotis_controller_msgs/msg/detail/sync_write_item__functions.h
[27.301s] -- Symlinking: /home/evan/Documents/BRONE_audio_gaze_project/install/robotis_controller_msgs/include/robotis_controller_msgs/robotis_controller_msgs/msg/detail/sync_write_item__struct.h
[27.301s] -- Symlinking: /home/evan/Documents/BRONE_audio_gaze_project/install/robotis_controller_msgs/include/robotis_controller_msgs/robotis_controller_msgs/msg/detail/sync_write_item__type_support.h
[27.301s] -- Symlinking: /home/evan/Documents/BRONE_audio_gaze_project/install/robotis_controller_msgs/include/robotis_controller_msgs/robotis_controller_msgs/msg/detail/write_control_table__functions.h
[27.301s] -- Symlinking: /home/evan/Documents/BRONE_audio_gaze_project/install/robotis_controller_msgs/include/robotis_controller_msgs/robotis_controller_msgs/msg/detail/write_control_table__struct.h
[27.301s] -- Symlinking: /home/evan/Documents/BRONE_audio_gaze_project/install/robotis_controller_msgs/include/robotis_controller_msgs/robotis_controller_msgs/msg/detail/write_control_table__type_support.h
[27.301s] -- Symlinking: /home/evan/Documents/BRONE_audio_gaze_project/install/robotis_controller_msgs/include/robotis_controller_msgs/robotis_controller_msgs/msg/joint_ctrl_module.h
[27.302s] -- Symlinking: /home/evan/Documents/BRONE_audio_gaze_project/install/robotis_controller_msgs/include/robotis_controller_msgs/robotis_controller_msgs/msg/rosidl_generator_c__visibility_control.h
[27.302s] -- Symlinking: /home/evan/Documents/BRONE_audio_gaze_project/install/robotis_controller_msgs/include/robotis_controller_msgs/robotis_controller_msgs/msg/status_msg.h
[27.302s] -- Symlinking: /home/evan/Documents/BRONE_audio_gaze_project/install/robotis_controller_msgs/include/robotis_controller_msgs/robotis_controller_msgs/msg/sync_write_item.h
[27.302s] -- Symlinking: /home/evan/Documents/BRONE_audio_gaze_project/install/robotis_controller_msgs/include/robotis_controller_msgs/robotis_controller_msgs/msg/write_control_table.h
[27.302s] -- Symlinking: /home/evan/Documents/BRONE_audio_gaze_project/install/robotis_controller_msgs/include/robotis_controller_msgs/robotis_controller_msgs/srv/detail/get_joint_module__functions.h
[27.302s] -- Symlinking: /home/evan/Documents/BRONE_audio_gaze_project/install/robotis_controller_msgs/include/robotis_controller_msgs/robotis_controller_msgs/srv/detail/get_joint_module__struct.h
[27.302s] -- Symlinking: /home/evan/Documents/BRONE_audio_gaze_project/install/robotis_controller_msgs/include/robotis_controller_msgs/robotis_controller_msgs/srv/detail/get_joint_module__type_support.h
[27.302s] -- Symlinking: /home/evan/Documents/BRONE_audio_gaze_project/install/robotis_controller_msgs/include/robotis_controller_msgs/robotis_controller_msgs/srv/detail/load_offset__functions.h
[27.307s] -- Symlinking: /home/evan/Documents/BRONE_audio_gaze_project/install/robotis_controller_msgs/include/robotis_controller_msgs/robotis_controller_msgs/srv/detail/load_offset__struct.h
[27.307s] -- Symlinking: /home/evan/Documents/BRONE_audio_gaze_project/install/robotis_controller_msgs/include/robotis_controller_msgs/robotis_controller_msgs/srv/detail/load_offset__type_support.h
[27.307s] -- Symlinking: /home/evan/Documents/BRONE_audio_gaze_project/install/robotis_controller_msgs/include/robotis_controller_msgs/robotis_controller_msgs/srv/detail/set_joint_module__functions.h
[27.307s] -- Symlinking: /home/evan/Documents/BRONE_audio_gaze_project/install/robotis_controller_msgs/include/robotis_controller_msgs/robotis_controller_msgs/srv/detail/set_joint_module__struct.h
[27.308s] -- Symlinking: /home/evan/Documents/BRONE_audio_gaze_project/install/robotis_controller_msgs/include/robotis_controller_msgs/robotis_controller_msgs/srv/detail/set_joint_module__type_support.h
[27.308s] -- Symlinking: /home/evan/Documents/BRONE_audio_gaze_project/install/robotis_controller_msgs/include/robotis_controller_msgs/robotis_controller_msgs/srv/detail/set_module__functions.h
[27.308s] -- Symlinking: /home/evan/Documents/BRONE_audio_gaze_project/install/robotis_controller_msgs/include/robotis_controller_msgs/robotis_controller_msgs/srv/detail/set_module__struct.h
[27.308s] -- Symlinking: /home/evan/Documents/BRONE_audio_gaze_project/install/robotis_controller_msgs/include/robotis_controller_msgs/robotis_controller_msgs/srv/detail/set_module__type_support.h
[27.311s] -- Symlinking: /home/evan/Documents/BRONE_audio_gaze_project/install/robotis_controller_msgs/include/robotis_controller_msgs/robotis_controller_msgs/srv/get_joint_module.h
[27.321s] -- Symlinking: /home/evan/Documents/BRONE_audio_gaze_project/install/robotis_controller_msgs/include/robotis_controller_msgs/robotis_controller_msgs/srv/load_offset.h
[27.333s] -- Symlinking: /home/evan/Documents/BRONE_audio_gaze_project/install/robotis_controller_msgs/include/robotis_controller_msgs/robotis_controller_msgs/srv/set_joint_module.h
[27.345s] -- Symlinking: /home/evan/Documents/BRONE_audio_gaze_project/install/robotis_controller_msgs/include/robotis_controller_msgs/robotis_controller_msgs/srv/set_module.h
[27.359s] -- Symlinking: /home/evan/Documents/BRONE_audio_gaze_project/install/robotis_controller_msgs/share/robotis_controller_msgs/environment/library_path.sh
[27.371s] -- Symlinking: /home/evan/Documents/BRONE_audio_gaze_project/install/robotis_controller_msgs/share/robotis_controller_msgs/environment/library_path.dsv
[27.384s] -- Symlinking: /home/evan/Documents/BRONE_audio_gaze_project/install/robotis_controller_msgs/include/robotis_controller_msgs/robotis_controller_msgs/msg/detail/joint_ctrl_module__rosidl_typesupport_fastrtps_c.h
[27.397s] -- Symlinking: /home/evan/Documents/BRONE_audio_gaze_project/install/robotis_controller_msgs/include/robotis_controller_msgs/robotis_controller_msgs/msg/detail/status_msg__rosidl_typesupport_fastrtps_c.h
[27.411s] -- Symlinking: /home/evan/Documents/BRONE_audio_gaze_project/install/robotis_controller_msgs/include/robotis_controller_msgs/robotis_controller_msgs/msg/detail/sync_write_item__rosidl_typesupport_fastrtps_c.h
[27.427s] -- Symlinking: /home/evan/Documents/BRONE_audio_gaze_project/install/robotis_controller_msgs/include/robotis_controller_msgs/robotis_controller_msgs/msg/detail/write_control_table__rosidl_typesupport_fastrtps_c.h
[27.437s] -- Symlinking: /home/evan/Documents/BRONE_audio_gaze_project/install/robotis_controller_msgs/include/robotis_controller_msgs/robotis_controller_msgs/msg/rosidl_typesupport_fastrtps_c__visibility_control.h
[27.449s] -- Symlinking: /home/evan/Documents/BRONE_audio_gaze_project/install/robotis_controller_msgs/include/robotis_controller_msgs/robotis_controller_msgs/srv/detail/get_joint_module__rosidl_typesupport_fastrtps_c.h
[27.462s] -- Symlinking: /home/evan/Documents/BRONE_audio_gaze_project/install/robotis_controller_msgs/include/robotis_controller_msgs/robotis_controller_msgs/srv/detail/load_offset__rosidl_typesupport_fastrtps_c.h
[27.475s] -- Symlinking: /home/evan/Documents/BRONE_audio_gaze_project/install/robotis_controller_msgs/include/robotis_controller_msgs/robotis_controller_msgs/srv/detail/set_joint_module__rosidl_typesupport_fastrtps_c.h
[27.493s] -- Symlinking: /home/evan/Documents/BRONE_audio_gaze_project/install/robotis_controller_msgs/include/robotis_controller_msgs/robotis_controller_msgs/srv/detail/set_module__rosidl_typesupport_fastrtps_c.h
[27.504s] -- Symlinking: /home/evan/Documents/BRONE_audio_gaze_project/install/robotis_controller_msgs/include/robotis_controller_msgs/robotis_controller_msgs/msg/detail/joint_ctrl_module__builder.hpp
[27.516s] -- Symlinking: /home/evan/Documents/BRONE_audio_gaze_project/install/robotis_controller_msgs/include/robotis_controller_msgs/robotis_controller_msgs/msg/detail/joint_ctrl_module__struct.hpp
[27.532s] -- Symlinking: /home/evan/Documents/BRONE_audio_gaze_project/install/robotis_controller_msgs/include/robotis_controller_msgs/robotis_controller_msgs/msg/detail/joint_ctrl_module__traits.hpp
[27.548s] -- Symlinking: /home/evan/Documents/BRONE_audio_gaze_project/install/robotis_controller_msgs/include/robotis_controller_msgs/robotis_controller_msgs/msg/detail/joint_ctrl_module__type_support.hpp
[27.560s] -- Symlinking: /home/evan/Documents/BRONE_audio_gaze_project/install/robotis_controller_msgs/include/robotis_controller_msgs/robotis_controller_msgs/msg/detail/status_msg__builder.hpp
[27.572s] -- Symlinking: /home/evan/Documents/BRONE_audio_gaze_project/install/robotis_controller_msgs/include/robotis_controller_msgs/robotis_controller_msgs/msg/detail/status_msg__struct.hpp
[27.581s] -- Symlinking: /home/evan/Documents/BRONE_audio_gaze_project/install/robotis_controller_msgs/include/robotis_controller_msgs/robotis_controller_msgs/msg/detail/status_msg__traits.hpp
[27.591s] -- Symlinking: /home/evan/Documents/BRONE_audio_gaze_project/install/robotis_controller_msgs/include/robotis_controller_msgs/robotis_controller_msgs/msg/detail/status_msg__type_support.hpp
[27.602s] -- Symlinking: /home/evan/Documents/BRONE_audio_gaze_project/install/robotis_controller_msgs/include/robotis_controller_msgs/robotis_controller_msgs/msg/detail/sync_write_item__builder.hpp
[27.614s] -- Symlinking: /home/evan/Documents/BRONE_audio_gaze_project/install/robotis_controller_msgs/include/robotis_controller_msgs/robotis_controller_msgs/msg/detail/sync_write_item__struct.hpp
[27.626s] -- Symlinking: /home/evan/Documents/BRONE_audio_gaze_project/install/robotis_controller_msgs/include/robotis_controller_msgs/robotis_controller_msgs/msg/detail/sync_write_item__traits.hpp
[27.641s] -- Symlinking: /home/evan/Documents/BRONE_audio_gaze_project/install/robotis_controller_msgs/include/robotis_controller_msgs/robotis_controller_msgs/msg/detail/sync_write_item__type_support.hpp
[27.649s] -- Symlinking: /home/evan/Documents/BRONE_audio_gaze_project/install/robotis_controller_msgs/include/robotis_controller_msgs/robotis_controller_msgs/msg/detail/write_control_table__builder.hpp
[27.664s] -- Symlinking: /home/evan/Documents/BRONE_audio_gaze_project/install/robotis_controller_msgs/include/robotis_controller_msgs/robotis_controller_msgs/msg/detail/write_control_table__struct.hpp
[27.675s] -- Symlinking: /home/evan/Documents/BRONE_audio_gaze_project/install/robotis_controller_msgs/include/robotis_controller_msgs/robotis_controller_msgs/msg/detail/write_control_table__traits.hpp
[27.687s] -- Symlinking: /home/evan/Documents/BRONE_audio_gaze_project/install/robotis_controller_msgs/include/robotis_controller_msgs/robotis_controller_msgs/msg/detail/write_control_table__type_support.hpp
[27.700s] -- Symlinking: /home/evan/Documents/BRONE_audio_gaze_project/install/robotis_controller_msgs/include/robotis_controller_msgs/robotis_controller_msgs/msg/joint_ctrl_module.hpp
[27.710s] -- Symlinking: /home/evan/Documents/BRONE_audio_gaze_project/install/robotis_controller_msgs/include/robotis_controller_msgs/robotis_controller_msgs/msg/rosidl_generator_cpp__visibility_control.hpp
[27.720s] -- Symlinking: /home/evan/Documents/BRONE_audio_gaze_project/install/robotis_controller_msgs/include/robotis_controller_msgs/robotis_controller_msgs/msg/status_msg.hpp
[27.734s] -- Symlinking: /home/evan/Documents/BRONE_audio_gaze_project/install/robotis_controller_msgs/include/robotis_controller_msgs/robotis_controller_msgs/msg/sync_write_item.hpp
[27.745s] -- Symlinking: /home/evan/Documents/BRONE_audio_gaze_project/install/robotis_controller_msgs/include/robotis_controller_msgs/robotis_controller_msgs/msg/write_control_table.hpp
[27.754s] -- Symlinking: /home/evan/Documents/BRONE_audio_gaze_project/install/robotis_controller_msgs/include/robotis_controller_msgs/robotis_controller_msgs/srv/detail/get_joint_module__builder.hpp
[27.765s] -- Symlinking: /home/evan/Documents/BRONE_audio_gaze_project/install/robotis_controller_msgs/include/robotis_controller_msgs/robotis_controller_msgs/srv/detail/get_joint_module__struct.hpp
[27.776s] -- Symlinking: /home/evan/Documents/BRONE_audio_gaze_project/install/robotis_controller_msgs/include/robotis_controller_msgs/robotis_controller_msgs/srv/detail/get_joint_module__traits.hpp
[27.787s] -- Symlinking: /home/evan/Documents/BRONE_audio_gaze_project/install/robotis_controller_msgs/include/robotis_controller_msgs/robotis_controller_msgs/srv/detail/get_joint_module__type_support.hpp
[27.797s] -- Symlinking: /home/evan/Documents/BRONE_audio_gaze_project/install/robotis_controller_msgs/include/robotis_controller_msgs/robotis_controller_msgs/srv/detail/load_offset__builder.hpp
[27.808s] -- Symlinking: /home/evan/Documents/BRONE_audio_gaze_project/install/robotis_controller_msgs/include/robotis_controller_msgs/robotis_controller_msgs/srv/detail/load_offset__struct.hpp
[27.818s] -- Symlinking: /home/evan/Documents/BRONE_audio_gaze_project/install/robotis_controller_msgs/include/robotis_controller_msgs/robotis_controller_msgs/srv/detail/load_offset__traits.hpp
[27.830s] -- Symlinking: /home/evan/Documents/BRONE_audio_gaze_project/install/robotis_controller_msgs/include/robotis_controller_msgs/robotis_controller_msgs/srv/detail/load_offset__type_support.hpp
[27.841s] -- Symlinking: /home/evan/Documents/BRONE_audio_gaze_project/install/robotis_controller_msgs/include/robotis_controller_msgs/robotis_controller_msgs/srv/detail/set_joint_module__builder.hpp
[27.853s] -- Symlinking: /home/evan/Documents/BRONE_audio_gaze_project/install/robotis_controller_msgs/include/robotis_controller_msgs/robotis_controller_msgs/srv/detail/set_joint_module__struct.hpp
[27.865s] -- Symlinking: /home/evan/Documents/BRONE_audio_gaze_project/install/robotis_controller_msgs/include/robotis_controller_msgs/robotis_controller_msgs/srv/detail/set_joint_module__traits.hpp
[27.875s] -- Symlinking: /home/evan/Documents/BRONE_audio_gaze_project/install/robotis_controller_msgs/include/robotis_controller_msgs/robotis_controller_msgs/srv/detail/set_joint_module__type_support.hpp
[27.886s] -- Symlinking: /home/evan/Documents/BRONE_audio_gaze_project/install/robotis_controller_msgs/include/robotis_controller_msgs/robotis_controller_msgs/srv/detail/set_module__builder.hpp
[27.898s] -- Symlinking: /home/evan/Documents/BRONE_audio_gaze_project/install/robotis_controller_msgs/include/robotis_controller_msgs/robotis_controller_msgs/srv/detail/set_module__struct.hpp
[27.911s] -- Symlinking: /home/evan/Documents/BRONE_audio_gaze_project/install/robotis_controller_msgs/include/robotis_controller_msgs/robotis_controller_msgs/srv/detail/set_module__traits.hpp
[27.925s] -- Symlinking: /home/evan/Documents/BRONE_audio_gaze_project/install/robotis_controller_msgs/include/robotis_controller_msgs/robotis_controller_msgs/srv/detail/set_module__type_support.hpp
[27.938s] -- Symlinking: /home/evan/Documents/BRONE_audio_gaze_project/install/robotis_controller_msgs/include/robotis_controller_msgs/robotis_controller_msgs/srv/get_joint_module.hpp
[27.950s] -- Symlinking: /home/evan/Documents/BRONE_audio_gaze_project/install/robotis_controller_msgs/include/robotis_controller_msgs/robotis_controller_msgs/srv/load_offset.hpp
[27.964s] -- Symlinking: /home/evan/Documents/BRONE_audio_gaze_project/install/robotis_controller_msgs/include/robotis_controller_msgs/robotis_controller_msgs/srv/set_joint_module.hpp
[27.980s] -- Symlinking: /home/evan/Documents/BRONE_audio_gaze_project/install/robotis_controller_msgs/include/robotis_controller_msgs/robotis_controller_msgs/srv/set_module.hpp
[27.990s] -- Symlinking: /home/evan/Documents/BRONE_audio_gaze_project/install/robotis_controller_msgs/include/robotis_controller_msgs/robotis_controller_msgs/msg/detail/joint_ctrl_module__rosidl_typesupport_fastrtps_cpp.hpp
[28.008s] -- Symlinking: /home/evan/Documents/BRONE_audio_gaze_project/install/robotis_controller_msgs/include/robotis_controller_msgs/robotis_controller_msgs/msg/detail/status_msg__rosidl_typesupport_fastrtps_cpp.hpp
[28.019s] -- Symlinking: /home/evan/Documents/BRONE_audio_gaze_project/install/robotis_controller_msgs/include/robotis_controller_msgs/robotis_controller_msgs/msg/detail/sync_write_item__rosidl_typesupport_fastrtps_cpp.hpp
[28.031s] -- Symlinking: /home/evan/Documents/BRONE_audio_gaze_project/install/robotis_controller_msgs/include/robotis_controller_msgs/robotis_controller_msgs/msg/detail/write_control_table__rosidl_typesupport_fastrtps_cpp.hpp
[28.042s] -- Symlinking: /home/evan/Documents/BRONE_audio_gaze_project/install/robotis_controller_msgs/include/robotis_controller_msgs/robotis_controller_msgs/msg/rosidl_typesupport_fastrtps_cpp__visibility_control.h
[28.056s] -- Symlinking: /home/evan/Documents/BRONE_audio_gaze_project/install/robotis_controller_msgs/include/robotis_controller_msgs/robotis_controller_msgs/srv/detail/get_joint_module__rosidl_typesupport_fastrtps_cpp.hpp
[28.068s] -- Symlinking: /home/evan/Documents/BRONE_audio_gaze_project/install/robotis_controller_msgs/include/robotis_controller_msgs/robotis_controller_msgs/srv/detail/load_offset__rosidl_typesupport_fastrtps_cpp.hpp
[28.081s] -- Symlinking: /home/evan/Documents/BRONE_audio_gaze_project/install/robotis_controller_msgs/include/robotis_controller_msgs/robotis_controller_msgs/srv/detail/set_joint_module__rosidl_typesupport_fastrtps_cpp.hpp
[28.098s] -- Symlinking: /home/evan/Documents/BRONE_audio_gaze_project/install/robotis_controller_msgs/include/robotis_controller_msgs/robotis_controller_msgs/srv/detail/set_module__rosidl_typesupport_fastrtps_cpp.hpp
[28.108s] -- Symlinking: /home/evan/Documents/BRONE_audio_gaze_project/install/robotis_controller_msgs/include/robotis_controller_msgs/robotis_controller_msgs/msg/detail/joint_ctrl_module__rosidl_typesupport_introspection_c.h
[28.118s] -- Symlinking: /home/evan/Documents/BRONE_audio_gaze_project/install/robotis_controller_msgs/include/robotis_controller_msgs/robotis_controller_msgs/msg/detail/status_msg__rosidl_typesupport_introspection_c.h
[28.128s] -- Symlinking: /home/evan/Documents/BRONE_audio_gaze_project/install/robotis_controller_msgs/include/robotis_controller_msgs/robotis_controller_msgs/msg/detail/sync_write_item__rosidl_typesupport_introspection_c.h
[28.139s] -- Symlinking: /home/evan/Documents/BRONE_audio_gaze_project/install/robotis_controller_msgs/include/robotis_controller_msgs/robotis_controller_msgs/msg/detail/write_control_table__rosidl_typesupport_introspection_c.h
[28.150s] -- Symlinking: /home/evan/Documents/BRONE_audio_gaze_project/install/robotis_controller_msgs/include/robotis_controller_msgs/robotis_controller_msgs/msg/rosidl_typesupport_introspection_c__visibility_control.h
[28.158s] -- Symlinking: /home/evan/Documents/BRONE_audio_gaze_project/install/robotis_controller_msgs/include/robotis_controller_msgs/robotis_controller_msgs/srv/detail/get_joint_module__rosidl_typesupport_introspection_c.h
[28.168s] -- Symlinking: /home/evan/Documents/BRONE_audio_gaze_project/install/robotis_controller_msgs/include/robotis_controller_msgs/robotis_controller_msgs/srv/detail/load_offset__rosidl_typesupport_introspection_c.h
[28.180s] -- Symlinking: /home/evan/Documents/BRONE_audio_gaze_project/install/robotis_controller_msgs/include/robotis_controller_msgs/robotis_controller_msgs/srv/detail/set_joint_module__rosidl_typesupport_introspection_c.h
[28.191s] -- Symlinking: /home/evan/Documents/BRONE_audio_gaze_project/install/robotis_controller_msgs/include/robotis_controller_msgs/robotis_controller_msgs/srv/detail/set_module__rosidl_typesupport_introspection_c.h
[28.203s] -- Symlinking: /home/evan/Documents/BRONE_audio_gaze_project/install/robotis_controller_msgs/include/robotis_controller_msgs/robotis_controller_msgs/msg/detail/joint_ctrl_module__rosidl_typesupport_introspection_cpp.hpp
[28.215s] -- Symlinking: /home/evan/Documents/BRONE_audio_gaze_project/install/robotis_controller_msgs/include/robotis_controller_msgs/robotis_controller_msgs/msg/detail/status_msg__rosidl_typesupport_introspection_cpp.hpp
[28.229s] -- Symlinking: /home/evan/Documents/BRONE_audio_gaze_project/install/robotis_controller_msgs/include/robotis_controller_msgs/robotis_controller_msgs/msg/detail/sync_write_item__rosidl_typesupport_introspection_cpp.hpp
[28.239s] -- Symlinking: /home/evan/Documents/BRONE_audio_gaze_project/install/robotis_controller_msgs/include/robotis_controller_msgs/robotis_controller_msgs/msg/detail/write_control_table__rosidl_typesupport_introspection_cpp.hpp
[28.251s] -- Symlinking: /home/evan/Documents/BRONE_audio_gaze_project/install/robotis_controller_msgs/include/robotis_controller_msgs/robotis_controller_msgs/srv/detail/get_joint_module__rosidl_typesupport_introspection_cpp.hpp
[28.261s] -- Symlinking: /home/evan/Documents/BRONE_audio_gaze_project/install/robotis_controller_msgs/include/robotis_controller_msgs/robotis_controller_msgs/srv/detail/load_offset__rosidl_typesupport_introspection_cpp.hpp
[28.271s] -- Symlinking: /home/evan/Documents/BRONE_audio_gaze_project/install/robotis_controller_msgs/include/robotis_controller_msgs/robotis_controller_msgs/srv/detail/set_joint_module__rosidl_typesupport_introspection_cpp.hpp
[28.284s] -- Symlinking: /home/evan/Documents/BRONE_audio_gaze_project/install/robotis_controller_msgs/include/robotis_controller_msgs/robotis_controller_msgs/srv/detail/set_module__rosidl_typesupport_introspection_cpp.hpp
[28.294s] -- Symlinking: /home/evan/Documents/BRONE_audio_gaze_project/install/robotis_controller_msgs/share/robotis_controller_msgs/environment/pythonpath.sh
[28.304s] -- Symlinking: /home/evan/Documents/BRONE_audio_gaze_project/install/robotis_controller_msgs/share/robotis_controller_msgs/environment/pythonpath.dsv
[28.314s] -- Symlinking: /home/evan/Documents/BRONE_audio_gaze_project/install/robotis_controller_msgs/local/lib/python3.10/dist-packages/robotis_controller_msgs-0.1.4-py3.10.egg-info/PKG-INFO
[28.324s] -- Symlinking: /home/evan/Documents/BRONE_audio_gaze_project/install/robotis_controller_msgs/local/lib/python3.10/dist-packages/robotis_controller_msgs-0.1.4-py3.10.egg-info/SOURCES.txt
[28.333s] -- Symlinking: /home/evan/Documents/BRONE_audio_gaze_project/install/robotis_controller_msgs/local/lib/python3.10/dist-packages/robotis_controller_msgs-0.1.4-py3.10.egg-info/dependency_links.txt
[28.344s] -- Symlinking: /home/evan/Documents/BRONE_audio_gaze_project/install/robotis_controller_msgs/local/lib/python3.10/dist-packages/robotis_controller_msgs-0.1.4-py3.10.egg-info/top_level.txt
[28.357s] -- Symlinking: /home/evan/Documents/BRONE_audio_gaze_project/install/robotis_controller_msgs/local/lib/python3.10/dist-packages/robotis_controller_msgs/__init__.py
[28.368s] -- Symlinking: /home/evan/Documents/BRONE_audio_gaze_project/install/robotis_controller_msgs/local/lib/python3.10/dist-packages/robotis_controller_msgs/_robotis_controller_msgs_s.ep.rosidl_typesupport_c.c
[28.379s] -- Symlinking: /home/evan/Documents/BRONE_audio_gaze_project/install/robotis_controller_msgs/local/lib/python3.10/dist-packages/robotis_controller_msgs/_robotis_controller_msgs_s.ep.rosidl_typesupport_fastrtps_c.c
[28.390s] -- Symlinking: /home/evan/Documents/BRONE_audio_gaze_project/install/robotis_controller_msgs/local/lib/python3.10/dist-packages/robotis_controller_msgs/_robotis_controller_msgs_s.ep.rosidl_typesupport_introspection_c.c
[28.401s] -- Symlinking: /home/evan/Documents/BRONE_audio_gaze_project/install/robotis_controller_msgs/local/lib/python3.10/dist-packages/robotis_controller_msgs/librobotis_controller_msgs__rosidl_generator_py.so
[28.410s] -- Symlinking: /home/evan/Documents/BRONE_audio_gaze_project/install/robotis_controller_msgs/local/lib/python3.10/dist-packages/robotis_controller_msgs/msg/__init__.py
[28.420s] -- Symlinking: /home/evan/Documents/BRONE_audio_gaze_project/install/robotis_controller_msgs/local/lib/python3.10/dist-packages/robotis_controller_msgs/msg/_joint_ctrl_module.py
[28.431s] -- Symlinking: /home/evan/Documents/BRONE_audio_gaze_project/install/robotis_controller_msgs/local/lib/python3.10/dist-packages/robotis_controller_msgs/msg/_joint_ctrl_module_s.c
[28.440s] -- Symlinking: /home/evan/Documents/BRONE_audio_gaze_project/install/robotis_controller_msgs/local/lib/python3.10/dist-packages/robotis_controller_msgs/msg/_status_msg.py
[28.451s] -- Symlinking: /home/evan/Documents/BRONE_audio_gaze_project/install/robotis_controller_msgs/local/lib/python3.10/dist-packages/robotis_controller_msgs/msg/_status_msg_s.c
[28.461s] -- Symlinking: /home/evan/Documents/BRONE_audio_gaze_project/install/robotis_controller_msgs/local/lib/python3.10/dist-packages/robotis_controller_msgs/msg/_sync_write_item.py
[28.472s] -- Symlinking: /home/evan/Documents/BRONE_audio_gaze_project/install/robotis_controller_msgs/local/lib/python3.10/dist-packages/robotis_controller_msgs/msg/_sync_write_item_s.c
[28.482s] -- Symlinking: /home/evan/Documents/BRONE_audio_gaze_project/install/robotis_controller_msgs/local/lib/python3.10/dist-packages/robotis_controller_msgs/msg/_write_control_table.py
[28.492s] -- Symlinking: /home/evan/Documents/BRONE_audio_gaze_project/install/robotis_controller_msgs/local/lib/python3.10/dist-packages/robotis_controller_msgs/msg/_write_control_table_s.c
[28.502s] -- Symlinking: /home/evan/Documents/BRONE_audio_gaze_project/install/robotis_controller_msgs/local/lib/python3.10/dist-packages/robotis_controller_msgs/robotis_controller_msgs_s__rosidl_typesupport_c.cpython-310-x86_64-linux-gnu.so
[28.513s] -- Symlinking: /home/evan/Documents/BRONE_audio_gaze_project/install/robotis_controller_msgs/local/lib/python3.10/dist-packages/robotis_controller_msgs/robotis_controller_msgs_s__rosidl_typesupport_fastrtps_c.cpython-310-x86_64-linux-gnu.so
[28.524s] -- Symlinking: /home/evan/Documents/BRONE_audio_gaze_project/install/robotis_controller_msgs/local/lib/python3.10/dist-packages/robotis_controller_msgs/robotis_controller_msgs_s__rosidl_typesupport_introspection_c.cpython-310-x86_64-linux-gnu.so
[28.534s] -- Symlinking: /home/evan/Documents/BRONE_audio_gaze_project/install/robotis_controller_msgs/local/lib/python3.10/dist-packages/robotis_controller_msgs/srv/__init__.py
[28.553s] -- Symlinking: /home/evan/Documents/BRONE_audio_gaze_project/install/robotis_controller_msgs/local/lib/python3.10/dist-packages/robotis_controller_msgs/srv/_get_joint_module.py
[28.565s] -- Symlinking: /home/evan/Documents/BRONE_audio_gaze_project/install/robotis_controller_msgs/local/lib/python3.10/dist-packages/robotis_controller_msgs/srv/_get_joint_module_s.c
[28.578s] -- Symlinking: /home/evan/Documents/BRONE_audio_gaze_project/install/robotis_controller_msgs/local/lib/python3.10/dist-packages/robotis_controller_msgs/srv/_load_offset.py
[28.590s] -- Symlinking: /home/evan/Documents/BRONE_audio_gaze_project/install/robotis_controller_msgs/local/lib/python3.10/dist-packages/robotis_controller_msgs/srv/_load_offset_s.c
[28.601s] -- Symlinking: /home/evan/Documents/BRONE_audio_gaze_project/install/robotis_controller_msgs/local/lib/python3.10/dist-packages/robotis_controller_msgs/srv/_set_joint_module.py
[28.612s] -- Symlinking: /home/evan/Documents/BRONE_audio_gaze_project/install/robotis_controller_msgs/local/lib/python3.10/dist-packages/robotis_controller_msgs/srv/_set_joint_module_s.c
[28.622s] -- Symlinking: /home/evan/Documents/BRONE_audio_gaze_project/install/robotis_controller_msgs/local/lib/python3.10/dist-packages/robotis_controller_msgs/srv/_set_module.py
[28.633s] -- Symlinking: /home/evan/Documents/BRONE_audio_gaze_project/install/robotis_controller_msgs/local/lib/python3.10/dist-packages/robotis_controller_msgs/srv/_set_module_s.c
[28.645s] -- Up-to-date symlink: /home/evan/Documents/BRONE_audio_gaze_project/install/robotis_controller_msgs/local/lib/python3.10/dist-packages/robotis_controller_msgs/robotis_controller_msgs_s__rosidl_typesupport_fastrtps_c.cpython-310-x86_64-linux-gnu.so
[28.645s] -- Up-to-date symlink: /home/evan/Documents/BRONE_audio_gaze_project/install/robotis_controller_msgs/local/lib/python3.10/dist-packages/robotis_controller_msgs/robotis_controller_msgs_s__rosidl_typesupport_introspection_c.cpython-310-x86_64-linux-gnu.so
[28.645s] -- Up-to-date symlink: /home/evan/Documents/BRONE_audio_gaze_project/install/robotis_controller_msgs/local/lib/python3.10/dist-packages/robotis_controller_msgs/robotis_controller_msgs_s__rosidl_typesupport_c.cpython-310-x86_64-linux-gnu.so
[28.646s] -- Symlinking: /home/evan/Documents/BRONE_audio_gaze_project/install/robotis_controller_msgs/share/ament_index/resource_index/rust_packages/robotis_controller_msgs
[28.657s] -- Symlinking: /home/evan/Documents/BRONE_audio_gaze_project/install/robotis_controller_msgs/share/robotis_controller_msgs/rust/Cargo.toml
[28.671s] -- Symlinking: /home/evan/Documents/BRONE_audio_gaze_project/install/robotis_controller_msgs/share/robotis_controller_msgs/rust/build.rs
[28.680s] -- Symlinking: /home/evan/Documents/BRONE_audio_gaze_project/install/robotis_controller_msgs/share/robotis_controller_msgs/rust/src/lib.rs
[28.692s] -- Symlinking: /home/evan/Documents/BRONE_audio_gaze_project/install/robotis_controller_msgs/share/robotis_controller_msgs/rust/src/msg.rs
[28.702s] -- Symlinking: /home/evan/Documents/BRONE_audio_gaze_project/install/robotis_controller_msgs/share/robotis_controller_msgs/rust/src/msg/rmw.rs
[28.713s] -- Symlinking: /home/evan/Documents/BRONE_audio_gaze_project/install/robotis_controller_msgs/share/robotis_controller_msgs/rust/src/srv.rs
[28.724s] -- Symlinking: /home/evan/Documents/BRONE_audio_gaze_project/install/robotis_controller_msgs/share/robotis_controller_msgs/rust/src/srv/rmw.rs
[28.738s] -- Symlinking: /home/evan/Documents/BRONE_audio_gaze_project/install/robotis_controller_msgs/share/robotis_controller_msgs/msg/SyncWriteItem.idl
[28.750s] -- Symlinking: /home/evan/Documents/BRONE_audio_gaze_project/install/robotis_controller_msgs/share/robotis_controller_msgs/msg/JointCtrlModule.idl
[28.759s] -- Symlinking: /home/evan/Documents/BRONE_audio_gaze_project/install/robotis_controller_msgs/share/robotis_controller_msgs/msg/StatusMsg.idl
[28.770s] -- Symlinking: /home/evan/Documents/BRONE_audio_gaze_project/install/robotis_controller_msgs/share/robotis_controller_msgs/msg/WriteControlTable.idl
[28.778s] -- Symlinking: /home/evan/Documents/BRONE_audio_gaze_project/install/robotis_controller_msgs/share/robotis_controller_msgs/srv/GetJointModule.idl
[28.794s] -- Symlinking: /home/evan/Documents/BRONE_audio_gaze_project/install/robotis_controller_msgs/share/robotis_controller_msgs/srv/SetJointModule.idl
[28.803s] -- Symlinking: /home/evan/Documents/BRONE_audio_gaze_project/install/robotis_controller_msgs/share/robotis_controller_msgs/srv/SetModule.idl
[28.812s] -- Symlinking: /home/evan/Documents/BRONE_audio_gaze_project/install/robotis_controller_msgs/share/robotis_controller_msgs/srv/LoadOffset.idl
[28.821s] -- Symlinking: /home/evan/Documents/BRONE_audio_gaze_project/install/robotis_controller_msgs/share/robotis_controller_msgs/msg/SyncWriteItem.msg
[28.832s] -- Symlinking: /home/evan/Documents/BRONE_audio_gaze_project/install/robotis_controller_msgs/share/robotis_controller_msgs/msg/JointCtrlModule.msg
[28.840s] -- Symlinking: /home/evan/Documents/BRONE_audio_gaze_project/install/robotis_controller_msgs/share/robotis_controller_msgs/msg/StatusMsg.msg
[28.853s] -- Symlinking: /home/evan/Documents/BRONE_audio_gaze_project/install/robotis_controller_msgs/share/robotis_controller_msgs/msg/WriteControlTable.msg
[28.863s] -- Symlinking: /home/evan/Documents/BRONE_audio_gaze_project/install/robotis_controller_msgs/share/robotis_controller_msgs/srv/GetJointModule.srv
[28.874s] -- Symlinking: /home/evan/Documents/BRONE_audio_gaze_project/install/robotis_controller_msgs/share/robotis_controller_msgs/srv/GetJointModule_Request.msg
[28.892s] -- Symlinking: /home/evan/Documents/BRONE_audio_gaze_project/install/robotis_controller_msgs/share/robotis_controller_msgs/srv/GetJointModule_Response.msg
[28.905s] -- Symlinking: /home/evan/Documents/BRONE_audio_gaze_project/install/robotis_controller_msgs/share/robotis_controller_msgs/srv/SetJointModule.srv
[28.922s] -- Symlinking: /home/evan/Documents/BRONE_audio_gaze_project/install/robotis_controller_msgs/share/robotis_controller_msgs/srv/SetJointModule_Request.msg
[28.939s] -- Symlinking: /home/evan/Documents/BRONE_audio_gaze_project/install/robotis_controller_msgs/share/robotis_controller_msgs/srv/SetJointModule_Response.msg
[28.950s] -- Symlinking: /home/evan/Documents/BRONE_audio_gaze_project/install/robotis_controller_msgs/share/robotis_controller_msgs/srv/SetModule.srv
[28.962s] -- Symlinking: /home/evan/Documents/BRONE_audio_gaze_project/install/robotis_controller_msgs/share/robotis_controller_msgs/srv/SetModule_Request.msg
[28.974s] -- Symlinking: /home/evan/Documents/BRONE_audio_gaze_project/install/robotis_controller_msgs/share/robotis_controller_msgs/srv/SetModule_Response.msg
[28.986s] -- Symlinking: /home/evan/Documents/BRONE_audio_gaze_project/install/robotis_controller_msgs/share/robotis_controller_msgs/srv/LoadOffset.srv
[29.006s] -- Symlinking: /home/evan/Documents/BRONE_audio_gaze_project/install/robotis_controller_msgs/share/robotis_controller_msgs/srv/LoadOffset_Request.msg
[29.020s] -- Symlinking: /home/evan/Documents/BRONE_audio_gaze_project/install/robotis_controller_msgs/share/robotis_controller_msgs/srv/LoadOffset_Response.msg
[29.036s] -- Symlinking: /home/evan/Documents/BRONE_audio_gaze_project/install/robotis_controller_msgs/share/ament_index/resource_index/package_run_dependencies/robotis_controller_msgs
[29.062s] -- Symlinking: /home/evan/Documents/BRONE_audio_gaze_project/install/robotis_controller_msgs/share/ament_index/resource_index/parent_prefix_path/robotis_controller_msgs
[29.079s] -- Symlinking: /home/evan/Documents/BRONE_audio_gaze_project/install/robotis_controller_msgs/share/robotis_controller_msgs/environment/ament_prefix_path.sh
[29.093s] -- Symlinking: /home/evan/Documents/BRONE_audio_gaze_project/install/robotis_controller_msgs/share/robotis_controller_msgs/environment/ament_prefix_path.dsv
[29.113s] -- Symlinking: /home/evan/Documents/BRONE_audio_gaze_project/install/robotis_controller_msgs/share/robotis_controller_msgs/environment/path.sh
[29.132s] -- Symlinking: /home/evan/Documents/BRONE_audio_gaze_project/install/robotis_controller_msgs/share/robotis_controller_msgs/environment/path.dsv
[29.152s] -- Symlinking: /home/evan/Documents/BRONE_audio_gaze_project/install/robotis_controller_msgs/share/robotis_controller_msgs/local_setup.bash
[29.179s] -- Symlinking: /home/evan/Documents/BRONE_audio_gaze_project/install/robotis_controller_msgs/share/robotis_controller_msgs/local_setup.sh
[29.195s] -- Symlinking: /home/evan/Documents/BRONE_audio_gaze_project/install/robotis_controller_msgs/share/robotis_controller_msgs/local_setup.zsh
[29.208s] -- Symlinking: /home/evan/Documents/BRONE_audio_gaze_project/install/robotis_controller_msgs/share/robotis_controller_msgs/local_setup.dsv
[29.220s] -- Symlinking: /home/evan/Documents/BRONE_audio_gaze_project/install/robotis_controller_msgs/share/robotis_controller_msgs/package.dsv
[29.234s] -- Symlinking: /home/evan/Documents/BRONE_audio_gaze_project/install/robotis_controller_msgs/share/ament_index/resource_index/packages/robotis_controller_msgs
[29.244s] -- Symlinking: /home/evan/Documents/BRONE_audio_gaze_project/install/robotis_controller_msgs/share/robotis_controller_msgs/cmake/rosidl_cmake-extras.cmake
[29.254s] -- Symlinking: /home/evan/Documents/BRONE_audio_gaze_project/install/robotis_controller_msgs/share/robotis_controller_msgs/cmake/ament_cmake_export_dependencies-extras.cmake
[29.269s] -- Symlinking: /home/evan/Documents/BRONE_audio_gaze_project/install/robotis_controller_msgs/share/robotis_controller_msgs/cmake/ament_cmake_export_include_directories-extras.cmake
[29.283s] -- Symlinking: /home/evan/Documents/BRONE_audio_gaze_project/install/robotis_controller_msgs/share/robotis_controller_msgs/cmake/ament_cmake_export_libraries-extras.cmake
[29.293s] -- Symlinking: /home/evan/Documents/BRONE_audio_gaze_project/install/robotis_controller_msgs/share/robotis_controller_msgs/cmake/ament_cmake_export_targets-extras.cmake
[29.303s] -- Symlinking: /home/evan/Documents/BRONE_audio_gaze_project/install/robotis_controller_msgs/share/robotis_controller_msgs/cmake/rosidl_cmake_export_typesupport_targets-extras.cmake
[29.315s] -- Symlinking: /home/evan/Documents/BRONE_audio_gaze_project/install/robotis_controller_msgs/share/robotis_controller_msgs/cmake/rosidl_cmake_export_typesupport_libraries-extras.cmake
[29.324s] -- Symlinking: /home/evan/Documents/BRONE_audio_gaze_project/install/robotis_controller_msgs/share/robotis_controller_msgs/cmake/robotis_controller_msgsConfig.cmake
[29.336s] -- Symlinking: /home/evan/Documents/BRONE_audio_gaze_project/install/robotis_controller_msgs/share/robotis_controller_msgs/cmake/robotis_controller_msgsConfig-version.cmake
[29.347s] -- Symlinking: /home/evan/Documents/BRONE_audio_gaze_project/install/robotis_controller_msgs/share/robotis_controller_msgs/package.xml
[29.355s] -- Installing: /home/evan/Documents/BRONE_audio_gaze_project/install/robotis_controller_msgs/lib/librobotis_controller_msgs__rosidl_generator_c.so
[29.355s] -- Set runtime path of "/home/evan/Documents/BRONE_audio_gaze_project/install/robotis_controller_msgs/lib/librobotis_controller_msgs__rosidl_generator_c.so" to ""
[29.355s] -- Installing: /home/evan/Documents/BRONE_audio_gaze_project/install/robotis_controller_msgs/lib/librobotis_controller_msgs__rosidl_typesupport_fastrtps_c.so
[29.356s] -- Set runtime path of "/home/evan/Documents/BRONE_audio_gaze_project/install/robotis_controller_msgs/lib/librobotis_controller_msgs__rosidl_typesupport_fastrtps_c.so" to ""
[29.356s] -- Installing: /home/evan/Documents/BRONE_audio_gaze_project/install/robotis_controller_msgs/lib/librobotis_controller_msgs__rosidl_typesupport_fastrtps_cpp.so
[29.357s] -- Set runtime path of "/home/evan/Documents/BRONE_audio_gaze_project/install/robotis_controller_msgs/lib/librobotis_controller_msgs__rosidl_typesupport_fastrtps_cpp.so" to ""
[29.357s] -- Installing: /home/evan/Documents/BRONE_audio_gaze_project/install/robotis_controller_msgs/lib/librobotis_controller_msgs__rosidl_typesupport_introspection_c.so
[29.357s] -- Set runtime path of "/home/evan/Documents/BRONE_audio_gaze_project/install/robotis_controller_msgs/lib/librobotis_controller_msgs__rosidl_typesupport_introspection_c.so" to ""
[29.357s] -- Installing: /home/evan/Documents/BRONE_audio_gaze_project/install/robotis_controller_msgs/lib/librobotis_controller_msgs__rosidl_typesupport_c.so
[29.358s] -- Set runtime path of "/home/evan/Documents/BRONE_audio_gaze_project/install/robotis_controller_msgs/lib/librobotis_controller_msgs__rosidl_typesupport_c.so" to ""
[29.359s] -- Installing: /home/evan/Documents/BRONE_audio_gaze_project/install/robotis_controller_msgs/lib/librobotis_controller_msgs__rosidl_typesupport_introspection_cpp.so
[29.359s] -- Set runtime path of "/home/evan/Documents/BRONE_audio_gaze_project/install/robotis_controller_msgs/lib/librobotis_controller_msgs__rosidl_typesupport_introspection_cpp.so" to ""
[29.359s] -- Installing: /home/evan/Documents/BRONE_audio_gaze_project/install/robotis_controller_msgs/lib/librobotis_controller_msgs__rosidl_typesupport_cpp.so
[29.360s] -- Set runtime path of "/home/evan/Documents/BRONE_audio_gaze_project/install/robotis_controller_msgs/lib/librobotis_controller_msgs__rosidl_typesupport_cpp.so" to ""
[29.423s] Listing '/home/evan/Documents/BRONE_audio_gaze_project/install/robotis_controller_msgs/local/lib/python3.10/dist-packages/robotis_controller_msgs'...
[29.423s] Compiling '/home/evan/Documents/BRONE_audio_gaze_project/install/robotis_controller_msgs/local/lib/python3.10/dist-packages/robotis_controller_msgs/__init__.py'...
[29.423s] Listing '/home/evan/Documents/BRONE_audio_gaze_project/install/robotis_controller_msgs/local/lib/python3.10/dist-packages/robotis_controller_msgs/msg'...
[29.423s] Compiling '/home/evan/Documents/BRONE_audio_gaze_project/install/robotis_controller_msgs/local/lib/python3.10/dist-packages/robotis_controller_msgs/msg/__init__.py'...
[29.423s] Compiling '/home/evan/Documents/BRONE_audio_gaze_project/install/robotis_controller_msgs/local/lib/python3.10/dist-packages/robotis_controller_msgs/msg/_joint_ctrl_module.py'...
[29.423s] Compiling '/home/evan/Documents/BRONE_audio_gaze_project/install/robotis_controller_msgs/local/lib/python3.10/dist-packages/robotis_controller_msgs/msg/_status_msg.py'...
[29.423s] Compiling '/home/evan/Documents/BRONE_audio_gaze_project/install/robotis_controller_msgs/local/lib/python3.10/dist-packages/robotis_controller_msgs/msg/_sync_write_item.py'...
[29.423s] Compiling '/home/evan/Documents/BRONE_audio_gaze_project/install/robotis_controller_msgs/local/lib/python3.10/dist-packages/robotis_controller_msgs/msg/_write_control_table.py'...
[29.423s] Listing '/home/evan/Documents/BRONE_audio_gaze_project/install/robotis_controller_msgs/local/lib/python3.10/dist-packages/robotis_controller_msgs/srv'...
[29.424s] Compiling '/home/evan/Documents/BRONE_audio_gaze_project/install/robotis_controller_msgs/local/lib/python3.10/dist-packages/robotis_controller_msgs/srv/__init__.py'...
[29.424s] Compiling '/home/evan/Documents/BRONE_audio_gaze_project/install/robotis_controller_msgs/local/lib/python3.10/dist-packages/robotis_controller_msgs/srv/_get_joint_module.py'...
[29.424s] Compiling '/home/evan/Documents/BRONE_audio_gaze_project/install/robotis_controller_msgs/local/lib/python3.10/dist-packages/robotis_controller_msgs/srv/_load_offset.py'...
[29.424s] Compiling '/home/evan/Documents/BRONE_audio_gaze_project/install/robotis_controller_msgs/local/lib/python3.10/dist-packages/robotis_controller_msgs/srv/_set_joint_module.py'...
[29.424s] Compiling '/home/evan/Documents/BRONE_audio_gaze_project/install/robotis_controller_msgs/local/lib/python3.10/dist-packages/robotis_controller_msgs/srv/_set_module.py'...
[29.434s] -- Installing: /home/evan/Documents/BRONE_audio_gaze_project/install/robotis_controller_msgs/lib/librobotis_controller_msgs__rosidl_generator_py.so
[29.434s] -- Set runtime path of "/home/evan/Documents/BRONE_audio_gaze_project/install/robotis_controller_msgs/lib/librobotis_controller_msgs__rosidl_generator_py.so" to ""
[29.434s] -- Installing: /home/evan/Documents/BRONE_audio_gaze_project/install/robotis_controller_msgs/share/robotis_controller_msgs/cmake/export_robotis_controller_msgs__rosidl_generator_cExport.cmake
[29.434s] -- Installing: /home/evan/Documents/BRONE_audio_gaze_project/install/robotis_controller_msgs/share/robotis_controller_msgs/cmake/export_robotis_controller_msgs__rosidl_generator_cExport-noconfig.cmake
[29.434s] -- Installing: /home/evan/Documents/BRONE_audio_gaze_project/install/robotis_controller_msgs/share/robotis_controller_msgs/cmake/export_robotis_controller_msgs__rosidl_typesupport_fastrtps_cExport.cmake
[29.434s] -- Installing: /home/evan/Documents/BRONE_audio_gaze_project/install/robotis_controller_msgs/share/robotis_controller_msgs/cmake/export_robotis_controller_msgs__rosidl_typesupport_fastrtps_cExport-noconfig.cmake
[29.435s] -- Installing: /home/evan/Documents/BRONE_audio_gaze_project/install/robotis_controller_msgs/share/robotis_controller_msgs/cmake/export_robotis_controller_msgs__rosidl_generator_cppExport.cmake
[29.435s] -- Installing: /home/evan/Documents/BRONE_audio_gaze_project/install/robotis_controller_msgs/share/robotis_controller_msgs/cmake/export_robotis_controller_msgs__rosidl_typesupport_fastrtps_cppExport.cmake
[29.435s] -- Installing: /home/evan/Documents/BRONE_audio_gaze_project/install/robotis_controller_msgs/share/robotis_controller_msgs/cmake/export_robotis_controller_msgs__rosidl_typesupport_fastrtps_cppExport-noconfig.cmake
[29.442s] -- Installing: /home/evan/Documents/BRONE_audio_gaze_project/install/robotis_controller_msgs/share/robotis_controller_msgs/cmake/robotis_controller_msgs__rosidl_typesupport_introspection_cExport.cmake
[29.442s] -- Installing: /home/evan/Documents/BRONE_audio_gaze_project/install/robotis_controller_msgs/share/robotis_controller_msgs/cmake/robotis_controller_msgs__rosidl_typesupport_introspection_cExport-noconfig.cmake
[29.442s] -- Installing: /home/evan/Documents/BRONE_audio_gaze_project/install/robotis_controller_msgs/share/robotis_controller_msgs/cmake/robotis_controller_msgs__rosidl_typesupport_cExport.cmake
[29.442s] -- Installing: /home/evan/Documents/BRONE_audio_gaze_project/install/robotis_controller_msgs/share/robotis_controller_msgs/cmake/robotis_controller_msgs__rosidl_typesupport_cExport-noconfig.cmake
[29.443s] -- Installing: /home/evan/Documents/BRONE_audio_gaze_project/install/robotis_controller_msgs/share/robotis_controller_msgs/cmake/robotis_controller_msgs__rosidl_typesupport_introspection_cppExport.cmake
[29.443s] -- Installing: /home/evan/Documents/BRONE_audio_gaze_project/install/robotis_controller_msgs/share/robotis_controller_msgs/cmake/robotis_controller_msgs__rosidl_typesupport_introspection_cppExport-noconfig.cmake
[29.443s] -- Installing: /home/evan/Documents/BRONE_audio_gaze_project/install/robotis_controller_msgs/share/robotis_controller_msgs/cmake/robotis_controller_msgs__rosidl_typesupport_cppExport.cmake
[29.443s] -- Installing: /home/evan/Documents/BRONE_audio_gaze_project/install/robotis_controller_msgs/share/robotis_controller_msgs/cmake/robotis_controller_msgs__rosidl_typesupport_cppExport-noconfig.cmake
[29.443s] -- Installing: /home/evan/Documents/BRONE_audio_gaze_project/install/robotis_controller_msgs/share/robotis_controller_msgs/cmake/export_robotis_controller_msgs__rosidl_generator_pyExport.cmake
[29.443s] -- Installing: /home/evan/Documents/BRONE_audio_gaze_project/install/robotis_controller_msgs/share/robotis_controller_msgs/cmake/export_robotis_controller_msgs__rosidl_generator_pyExport-noconfig.cmake
[29.449s] Invoked command in '/home/evan/Documents/BRONE_audio_gaze_project/build/robotis_controller_msgs' returned '0': CMAKE_PREFIX_PATH=${CMAKE_PREFIX_PATH}:/home/evan/Documents/BRONE_audio_gaze_project/install/algo_gaze:/home/evan/Documents/BRONE_audio_gaze_project/install/brone_gaze:/opt/ros/humble /usr/bin/cmake --install /home/evan/Documents/BRONE_audio_gaze_project/build/robotis_controller_msgs
