[0.038s] Invoking command in '/home/evan/Documents/algo_gaze_project/build/op3_head_control_module': AMENT_PREFIX_PATH=/home/evan/Documents/algo_gaze_project/install/robotis_framework_common:/home/evan/Documents/algo_gaze_project/install/robotis_device:/home/evan/Documents/algo_gaze_project/install/robotis_math:/home/evan/Documents/algo_gaze_project/install/robotis_controller_msgs:/home/evan/Documents/algo_gaze_project/install/dynamixel_sdk:${AMENT_PREFIX_PATH} CMAKE_PREFIX_PATH=/home/evan/Documents/algo_gaze_project/install/robotis_framework_common:/home/evan/Documents/algo_gaze_project/install/robotis_device:/home/evan/Documents/algo_gaze_project/install/robotis_math:/home/evan/Documents/algo_gaze_project/install/robotis_controller_msgs:/home/evan/Documents/algo_gaze_project/install/dynamixel_sdk:/opt/ros/humble LD_LIBRARY_PATH=/home/evan/Documents/algo_gaze_project/install/robotis_device/lib:/home/evan/Documents/algo_gaze_project/install/robotis_math/lib:/home/evan/Documents/algo_gaze_project/install/robotis_controller_msgs/lib:/home/evan/Documents/algo_gaze_project/install/dynamixel_sdk/lib:${LD_LIBRARY_PATH} PYTHONPATH=/home/evan/Documents/algo_gaze_project/install/robotis_controller_msgs/local/lib/python3.10/dist-packages:/home/evan/Documents/algo_gaze_project/install/dynamixel_sdk/local/lib/python3.10/dist-packages:${PYTHONPATH} /usr/bin/cmake /home/evan/Documents/algo_gaze_project/ROBOTIS-OP3/op3_head_control_module -DAMENT_CMAKE_SYMLINK_INSTALL=1 -DCMAKE_INSTALL_PREFIX=/home/evan/Documents/algo_gaze_project/install/op3_head_control_module
[0.128s] -- The C compiler identification is GNU 11.4.0
[0.199s] -- The CXX compiler identification is GNU 11.4.0
[0.213s] -- Detecting C compiler ABI info
[0.309s] -- Detecting C compiler ABI info - done
[0.318s] -- Check for working C compiler: /usr/bin/cc - skipped
[0.320s] -- Detecting C compile features
[0.320s] -- Detecting C compile features - done
[0.324s] -- Detecting CXX compiler ABI info
[0.422s] -- Detecting CXX compiler ABI info - done
[0.438s] -- Check for working CXX compiler: /usr/bin/c++ - skipped
[0.438s] -- Detecting CXX compile features
[0.439s] -- Detecting CXX compile features - done
[0.439s] -- Found ament_cmake: 1.3.14 (/opt/ros/humble/share/ament_cmake/cmake)
[0.673s] -- Found Python3: /usr/bin/python3 (found version "3.10.12") found components: Interpreter 
[0.795s] -- Override CMake install command with custom implementation using symlinks instead of copying resources
[0.829s] -- Found rclcpp: 16.0.19 (/opt/ros/humble/share/rclcpp/cmake)
[0.908s] -- Found rosidl_generator_c: 3.1.8 (/opt/ros/humble/share/rosidl_generator_c/cmake)
[0.919s] -- Found rosidl_adapter: 3.1.8 (/opt/ros/humble/share/rosidl_adapter/cmake)
[0.940s] -- Found rosidl_generator_cpp: 3.1.8 (/opt/ros/humble/share/rosidl_generator_cpp/cmake)
[0.965s] -- Using all available rosidl_typesupport_c: rosidl_typesupport_fastrtps_c;rosidl_typesupport_introspection_c
[0.993s] -- Using all available rosidl_typesupport_cpp: rosidl_typesupport_fastrtps_cpp;rosidl_typesupport_introspection_cpp
[1.084s] -- Found rmw_implementation_cmake: 6.1.2 (/opt/ros/humble/share/rmw_implementation_cmake/cmake)
[1.090s] -- Found rmw_fastrtps_cpp: 6.2.10 (/opt/ros/humble/share/rmw_fastrtps_cpp/cmake)
[1.251s] -- Found OpenSSL: /usr/lib/x86_64-linux-gnu/libcrypto.so (found version "3.0.2")  
[1.298s] -- Found FastRTPS: /opt/ros/humble/include  
[1.380s] -- Using RMW implementation 'rmw_fastrtps_cpp' as default
[1.390s] -- Looking for pthread.h
[1.634s] -- Looking for pthread.h - found
[1.648s] -- Performing Test CMAKE_HAVE_LIBC_PTHREAD
[2.024s] -- Performing Test CMAKE_HAVE_LIBC_PTHREAD - Success
[2.031s] -- Found Threads: TRUE  
[2.146s] -- Found sensor_msgs: 4.9.1 (/opt/ros/humble/share/sensor_msgs/cmake)
[2.219s] -- Found dynamixel_sdk: 3.8.4 (/home/evan/Documents/algo_gaze_project/install/dynamixel_sdk/share/dynamixel_sdk/cmake)
[2.226s] -- Found robotis_controller_msgs: 0.1.4 (/home/evan/Documents/algo_gaze_project/install/robotis_controller_msgs/share/robotis_controller_msgs/cmake)
[2.251s] -- Found robotis_framework_common: 0.2.9 (/home/evan/Documents/algo_gaze_project/install/robotis_framework_common/share/robotis_framework_common/cmake)
[2.251s] -- Found robotis_device: 0.2.9 (/home/evan/Documents/algo_gaze_project/install/robotis_device/share/robotis_device/cmake)
[2.255s] -- Found robotis_math: 0.2.6 (/home/evan/Documents/algo_gaze_project/install/robotis_math/share/robotis_math/cmake)
[2.437s] -- Configuring done
[2.454s] -- Generating done
[2.460s] -- Build files have been written to: /home/evan/Documents/algo_gaze_project/build/op3_head_control_module
[2.494s] Invoked command in '/home/evan/Documents/algo_gaze_project/build/op3_head_control_module' returned '0': AMENT_PREFIX_PATH=/home/evan/Documents/algo_gaze_project/install/robotis_framework_common:/home/evan/Documents/algo_gaze_project/install/robotis_device:/home/evan/Documents/algo_gaze_project/install/robotis_math:/home/evan/Documents/algo_gaze_project/install/robotis_controller_msgs:/home/evan/Documents/algo_gaze_project/install/dynamixel_sdk:${AMENT_PREFIX_PATH} CMAKE_PREFIX_PATH=/home/evan/Documents/algo_gaze_project/install/robotis_framework_common:/home/evan/Documents/algo_gaze_project/install/robotis_device:/home/evan/Documents/algo_gaze_project/install/robotis_math:/home/evan/Documents/algo_gaze_project/install/robotis_controller_msgs:/home/evan/Documents/algo_gaze_project/install/dynamixel_sdk:/opt/ros/humble LD_LIBRARY_PATH=/home/evan/Documents/algo_gaze_project/install/robotis_device/lib:/home/evan/Documents/algo_gaze_project/install/robotis_math/lib:/home/evan/Documents/algo_gaze_project/install/robotis_controller_msgs/lib:/home/evan/Documents/algo_gaze_project/install/dynamixel_sdk/lib:${LD_LIBRARY_PATH} PYTHONPATH=/home/evan/Documents/algo_gaze_project/install/robotis_controller_msgs/local/lib/python3.10/dist-packages:/home/evan/Documents/algo_gaze_project/install/dynamixel_sdk/local/lib/python3.10/dist-packages:${PYTHONPATH} /usr/bin/cmake /home/evan/Documents/algo_gaze_project/ROBOTIS-OP3/op3_head_control_module -DAMENT_CMAKE_SYMLINK_INSTALL=1 -DCMAKE_INSTALL_PREFIX=/home/evan/Documents/algo_gaze_project/install/op3_head_control_module
[2.496s] Invoking command in '/home/evan/Documents/algo_gaze_project/build/op3_head_control_module': AMENT_PREFIX_PATH=/home/evan/Documents/algo_gaze_project/install/robotis_framework_common:/home/evan/Documents/algo_gaze_project/install/robotis_device:/home/evan/Documents/algo_gaze_project/install/robotis_math:/home/evan/Documents/algo_gaze_project/install/robotis_controller_msgs:/home/evan/Documents/algo_gaze_project/install/dynamixel_sdk:${AMENT_PREFIX_PATH} CMAKE_PREFIX_PATH=/home/evan/Documents/algo_gaze_project/install/robotis_framework_common:/home/evan/Documents/algo_gaze_project/install/robotis_device:/home/evan/Documents/algo_gaze_project/install/robotis_math:/home/evan/Documents/algo_gaze_project/install/robotis_controller_msgs:/home/evan/Documents/algo_gaze_project/install/dynamixel_sdk:/opt/ros/humble LD_LIBRARY_PATH=/home/evan/Documents/algo_gaze_project/install/robotis_device/lib:/home/evan/Documents/algo_gaze_project/install/robotis_math/lib:/home/evan/Documents/algo_gaze_project/install/robotis_controller_msgs/lib:/home/evan/Documents/algo_gaze_project/install/dynamixel_sdk/lib:${LD_LIBRARY_PATH} PYTHONPATH=/home/evan/Documents/algo_gaze_project/install/robotis_controller_msgs/local/lib/python3.10/dist-packages:/home/evan/Documents/algo_gaze_project/install/dynamixel_sdk/local/lib/python3.10/dist-packages:${PYTHONPATH} /usr/bin/cmake --build /home/evan/Documents/algo_gaze_project/build/op3_head_control_module -- -j12 -l12
[2.988s] [ 50%] [32mBuilding CXX object CMakeFiles/op3_head_control_module.dir/src/head_control_module.cpp.o[0m
[26.329s] [100%] [32m[1mLinking CXX static library libop3_head_control_module.a[0m
[26.530s] [100%] Built target op3_head_control_module
