-- The C compiler identification is GNU 11.4.0
-- The CXX compiler identification is GNU 11.4.0
-- Detecting C compiler ABI info
-- Detecting C compiler ABI info - done
-- Check for working C compiler: /usr/bin/cc - skipped
-- Detecting C compile features
-- Detecting C compile features - done
-- Detecting CXX compiler ABI info
-- Detecting CXX compiler ABI info - done
-- Check for working CXX compiler: /usr/bin/c++ - skipped
-- Detecting CXX compile features
-- Detecting CXX compile features - done
-- Found ament_cmake: 1.3.14 (/opt/ros/humble/share/ament_cmake/cmake)
-- Found Python3: /usr/bin/python3 (found version "3.10.12") found components: Interpreter 
-- Override CMake install command with custom implementation using symlinks instead of copying resources
-- Found ament_index_cpp: 1.4.1 (/opt/ros/humble/share/ament_index_cpp/cmake)
-- Found rclcpp: 16.0.19 (/opt/ros/humble/share/rclcpp/cmake)
-- Found rosidl_generator_c: 3.1.8 (/opt/ros/humble/share/rosidl_generator_c/cmake)
-- Found rosidl_adapter: 3.1.8 (/opt/ros/humble/share/rosidl_adapter/cmake)
-- Found rosidl_generator_cpp: 3.1.8 (/opt/ros/humble/share/rosidl_generator_cpp/cmake)
-- Using all available rosidl_typesupport_c: rosidl_typesupport_fastrtps_c;rosidl_typesupport_introspection_c
-- Using all available rosidl_typesupport_cpp: rosidl_typesupport_fastrtps_cpp;rosidl_typesupport_introspection_cpp
-- Found rmw_implementation_cmake: 6.1.2 (/opt/ros/humble/share/rmw_implementation_cmake/cmake)
-- Found rmw_fastrtps_cpp: 6.2.10 (/opt/ros/humble/share/rmw_fastrtps_cpp/cmake)
-- Found OpenSSL: /usr/lib/x86_64-linux-gnu/libcrypto.so (found version "3.0.2")  
-- Found FastRTPS: /opt/ros/humble/include  
-- Using RMW implementation 'rmw_fastrtps_cpp' as default
-- Looking for pthread.h
-- Looking for pthread.h - found
-- Performing Test CMAKE_HAVE_LIBC_PTHREAD
-- Performing Test CMAKE_HAVE_LIBC_PTHREAD - Success
-- Found Threads: TRUE  
-- Found sensor_msgs: 4.9.1 (/opt/ros/humble/share/sensor_msgs/cmake)
-- Found cv_bridge: 3.2.1 (/opt/ros/humble/share/cv_bridge/cmake)
-- Found image_transport: 3.1.12 (/opt/ros/humble/share/image_transport/cmake)
-- Found OpenCV: /usr (found version "4.5.4") 
-- Configuring done
-- Generating done
-- Build files have been written to: /home/evan/Documents/BRONE_audio_gaze_project/build/face_detection
[ 50%] [32mBuilding CXX object CMakeFiles/face_tracking.dir/src/face_tracking.cpp.o[0m
[100%] [32m[1mLinking CXX executable face_tracking[0m
[100%] Built target face_tracking
-- Install configuration: ""
-- Execute custom install script
-- Symlinking: /home/evan/Documents/BRONE_audio_gaze_project/install/face_detection/lib/face_detection/face_tracking
-- Symlinking: /home/evan/Documents/BRONE_audio_gaze_project/install/face_detection/include/face_detection/HaarCascades/haarcascade_eye.xml
-- Symlinking: /home/evan/Documents/BRONE_audio_gaze_project/install/face_detection/include/face_detection/HaarCascades/haarcascade_eye_tree_eyeglasses.xml
-- Symlinking: /home/evan/Documents/BRONE_audio_gaze_project/install/face_detection/include/face_detection/HaarCascades/haarcascade_frontalface_alt.xml
-- Symlinking: /home/evan/Documents/BRONE_audio_gaze_project/install/face_detection/include/face_detection/HaarCascades/haarcascade_frontalface_alt2.xml
-- Symlinking: /home/evan/Documents/BRONE_audio_gaze_project/install/face_detection/include/face_detection/HaarCascades/haarcascade_frontalface_alt_tree.xml
-- Symlinking: /home/evan/Documents/BRONE_audio_gaze_project/install/face_detection/include/face_detection/HaarCascades/haarcascade_frontalface_default.xml
-- Symlinking: /home/evan/Documents/BRONE_audio_gaze_project/install/face_detection/include/face_detection/HaarCascades/haarcascade_fullbody.xml
-- Symlinking: /home/evan/Documents/BRONE_audio_gaze_project/install/face_detection/include/face_detection/HaarCascades/haarcascade_lefteye_2splits.xml
-- Symlinking: /home/evan/Documents/BRONE_audio_gaze_project/install/face_detection/include/face_detection/HaarCascades/haarcascade_lowerbody.xml
-- Symlinking: /home/evan/Documents/BRONE_audio_gaze_project/install/face_detection/include/face_detection/HaarCascades/haarcascade_mcs_eyepair_big.xml
-- Symlinking: /home/evan/Documents/BRONE_audio_gaze_project/install/face_detection/include/face_detection/HaarCascades/haarcascade_mcs_eyepair_small.xml
-- Symlinking: /home/evan/Documents/BRONE_audio_gaze_project/install/face_detection/include/face_detection/HaarCascades/haarcascade_mcs_lefteye.xml
-- Symlinking: /home/evan/Documents/BRONE_audio_gaze_project/install/face_detection/include/face_detection/HaarCascades/haarcascade_mcs_mouth.xml
-- Symlinking: /home/evan/Documents/BRONE_audio_gaze_project/install/face_detection/include/face_detection/HaarCascades/haarcascade_mcs_nose.xml
-- Symlinking: /home/evan/Documents/BRONE_audio_gaze_project/install/face_detection/include/face_detection/HaarCascades/haarcascade_mcs_righteye.xml
-- Symlinking: /home/evan/Documents/BRONE_audio_gaze_project/install/face_detection/include/face_detection/HaarCascades/haarcascade_mcs_upperbody.xml
-- Symlinking: /home/evan/Documents/BRONE_audio_gaze_project/install/face_detection/include/face_detection/HaarCascades/haarcascade_profileface.xml
-- Symlinking: /home/evan/Documents/BRONE_audio_gaze_project/install/face_detection/include/face_detection/HaarCascades/haarcascade_righteye_2splits.xml
-- Symlinking: /home/evan/Documents/BRONE_audio_gaze_project/install/face_detection/include/face_detection/HaarCascades/haarcascade_upperbody.xml
-- Symlinking: /home/evan/Documents/BRONE_audio_gaze_project/install/face_detection/include/face_detection/haarcascades_cuda/haarcascade_eye.xml
-- Symlinking: /home/evan/Documents/BRONE_audio_gaze_project/install/face_detection/include/face_detection/haarcascades_cuda/haarcascade_eye_tree_eyeglasses.xml
-- Symlinking: /home/evan/Documents/BRONE_audio_gaze_project/install/face_detection/include/face_detection/haarcascades_cuda/haarcascade_frontalface_alt.xml
-- Symlinking: /home/evan/Documents/BRONE_audio_gaze_project/install/face_detection/include/face_detection/haarcascades_cuda/haarcascade_frontalface_alt2.xml
-- Symlinking: /home/evan/Documents/BRONE_audio_gaze_project/install/face_detection/include/face_detection/haarcascades_cuda/haarcascade_frontalface_alt_tree.xml
-- Symlinking: /home/evan/Documents/BRONE_audio_gaze_project/install/face_detection/include/face_detection/haarcascades_cuda/haarcascade_frontalface_default.xml
-- Symlinking: /home/evan/Documents/BRONE_audio_gaze_project/install/face_detection/include/face_detection/haarcascades_cuda/haarcascade_fullbody.xml
-- Symlinking: /home/evan/Documents/BRONE_audio_gaze_project/install/face_detection/include/face_detection/haarcascades_cuda/haarcascade_lefteye_2splits.xml
-- Symlinking: /home/evan/Documents/BRONE_audio_gaze_project/install/face_detection/include/face_detection/haarcascades_cuda/haarcascade_lowerbody.xml
-- Symlinking: /home/evan/Documents/BRONE_audio_gaze_project/install/face_detection/include/face_detection/haarcascades_cuda/haarcascade_profileface.xml
-- Symlinking: /home/evan/Documents/BRONE_audio_gaze_project/install/face_detection/include/face_detection/haarcascades_cuda/haarcascade_righteye_2splits.xml
-- Symlinking: /home/evan/Documents/BRONE_audio_gaze_project/install/face_detection/include/face_detection/haarcascades_cuda/haarcascade_smile.xml
-- Symlinking: /home/evan/Documents/BRONE_audio_gaze_project/install/face_detection/include/face_detection/haarcascades_cuda/haarcascade_upperbody.xml
-- Symlinking: /home/evan/Documents/BRONE_audio_gaze_project/install/face_detection/include/face_detection/lbpCascades/lbpcascade_frontalcatface.xml
-- Symlinking: /home/evan/Documents/BRONE_audio_gaze_project/install/face_detection/include/face_detection/lbpCascades/lbpcascade_frontalface.xml
-- Symlinking: /home/evan/Documents/BRONE_audio_gaze_project/install/face_detection/include/face_detection/lbpCascades/lbpcascade_profileface.xml
-- Symlinking: /home/evan/Documents/BRONE_audio_gaze_project/install/face_detection/share/face_detection/launch/face_detection.launch
-- Symlinking: /home/evan/Documents/BRONE_audio_gaze_project/install/face_detection/share/face_detection/launch/face_detection_cuda.launch
-- Symlinking: /home/evan/Documents/BRONE_audio_gaze_project/install/face_detection/share/face_detection/launch/face_detection_dlib.launch
-- Symlinking: /home/evan/Documents/BRONE_audio_gaze_project/install/face_detection/share/face_detection/launch/face_tracking.launch
-- Symlinking: /home/evan/Documents/BRONE_audio_gaze_project/install/face_detection/share/face_detection/launch/face_tracking.launch.py
-- Symlinking: /home/evan/Documents/BRONE_audio_gaze_project/install/face_detection/share/face_detection/include/face_detection/HaarCascades/haarcascade_eye.xml
-- Symlinking: /home/evan/Documents/BRONE_audio_gaze_project/install/face_detection/share/face_detection/include/face_detection/HaarCascades/haarcascade_eye_tree_eyeglasses.xml
-- Symlinking: /home/evan/Documents/BRONE_audio_gaze_project/install/face_detection/share/face_detection/include/face_detection/HaarCascades/haarcascade_frontalface_alt.xml
-- Symlinking: /home/evan/Documents/BRONE_audio_gaze_project/install/face_detection/share/face_detection/include/face_detection/HaarCascades/haarcascade_frontalface_alt2.xml
-- Symlinking: /home/evan/Documents/BRONE_audio_gaze_project/install/face_detection/share/face_detection/include/face_detection/HaarCascades/haarcascade_frontalface_alt_tree.xml
-- Symlinking: /home/evan/Documents/BRONE_audio_gaze_project/install/face_detection/share/face_detection/include/face_detection/HaarCascades/haarcascade_frontalface_default.xml
-- Symlinking: /home/evan/Documents/BRONE_audio_gaze_project/install/face_detection/share/face_detection/include/face_detection/HaarCascades/haarcascade_fullbody.xml
-- Symlinking: /home/evan/Documents/BRONE_audio_gaze_project/install/face_detection/share/face_detection/include/face_detection/HaarCascades/haarcascade_lefteye_2splits.xml
-- Symlinking: /home/evan/Documents/BRONE_audio_gaze_project/install/face_detection/share/face_detection/include/face_detection/HaarCascades/haarcascade_lowerbody.xml
-- Symlinking: /home/evan/Documents/BRONE_audio_gaze_project/install/face_detection/share/face_detection/include/face_detection/HaarCascades/haarcascade_mcs_eyepair_big.xml
-- Symlinking: /home/evan/Documents/BRONE_audio_gaze_project/install/face_detection/share/face_detection/include/face_detection/HaarCascades/haarcascade_mcs_eyepair_small.xml
-- Symlinking: /home/evan/Documents/BRONE_audio_gaze_project/install/face_detection/share/face_detection/include/face_detection/HaarCascades/haarcascade_mcs_lefteye.xml
-- Symlinking: /home/evan/Documents/BRONE_audio_gaze_project/install/face_detection/share/face_detection/include/face_detection/HaarCascades/haarcascade_mcs_mouth.xml
-- Symlinking: /home/evan/Documents/BRONE_audio_gaze_project/install/face_detection/share/face_detection/include/face_detection/HaarCascades/haarcascade_mcs_nose.xml
-- Symlinking: /home/evan/Documents/BRONE_audio_gaze_project/install/face_detection/share/face_detection/include/face_detection/HaarCascades/haarcascade_mcs_righteye.xml
-- Symlinking: /home/evan/Documents/BRONE_audio_gaze_project/install/face_detection/share/face_detection/include/face_detection/HaarCascades/haarcascade_mcs_upperbody.xml
-- Symlinking: /home/evan/Documents/BRONE_audio_gaze_project/install/face_detection/share/face_detection/include/face_detection/HaarCascades/haarcascade_profileface.xml
-- Symlinking: /home/evan/Documents/BRONE_audio_gaze_project/install/face_detection/share/face_detection/include/face_detection/HaarCascades/haarcascade_righteye_2splits.xml
-- Symlinking: /home/evan/Documents/BRONE_audio_gaze_project/install/face_detection/share/face_detection/include/face_detection/HaarCascades/haarcascade_upperbody.xml
-- Symlinking: /home/evan/Documents/BRONE_audio_gaze_project/install/face_detection/share/face_detection/include/face_detection/haarcascades_cuda/haarcascade_eye.xml
-- Symlinking: /home/evan/Documents/BRONE_audio_gaze_project/install/face_detection/share/face_detection/include/face_detection/haarcascades_cuda/haarcascade_eye_tree_eyeglasses.xml
-- Symlinking: /home/evan/Documents/BRONE_audio_gaze_project/install/face_detection/share/face_detection/include/face_detection/haarcascades_cuda/haarcascade_frontalface_alt.xml
-- Symlinking: /home/evan/Documents/BRONE_audio_gaze_project/install/face_detection/share/face_detection/include/face_detection/haarcascades_cuda/haarcascade_frontalface_alt2.xml
-- Symlinking: /home/evan/Documents/BRONE_audio_gaze_project/install/face_detection/share/face_detection/include/face_detection/haarcascades_cuda/haarcascade_frontalface_alt_tree.xml
-- Symlinking: /home/evan/Documents/BRONE_audio_gaze_project/install/face_detection/share/face_detection/include/face_detection/haarcascades_cuda/haarcascade_frontalface_default.xml
-- Symlinking: /home/evan/Documents/BRONE_audio_gaze_project/install/face_detection/share/face_detection/include/face_detection/haarcascades_cuda/haarcascade_fullbody.xml
-- Symlinking: /home/evan/Documents/BRONE_audio_gaze_project/install/face_detection/share/face_detection/include/face_detection/haarcascades_cuda/haarcascade_lefteye_2splits.xml
-- Symlinking: /home/evan/Documents/BRONE_audio_gaze_project/install/face_detection/share/face_detection/include/face_detection/haarcascades_cuda/haarcascade_lowerbody.xml
-- Symlinking: /home/evan/Documents/BRONE_audio_gaze_project/install/face_detection/share/face_detection/include/face_detection/haarcascades_cuda/haarcascade_profileface.xml
-- Symlinking: /home/evan/Documents/BRONE_audio_gaze_project/install/face_detection/share/face_detection/include/face_detection/haarcascades_cuda/haarcascade_righteye_2splits.xml
-- Symlinking: /home/evan/Documents/BRONE_audio_gaze_project/install/face_detection/share/face_detection/include/face_detection/haarcascades_cuda/haarcascade_smile.xml
-- Symlinking: /home/evan/Documents/BRONE_audio_gaze_project/install/face_detection/share/face_detection/include/face_detection/haarcascades_cuda/haarcascade_upperbody.xml
-- Symlinking: /home/evan/Documents/BRONE_audio_gaze_project/install/face_detection/share/face_detection/include/face_detection/lbpCascades/lbpcascade_frontalcatface.xml
-- Symlinking: /home/evan/Documents/BRONE_audio_gaze_project/install/face_detection/share/face_detection/include/face_detection/lbpCascades/lbpcascade_frontalface.xml
-- Symlinking: /home/evan/Documents/BRONE_audio_gaze_project/install/face_detection/share/face_detection/include/face_detection/lbpCascades/lbpcascade_profileface.xml
-- Symlinking: /home/evan/Documents/BRONE_audio_gaze_project/install/face_detection/share/ament_index/resource_index/package_run_dependencies/face_detection
-- Symlinking: /home/evan/Documents/BRONE_audio_gaze_project/install/face_detection/share/ament_index/resource_index/parent_prefix_path/face_detection
-- Symlinking: /home/evan/Documents/BRONE_audio_gaze_project/install/face_detection/share/face_detection/environment/ament_prefix_path.sh
-- Symlinking: /home/evan/Documents/BRONE_audio_gaze_project/install/face_detection/share/face_detection/environment/ament_prefix_path.dsv
-- Symlinking: /home/evan/Documents/BRONE_audio_gaze_project/install/face_detection/share/face_detection/environment/path.sh
-- Symlinking: /home/evan/Documents/BRONE_audio_gaze_project/install/face_detection/share/face_detection/environment/path.dsv
-- Symlinking: /home/evan/Documents/BRONE_audio_gaze_project/install/face_detection/share/face_detection/local_setup.bash
-- Symlinking: /home/evan/Documents/BRONE_audio_gaze_project/install/face_detection/share/face_detection/local_setup.sh
-- Symlinking: /home/evan/Documents/BRONE_audio_gaze_project/install/face_detection/share/face_detection/local_setup.zsh
-- Symlinking: /home/evan/Documents/BRONE_audio_gaze_project/install/face_detection/share/face_detection/local_setup.dsv
-- Symlinking: /home/evan/Documents/BRONE_audio_gaze_project/install/face_detection/share/face_detection/package.dsv
-- Symlinking: /home/evan/Documents/BRONE_audio_gaze_project/install/face_detection/share/ament_index/resource_index/packages/face_detection
-- Symlinking: /home/evan/Documents/BRONE_audio_gaze_project/install/face_detection/share/face_detection/cmake/face_detectionConfig.cmake
-- Symlinking: /home/evan/Documents/BRONE_audio_gaze_project/install/face_detection/share/face_detection/cmake/face_detectionConfig-version.cmake
-- Symlinking: /home/evan/Documents/BRONE_audio_gaze_project/install/face_detection/share/face_detection/package.xml
