[0.434s] Invoking command in '/home/evan/Documents/BRONE_audio_gaze_project/build/face_detection': CMAKE_PREFIX_PATH=${CMAKE_PREFIX_PATH}:/home/evan/Documents/BRONE_audio_gaze_project/install/algo_gaze:/home/evan/Documents/BRONE_audio_gaze_project/install/brone_gaze:/opt/ros/humble /usr/bin/cmake /home/evan/Documents/BRONE_audio_gaze_project/ROBOTIS-OP3-ETC/face_detection -DAMENT_CMAKE_SYMLINK_INSTALL=1 -DCMAKE_INSTALL_PREFIX=/home/evan/Documents/BRONE_audio_gaze_project/install/face_detection
[0.501s] -- The C compiler identification is GNU 11.4.0
[0.589s] -- The CXX compiler identification is GNU 11.4.0
[0.608s] -- Detecting C compiler ABI info
[0.713s] -- Detecting C compiler ABI info - done
[0.724s] -- Check for working C compiler: /usr/bin/cc - skipped
[0.724s] -- Detecting C compile features
[0.725s] -- Detecting C compile features - done
[0.732s] -- Detecting CXX compiler ABI info
[0.860s] -- Detecting CXX compiler ABI info - done
[0.879s] -- Check for working CXX compiler: /usr/bin/c++ - skipped
[0.879s] -- Detecting CXX compile features
[0.879s] -- Detecting CXX compile features - done
[0.885s] -- Found ament_cmake: 1.3.14 (/opt/ros/humble/share/ament_cmake/cmake)
[1.166s] -- Found Python3: /usr/bin/python3 (found version "3.10.12") found components: Interpreter 
[1.237s] -- Override CMake install command with custom implementation using symlinks instead of copying resources
[1.282s] -- Found ament_index_cpp: 1.4.1 (/opt/ros/humble/share/ament_index_cpp/cmake)
[1.285s] -- Found rclcpp: 16.0.19 (/opt/ros/humble/share/rclcpp/cmake)
[1.343s] -- Found rosidl_generator_c: 3.1.8 (/opt/ros/humble/share/rosidl_generator_c/cmake)
[1.351s] -- Found rosidl_adapter: 3.1.8 (/opt/ros/humble/share/rosidl_adapter/cmake)
[1.364s] -- Found rosidl_generator_cpp: 3.1.8 (/opt/ros/humble/share/rosidl_generator_cpp/cmake)
[1.381s] -- Using all available rosidl_typesupport_c: rosidl_typesupport_fastrtps_c;rosidl_typesupport_introspection_c
[1.407s] -- Using all available rosidl_typesupport_cpp: rosidl_typesupport_fastrtps_cpp;rosidl_typesupport_introspection_cpp
[1.481s] -- Found rmw_implementation_cmake: 6.1.2 (/opt/ros/humble/share/rmw_implementation_cmake/cmake)
[1.488s] -- Found rmw_fastrtps_cpp: 6.2.10 (/opt/ros/humble/share/rmw_fastrtps_cpp/cmake)
[1.638s] -- Found OpenSSL: /usr/lib/x86_64-linux-gnu/libcrypto.so (found version "3.0.2")  
[1.696s] -- Found FastRTPS: /opt/ros/humble/include  
[1.761s] -- Using RMW implementation 'rmw_fastrtps_cpp' as default
[1.774s] -- Looking for pthread.h
[1.872s] -- Looking for pthread.h - found
[1.873s] -- Performing Test CMAKE_HAVE_LIBC_PTHREAD
[1.970s] -- Performing Test CMAKE_HAVE_LIBC_PTHREAD - Success
[1.971s] -- Found Threads: TRUE  
[2.030s] -- Found sensor_msgs: 4.9.1 (/opt/ros/humble/share/sensor_msgs/cmake)
[2.070s] -- Found cv_bridge: 3.2.1 (/opt/ros/humble/share/cv_bridge/cmake)
[2.086s] -- Found image_transport: 3.1.12 (/opt/ros/humble/share/image_transport/cmake)
[2.135s] -- Found OpenCV: /usr (found version "4.5.4") 
[2.273s] -- Configuring done
[2.290s] -- Generating done
[2.297s] -- Build files have been written to: /home/evan/Documents/BRONE_audio_gaze_project/build/face_detection
[2.318s] Invoked command in '/home/evan/Documents/BRONE_audio_gaze_project/build/face_detection' returned '0': CMAKE_PREFIX_PATH=${CMAKE_PREFIX_PATH}:/home/evan/Documents/BRONE_audio_gaze_project/install/algo_gaze:/home/evan/Documents/BRONE_audio_gaze_project/install/brone_gaze:/opt/ros/humble /usr/bin/cmake /home/evan/Documents/BRONE_audio_gaze_project/ROBOTIS-OP3-ETC/face_detection -DAMENT_CMAKE_SYMLINK_INSTALL=1 -DCMAKE_INSTALL_PREFIX=/home/evan/Documents/BRONE_audio_gaze_project/install/face_detection
[2.322s] Invoking command in '/home/evan/Documents/BRONE_audio_gaze_project/build/face_detection': CMAKE_PREFIX_PATH=${CMAKE_PREFIX_PATH}:/home/evan/Documents/BRONE_audio_gaze_project/install/algo_gaze:/home/evan/Documents/BRONE_audio_gaze_project/install/brone_gaze:/opt/ros/humble /usr/bin/cmake --build /home/evan/Documents/BRONE_audio_gaze_project/build/face_detection -- -j12 -l12
[2.382s] [ 50%] [32mBuilding CXX object CMakeFiles/face_tracking.dir/src/face_tracking.cpp.o[0m
[19.419s] [100%] [32m[1mLinking CXX executable face_tracking[0m
[20.962s] [100%] Built target face_tracking
[20.982s] Invoked command in '/home/evan/Documents/BRONE_audio_gaze_project/build/face_detection' returned '0': CMAKE_PREFIX_PATH=${CMAKE_PREFIX_PATH}:/home/evan/Documents/BRONE_audio_gaze_project/install/algo_gaze:/home/evan/Documents/BRONE_audio_gaze_project/install/brone_gaze:/opt/ros/humble /usr/bin/cmake --build /home/evan/Documents/BRONE_audio_gaze_project/build/face_detection -- -j12 -l12
[20.983s] Invoking command in '/home/evan/Documents/BRONE_audio_gaze_project/build/face_detection': CMAKE_PREFIX_PATH=${CMAKE_PREFIX_PATH}:/home/evan/Documents/BRONE_audio_gaze_project/install/algo_gaze:/home/evan/Documents/BRONE_audio_gaze_project/install/brone_gaze:/opt/ros/humble /usr/bin/cmake --install /home/evan/Documents/BRONE_audio_gaze_project/build/face_detection
[25.097s] -- Install configuration: ""
[25.097s] -- Execute custom install script
[25.097s] -- Symlinking: /home/evan/Documents/BRONE_audio_gaze_project/install/face_detection/lib/face_detection/face_tracking
[25.097s] -- Symlinking: /home/evan/Documents/BRONE_audio_gaze_project/install/face_detection/include/face_detection/HaarCascades/haarcascade_eye.xml
[25.097s] -- Symlinking: /home/evan/Documents/BRONE_audio_gaze_project/install/face_detection/include/face_detection/HaarCascades/haarcascade_eye_tree_eyeglasses.xml
[25.098s] -- Symlinking: /home/evan/Documents/BRONE_audio_gaze_project/install/face_detection/include/face_detection/HaarCascades/haarcascade_frontalface_alt.xml
[25.098s] -- Symlinking: /home/evan/Documents/BRONE_audio_gaze_project/install/face_detection/include/face_detection/HaarCascades/haarcascade_frontalface_alt2.xml
[25.098s] -- Symlinking: /home/evan/Documents/BRONE_audio_gaze_project/install/face_detection/include/face_detection/HaarCascades/haarcascade_frontalface_alt_tree.xml
[25.098s] -- Symlinking: /home/evan/Documents/BRONE_audio_gaze_project/install/face_detection/include/face_detection/HaarCascades/haarcascade_frontalface_default.xml
[25.098s] -- Symlinking: /home/evan/Documents/BRONE_audio_gaze_project/install/face_detection/include/face_detection/HaarCascades/haarcascade_fullbody.xml
[25.098s] -- Symlinking: /home/evan/Documents/BRONE_audio_gaze_project/install/face_detection/include/face_detection/HaarCascades/haarcascade_lefteye_2splits.xml
[25.098s] -- Symlinking: /home/evan/Documents/BRONE_audio_gaze_project/install/face_detection/include/face_detection/HaarCascades/haarcascade_lowerbody.xml
[25.098s] -- Symlinking: /home/evan/Documents/BRONE_audio_gaze_project/install/face_detection/include/face_detection/HaarCascades/haarcascade_mcs_eyepair_big.xml
[25.098s] -- Symlinking: /home/evan/Documents/BRONE_audio_gaze_project/install/face_detection/include/face_detection/HaarCascades/haarcascade_mcs_eyepair_small.xml
[25.098s] -- Symlinking: /home/evan/Documents/BRONE_audio_gaze_project/install/face_detection/include/face_detection/HaarCascades/haarcascade_mcs_lefteye.xml
[25.098s] -- Symlinking: /home/evan/Documents/BRONE_audio_gaze_project/install/face_detection/include/face_detection/HaarCascades/haarcascade_mcs_mouth.xml
[25.098s] -- Symlinking: /home/evan/Documents/BRONE_audio_gaze_project/install/face_detection/include/face_detection/HaarCascades/haarcascade_mcs_nose.xml
[25.099s] -- Symlinking: /home/evan/Documents/BRONE_audio_gaze_project/install/face_detection/include/face_detection/HaarCascades/haarcascade_mcs_righteye.xml
[25.099s] -- Symlinking: /home/evan/Documents/BRONE_audio_gaze_project/install/face_detection/include/face_detection/HaarCascades/haarcascade_mcs_upperbody.xml
[25.099s] -- Symlinking: /home/evan/Documents/BRONE_audio_gaze_project/install/face_detection/include/face_detection/HaarCascades/haarcascade_profileface.xml
[25.099s] -- Symlinking: /home/evan/Documents/BRONE_audio_gaze_project/install/face_detection/include/face_detection/HaarCascades/haarcascade_righteye_2splits.xml
[25.099s] -- Symlinking: /home/evan/Documents/BRONE_audio_gaze_project/install/face_detection/include/face_detection/HaarCascades/haarcascade_upperbody.xml
[25.099s] -- Symlinking: /home/evan/Documents/BRONE_audio_gaze_project/install/face_detection/include/face_detection/haarcascades_cuda/haarcascade_eye.xml
[25.099s] -- Symlinking: /home/evan/Documents/BRONE_audio_gaze_project/install/face_detection/include/face_detection/haarcascades_cuda/haarcascade_eye_tree_eyeglasses.xml
[25.099s] -- Symlinking: /home/evan/Documents/BRONE_audio_gaze_project/install/face_detection/include/face_detection/haarcascades_cuda/haarcascade_frontalface_alt.xml
[25.099s] -- Symlinking: /home/evan/Documents/BRONE_audio_gaze_project/install/face_detection/include/face_detection/haarcascades_cuda/haarcascade_frontalface_alt2.xml
[25.099s] -- Symlinking: /home/evan/Documents/BRONE_audio_gaze_project/install/face_detection/include/face_detection/haarcascades_cuda/haarcascade_frontalface_alt_tree.xml
[25.099s] -- Symlinking: /home/evan/Documents/BRONE_audio_gaze_project/install/face_detection/include/face_detection/haarcascades_cuda/haarcascade_frontalface_default.xml
[25.099s] -- Symlinking: /home/evan/Documents/BRONE_audio_gaze_project/install/face_detection/include/face_detection/haarcascades_cuda/haarcascade_fullbody.xml
[25.099s] -- Symlinking: /home/evan/Documents/BRONE_audio_gaze_project/install/face_detection/include/face_detection/haarcascades_cuda/haarcascade_lefteye_2splits.xml
[25.100s] -- Symlinking: /home/evan/Documents/BRONE_audio_gaze_project/install/face_detection/include/face_detection/haarcascades_cuda/haarcascade_lowerbody.xml
[25.100s] -- Symlinking: /home/evan/Documents/BRONE_audio_gaze_project/install/face_detection/include/face_detection/haarcascades_cuda/haarcascade_profileface.xml
[25.100s] -- Symlinking: /home/evan/Documents/BRONE_audio_gaze_project/install/face_detection/include/face_detection/haarcascades_cuda/haarcascade_righteye_2splits.xml
[25.100s] -- Symlinking: /home/evan/Documents/BRONE_audio_gaze_project/install/face_detection/include/face_detection/haarcascades_cuda/haarcascade_smile.xml
[25.100s] -- Symlinking: /home/evan/Documents/BRONE_audio_gaze_project/install/face_detection/include/face_detection/haarcascades_cuda/haarcascade_upperbody.xml
[25.100s] -- Symlinking: /home/evan/Documents/BRONE_audio_gaze_project/install/face_detection/include/face_detection/lbpCascades/lbpcascade_frontalcatface.xml
[25.100s] -- Symlinking: /home/evan/Documents/BRONE_audio_gaze_project/install/face_detection/include/face_detection/lbpCascades/lbpcascade_frontalface.xml
[25.102s] -- Symlinking: /home/evan/Documents/BRONE_audio_gaze_project/install/face_detection/include/face_detection/lbpCascades/lbpcascade_profileface.xml
[25.103s] -- Symlinking: /home/evan/Documents/BRONE_audio_gaze_project/install/face_detection/share/face_detection/launch/face_detection.launch
[25.103s] -- Symlinking: /home/evan/Documents/BRONE_audio_gaze_project/install/face_detection/share/face_detection/launch/face_detection_cuda.launch
[25.103s] -- Symlinking: /home/evan/Documents/BRONE_audio_gaze_project/install/face_detection/share/face_detection/launch/face_detection_dlib.launch
[25.103s] -- Symlinking: /home/evan/Documents/BRONE_audio_gaze_project/install/face_detection/share/face_detection/launch/face_tracking.launch
[25.103s] -- Symlinking: /home/evan/Documents/BRONE_audio_gaze_project/install/face_detection/share/face_detection/launch/face_tracking.launch.py
[25.103s] -- Symlinking: /home/evan/Documents/BRONE_audio_gaze_project/install/face_detection/share/face_detection/include/face_detection/HaarCascades/haarcascade_eye.xml
[25.103s] -- Symlinking: /home/evan/Documents/BRONE_audio_gaze_project/install/face_detection/share/face_detection/include/face_detection/HaarCascades/haarcascade_eye_tree_eyeglasses.xml
[25.104s] -- Symlinking: /home/evan/Documents/BRONE_audio_gaze_project/install/face_detection/share/face_detection/include/face_detection/HaarCascades/haarcascade_frontalface_alt.xml
[25.104s] -- Symlinking: /home/evan/Documents/BRONE_audio_gaze_project/install/face_detection/share/face_detection/include/face_detection/HaarCascades/haarcascade_frontalface_alt2.xml
[25.104s] -- Symlinking: /home/evan/Documents/BRONE_audio_gaze_project/install/face_detection/share/face_detection/include/face_detection/HaarCascades/haarcascade_frontalface_alt_tree.xml
[25.104s] -- Symlinking: /home/evan/Documents/BRONE_audio_gaze_project/install/face_detection/share/face_detection/include/face_detection/HaarCascades/haarcascade_frontalface_default.xml
[25.104s] -- Symlinking: /home/evan/Documents/BRONE_audio_gaze_project/install/face_detection/share/face_detection/include/face_detection/HaarCascades/haarcascade_fullbody.xml
[25.104s] -- Symlinking: /home/evan/Documents/BRONE_audio_gaze_project/install/face_detection/share/face_detection/include/face_detection/HaarCascades/haarcascade_lefteye_2splits.xml
[25.104s] -- Symlinking: /home/evan/Documents/BRONE_audio_gaze_project/install/face_detection/share/face_detection/include/face_detection/HaarCascades/haarcascade_lowerbody.xml
[25.104s] -- Symlinking: /home/evan/Documents/BRONE_audio_gaze_project/install/face_detection/share/face_detection/include/face_detection/HaarCascades/haarcascade_mcs_eyepair_big.xml
[25.104s] -- Symlinking: /home/evan/Documents/BRONE_audio_gaze_project/install/face_detection/share/face_detection/include/face_detection/HaarCascades/haarcascade_mcs_eyepair_small.xml
[25.104s] -- Symlinking: /home/evan/Documents/BRONE_audio_gaze_project/install/face_detection/share/face_detection/include/face_detection/HaarCascades/haarcascade_mcs_lefteye.xml
[25.104s] -- Symlinking: /home/evan/Documents/BRONE_audio_gaze_project/install/face_detection/share/face_detection/include/face_detection/HaarCascades/haarcascade_mcs_mouth.xml
[25.105s] -- Symlinking: /home/evan/Documents/BRONE_audio_gaze_project/install/face_detection/share/face_detection/include/face_detection/HaarCascades/haarcascade_mcs_nose.xml
[25.105s] -- Symlinking: /home/evan/Documents/BRONE_audio_gaze_project/install/face_detection/share/face_detection/include/face_detection/HaarCascades/haarcascade_mcs_righteye.xml
[25.105s] -- Symlinking: /home/evan/Documents/BRONE_audio_gaze_project/install/face_detection/share/face_detection/include/face_detection/HaarCascades/haarcascade_mcs_upperbody.xml
[25.105s] -- Symlinking: /home/evan/Documents/BRONE_audio_gaze_project/install/face_detection/share/face_detection/include/face_detection/HaarCascades/haarcascade_profileface.xml
[25.105s] -- Symlinking: /home/evan/Documents/BRONE_audio_gaze_project/install/face_detection/share/face_detection/include/face_detection/HaarCascades/haarcascade_righteye_2splits.xml
[25.105s] -- Symlinking: /home/evan/Documents/BRONE_audio_gaze_project/install/face_detection/share/face_detection/include/face_detection/HaarCascades/haarcascade_upperbody.xml
[25.105s] -- Symlinking: /home/evan/Documents/BRONE_audio_gaze_project/install/face_detection/share/face_detection/include/face_detection/haarcascades_cuda/haarcascade_eye.xml
[25.105s] -- Symlinking: /home/evan/Documents/BRONE_audio_gaze_project/install/face_detection/share/face_detection/include/face_detection/haarcascades_cuda/haarcascade_eye_tree_eyeglasses.xml
[25.106s] -- Symlinking: /home/evan/Documents/BRONE_audio_gaze_project/install/face_detection/share/face_detection/include/face_detection/haarcascades_cuda/haarcascade_frontalface_alt.xml
[25.106s] -- Symlinking: /home/evan/Documents/BRONE_audio_gaze_project/install/face_detection/share/face_detection/include/face_detection/haarcascades_cuda/haarcascade_frontalface_alt2.xml
[25.106s] -- Symlinking: /home/evan/Documents/BRONE_audio_gaze_project/install/face_detection/share/face_detection/include/face_detection/haarcascades_cuda/haarcascade_frontalface_alt_tree.xml
[25.106s] -- Symlinking: /home/evan/Documents/BRONE_audio_gaze_project/install/face_detection/share/face_detection/include/face_detection/haarcascades_cuda/haarcascade_frontalface_default.xml
[25.106s] -- Symlinking: /home/evan/Documents/BRONE_audio_gaze_project/install/face_detection/share/face_detection/include/face_detection/haarcascades_cuda/haarcascade_fullbody.xml
[25.106s] -- Symlinking: /home/evan/Documents/BRONE_audio_gaze_project/install/face_detection/share/face_detection/include/face_detection/haarcascades_cuda/haarcascade_lefteye_2splits.xml
[25.106s] -- Symlinking: /home/evan/Documents/BRONE_audio_gaze_project/install/face_detection/share/face_detection/include/face_detection/haarcascades_cuda/haarcascade_lowerbody.xml
[25.106s] -- Symlinking: /home/evan/Documents/BRONE_audio_gaze_project/install/face_detection/share/face_detection/include/face_detection/haarcascades_cuda/haarcascade_profileface.xml
[25.106s] -- Symlinking: /home/evan/Documents/BRONE_audio_gaze_project/install/face_detection/share/face_detection/include/face_detection/haarcascades_cuda/haarcascade_righteye_2splits.xml
[25.107s] -- Symlinking: /home/evan/Documents/BRONE_audio_gaze_project/install/face_detection/share/face_detection/include/face_detection/haarcascades_cuda/haarcascade_smile.xml
[25.107s] -- Symlinking: /home/evan/Documents/BRONE_audio_gaze_project/install/face_detection/share/face_detection/include/face_detection/haarcascades_cuda/haarcascade_upperbody.xml
[25.107s] -- Symlinking: /home/evan/Documents/BRONE_audio_gaze_project/install/face_detection/share/face_detection/include/face_detection/lbpCascades/lbpcascade_frontalcatface.xml
[25.107s] -- Symlinking: /home/evan/Documents/BRONE_audio_gaze_project/install/face_detection/share/face_detection/include/face_detection/lbpCascades/lbpcascade_frontalface.xml
[25.107s] -- Symlinking: /home/evan/Documents/BRONE_audio_gaze_project/install/face_detection/share/face_detection/include/face_detection/lbpCascades/lbpcascade_profileface.xml
[25.107s] -- Symlinking: /home/evan/Documents/BRONE_audio_gaze_project/install/face_detection/share/ament_index/resource_index/package_run_dependencies/face_detection
[25.107s] -- Symlinking: /home/evan/Documents/BRONE_audio_gaze_project/install/face_detection/share/ament_index/resource_index/parent_prefix_path/face_detection
[25.107s] -- Symlinking: /home/evan/Documents/BRONE_audio_gaze_project/install/face_detection/share/face_detection/environment/ament_prefix_path.sh
[25.107s] -- Symlinking: /home/evan/Documents/BRONE_audio_gaze_project/install/face_detection/share/face_detection/environment/ament_prefix_path.dsv
[25.107s] -- Symlinking: /home/evan/Documents/BRONE_audio_gaze_project/install/face_detection/share/face_detection/environment/path.sh
[25.108s] -- Symlinking: /home/evan/Documents/BRONE_audio_gaze_project/install/face_detection/share/face_detection/environment/path.dsv
[25.108s] -- Symlinking: /home/evan/Documents/BRONE_audio_gaze_project/install/face_detection/share/face_detection/local_setup.bash
[25.108s] -- Symlinking: /home/evan/Documents/BRONE_audio_gaze_project/install/face_detection/share/face_detection/local_setup.sh
[25.108s] -- Symlinking: /home/evan/Documents/BRONE_audio_gaze_project/install/face_detection/share/face_detection/local_setup.zsh
[25.108s] -- Symlinking: /home/evan/Documents/BRONE_audio_gaze_project/install/face_detection/share/face_detection/local_setup.dsv
[25.108s] -- Symlinking: /home/evan/Documents/BRONE_audio_gaze_project/install/face_detection/share/face_detection/package.dsv
[25.108s] -- Symlinking: /home/evan/Documents/BRONE_audio_gaze_project/install/face_detection/share/ament_index/resource_index/packages/face_detection
[25.108s] -- Symlinking: /home/evan/Documents/BRONE_audio_gaze_project/install/face_detection/share/face_detection/cmake/face_detectionConfig.cmake
[25.108s] -- Symlinking: /home/evan/Documents/BRONE_audio_gaze_project/install/face_detection/share/face_detection/cmake/face_detectionConfig-version.cmake
[25.108s] -- Symlinking: /home/evan/Documents/BRONE_audio_gaze_project/install/face_detection/share/face_detection/package.xml
[25.115s] Invoked command in '/home/evan/Documents/BRONE_audio_gaze_project/build/face_detection' returned '0': CMAKE_PREFIX_PATH=${CMAKE_PREFIX_PATH}:/home/evan/Documents/BRONE_audio_gaze_project/install/algo_gaze:/home/evan/Documents/BRONE_audio_gaze_project/install/brone_gaze:/opt/ros/humble /usr/bin/cmake --install /home/evan/Documents/BRONE_audio_gaze_project/build/face_detection
