[0.039s] Invoking command in '/home/evan/Documents/algo_gaze_project/build/open_cr_module': AMENT_PREFIX_PATH=/home/evan/Documents/algo_gaze_project/install/robotis_framework_common:/home/evan/Documents/algo_gaze_project/install/robotis_device:/home/evan/Documents/algo_gaze_project/install/robotis_math:/home/evan/Documents/algo_gaze_project/install/robotis_controller_msgs:/home/evan/Documents/algo_gaze_project/install/dynamixel_sdk:${AMENT_PREFIX_PATH} CMAKE_PREFIX_PATH=/home/evan/Documents/algo_gaze_project/install/robotis_framework_common:/home/evan/Documents/algo_gaze_project/install/robotis_device:/home/evan/Documents/algo_gaze_project/install/robotis_math:/home/evan/Documents/algo_gaze_project/install/robotis_controller_msgs:/home/evan/Documents/algo_gaze_project/install/dynamixel_sdk:/opt/ros/humble LD_LIBRARY_PATH=/home/evan/Documents/algo_gaze_project/install/robotis_device/lib:/home/evan/Documents/algo_gaze_project/install/robotis_math/lib:/home/evan/Documents/algo_gaze_project/install/robotis_controller_msgs/lib:/home/evan/Documents/algo_gaze_project/install/dynamixel_sdk/lib:${LD_LIBRARY_PATH} PYTHONPATH=/home/evan/Documents/algo_gaze_project/install/robotis_controller_msgs/local/lib/python3.10/dist-packages:/home/evan/Documents/algo_gaze_project/install/dynamixel_sdk/local/lib/python3.10/dist-packages:${PYTHONPATH} /usr/bin/cmake /home/evan/Documents/algo_gaze_project/ROBOTIS-OP3/open_cr_module -DAMENT_CMAKE_SYMLINK_INSTALL=1 -DCMAKE_INSTALL_PREFIX=/home/evan/Documents/algo_gaze_project/install/open_cr_module
[0.119s] -- The C compiler identification is GNU 11.4.0
[0.195s] -- The CXX compiler identification is GNU 11.4.0
[0.213s] -- Detecting C compiler ABI info
[0.304s] -- Detecting C compiler ABI info - done
[0.317s] -- Check for working C compiler: /usr/bin/cc - skipped
[0.317s] -- Detecting C compile features
[0.317s] -- Detecting C compile features - done
[0.322s] -- Detecting CXX compiler ABI info
[0.409s] -- Detecting CXX compiler ABI info - done
[0.419s] -- Check for working CXX compiler: /usr/bin/c++ - skipped
[0.419s] -- Detecting CXX compile features
[0.419s] -- Detecting CXX compile features - done
[0.436s] -- Found ament_cmake: 1.3.14 (/opt/ros/humble/share/ament_cmake/cmake)
[0.653s] -- Found Python3: /usr/bin/python3 (found version "3.10.12") found components: Interpreter 
[0.776s] -- Override CMake install command with custom implementation using symlinks instead of copying resources
[0.823s] -- Found rclcpp: 16.0.19 (/opt/ros/humble/share/rclcpp/cmake)
[0.910s] -- Found rosidl_generator_c: 3.1.8 (/opt/ros/humble/share/rosidl_generator_c/cmake)
[0.917s] -- Found rosidl_adapter: 3.1.8 (/opt/ros/humble/share/rosidl_adapter/cmake)
[0.937s] -- Found rosidl_generator_cpp: 3.1.8 (/opt/ros/humble/share/rosidl_generator_cpp/cmake)
[0.962s] -- Using all available rosidl_typesupport_c: rosidl_typesupport_fastrtps_c;rosidl_typesupport_introspection_c
[0.992s] -- Using all available rosidl_typesupport_cpp: rosidl_typesupport_fastrtps_cpp;rosidl_typesupport_introspection_cpp
[1.081s] -- Found rmw_implementation_cmake: 6.1.2 (/opt/ros/humble/share/rmw_implementation_cmake/cmake)
[1.087s] -- Found rmw_fastrtps_cpp: 6.2.10 (/opt/ros/humble/share/rmw_fastrtps_cpp/cmake)
[1.240s] -- Found OpenSSL: /usr/lib/x86_64-linux-gnu/libcrypto.so (found version "3.0.2")  
[1.279s] -- Found FastRTPS: /opt/ros/humble/include  
[1.345s] -- Using RMW implementation 'rmw_fastrtps_cpp' as default
[1.363s] -- Looking for pthread.h
[1.484s] -- Looking for pthread.h - found
[1.487s] -- Performing Test CMAKE_HAVE_LIBC_PTHREAD
[2.001s] -- Performing Test CMAKE_HAVE_LIBC_PTHREAD - Success
[2.006s] -- Found Threads: TRUE  
[2.143s] -- Found sensor_msgs: 4.9.1 (/opt/ros/humble/share/sensor_msgs/cmake)
[2.213s] -- Found dynamixel_sdk: 3.8.4 (/home/evan/Documents/algo_gaze_project/install/dynamixel_sdk/share/dynamixel_sdk/cmake)
[2.215s] -- Found robotis_controller_msgs: 0.1.4 (/home/evan/Documents/algo_gaze_project/install/robotis_controller_msgs/share/robotis_controller_msgs/cmake)
[2.240s] -- Found robotis_framework_common: 0.2.9 (/home/evan/Documents/algo_gaze_project/install/robotis_framework_common/share/robotis_framework_common/cmake)
[2.244s] -- Found robotis_device: 0.2.9 (/home/evan/Documents/algo_gaze_project/install/robotis_device/share/robotis_device/cmake)
[2.252s] -- Found robotis_math: 0.2.6 (/home/evan/Documents/algo_gaze_project/install/robotis_math/share/robotis_math/cmake)
[2.441s] -- Configuring done
[2.458s] -- Generating done
[2.465s] -- Build files have been written to: /home/evan/Documents/algo_gaze_project/build/open_cr_module
[2.483s] Invoked command in '/home/evan/Documents/algo_gaze_project/build/open_cr_module' returned '0': AMENT_PREFIX_PATH=/home/evan/Documents/algo_gaze_project/install/robotis_framework_common:/home/evan/Documents/algo_gaze_project/install/robotis_device:/home/evan/Documents/algo_gaze_project/install/robotis_math:/home/evan/Documents/algo_gaze_project/install/robotis_controller_msgs:/home/evan/Documents/algo_gaze_project/install/dynamixel_sdk:${AMENT_PREFIX_PATH} CMAKE_PREFIX_PATH=/home/evan/Documents/algo_gaze_project/install/robotis_framework_common:/home/evan/Documents/algo_gaze_project/install/robotis_device:/home/evan/Documents/algo_gaze_project/install/robotis_math:/home/evan/Documents/algo_gaze_project/install/robotis_controller_msgs:/home/evan/Documents/algo_gaze_project/install/dynamixel_sdk:/opt/ros/humble LD_LIBRARY_PATH=/home/evan/Documents/algo_gaze_project/install/robotis_device/lib:/home/evan/Documents/algo_gaze_project/install/robotis_math/lib:/home/evan/Documents/algo_gaze_project/install/robotis_controller_msgs/lib:/home/evan/Documents/algo_gaze_project/install/dynamixel_sdk/lib:${LD_LIBRARY_PATH} PYTHONPATH=/home/evan/Documents/algo_gaze_project/install/robotis_controller_msgs/local/lib/python3.10/dist-packages:/home/evan/Documents/algo_gaze_project/install/dynamixel_sdk/local/lib/python3.10/dist-packages:${PYTHONPATH} /usr/bin/cmake /home/evan/Documents/algo_gaze_project/ROBOTIS-OP3/open_cr_module -DAMENT_CMAKE_SYMLINK_INSTALL=1 -DCMAKE_INSTALL_PREFIX=/home/evan/Documents/algo_gaze_project/install/open_cr_module
[2.485s] Invoking command in '/home/evan/Documents/algo_gaze_project/build/open_cr_module': AMENT_PREFIX_PATH=/home/evan/Documents/algo_gaze_project/install/robotis_framework_common:/home/evan/Documents/algo_gaze_project/install/robotis_device:/home/evan/Documents/algo_gaze_project/install/robotis_math:/home/evan/Documents/algo_gaze_project/install/robotis_controller_msgs:/home/evan/Documents/algo_gaze_project/install/dynamixel_sdk:${AMENT_PREFIX_PATH} CMAKE_PREFIX_PATH=/home/evan/Documents/algo_gaze_project/install/robotis_framework_common:/home/evan/Documents/algo_gaze_project/install/robotis_device:/home/evan/Documents/algo_gaze_project/install/robotis_math:/home/evan/Documents/algo_gaze_project/install/robotis_controller_msgs:/home/evan/Documents/algo_gaze_project/install/dynamixel_sdk:/opt/ros/humble LD_LIBRARY_PATH=/home/evan/Documents/algo_gaze_project/install/robotis_device/lib:/home/evan/Documents/algo_gaze_project/install/robotis_math/lib:/home/evan/Documents/algo_gaze_project/install/robotis_controller_msgs/lib:/home/evan/Documents/algo_gaze_project/install/dynamixel_sdk/lib:${LD_LIBRARY_PATH} PYTHONPATH=/home/evan/Documents/algo_gaze_project/install/robotis_controller_msgs/local/lib/python3.10/dist-packages:/home/evan/Documents/algo_gaze_project/install/dynamixel_sdk/local/lib/python3.10/dist-packages:${PYTHONPATH} /usr/bin/cmake --build /home/evan/Documents/algo_gaze_project/build/open_cr_module -- -j12 -l12
[2.597s] [ 50%] [32mBuilding CXX object CMakeFiles/open_cr_module.dir/src/open_cr_module.cpp.o[0m
[13.590s] [100%] [32m[1mLinking CXX shared library libopen_cr_module.so[0m
[14.211s] [100%] Built target open_cr_module
[14.235s] Invoked command in '/home/evan/Documents/algo_gaze_project/build/open_cr_module' returned '0': AMENT_PREFIX_PATH=/home/evan/Documents/algo_gaze_project/install/robotis_framework_common:/home/evan/Documents/algo_gaze_project/install/robotis_device:/home/evan/Documents/algo_gaze_project/install/robotis_math:/home/evan/Documents/algo_gaze_project/install/robotis_controller_msgs:/home/evan/Documents/algo_gaze_project/install/dynamixel_sdk:${AMENT_PREFIX_PATH} CMAKE_PREFIX_PATH=/home/evan/Documents/algo_gaze_project/install/robotis_framework_common:/home/evan/Documents/algo_gaze_project/install/robotis_device:/home/evan/Documents/algo_gaze_project/install/robotis_math:/home/evan/Documents/algo_gaze_project/install/robotis_controller_msgs:/home/evan/Documents/algo_gaze_project/install/dynamixel_sdk:/opt/ros/humble LD_LIBRARY_PATH=/home/evan/Documents/algo_gaze_project/install/robotis_device/lib:/home/evan/Documents/algo_gaze_project/install/robotis_math/lib:/home/evan/Documents/algo_gaze_project/install/robotis_controller_msgs/lib:/home/evan/Documents/algo_gaze_project/install/dynamixel_sdk/lib:${LD_LIBRARY_PATH} PYTHONPATH=/home/evan/Documents/algo_gaze_project/install/robotis_controller_msgs/local/lib/python3.10/dist-packages:/home/evan/Documents/algo_gaze_project/install/dynamixel_sdk/local/lib/python3.10/dist-packages:${PYTHONPATH} /usr/bin/cmake --build /home/evan/Documents/algo_gaze_project/build/open_cr_module -- -j12 -l12
[14.236s] Invoking command in '/home/evan/Documents/algo_gaze_project/build/open_cr_module': AMENT_PREFIX_PATH=/home/evan/Documents/algo_gaze_project/install/robotis_framework_common:/home/evan/Documents/algo_gaze_project/install/robotis_device:/home/evan/Documents/algo_gaze_project/install/robotis_math:/home/evan/Documents/algo_gaze_project/install/robotis_controller_msgs:/home/evan/Documents/algo_gaze_project/install/dynamixel_sdk:${AMENT_PREFIX_PATH} CMAKE_PREFIX_PATH=/home/evan/Documents/algo_gaze_project/install/robotis_framework_common:/home/evan/Documents/algo_gaze_project/install/robotis_device:/home/evan/Documents/algo_gaze_project/install/robotis_math:/home/evan/Documents/algo_gaze_project/install/robotis_controller_msgs:/home/evan/Documents/algo_gaze_project/install/dynamixel_sdk:/opt/ros/humble LD_LIBRARY_PATH=/home/evan/Documents/algo_gaze_project/install/robotis_device/lib:/home/evan/Documents/algo_gaze_project/install/robotis_math/lib:/home/evan/Documents/algo_gaze_project/install/robotis_controller_msgs/lib:/home/evan/Documents/algo_gaze_project/install/dynamixel_sdk/lib:${LD_LIBRARY_PATH} PYTHONPATH=/home/evan/Documents/algo_gaze_project/install/robotis_controller_msgs/local/lib/python3.10/dist-packages:/home/evan/Documents/algo_gaze_project/install/dynamixel_sdk/local/lib/python3.10/dist-packages:${PYTHONPATH} /usr/bin/cmake --install /home/evan/Documents/algo_gaze_project/build/open_cr_module
[25.784s] -- Install configuration: ""
[25.784s] -- Execute custom install script
[25.784s] -- Symlinking: /home/evan/Documents/algo_gaze_project/install/open_cr_module/lib/libopen_cr_module.so
[25.784s] -- Symlinking: /home/evan/Documents/algo_gaze_project/install/open_cr_module/include/open_cr_module/open_cr_module.h
[25.784s] -- Symlinking: /home/evan/Documents/algo_gaze_project/install/open_cr_module/share/open_cr_module/environment/library_path.sh
[25.784s] -- Symlinking: /home/evan/Documents/algo_gaze_project/install/open_cr_module/share/open_cr_module/environment/library_path.dsv
[25.785s] -- Symlinking: /home/evan/Documents/algo_gaze_project/install/open_cr_module/share/ament_index/resource_index/package_run_dependencies/open_cr_module
[25.785s] -- Symlinking: /home/evan/Documents/algo_gaze_project/install/open_cr_module/share/ament_index/resource_index/parent_prefix_path/open_cr_module
[25.785s] -- Symlinking: /home/evan/Documents/algo_gaze_project/install/open_cr_module/share/open_cr_module/environment/ament_prefix_path.sh
[25.785s] -- Symlinking: /home/evan/Documents/algo_gaze_project/install/open_cr_module/share/open_cr_module/environment/ament_prefix_path.dsv
[25.785s] -- Symlinking: /home/evan/Documents/algo_gaze_project/install/open_cr_module/share/open_cr_module/environment/path.sh
[25.785s] -- Symlinking: /home/evan/Documents/algo_gaze_project/install/open_cr_module/share/open_cr_module/environment/path.dsv
[25.785s] -- Symlinking: /home/evan/Documents/algo_gaze_project/install/open_cr_module/share/open_cr_module/local_setup.bash
[25.785s] -- Symlinking: /home/evan/Documents/algo_gaze_project/install/open_cr_module/share/open_cr_module/local_setup.sh
[25.785s] -- Symlinking: /home/evan/Documents/algo_gaze_project/install/open_cr_module/share/open_cr_module/local_setup.zsh
[25.785s] -- Symlinking: /home/evan/Documents/algo_gaze_project/install/open_cr_module/share/open_cr_module/local_setup.dsv
[25.786s] -- Symlinking: /home/evan/Documents/algo_gaze_project/install/open_cr_module/share/open_cr_module/package.dsv
[25.786s] -- Symlinking: /home/evan/Documents/algo_gaze_project/install/open_cr_module/share/ament_index/resource_index/packages/open_cr_module
[25.786s] -- Symlinking: /home/evan/Documents/algo_gaze_project/install/open_cr_module/share/open_cr_module/cmake/ament_cmake_export_include_directories-extras.cmake
[25.786s] -- Symlinking: /home/evan/Documents/algo_gaze_project/install/open_cr_module/share/open_cr_module/cmake/ament_cmake_export_libraries-extras.cmake
[25.786s] -- Symlinking: /home/evan/Documents/algo_gaze_project/install/open_cr_module/share/open_cr_module/cmake/ament_cmake_export_dependencies-extras.cmake
[25.786s] -- Symlinking: /home/evan/Documents/algo_gaze_project/install/open_cr_module/share/open_cr_module/cmake/open_cr_moduleConfig.cmake
[25.786s] -- Symlinking: /home/evan/Documents/algo_gaze_project/install/open_cr_module/share/open_cr_module/cmake/open_cr_moduleConfig-version.cmake
[25.786s] -- Symlinking: /home/evan/Documents/algo_gaze_project/install/open_cr_module/share/open_cr_module/package.xml
