-- The C compiler identification is GNU 11.4.0
-- The CXX compiler identification is GNU 11.4.0
-- Detecting C compiler ABI info
-- Detecting C compiler ABI info - done
-- Check for working C compiler: /usr/bin/cc - skipped
-- Detecting C compile features
-- Detecting C compile features - done
-- Detecting CXX compiler ABI info
-- Detecting CXX compiler ABI info - done
-- Check for working CXX compiler: /usr/bin/c++ - skipped
-- Detecting CXX compile features
-- Detecting CXX compile features - done
-- Found ament_cmake: 1.3.14 (/opt/ros/humble/share/ament_cmake/cmake)
-- Found Python3: /usr/bin/python3 (found version "3.10.12") found components: Interpreter 
-- Override CMake install command with custom implementation using symlinks instead of copying resources
-- Found rclcpp: 16.0.19 (/opt/ros/humble/share/rclcpp/cmake)
-- Found rosidl_generator_c: 3.1.8 (/opt/ros/humble/share/rosidl_generator_c/cmake)
-- Found rosidl_adapter: 3.1.8 (/opt/ros/humble/share/rosidl_adapter/cmake)
-- Found rosidl_generator_cpp: 3.1.8 (/opt/ros/humble/share/rosidl_generator_cpp/cmake)
-- Using all available rosidl_typesupport_c: rosidl_typesupport_fastrtps_c;rosidl_typesupport_introspection_c
-- Using all available rosidl_typesupport_cpp: rosidl_typesupport_fastrtps_cpp;rosidl_typesupport_introspection_cpp
-- Found rmw_implementation_cmake: 6.1.2 (/opt/ros/humble/share/rmw_implementation_cmake/cmake)
-- Found rmw_fastrtps_cpp: 6.2.10 (/opt/ros/humble/share/rmw_fastrtps_cpp/cmake)
-- Found OpenSSL: /usr/lib/x86_64-linux-gnu/libcrypto.so (found version "3.0.2")  
-- Found FastRTPS: /opt/ros/humble/include  
-- Using RMW implementation 'rmw_fastrtps_cpp' as default
-- Looking for pthread.h
-- Looking for pthread.h - found
-- Performing Test CMAKE_HAVE_LIBC_PTHREAD
-- Performing Test CMAKE_HAVE_LIBC_PTHREAD - Success
-- Found Threads: TRUE  
-- Found robotis_math: 0.2.6 (/home/evan/Documents/algo_gaze_project/install/robotis_math/share/robotis_math/cmake)
-- Configuring done
-- Generating done
-- Build files have been written to: /home/evan/Documents/algo_gaze_project/build/op3_balance_control
[ 50%] [32mBuilding CXX object CMakeFiles/op3_balance_control.dir/src/op3_balance_control.cpp.o[0m
[100%] [32m[1mLinking CXX shared library libop3_balance_control.so[0m
[100%] Built target op3_balance_control
-- Install configuration: ""
-- Execute custom install script
-- Symlinking: /home/evan/Documents/algo_gaze_project/install/op3_balance_control/lib/libop3_balance_control.so
-- Symlinking: /home/evan/Documents/algo_gaze_project/install/op3_balance_control/include/op3_balance_control/op3_balance_control.h
-- Symlinking: /home/evan/Documents/algo_gaze_project/install/op3_balance_control/share/op3_balance_control/environment/library_path.sh
-- Symlinking: /home/evan/Documents/algo_gaze_project/install/op3_balance_control/share/op3_balance_control/environment/library_path.dsv
-- Symlinking: /home/evan/Documents/algo_gaze_project/install/op3_balance_control/share/ament_index/resource_index/package_run_dependencies/op3_balance_control
-- Symlinking: /home/evan/Documents/algo_gaze_project/install/op3_balance_control/share/ament_index/resource_index/parent_prefix_path/op3_balance_control
-- Symlinking: /home/evan/Documents/algo_gaze_project/install/op3_balance_control/share/op3_balance_control/environment/ament_prefix_path.sh
-- Symlinking: /home/evan/Documents/algo_gaze_project/install/op3_balance_control/share/op3_balance_control/environment/ament_prefix_path.dsv
-- Symlinking: /home/evan/Documents/algo_gaze_project/install/op3_balance_control/share/op3_balance_control/environment/path.sh
-- Symlinking: /home/evan/Documents/algo_gaze_project/install/op3_balance_control/share/op3_balance_control/environment/path.dsv
-- Symlinking: /home/evan/Documents/algo_gaze_project/install/op3_balance_control/share/op3_balance_control/local_setup.bash
-- Symlinking: /home/evan/Documents/algo_gaze_project/install/op3_balance_control/share/op3_balance_control/local_setup.sh
-- Symlinking: /home/evan/Documents/algo_gaze_project/install/op3_balance_control/share/op3_balance_control/local_setup.zsh
-- Symlinking: /home/evan/Documents/algo_gaze_project/install/op3_balance_control/share/op3_balance_control/local_setup.dsv
-- Symlinking: /home/evan/Documents/algo_gaze_project/install/op3_balance_control/share/op3_balance_control/package.dsv
-- Symlinking: /home/evan/Documents/algo_gaze_project/install/op3_balance_control/share/ament_index/resource_index/packages/op3_balance_control
-- Symlinking: /home/evan/Documents/algo_gaze_project/install/op3_balance_control/share/op3_balance_control/cmake/ament_cmake_export_include_directories-extras.cmake
-- Symlinking: /home/evan/Documents/algo_gaze_project/install/op3_balance_control/share/op3_balance_control/cmake/ament_cmake_export_libraries-extras.cmake
-- Symlinking: /home/evan/Documents/algo_gaze_project/install/op3_balance_control/share/op3_balance_control/cmake/ament_cmake_export_dependencies-extras.cmake
-- Symlinking: /home/evan/Documents/algo_gaze_project/install/op3_balance_control/share/op3_balance_control/cmake/op3_balance_controlConfig.cmake
-- Symlinking: /home/evan/Documents/algo_gaze_project/install/op3_balance_control/share/op3_balance_control/cmake/op3_balance_controlConfig-version.cmake
-- Symlinking: /home/evan/Documents/algo_gaze_project/install/op3_balance_control/share/op3_balance_control/package.xml
