[0.114s] Invoking command in '/home/evan/Documents/algo_gaze_project/build/op3_balance_control': AMENT_PREFIX_PATH=/home/evan/Documents/algo_gaze_project/install/robotis_math:${AMENT_PREFIX_PATH} CMAKE_PREFIX_PATH=/home/evan/Documents/algo_gaze_project/install/robotis_math:/opt/ros/humble LD_LIBRARY_PATH=/home/evan/Documents/algo_gaze_project/install/robotis_math/lib:${LD_LIBRARY_PATH} /usr/bin/cmake /home/evan/Documents/algo_gaze_project/ROBOTIS-OP3/op3_balance_control -DAMENT_CMAKE_SYMLINK_INSTALL=1 -DCMAKE_INSTALL_PREFIX=/home/evan/Documents/algo_gaze_project/install/op3_balance_control
[2.373s] -- The C compiler identification is GNU 11.4.0
[2.373s] -- The CXX compiler identification is GNU 11.4.0
[2.373s] -- Detecting C compiler ABI info
[2.373s] -- Detecting C compiler ABI info - done
[2.373s] -- Check for working C compiler: /usr/bin/cc - skipped
[2.373s] -- Detecting C compile features
[2.373s] -- Detecting C compile features - done
[2.374s] -- Detecting CXX compiler ABI info
[2.374s] -- Detecting CXX compiler ABI info - done
[2.374s] -- Check for working CXX compiler: /usr/bin/c++ - skipped
[2.374s] -- Detecting CXX compile features
[2.374s] -- Detecting CXX compile features - done
[2.374s] -- Found ament_cmake: 1.3.14 (/opt/ros/humble/share/ament_cmake/cmake)
[2.374s] -- Found Python3: /usr/bin/python3 (found version "3.10.12") found components: Interpreter 
[2.374s] -- Override CMake install command with custom implementation using symlinks instead of copying resources
[2.374s] -- Found rclcpp: 16.0.19 (/opt/ros/humble/share/rclcpp/cmake)
[2.374s] -- Found rosidl_generator_c: 3.1.8 (/opt/ros/humble/share/rosidl_generator_c/cmake)
[2.374s] -- Found rosidl_adapter: 3.1.8 (/opt/ros/humble/share/rosidl_adapter/cmake)
[2.376s] -- Found rosidl_generator_cpp: 3.1.8 (/opt/ros/humble/share/rosidl_generator_cpp/cmake)
[2.376s] -- Using all available rosidl_typesupport_c: rosidl_typesupport_fastrtps_c;rosidl_typesupport_introspection_c
[2.376s] -- Using all available rosidl_typesupport_cpp: rosidl_typesupport_fastrtps_cpp;rosidl_typesupport_introspection_cpp
[2.376s] -- Found rmw_implementation_cmake: 6.1.2 (/opt/ros/humble/share/rmw_implementation_cmake/cmake)
[2.376s] -- Found rmw_fastrtps_cpp: 6.2.10 (/opt/ros/humble/share/rmw_fastrtps_cpp/cmake)
[2.377s] -- Found OpenSSL: /usr/lib/x86_64-linux-gnu/libcrypto.so (found version "3.0.2")  
[2.377s] -- Found FastRTPS: /opt/ros/humble/include  
[2.377s] -- Using RMW implementation 'rmw_fastrtps_cpp' as default
[2.377s] -- Looking for pthread.h
[2.377s] -- Looking for pthread.h - found
[2.377s] -- Performing Test CMAKE_HAVE_LIBC_PTHREAD
[2.377s] -- Performing Test CMAKE_HAVE_LIBC_PTHREAD - Success
[2.377s] -- Found Threads: TRUE  
[2.377s] -- Found robotis_math: 0.2.6 (/home/evan/Documents/algo_gaze_project/install/robotis_math/share/robotis_math/cmake)
[2.778s] -- Configuring done
[2.804s] -- Generating done
[2.822s] -- Build files have been written to: /home/evan/Documents/algo_gaze_project/build/op3_balance_control
[2.847s] Invoked command in '/home/evan/Documents/algo_gaze_project/build/op3_balance_control' returned '0': AMENT_PREFIX_PATH=/home/evan/Documents/algo_gaze_project/install/robotis_math:${AMENT_PREFIX_PATH} CMAKE_PREFIX_PATH=/home/evan/Documents/algo_gaze_project/install/robotis_math:/opt/ros/humble LD_LIBRARY_PATH=/home/evan/Documents/algo_gaze_project/install/robotis_math/lib:${LD_LIBRARY_PATH} /usr/bin/cmake /home/evan/Documents/algo_gaze_project/ROBOTIS-OP3/op3_balance_control -DAMENT_CMAKE_SYMLINK_INSTALL=1 -DCMAKE_INSTALL_PREFIX=/home/evan/Documents/algo_gaze_project/install/op3_balance_control
[2.848s] Invoking command in '/home/evan/Documents/algo_gaze_project/build/op3_balance_control': AMENT_PREFIX_PATH=/home/evan/Documents/algo_gaze_project/install/robotis_math:${AMENT_PREFIX_PATH} CMAKE_PREFIX_PATH=/home/evan/Documents/algo_gaze_project/install/robotis_math:/opt/ros/humble LD_LIBRARY_PATH=/home/evan/Documents/algo_gaze_project/install/robotis_math/lib:${LD_LIBRARY_PATH} /usr/bin/cmake --build /home/evan/Documents/algo_gaze_project/build/op3_balance_control -- -j12 -l12
[4.177s] [ 50%] [32mBuilding CXX object CMakeFiles/op3_balance_control.dir/src/op3_balance_control.cpp.o[0m
[11.451s] [100%] [32m[1mLinking CXX shared library libop3_balance_control.so[0m
[11.683s] [100%] Built target op3_balance_control
[11.749s] Invoked command in '/home/evan/Documents/algo_gaze_project/build/op3_balance_control' returned '0': AMENT_PREFIX_PATH=/home/evan/Documents/algo_gaze_project/install/robotis_math:${AMENT_PREFIX_PATH} CMAKE_PREFIX_PATH=/home/evan/Documents/algo_gaze_project/install/robotis_math:/opt/ros/humble LD_LIBRARY_PATH=/home/evan/Documents/algo_gaze_project/install/robotis_math/lib:${LD_LIBRARY_PATH} /usr/bin/cmake --build /home/evan/Documents/algo_gaze_project/build/op3_balance_control -- -j12 -l12
[11.761s] Invoking command in '/home/evan/Documents/algo_gaze_project/build/op3_balance_control': AMENT_PREFIX_PATH=/home/evan/Documents/algo_gaze_project/install/robotis_math:${AMENT_PREFIX_PATH} CMAKE_PREFIX_PATH=/home/evan/Documents/algo_gaze_project/install/robotis_math:/opt/ros/humble LD_LIBRARY_PATH=/home/evan/Documents/algo_gaze_project/install/robotis_math/lib:${LD_LIBRARY_PATH} /usr/bin/cmake --install /home/evan/Documents/algo_gaze_project/build/op3_balance_control
[11.767s] -- Install configuration: ""
[11.768s] -- Execute custom install script
[11.769s] -- Symlinking: /home/evan/Documents/algo_gaze_project/install/op3_balance_control/lib/libop3_balance_control.so
[11.779s] -- Symlinking: /home/evan/Documents/algo_gaze_project/install/op3_balance_control/include/op3_balance_control/op3_balance_control.h
[11.784s] -- Symlinking: /home/evan/Documents/algo_gaze_project/install/op3_balance_control/share/op3_balance_control/environment/library_path.sh
[11.797s] -- Symlinking: /home/evan/Documents/algo_gaze_project/install/op3_balance_control/share/op3_balance_control/environment/library_path.dsv
[11.809s] -- Symlinking: /home/evan/Documents/algo_gaze_project/install/op3_balance_control/share/ament_index/resource_index/package_run_dependencies/op3_balance_control
[11.821s] -- Symlinking: /home/evan/Documents/algo_gaze_project/install/op3_balance_control/share/ament_index/resource_index/parent_prefix_path/op3_balance_control
[11.830s] -- Symlinking: /home/evan/Documents/algo_gaze_project/install/op3_balance_control/share/op3_balance_control/environment/ament_prefix_path.sh
[11.848s] -- Symlinking: /home/evan/Documents/algo_gaze_project/install/op3_balance_control/share/op3_balance_control/environment/ament_prefix_path.dsv
[11.856s] -- Symlinking: /home/evan/Documents/algo_gaze_project/install/op3_balance_control/share/op3_balance_control/environment/path.sh
[11.864s] -- Symlinking: /home/evan/Documents/algo_gaze_project/install/op3_balance_control/share/op3_balance_control/environment/path.dsv
[11.872s] -- Symlinking: /home/evan/Documents/algo_gaze_project/install/op3_balance_control/share/op3_balance_control/local_setup.bash
[11.882s] -- Symlinking: /home/evan/Documents/algo_gaze_project/install/op3_balance_control/share/op3_balance_control/local_setup.sh
[11.889s] -- Symlinking: /home/evan/Documents/algo_gaze_project/install/op3_balance_control/share/op3_balance_control/local_setup.zsh
[11.915s] -- Symlinking: /home/evan/Documents/algo_gaze_project/install/op3_balance_control/share/op3_balance_control/local_setup.dsv
[11.927s] -- Symlinking: /home/evan/Documents/algo_gaze_project/install/op3_balance_control/share/op3_balance_control/package.dsv
[11.949s] -- Symlinking: /home/evan/Documents/algo_gaze_project/install/op3_balance_control/share/ament_index/resource_index/packages/op3_balance_control
[11.967s] -- Symlinking: /home/evan/Documents/algo_gaze_project/install/op3_balance_control/share/op3_balance_control/cmake/ament_cmake_export_include_directories-extras.cmake
[11.991s] -- Symlinking: /home/evan/Documents/algo_gaze_project/install/op3_balance_control/share/op3_balance_control/cmake/ament_cmake_export_libraries-extras.cmake
[12.012s] -- Symlinking: /home/evan/Documents/algo_gaze_project/install/op3_balance_control/share/op3_balance_control/cmake/ament_cmake_export_dependencies-extras.cmake
[12.032s] -- Symlinking: /home/evan/Documents/algo_gaze_project/install/op3_balance_control/share/op3_balance_control/cmake/op3_balance_controlConfig.cmake
[12.053s] -- Symlinking: /home/evan/Documents/algo_gaze_project/install/op3_balance_control/share/op3_balance_control/cmake/op3_balance_controlConfig-version.cmake
[12.074s] -- Symlinking: /home/evan/Documents/algo_gaze_project/install/op3_balance_control/share/op3_balance_control/package.xml
