[0.116s] Invoking command in '/home/evan/Documents/algo_gaze_project/build/op3_offset_tuner_server': AMENT_PREFIX_PATH=/home/evan/Documents/algo_gaze_project/install/robotis_controller:/home/evan/Documents/algo_gaze_project/install/op3_base_module:/home/evan/Documents/algo_gaze_project/install/robotis_framework_common:/home/evan/Documents/algo_gaze_project/install/robotis_device:/home/evan/Documents/algo_gaze_project/install/op3_kinematics_dynamics:/home/evan/Documents/algo_gaze_project/install/robotis_math:/home/evan/Documents/algo_gaze_project/install/robotis_controller_msgs:/home/evan/Documents/algo_gaze_project/install/op3_offset_tuner_msgs:/home/evan/Documents/algo_gaze_project/install/dynamixel_sdk:${AMENT_PREFIX_PATH} CMAKE_PREFIX_PATH=/home/evan/Documents/algo_gaze_project/install/robotis_controller:/home/evan/Documents/algo_gaze_project/install/op3_base_module:/home/evan/Documents/algo_gaze_project/install/robotis_framework_common:/home/evan/Documents/algo_gaze_project/install/robotis_device:/home/evan/Documents/algo_gaze_project/install/op3_kinematics_dynamics:/home/evan/Documents/algo_gaze_project/install/robotis_math:/home/evan/Documents/algo_gaze_project/install/robotis_controller_msgs:/home/evan/Documents/algo_gaze_project/install/op3_offset_tuner_msgs:/home/evan/Documents/algo_gaze_project/install/dynamixel_sdk:/opt/ros/humble LD_LIBRARY_PATH=/home/evan/Documents/algo_gaze_project/install/robotis_controller/lib:/home/evan/Documents/algo_gaze_project/install/op3_base_module/lib:/home/evan/Documents/algo_gaze_project/install/robotis_device/lib:/home/evan/Documents/algo_gaze_project/install/op3_kinematics_dynamics/lib:/home/evan/Documents/algo_gaze_project/install/robotis_math/lib:/home/evan/Documents/algo_gaze_project/install/robotis_controller_msgs/lib:/home/evan/Documents/algo_gaze_project/install/op3_offset_tuner_msgs/lib:/home/evan/Documents/algo_gaze_project/install/dynamixel_sdk/lib:${LD_LIBRARY_PATH} PYTHONPATH=/home/evan/Documents/algo_gaze_project/install/robotis_controller_msgs/local/lib/python3.10/dist-packages:/home/evan/Documents/algo_gaze_project/install/op3_offset_tuner_msgs/local/lib/python3.10/dist-packages:/home/evan/Documents/algo_gaze_project/install/dynamixel_sdk/local/lib/python3.10/dist-packages:${PYTHONPATH} /usr/bin/cmake /home/evan/Documents/algo_gaze_project/ROBOTIS-OP3-Tools/op3_offset_tuner_server -DAMENT_CMAKE_SYMLINK_INSTALL=1 -DCMAKE_INSTALL_PREFIX=/home/evan/Documents/algo_gaze_project/install/op3_offset_tuner_server
[0.172s] -- The C compiler identification is GNU 11.4.0
[0.224s] -- The CXX compiler identification is GNU 11.4.0
[0.232s] -- Detecting C compiler ABI info
[0.305s] -- Detecting C compiler ABI info - done
[0.313s] -- Check for working C compiler: /usr/bin/cc - skipped
[0.314s] -- Detecting C compile features
[0.314s] -- Detecting C compile features - done
[0.318s] -- Detecting CXX compiler ABI info
[0.399s] -- Detecting CXX compiler ABI info - done
[0.410s] -- Check for working CXX compiler: /usr/bin/c++ - skipped
[0.411s] -- Detecting CXX compile features
[0.412s] -- Detecting CXX compile features - done
[0.416s] -- Found ament_cmake: 1.3.14 (/opt/ros/humble/share/ament_cmake/cmake)
[0.620s] -- Found Python3: /usr/bin/python3 (found version "3.10.12") found components: Interpreter 
[0.709s] -- Override CMake install command with custom implementation using symlinks instead of copying resources
[0.751s] -- Found ament_index_cpp: 1.4.1 (/opt/ros/humble/share/ament_index_cpp/cmake)
[0.754s] -- Found rclcpp: 16.0.19 (/opt/ros/humble/share/rclcpp/cmake)
[0.810s] -- Found rosidl_generator_c: 3.1.8 (/opt/ros/humble/share/rosidl_generator_c/cmake)
[0.818s] -- Found rosidl_adapter: 3.1.8 (/opt/ros/humble/share/rosidl_adapter/cmake)
[0.831s] -- Found rosidl_generator_cpp: 3.1.8 (/opt/ros/humble/share/rosidl_generator_cpp/cmake)
[0.848s] -- Using all available rosidl_typesupport_c: rosidl_typesupport_fastrtps_c;rosidl_typesupport_introspection_c
[0.871s] -- Using all available rosidl_typesupport_cpp: rosidl_typesupport_fastrtps_cpp;rosidl_typesupport_introspection_cpp
[0.939s] -- Found rmw_implementation_cmake: 6.1.2 (/opt/ros/humble/share/rmw_implementation_cmake/cmake)
[0.941s] -- Found rmw_fastrtps_cpp: 6.2.10 (/opt/ros/humble/share/rmw_fastrtps_cpp/cmake)
[1.061s] -- Found OpenSSL: /usr/lib/x86_64-linux-gnu/libcrypto.so (found version "3.0.2")  
[1.099s] -- Found FastRTPS: /opt/ros/humble/include  
[1.153s] -- Using RMW implementation 'rmw_fastrtps_cpp' as default
[1.165s] -- Looking for pthread.h
[1.252s] -- Looking for pthread.h - found
[1.252s] -- Performing Test CMAKE_HAVE_LIBC_PTHREAD
[1.343s] -- Performing Test CMAKE_HAVE_LIBC_PTHREAD - Success
[1.345s] -- Found Threads: TRUE  
[1.411s] -- Found op3_offset_tuner_msgs: 0.1.1 (/home/evan/Documents/algo_gaze_project/install/op3_offset_tuner_msgs/share/op3_offset_tuner_msgs/cmake)
[1.432s] -- Found dynamixel_sdk: 3.8.4 (/home/evan/Documents/algo_gaze_project/install/dynamixel_sdk/share/dynamixel_sdk/cmake)
[1.435s] -- Found robotis_controller: 0.2.9 (/home/evan/Documents/algo_gaze_project/install/robotis_controller/share/robotis_controller/cmake)
[1.547s] -- Found robotis_math: 0.2.6 (/home/evan/Documents/algo_gaze_project/install/robotis_math/share/robotis_math/cmake)
[1.560s] -- Found op3_base_module: 0.2.1 (/home/evan/Documents/algo_gaze_project/install/op3_base_module/share/op3_base_module/cmake)
[1.582s] -- Found PkgConfig: /usr/bin/pkg-config (found version "0.29.2") 
[1.583s] -- Checking for module 'yaml-cpp'
[1.612s] --   Found yaml-cpp, version 0.7.0
[1.861s] -- Configuring done
[1.891s] -- Generating done
[1.901s] -- Build files have been written to: /home/evan/Documents/algo_gaze_project/build/op3_offset_tuner_server
[1.934s] Invoked command in '/home/evan/Documents/algo_gaze_project/build/op3_offset_tuner_server' returned '0': AMENT_PREFIX_PATH=/home/evan/Documents/algo_gaze_project/install/robotis_controller:/home/evan/Documents/algo_gaze_project/install/op3_base_module:/home/evan/Documents/algo_gaze_project/install/robotis_framework_common:/home/evan/Documents/algo_gaze_project/install/robotis_device:/home/evan/Documents/algo_gaze_project/install/op3_kinematics_dynamics:/home/evan/Documents/algo_gaze_project/install/robotis_math:/home/evan/Documents/algo_gaze_project/install/robotis_controller_msgs:/home/evan/Documents/algo_gaze_project/install/op3_offset_tuner_msgs:/home/evan/Documents/algo_gaze_project/install/dynamixel_sdk:${AMENT_PREFIX_PATH} CMAKE_PREFIX_PATH=/home/evan/Documents/algo_gaze_project/install/robotis_controller:/home/evan/Documents/algo_gaze_project/install/op3_base_module:/home/evan/Documents/algo_gaze_project/install/robotis_framework_common:/home/evan/Documents/algo_gaze_project/install/robotis_device:/home/evan/Documents/algo_gaze_project/install/op3_kinematics_dynamics:/home/evan/Documents/algo_gaze_project/install/robotis_math:/home/evan/Documents/algo_gaze_project/install/robotis_controller_msgs:/home/evan/Documents/algo_gaze_project/install/op3_offset_tuner_msgs:/home/evan/Documents/algo_gaze_project/install/dynamixel_sdk:/opt/ros/humble LD_LIBRARY_PATH=/home/evan/Documents/algo_gaze_project/install/robotis_controller/lib:/home/evan/Documents/algo_gaze_project/install/op3_base_module/lib:/home/evan/Documents/algo_gaze_project/install/robotis_device/lib:/home/evan/Documents/algo_gaze_project/install/op3_kinematics_dynamics/lib:/home/evan/Documents/algo_gaze_project/install/robotis_math/lib:/home/evan/Documents/algo_gaze_project/install/robotis_controller_msgs/lib:/home/evan/Documents/algo_gaze_project/install/op3_offset_tuner_msgs/lib:/home/evan/Documents/algo_gaze_project/install/dynamixel_sdk/lib:${LD_LIBRARY_PATH} PYTHONPATH=/home/evan/Documents/algo_gaze_project/install/robotis_controller_msgs/local/lib/python3.10/dist-packages:/home/evan/Documents/algo_gaze_project/install/op3_offset_tuner_msgs/local/lib/python3.10/dist-packages:/home/evan/Documents/algo_gaze_project/install/dynamixel_sdk/local/lib/python3.10/dist-packages:${PYTHONPATH} /usr/bin/cmake /home/evan/Documents/algo_gaze_project/ROBOTIS-OP3-Tools/op3_offset_tuner_server -DAMENT_CMAKE_SYMLINK_INSTALL=1 -DCMAKE_INSTALL_PREFIX=/home/evan/Documents/algo_gaze_project/install/op3_offset_tuner_server
[1.941s] Invoking command in '/home/evan/Documents/algo_gaze_project/build/op3_offset_tuner_server': AMENT_PREFIX_PATH=/home/evan/Documents/algo_gaze_project/install/robotis_controller:/home/evan/Documents/algo_gaze_project/install/op3_base_module:/home/evan/Documents/algo_gaze_project/install/robotis_framework_common:/home/evan/Documents/algo_gaze_project/install/robotis_device:/home/evan/Documents/algo_gaze_project/install/op3_kinematics_dynamics:/home/evan/Documents/algo_gaze_project/install/robotis_math:/home/evan/Documents/algo_gaze_project/install/robotis_controller_msgs:/home/evan/Documents/algo_gaze_project/install/op3_offset_tuner_msgs:/home/evan/Documents/algo_gaze_project/install/dynamixel_sdk:${AMENT_PREFIX_PATH} CMAKE_PREFIX_PATH=/home/evan/Documents/algo_gaze_project/install/robotis_controller:/home/evan/Documents/algo_gaze_project/install/op3_base_module:/home/evan/Documents/algo_gaze_project/install/robotis_framework_common:/home/evan/Documents/algo_gaze_project/install/robotis_device:/home/evan/Documents/algo_gaze_project/install/op3_kinematics_dynamics:/home/evan/Documents/algo_gaze_project/install/robotis_math:/home/evan/Documents/algo_gaze_project/install/robotis_controller_msgs:/home/evan/Documents/algo_gaze_project/install/op3_offset_tuner_msgs:/home/evan/Documents/algo_gaze_project/install/dynamixel_sdk:/opt/ros/humble LD_LIBRARY_PATH=/home/evan/Documents/algo_gaze_project/install/robotis_controller/lib:/home/evan/Documents/algo_gaze_project/install/op3_base_module/lib:/home/evan/Documents/algo_gaze_project/install/robotis_device/lib:/home/evan/Documents/algo_gaze_project/install/op3_kinematics_dynamics/lib:/home/evan/Documents/algo_gaze_project/install/robotis_math/lib:/home/evan/Documents/algo_gaze_project/install/robotis_controller_msgs/lib:/home/evan/Documents/algo_gaze_project/install/op3_offset_tuner_msgs/lib:/home/evan/Documents/algo_gaze_project/install/dynamixel_sdk/lib:${LD_LIBRARY_PATH} PYTHONPATH=/home/evan/Documents/algo_gaze_project/install/robotis_controller_msgs/local/lib/python3.10/dist-packages:/home/evan/Documents/algo_gaze_project/install/op3_offset_tuner_msgs/local/lib/python3.10/dist-packages:/home/evan/Documents/algo_gaze_project/install/dynamixel_sdk/local/lib/python3.10/dist-packages:${PYTHONPATH} /usr/bin/cmake --build /home/evan/Documents/algo_gaze_project/build/op3_offset_tuner_server -- -j12 -l12
[2.028s] [ 33%] [32mBuilding CXX object CMakeFiles/offset_tuner_server_node.dir/src/op3_offset_tuner_server.cpp.o[0m
[2.034s] [ 66%] [32mBuilding CXX object CMakeFiles/offset_tuner_server_node.dir/src/main.cpp.o[0m
[17.503s] [100%] [32m[1mLinking CXX executable offset_tuner_server_node[0m
[18.970s] [100%] Built target offset_tuner_server_node
[19.015s] Invoked command in '/home/evan/Documents/algo_gaze_project/build/op3_offset_tuner_server' returned '0': AMENT_PREFIX_PATH=/home/evan/Documents/algo_gaze_project/install/robotis_controller:/home/evan/Documents/algo_gaze_project/install/op3_base_module:/home/evan/Documents/algo_gaze_project/install/robotis_framework_common:/home/evan/Documents/algo_gaze_project/install/robotis_device:/home/evan/Documents/algo_gaze_project/install/op3_kinematics_dynamics:/home/evan/Documents/algo_gaze_project/install/robotis_math:/home/evan/Documents/algo_gaze_project/install/robotis_controller_msgs:/home/evan/Documents/algo_gaze_project/install/op3_offset_tuner_msgs:/home/evan/Documents/algo_gaze_project/install/dynamixel_sdk:${AMENT_PREFIX_PATH} CMAKE_PREFIX_PATH=/home/evan/Documents/algo_gaze_project/install/robotis_controller:/home/evan/Documents/algo_gaze_project/install/op3_base_module:/home/evan/Documents/algo_gaze_project/install/robotis_framework_common:/home/evan/Documents/algo_gaze_project/install/robotis_device:/home/evan/Documents/algo_gaze_project/install/op3_kinematics_dynamics:/home/evan/Documents/algo_gaze_project/install/robotis_math:/home/evan/Documents/algo_gaze_project/install/robotis_controller_msgs:/home/evan/Documents/algo_gaze_project/install/op3_offset_tuner_msgs:/home/evan/Documents/algo_gaze_project/install/dynamixel_sdk:/opt/ros/humble LD_LIBRARY_PATH=/home/evan/Documents/algo_gaze_project/install/robotis_controller/lib:/home/evan/Documents/algo_gaze_project/install/op3_base_module/lib:/home/evan/Documents/algo_gaze_project/install/robotis_device/lib:/home/evan/Documents/algo_gaze_project/install/op3_kinematics_dynamics/lib:/home/evan/Documents/algo_gaze_project/install/robotis_math/lib:/home/evan/Documents/algo_gaze_project/install/robotis_controller_msgs/lib:/home/evan/Documents/algo_gaze_project/install/op3_offset_tuner_msgs/lib:/home/evan/Documents/algo_gaze_project/install/dynamixel_sdk/lib:${LD_LIBRARY_PATH} PYTHONPATH=/home/evan/Documents/algo_gaze_project/install/robotis_controller_msgs/local/lib/python3.10/dist-packages:/home/evan/Documents/algo_gaze_project/install/op3_offset_tuner_msgs/local/lib/python3.10/dist-packages:/home/evan/Documents/algo_gaze_project/install/dynamixel_sdk/local/lib/python3.10/dist-packages:${PYTHONPATH} /usr/bin/cmake --build /home/evan/Documents/algo_gaze_project/build/op3_offset_tuner_server -- -j12 -l12
[19.016s] Invoking command in '/home/evan/Documents/algo_gaze_project/build/op3_offset_tuner_server': AMENT_PREFIX_PATH=/home/evan/Documents/algo_gaze_project/install/robotis_controller:/home/evan/Documents/algo_gaze_project/install/op3_base_module:/home/evan/Documents/algo_gaze_project/install/robotis_framework_common:/home/evan/Documents/algo_gaze_project/install/robotis_device:/home/evan/Documents/algo_gaze_project/install/op3_kinematics_dynamics:/home/evan/Documents/algo_gaze_project/install/robotis_math:/home/evan/Documents/algo_gaze_project/install/robotis_controller_msgs:/home/evan/Documents/algo_gaze_project/install/op3_offset_tuner_msgs:/home/evan/Documents/algo_gaze_project/install/dynamixel_sdk:${AMENT_PREFIX_PATH} CMAKE_PREFIX_PATH=/home/evan/Documents/algo_gaze_project/install/robotis_controller:/home/evan/Documents/algo_gaze_project/install/op3_base_module:/home/evan/Documents/algo_gaze_project/install/robotis_framework_common:/home/evan/Documents/algo_gaze_project/install/robotis_device:/home/evan/Documents/algo_gaze_project/install/op3_kinematics_dynamics:/home/evan/Documents/algo_gaze_project/install/robotis_math:/home/evan/Documents/algo_gaze_project/install/robotis_controller_msgs:/home/evan/Documents/algo_gaze_project/install/op3_offset_tuner_msgs:/home/evan/Documents/algo_gaze_project/install/dynamixel_sdk:/opt/ros/humble LD_LIBRARY_PATH=/home/evan/Documents/algo_gaze_project/install/robotis_controller/lib:/home/evan/Documents/algo_gaze_project/install/op3_base_module/lib:/home/evan/Documents/algo_gaze_project/install/robotis_device/lib:/home/evan/Documents/algo_gaze_project/install/op3_kinematics_dynamics/lib:/home/evan/Documents/algo_gaze_project/install/robotis_math/lib:/home/evan/Documents/algo_gaze_project/install/robotis_controller_msgs/lib:/home/evan/Documents/algo_gaze_project/install/op3_offset_tuner_msgs/lib:/home/evan/Documents/algo_gaze_project/install/dynamixel_sdk/lib:${LD_LIBRARY_PATH} PYTHONPATH=/home/evan/Documents/algo_gaze_project/install/robotis_controller_msgs/local/lib/python3.10/dist-packages:/home/evan/Documents/algo_gaze_project/install/op3_offset_tuner_msgs/local/lib/python3.10/dist-packages:/home/evan/Documents/algo_gaze_project/install/dynamixel_sdk/local/lib/python3.10/dist-packages:${PYTHONPATH} /usr/bin/cmake --install /home/evan/Documents/algo_gaze_project/build/op3_offset_tuner_server
[19.021s] -- Install configuration: ""
[19.022s] -- Execute custom install script
[19.022s] -- Symlinking: /home/evan/Documents/algo_gaze_project/install/op3_offset_tuner_server/lib/op3_offset_tuner_server/offset_tuner_server_node
[19.029s] -- Symlinking: /home/evan/Documents/algo_gaze_project/install/op3_offset_tuner_server/include/op3_offset_tuner_server/op3_offset_tuner_server.h
[19.038s] -- Symlinking: /home/evan/Documents/algo_gaze_project/install/op3_offset_tuner_server/share/op3_offset_tuner_server/launch/launch/op3_offset_tuner_server.launch.xml
[19.045s] -- Symlinking: /home/evan/Documents/algo_gaze_project/install/op3_offset_tuner_server/share/ament_index/resource_index/package_run_dependencies/op3_offset_tuner_server
[19.053s] -- Symlinking: /home/evan/Documents/algo_gaze_project/install/op3_offset_tuner_server/share/ament_index/resource_index/parent_prefix_path/op3_offset_tuner_server
[19.062s] -- Symlinking: /home/evan/Documents/algo_gaze_project/install/op3_offset_tuner_server/share/op3_offset_tuner_server/environment/ament_prefix_path.sh
[19.069s] -- Symlinking: /home/evan/Documents/algo_gaze_project/install/op3_offset_tuner_server/share/op3_offset_tuner_server/environment/ament_prefix_path.dsv
[19.075s] -- Symlinking: /home/evan/Documents/algo_gaze_project/install/op3_offset_tuner_server/share/op3_offset_tuner_server/environment/path.sh
[19.084s] -- Symlinking: /home/evan/Documents/algo_gaze_project/install/op3_offset_tuner_server/share/op3_offset_tuner_server/environment/path.dsv
[19.091s] -- Symlinking: /home/evan/Documents/algo_gaze_project/install/op3_offset_tuner_server/share/op3_offset_tuner_server/local_setup.bash
[19.099s] -- Symlinking: /home/evan/Documents/algo_gaze_project/install/op3_offset_tuner_server/share/op3_offset_tuner_server/local_setup.sh
[19.106s] -- Symlinking: /home/evan/Documents/algo_gaze_project/install/op3_offset_tuner_server/share/op3_offset_tuner_server/local_setup.zsh
[19.113s] -- Symlinking: /home/evan/Documents/algo_gaze_project/install/op3_offset_tuner_server/share/op3_offset_tuner_server/local_setup.dsv
[19.122s] -- Symlinking: /home/evan/Documents/algo_gaze_project/install/op3_offset_tuner_server/share/op3_offset_tuner_server/package.dsv
[19.128s] -- Symlinking: /home/evan/Documents/algo_gaze_project/install/op3_offset_tuner_server/share/ament_index/resource_index/packages/op3_offset_tuner_server
[19.137s] -- Symlinking: /home/evan/Documents/algo_gaze_project/install/op3_offset_tuner_server/share/op3_offset_tuner_server/cmake/op3_offset_tuner_serverConfig.cmake
[19.145s] -- Symlinking: /home/evan/Documents/algo_gaze_project/install/op3_offset_tuner_server/share/op3_offset_tuner_server/cmake/op3_offset_tuner_serverConfig-version.cmake
[19.152s] -- Symlinking: /home/evan/Documents/algo_gaze_project/install/op3_offset_tuner_server/share/op3_offset_tuner_server/package.xml
[19.161s] Invoked command in '/home/evan/Documents/algo_gaze_project/build/op3_offset_tuner_server' returned '0': AMENT_PREFIX_PATH=/home/evan/Documents/algo_gaze_project/install/robotis_controller:/home/evan/Documents/algo_gaze_project/install/op3_base_module:/home/evan/Documents/algo_gaze_project/install/robotis_framework_common:/home/evan/Documents/algo_gaze_project/install/robotis_device:/home/evan/Documents/algo_gaze_project/install/op3_kinematics_dynamics:/home/evan/Documents/algo_gaze_project/install/robotis_math:/home/evan/Documents/algo_gaze_project/install/robotis_controller_msgs:/home/evan/Documents/algo_gaze_project/install/op3_offset_tuner_msgs:/home/evan/Documents/algo_gaze_project/install/dynamixel_sdk:${AMENT_PREFIX_PATH} CMAKE_PREFIX_PATH=/home/evan/Documents/algo_gaze_project/install/robotis_controller:/home/evan/Documents/algo_gaze_project/install/op3_base_module:/home/evan/Documents/algo_gaze_project/install/robotis_framework_common:/home/evan/Documents/algo_gaze_project/install/robotis_device:/home/evan/Documents/algo_gaze_project/install/op3_kinematics_dynamics:/home/evan/Documents/algo_gaze_project/install/robotis_math:/home/evan/Documents/algo_gaze_project/install/robotis_controller_msgs:/home/evan/Documents/algo_gaze_project/install/op3_offset_tuner_msgs:/home/evan/Documents/algo_gaze_project/install/dynamixel_sdk:/opt/ros/humble LD_LIBRARY_PATH=/home/evan/Documents/algo_gaze_project/install/robotis_controller/lib:/home/evan/Documents/algo_gaze_project/install/op3_base_module/lib:/home/evan/Documents/algo_gaze_project/install/robotis_device/lib:/home/evan/Documents/algo_gaze_project/install/op3_kinematics_dynamics/lib:/home/evan/Documents/algo_gaze_project/install/robotis_math/lib:/home/evan/Documents/algo_gaze_project/install/robotis_controller_msgs/lib:/home/evan/Documents/algo_gaze_project/install/op3_offset_tuner_msgs/lib:/home/evan/Documents/algo_gaze_project/install/dynamixel_sdk/lib:${LD_LIBRARY_PATH} PYTHONPATH=/home/evan/Documents/algo_gaze_project/install/robotis_controller_msgs/local/lib/python3.10/dist-packages:/home/evan/Documents/algo_gaze_project/install/op3_offset_tuner_msgs/local/lib/python3.10/dist-packages:/home/evan/Documents/algo_gaze_project/install/dynamixel_sdk/local/lib/python3.10/dist-packages:${PYTHONPATH} /usr/bin/cmake --install /home/evan/Documents/algo_gaze_project/build/op3_offset_tuner_server
