[0.031s] Invoking command in '/home/evan/Documents/algo_gaze_project/build/op3_action_module_msgs': CMAKE_PREFIX_PATH=/opt/ros/humble /usr/bin/cmake /home/evan/Documents/algo_gaze_project/ROBOTIS-OP3-msgs/op3_action_module_msgs -DAMENT_CMAKE_SYMLINK_INSTALL=1 -DCMAKE_INSTALL_PREFIX=/home/evan/Documents/algo_gaze_project/install/op3_action_module_msgs
[0.108s] -- The C compiler identification is GNU 11.4.0
[0.203s] -- The CXX compiler identification is GNU 11.4.0
[0.212s] -- Detecting C compiler ABI info
[0.317s] -- Detecting C compiler ABI info - done
[0.328s] -- Check for working C compiler: /usr/bin/cc - skipped
[0.329s] -- Detecting C compile features
[0.331s] -- Detecting C compile features - done
[0.334s] -- Detecting CXX compiler ABI info
[0.455s] -- Detecting CXX compiler ABI info - done
[0.464s] -- Check for working CXX compiler: /usr/bin/c++ - skipped
[0.464s] -- Detecting CXX compile features
[0.464s] -- Detecting CXX compile features - done
[0.466s] -- Found ament_cmake: 1.3.14 (/opt/ros/humble/share/ament_cmake/cmake)
[0.680s] -- Found Python3: /usr/bin/python3 (found version "3.10.12") found components: Interpreter 
[0.762s] -- Override CMake install command with custom implementation using symlinks instead of copying resources
[0.791s] -- Found std_msgs: 4.9.1 (/opt/ros/humble/share/std_msgs/cmake)
[0.829s] -- Found rosidl_generator_c: 3.1.8 (/opt/ros/humble/share/rosidl_generator_c/cmake)
[0.833s] -- Found rosidl_adapter: 3.1.8 (/opt/ros/humble/share/rosidl_adapter/cmake)
[0.842s] -- Found rosidl_generator_cpp: 3.1.8 (/opt/ros/humble/share/rosidl_generator_cpp/cmake)
[0.855s] -- Using all available rosidl_typesupport_c: rosidl_typesupport_fastrtps_c;rosidl_typesupport_introspection_c
[0.873s] -- Using all available rosidl_typesupport_cpp: rosidl_typesupport_fastrtps_cpp;rosidl_typesupport_introspection_cpp
[0.905s] -- Found rosidl_default_generators: 1.2.1 (/opt/ros/humble/share/rosidl_default_generators/cmake)
[1.479s] -- Found ament_cmake_ros: 0.10.0 (/opt/ros/humble/share/ament_cmake_ros/cmake)
[2.435s] -- Using all available rosidl_typesupport_c: rosidl_typesupport_fastrtps_c;rosidl_typesupport_introspection_c
[3.193s] -- Using all available rosidl_typesupport_cpp: rosidl_typesupport_fastrtps_cpp;rosidl_typesupport_introspection_cpp
[3.268s] -- Found PythonInterp: /usr/bin/python3 (found suitable version "3.10.12", minimum required is "3.6") 
[3.278s] -- Found python_cmake_module: 0.10.0 (/opt/ros/humble/share/python_cmake_module/cmake)
[3.347s] -- Found PythonLibs: /usr/lib/x86_64-linux-gnu/libpython3.10.so (found suitable version "3.10.12", minimum required is "3.5") 
[3.359s] -- Using PYTHON_EXECUTABLE: /usr/bin/python3
[3.359s] -- Using PYTHON_INCLUDE_DIRS: /usr/include/python3.10
[3.359s] -- Using PYTHON_LIBRARIES: /usr/lib/x86_64-linux-gnu/libpython3.10.so
[3.407s] -- Found PythonExtra: .so  
[3.860s] -- Configuring done
[3.989s] -- Generating done
[4.043s] -- Build files have been written to: /home/evan/Documents/algo_gaze_project/build/op3_action_module_msgs
[4.084s] Invoked command in '/home/evan/Documents/algo_gaze_project/build/op3_action_module_msgs' returned '0': CMAKE_PREFIX_PATH=/opt/ros/humble /usr/bin/cmake /home/evan/Documents/algo_gaze_project/ROBOTIS-OP3-msgs/op3_action_module_msgs -DAMENT_CMAKE_SYMLINK_INSTALL=1 -DCMAKE_INSTALL_PREFIX=/home/evan/Documents/algo_gaze_project/install/op3_action_module_msgs
[4.085s] Invoking command in '/home/evan/Documents/algo_gaze_project/build/op3_action_module_msgs': CMAKE_PREFIX_PATH=/opt/ros/humble /usr/bin/cmake --build /home/evan/Documents/algo_gaze_project/build/op3_action_module_msgs -- -j12 -l12
[6.238s] [  2%] [34m[1mGenerating C code for ROS interfaces[0m
[6.238s] [  5%] [34m[1mGenerating C++ code for ROS interfaces[0m
[6.239s] [  7%] [34m[1mGenerating Rust code for ROS interfaces[0m
[6.239s] [  7%] Built target ament_cmake_python_symlink_op3_action_module_msgs
[6.239s] [  7%] Built target op3_action_module_msgs__cpp
[6.239s] [ 10%] [34m[1mGenerating C++ type support dispatch for ROS interfaces[0m
[6.239s] [ 12%] [34m[1mGenerating C++ type support for eProsima Fast-RTPS[0m
[6.240s] [ 15%] [34m[1mGenerating C++ introspection for ROS interfaces[0m
[6.240s] running egg_info
[6.240s] creating op3_action_module_msgs.egg-info
[6.240s] writing op3_action_module_msgs.egg-info/PKG-INFO
[6.241s] writing dependency_links to op3_action_module_msgs.egg-info/dependency_links.txt
[6.259s] writing top-level names to op3_action_module_msgs.egg-info/top_level.txt
[6.260s] writing manifest file 'op3_action_module_msgs.egg-info/SOURCES.txt'
[6.260s] reading manifest file 'op3_action_module_msgs.egg-info/SOURCES.txt'
[6.260s] writing manifest file 'op3_action_module_msgs.egg-info/SOURCES.txt'
[6.260s] [ 15%] Built target op3_action_module_msgs__rs
[6.260s] [ 15%] Built target ament_cmake_python_build_op3_action_module_msgs_egg
[6.682s] [ 17%] [32mBuilding C object CMakeFiles/op3_action_module_msgs__rosidl_generator_c.dir/rosidl_generator_c/op3_action_module_msgs/srv/detail/is_running__functions.c.o[0m
[6.706s] [ 20%] [32mBuilding C object CMakeFiles/op3_action_module_msgs__rosidl_generator_c.dir/rosidl_generator_c/op3_action_module_msgs/msg/detail/start_action__functions.c.o[0m
[7.070s] [ 22%] [32m[1mLinking C shared library libop3_action_module_msgs__rosidl_generator_c.so[0m
[7.345s] [ 22%] Built target op3_action_module_msgs__rosidl_generator_c
[7.464s] [ 25%] [34m[1mGenerating C introspection for ROS interfaces[0m
[7.465s] [ 27%] [34m[1mGenerating C type support dispatch for ROS interfaces[0m
[7.465s] [ 30%] [34m[1mGenerating C type support for eProsima Fast-RTPS[0m
[7.676s] [ 32%] [32mBuilding CXX object CMakeFiles/op3_action_module_msgs__rosidl_typesupport_fastrtps_cpp.dir/rosidl_typesupport_fastrtps_cpp/op3_action_module_msgs/msg/detail/dds_fastrtps/start_action__type_support.cpp.o[0m
[7.690s] [ 35%] [32mBuilding CXX object CMakeFiles/op3_action_module_msgs__rosidl_typesupport_fastrtps_cpp.dir/rosidl_typesupport_fastrtps_cpp/op3_action_module_msgs/srv/detail/dds_fastrtps/is_running__type_support.cpp.o[0m
[7.806s] [ 37%] [32mBuilding CXX object CMakeFiles/op3_action_module_msgs__rosidl_typesupport_cpp.dir/rosidl_typesupport_cpp/op3_action_module_msgs/msg/start_action__type_support.cpp.o[0m
[7.820s] [ 40%] [32mBuilding CXX object CMakeFiles/op3_action_module_msgs__rosidl_typesupport_cpp.dir/rosidl_typesupport_cpp/op3_action_module_msgs/srv/is_running__type_support.cpp.o[0m
[8.031s] [ 42%] [32mBuilding CXX object CMakeFiles/op3_action_module_msgs__rosidl_typesupport_introspection_cpp.dir/rosidl_typesupport_introspection_cpp/op3_action_module_msgs/msg/detail/start_action__type_support.cpp.o[0m
[8.039s] [ 45%] [32mBuilding CXX object CMakeFiles/op3_action_module_msgs__rosidl_typesupport_introspection_cpp.dir/rosidl_typesupport_introspection_cpp/op3_action_module_msgs/srv/detail/is_running__type_support.cpp.o[0m
[9.579s] [ 47%] [32mBuilding CXX object CMakeFiles/op3_action_module_msgs__rosidl_typesupport_fastrtps_c.dir/rosidl_typesupport_fastrtps_c/op3_action_module_msgs/srv/detail/is_running__type_support_c.cpp.o[0m
[9.585s] [ 50%] [32mBuilding CXX object CMakeFiles/op3_action_module_msgs__rosidl_typesupport_fastrtps_c.dir/rosidl_typesupport_fastrtps_c/op3_action_module_msgs/msg/detail/start_action__type_support_c.cpp.o[0m
[10.559s] [ 52%] [32mBuilding CXX object CMakeFiles/op3_action_module_msgs__rosidl_typesupport_c.dir/rosidl_typesupport_c/op3_action_module_msgs/msg/start_action__type_support.cpp.o[0m
[10.654s] [ 55%] [32m[1mLinking CXX shared library libop3_action_module_msgs__rosidl_typesupport_cpp.so[0m
[10.805s] [ 57%] [32mBuilding CXX object CMakeFiles/op3_action_module_msgs__rosidl_typesupport_c.dir/rosidl_typesupport_c/op3_action_module_msgs/srv/is_running__type_support.cpp.o[0m
[10.870s] [ 60%] [32mBuilding C object CMakeFiles/op3_action_module_msgs__rosidl_typesupport_introspection_c.dir/rosidl_typesupport_introspection_c/op3_action_module_msgs/msg/detail/start_action__type_support.c.o[0m
[11.053s] [ 60%] Built target op3_action_module_msgs__rosidl_typesupport_cpp
[11.093s] [ 62%] [32m[1mLinking CXX shared library libop3_action_module_msgs__rosidl_typesupport_c.so[0m
[11.173s] [ 65%] [32mBuilding C object CMakeFiles/op3_action_module_msgs__rosidl_typesupport_introspection_c.dir/rosidl_typesupport_introspection_c/op3_action_module_msgs/srv/detail/is_running__type_support.c.o[0m
[11.451s] [ 67%] [32m[1mLinking C shared library libop3_action_module_msgs__rosidl_typesupport_introspection_c.so[0m
[11.605s] [ 67%] Built target op3_action_module_msgs__rosidl_typesupport_c
[11.720s] [ 67%] Built target op3_action_module_msgs__rosidl_typesupport_introspection_c
[12.081s] [ 70%] [32m[1mLinking CXX shared library libop3_action_module_msgs__rosidl_typesupport_introspection_cpp.so[0m
[12.904s] [ 70%] Built target op3_action_module_msgs__rosidl_typesupport_introspection_cpp
[12.908s] [ 72%] [32m[1mLinking CXX shared library libop3_action_module_msgs__rosidl_typesupport_fastrtps_cpp.so[0m
[13.308s] [ 75%] [32m[1mLinking CXX shared library libop3_action_module_msgs__rosidl_typesupport_fastrtps_c.so[0m
[13.377s] [ 75%] Built target op3_action_module_msgs__rosidl_typesupport_fastrtps_cpp
[13.929s] [ 75%] Built target op3_action_module_msgs__rosidl_typesupport_fastrtps_c
[14.027s] [ 75%] Built target op3_action_module_msgs
[14.133s] [ 77%] [34m[1mGenerating Python code for ROS interfaces[0m
[16.549s] [ 77%] Built target op3_action_module_msgs__py
[16.626s] [ 80%] [32mBuilding C object CMakeFiles/op3_action_module_msgs__rosidl_generator_py.dir/rosidl_generator_py/op3_action_module_msgs/msg/_start_action_s.c.o[0m
[17.030s] [ 82%] [32mBuilding C object CMakeFiles/op3_action_module_msgs__rosidl_generator_py.dir/rosidl_generator_py/op3_action_module_msgs/srv/_is_running_s.c.o[0m
[17.164s] [ 85%] [32m[1mLinking C shared library rosidl_generator_py/op3_action_module_msgs/libop3_action_module_msgs__rosidl_generator_py.so[0m
[17.257s] [ 85%] Built target op3_action_module_msgs__rosidl_generator_py
[17.314s] [ 87%] [32mBuilding C object CMakeFiles/op3_action_module_msgs__rosidl_typesupport_fastrtps_c__pyext.dir/rosidl_generator_py/op3_action_module_msgs/_op3_action_module_msgs_s.ep.rosidl_typesupport_fastrtps_c.c.o[0m
[17.696s] [ 90%] [32m[1mLinking C shared library rosidl_generator_py/op3_action_module_msgs/op3_action_module_msgs_s__rosidl_typesupport_fastrtps_c.cpython-310-x86_64-linux-gnu.so[0m
[17.820s] [ 90%] Built target op3_action_module_msgs__rosidl_typesupport_fastrtps_c__pyext
[17.896s] [ 92%] [32mBuilding C object CMakeFiles/op3_action_module_msgs__rosidl_typesupport_c__pyext.dir/rosidl_generator_py/op3_action_module_msgs/_op3_action_module_msgs_s.ep.rosidl_typesupport_c.c.o[0m
[18.306s] [ 95%] [32m[1mLinking C shared library rosidl_generator_py/op3_action_module_msgs/op3_action_module_msgs_s__rosidl_typesupport_c.cpython-310-x86_64-linux-gnu.so[0m
[18.422s] [ 95%] Built target op3_action_module_msgs__rosidl_typesupport_c__pyext
[18.465s] [ 97%] [32mBuilding C object CMakeFiles/op3_action_module_msgs__rosidl_typesupport_introspection_c__pyext.dir/rosidl_generator_py/op3_action_module_msgs/_op3_action_module_msgs_s.ep.rosidl_typesupport_introspection_c.c.o[0m
[18.684s] [100%] [32m[1mLinking C shared library rosidl_generator_py/op3_action_module_msgs/op3_action_module_msgs_s__rosidl_typesupport_introspection_c.cpython-310-x86_64-linux-gnu.so[0m
[18.811s] [100%] Built target op3_action_module_msgs__rosidl_typesupport_introspection_c__pyext
[18.852s] Invoked command in '/home/evan/Documents/algo_gaze_project/build/op3_action_module_msgs' returned '0': CMAKE_PREFIX_PATH=/opt/ros/humble /usr/bin/cmake --build /home/evan/Documents/algo_gaze_project/build/op3_action_module_msgs -- -j12 -l12
[18.853s] Invoking command in '/home/evan/Documents/algo_gaze_project/build/op3_action_module_msgs': CMAKE_PREFIX_PATH=/opt/ros/humble /usr/bin/cmake --install /home/evan/Documents/algo_gaze_project/build/op3_action_module_msgs
[23.800s] -- Install configuration: ""
[23.800s] -- Execute custom install script
[23.800s] -- Symlinking: /home/evan/Documents/algo_gaze_project/install/op3_action_module_msgs/share/ament_index/resource_index/rosidl_interfaces/op3_action_module_msgs
[23.800s] -- Symlinking: /home/evan/Documents/algo_gaze_project/install/op3_action_module_msgs/include/op3_action_module_msgs/op3_action_module_msgs/msg/detail/start_action__functions.h
[23.800s] -- Symlinking: /home/evan/Documents/algo_gaze_project/install/op3_action_module_msgs/include/op3_action_module_msgs/op3_action_module_msgs/msg/detail/start_action__struct.h
[23.800s] -- Symlinking: /home/evan/Documents/algo_gaze_project/install/op3_action_module_msgs/include/op3_action_module_msgs/op3_action_module_msgs/msg/detail/start_action__type_support.h
[23.800s] -- Symlinking: /home/evan/Documents/algo_gaze_project/install/op3_action_module_msgs/include/op3_action_module_msgs/op3_action_module_msgs/msg/rosidl_generator_c__visibility_control.h
[23.801s] -- Symlinking: /home/evan/Documents/algo_gaze_project/install/op3_action_module_msgs/include/op3_action_module_msgs/op3_action_module_msgs/msg/start_action.h
[23.801s] -- Symlinking: /home/evan/Documents/algo_gaze_project/install/op3_action_module_msgs/include/op3_action_module_msgs/op3_action_module_msgs/srv/detail/is_running__functions.h
[23.801s] -- Symlinking: /home/evan/Documents/algo_gaze_project/install/op3_action_module_msgs/include/op3_action_module_msgs/op3_action_module_msgs/srv/detail/is_running__struct.h
[23.801s] -- Symlinking: /home/evan/Documents/algo_gaze_project/install/op3_action_module_msgs/include/op3_action_module_msgs/op3_action_module_msgs/srv/detail/is_running__type_support.h
[23.801s] -- Symlinking: /home/evan/Documents/algo_gaze_project/install/op3_action_module_msgs/include/op3_action_module_msgs/op3_action_module_msgs/srv/is_running.h
[23.807s] -- Symlinking: /home/evan/Documents/algo_gaze_project/install/op3_action_module_msgs/share/op3_action_module_msgs/environment/library_path.sh
[23.807s] -- Symlinking: /home/evan/Documents/algo_gaze_project/install/op3_action_module_msgs/share/op3_action_module_msgs/environment/library_path.dsv
[23.807s] -- Symlinking: /home/evan/Documents/algo_gaze_project/install/op3_action_module_msgs/include/op3_action_module_msgs/op3_action_module_msgs/msg/detail/start_action__rosidl_typesupport_fastrtps_c.h
[23.807s] -- Symlinking: /home/evan/Documents/algo_gaze_project/install/op3_action_module_msgs/include/op3_action_module_msgs/op3_action_module_msgs/msg/rosidl_typesupport_fastrtps_c__visibility_control.h
[23.807s] -- Symlinking: /home/evan/Documents/algo_gaze_project/install/op3_action_module_msgs/include/op3_action_module_msgs/op3_action_module_msgs/srv/detail/is_running__rosidl_typesupport_fastrtps_c.h
[23.807s] -- Symlinking: /home/evan/Documents/algo_gaze_project/install/op3_action_module_msgs/include/op3_action_module_msgs/op3_action_module_msgs/msg/detail/start_action__builder.hpp
[23.807s] -- Symlinking: /home/evan/Documents/algo_gaze_project/install/op3_action_module_msgs/include/op3_action_module_msgs/op3_action_module_msgs/msg/detail/start_action__struct.hpp
[23.807s] -- Symlinking: /home/evan/Documents/algo_gaze_project/install/op3_action_module_msgs/include/op3_action_module_msgs/op3_action_module_msgs/msg/detail/start_action__traits.hpp
[23.807s] -- Symlinking: /home/evan/Documents/algo_gaze_project/install/op3_action_module_msgs/include/op3_action_module_msgs/op3_action_module_msgs/msg/detail/start_action__type_support.hpp
[23.807s] -- Symlinking: /home/evan/Documents/algo_gaze_project/install/op3_action_module_msgs/include/op3_action_module_msgs/op3_action_module_msgs/msg/rosidl_generator_cpp__visibility_control.hpp
[23.807s] -- Symlinking: /home/evan/Documents/algo_gaze_project/install/op3_action_module_msgs/include/op3_action_module_msgs/op3_action_module_msgs/msg/start_action.hpp
[23.807s] -- Symlinking: /home/evan/Documents/algo_gaze_project/install/op3_action_module_msgs/include/op3_action_module_msgs/op3_action_module_msgs/srv/detail/is_running__builder.hpp
[23.807s] -- Symlinking: /home/evan/Documents/algo_gaze_project/install/op3_action_module_msgs/include/op3_action_module_msgs/op3_action_module_msgs/srv/detail/is_running__struct.hpp
[23.807s] -- Symlinking: /home/evan/Documents/algo_gaze_project/install/op3_action_module_msgs/include/op3_action_module_msgs/op3_action_module_msgs/srv/detail/is_running__traits.hpp
[23.807s] -- Symlinking: /home/evan/Documents/algo_gaze_project/install/op3_action_module_msgs/include/op3_action_module_msgs/op3_action_module_msgs/srv/detail/is_running__type_support.hpp
[23.808s] -- Symlinking: /home/evan/Documents/algo_gaze_project/install/op3_action_module_msgs/include/op3_action_module_msgs/op3_action_module_msgs/srv/is_running.hpp
[23.808s] -- Symlinking: /home/evan/Documents/algo_gaze_project/install/op3_action_module_msgs/include/op3_action_module_msgs/op3_action_module_msgs/msg/detail/start_action__rosidl_typesupport_fastrtps_cpp.hpp
[23.808s] -- Symlinking: /home/evan/Documents/algo_gaze_project/install/op3_action_module_msgs/include/op3_action_module_msgs/op3_action_module_msgs/msg/rosidl_typesupport_fastrtps_cpp__visibility_control.h
[23.808s] -- Symlinking: /home/evan/Documents/algo_gaze_project/install/op3_action_module_msgs/include/op3_action_module_msgs/op3_action_module_msgs/srv/detail/is_running__rosidl_typesupport_fastrtps_cpp.hpp
[23.808s] -- Symlinking: /home/evan/Documents/algo_gaze_project/install/op3_action_module_msgs/include/op3_action_module_msgs/op3_action_module_msgs/msg/detail/start_action__rosidl_typesupport_introspection_c.h
[23.808s] -- Symlinking: /home/evan/Documents/algo_gaze_project/install/op3_action_module_msgs/include/op3_action_module_msgs/op3_action_module_msgs/msg/rosidl_typesupport_introspection_c__visibility_control.h
[23.808s] -- Symlinking: /home/evan/Documents/algo_gaze_project/install/op3_action_module_msgs/include/op3_action_module_msgs/op3_action_module_msgs/srv/detail/is_running__rosidl_typesupport_introspection_c.h
[23.808s] -- Symlinking: /home/evan/Documents/algo_gaze_project/install/op3_action_module_msgs/include/op3_action_module_msgs/op3_action_module_msgs/msg/detail/start_action__rosidl_typesupport_introspection_cpp.hpp
[23.808s] -- Symlinking: /home/evan/Documents/algo_gaze_project/install/op3_action_module_msgs/include/op3_action_module_msgs/op3_action_module_msgs/srv/detail/is_running__rosidl_typesupport_introspection_cpp.hpp
[23.808s] -- Symlinking: /home/evan/Documents/algo_gaze_project/install/op3_action_module_msgs/share/op3_action_module_msgs/environment/pythonpath.sh
[23.808s] -- Symlinking: /home/evan/Documents/algo_gaze_project/install/op3_action_module_msgs/share/op3_action_module_msgs/environment/pythonpath.dsv
[23.808s] -- Symlinking: /home/evan/Documents/algo_gaze_project/install/op3_action_module_msgs/local/lib/python3.10/dist-packages/op3_action_module_msgs-0.1.1-py3.10.egg-info/PKG-INFO
[23.808s] -- Symlinking: /home/evan/Documents/algo_gaze_project/install/op3_action_module_msgs/local/lib/python3.10/dist-packages/op3_action_module_msgs-0.1.1-py3.10.egg-info/SOURCES.txt
[23.808s] -- Symlinking: /home/evan/Documents/algo_gaze_project/install/op3_action_module_msgs/local/lib/python3.10/dist-packages/op3_action_module_msgs-0.1.1-py3.10.egg-info/dependency_links.txt
[23.808s] -- Symlinking: /home/evan/Documents/algo_gaze_project/install/op3_action_module_msgs/local/lib/python3.10/dist-packages/op3_action_module_msgs-0.1.1-py3.10.egg-info/top_level.txt
[23.808s] -- Symlinking: /home/evan/Documents/algo_gaze_project/install/op3_action_module_msgs/local/lib/python3.10/dist-packages/op3_action_module_msgs/__init__.py
[23.808s] -- Symlinking: /home/evan/Documents/algo_gaze_project/install/op3_action_module_msgs/local/lib/python3.10/dist-packages/op3_action_module_msgs/_op3_action_module_msgs_s.ep.rosidl_typesupport_c.c
[23.809s] -- Symlinking: /home/evan/Documents/algo_gaze_project/install/op3_action_module_msgs/local/lib/python3.10/dist-packages/op3_action_module_msgs/_op3_action_module_msgs_s.ep.rosidl_typesupport_fastrtps_c.c
[23.809s] -- Symlinking: /home/evan/Documents/algo_gaze_project/install/op3_action_module_msgs/local/lib/python3.10/dist-packages/op3_action_module_msgs/_op3_action_module_msgs_s.ep.rosidl_typesupport_introspection_c.c
[23.809s] -- Symlinking: /home/evan/Documents/algo_gaze_project/install/op3_action_module_msgs/local/lib/python3.10/dist-packages/op3_action_module_msgs/libop3_action_module_msgs__rosidl_generator_py.so
[23.809s] -- Symlinking: /home/evan/Documents/algo_gaze_project/install/op3_action_module_msgs/local/lib/python3.10/dist-packages/op3_action_module_msgs/msg/__init__.py
[23.809s] -- Symlinking: /home/evan/Documents/algo_gaze_project/install/op3_action_module_msgs/local/lib/python3.10/dist-packages/op3_action_module_msgs/msg/_start_action.py
[23.809s] -- Symlinking: /home/evan/Documents/algo_gaze_project/install/op3_action_module_msgs/local/lib/python3.10/dist-packages/op3_action_module_msgs/msg/_start_action_s.c
[23.809s] -- Symlinking: /home/evan/Documents/algo_gaze_project/install/op3_action_module_msgs/local/lib/python3.10/dist-packages/op3_action_module_msgs/op3_action_module_msgs_s__rosidl_typesupport_c.cpython-310-x86_64-linux-gnu.so
[23.809s] -- Symlinking: /home/evan/Documents/algo_gaze_project/install/op3_action_module_msgs/local/lib/python3.10/dist-packages/op3_action_module_msgs/op3_action_module_msgs_s__rosidl_typesupport_fastrtps_c.cpython-310-x86_64-linux-gnu.so
[23.809s] -- Symlinking: /home/evan/Documents/algo_gaze_project/install/op3_action_module_msgs/local/lib/python3.10/dist-packages/op3_action_module_msgs/op3_action_module_msgs_s__rosidl_typesupport_introspection_c.cpython-310-x86_64-linux-gnu.so
[23.810s] -- Symlinking: /home/evan/Documents/algo_gaze_project/install/op3_action_module_msgs/local/lib/python3.10/dist-packages/op3_action_module_msgs/srv/__init__.py
[23.813s] -- Symlinking: /home/evan/Documents/algo_gaze_project/install/op3_action_module_msgs/local/lib/python3.10/dist-packages/op3_action_module_msgs/srv/_is_running.py
[23.813s] -- Symlinking: /home/evan/Documents/algo_gaze_project/install/op3_action_module_msgs/local/lib/python3.10/dist-packages/op3_action_module_msgs/srv/_is_running_s.c
[23.813s] -- Up-to-date symlink: /home/evan/Documents/algo_gaze_project/install/op3_action_module_msgs/local/lib/python3.10/dist-packages/op3_action_module_msgs/op3_action_module_msgs_s__rosidl_typesupport_fastrtps_c.cpython-310-x86_64-linux-gnu.so
[23.813s] -- Up-to-date symlink: /home/evan/Documents/algo_gaze_project/install/op3_action_module_msgs/local/lib/python3.10/dist-packages/op3_action_module_msgs/op3_action_module_msgs_s__rosidl_typesupport_introspection_c.cpython-310-x86_64-linux-gnu.so
[23.813s] -- Up-to-date symlink: /home/evan/Documents/algo_gaze_project/install/op3_action_module_msgs/local/lib/python3.10/dist-packages/op3_action_module_msgs/op3_action_module_msgs_s__rosidl_typesupport_c.cpython-310-x86_64-linux-gnu.so
[23.813s] -- Symlinking: /home/evan/Documents/algo_gaze_project/install/op3_action_module_msgs/share/ament_index/resource_index/rust_packages/op3_action_module_msgs
[23.813s] -- Symlinking: /home/evan/Documents/algo_gaze_project/install/op3_action_module_msgs/share/op3_action_module_msgs/rust/Cargo.toml
[23.814s] -- Symlinking: /home/evan/Documents/algo_gaze_project/install/op3_action_module_msgs/share/op3_action_module_msgs/rust/build.rs
[23.814s] -- Symlinking: /home/evan/Documents/algo_gaze_project/install/op3_action_module_msgs/share/op3_action_module_msgs/rust/src/lib.rs
[23.814s] -- Symlinking: /home/evan/Documents/algo_gaze_project/install/op3_action_module_msgs/share/op3_action_module_msgs/rust/src/msg.rs
[23.814s] -- Symlinking: /home/evan/Documents/algo_gaze_project/install/op3_action_module_msgs/share/op3_action_module_msgs/rust/src/msg/rmw.rs
[23.814s] -- Symlinking: /home/evan/Documents/algo_gaze_project/install/op3_action_module_msgs/share/op3_action_module_msgs/rust/src/srv.rs
[23.814s] -- Symlinking: /home/evan/Documents/algo_gaze_project/install/op3_action_module_msgs/share/op3_action_module_msgs/rust/src/srv/rmw.rs
[23.814s] -- Symlinking: /home/evan/Documents/algo_gaze_project/install/op3_action_module_msgs/share/op3_action_module_msgs/msg/StartAction.idl
[23.814s] -- Symlinking: /home/evan/Documents/algo_gaze_project/install/op3_action_module_msgs/share/op3_action_module_msgs/srv/IsRunning.idl
[23.814s] -- Symlinking: /home/evan/Documents/algo_gaze_project/install/op3_action_module_msgs/share/op3_action_module_msgs/msg/StartAction.msg
[23.814s] -- Symlinking: /home/evan/Documents/algo_gaze_project/install/op3_action_module_msgs/share/op3_action_module_msgs/srv/IsRunning.srv
[23.815s] -- Symlinking: /home/evan/Documents/algo_gaze_project/install/op3_action_module_msgs/share/op3_action_module_msgs/srv/IsRunning_Request.msg
[23.815s] -- Symlinking: /home/evan/Documents/algo_gaze_project/install/op3_action_module_msgs/share/op3_action_module_msgs/srv/IsRunning_Response.msg
[23.815s] -- Symlinking: /home/evan/Documents/algo_gaze_project/install/op3_action_module_msgs/share/ament_index/resource_index/package_run_dependencies/op3_action_module_msgs
[23.815s] -- Symlinking: /home/evan/Documents/algo_gaze_project/install/op3_action_module_msgs/share/ament_index/resource_index/parent_prefix_path/op3_action_module_msgs
[23.815s] -- Symlinking: /home/evan/Documents/algo_gaze_project/install/op3_action_module_msgs/share/op3_action_module_msgs/environment/ament_prefix_path.sh
[23.815s] -- Symlinking: /home/evan/Documents/algo_gaze_project/install/op3_action_module_msgs/share/op3_action_module_msgs/environment/ament_prefix_path.dsv
[23.815s] -- Symlinking: /home/evan/Documents/algo_gaze_project/install/op3_action_module_msgs/share/op3_action_module_msgs/environment/path.sh
[23.815s] -- Symlinking: /home/evan/Documents/algo_gaze_project/install/op3_action_module_msgs/share/op3_action_module_msgs/environment/path.dsv
[23.815s] -- Symlinking: /home/evan/Documents/algo_gaze_project/install/op3_action_module_msgs/share/op3_action_module_msgs/local_setup.bash
[23.815s] -- Symlinking: /home/evan/Documents/algo_gaze_project/install/op3_action_module_msgs/share/op3_action_module_msgs/local_setup.sh
[23.815s] -- Symlinking: /home/evan/Documents/algo_gaze_project/install/op3_action_module_msgs/share/op3_action_module_msgs/local_setup.zsh
[23.815s] -- Symlinking: /home/evan/Documents/algo_gaze_project/install/op3_action_module_msgs/share/op3_action_module_msgs/local_setup.dsv
[23.815s] -- Symlinking: /home/evan/Documents/algo_gaze_project/install/op3_action_module_msgs/share/op3_action_module_msgs/package.dsv
[23.815s] -- Symlinking: /home/evan/Documents/algo_gaze_project/install/op3_action_module_msgs/share/ament_index/resource_index/packages/op3_action_module_msgs
[23.815s] -- Symlinking: /home/evan/Documents/algo_gaze_project/install/op3_action_module_msgs/share/op3_action_module_msgs/cmake/rosidl_cmake-extras.cmake
[23.815s] -- Symlinking: /home/evan/Documents/algo_gaze_project/install/op3_action_module_msgs/share/op3_action_module_msgs/cmake/ament_cmake_export_dependencies-extras.cmake
[23.816s] -- Symlinking: /home/evan/Documents/algo_gaze_project/install/op3_action_module_msgs/share/op3_action_module_msgs/cmake/ament_cmake_export_include_directories-extras.cmake
[23.816s] -- Symlinking: /home/evan/Documents/algo_gaze_project/install/op3_action_module_msgs/share/op3_action_module_msgs/cmake/ament_cmake_export_libraries-extras.cmake
[23.816s] -- Symlinking: /home/evan/Documents/algo_gaze_project/install/op3_action_module_msgs/share/op3_action_module_msgs/cmake/ament_cmake_export_targets-extras.cmake
[23.816s] -- Symlinking: /home/evan/Documents/algo_gaze_project/install/op3_action_module_msgs/share/op3_action_module_msgs/cmake/rosidl_cmake_export_typesupport_targets-extras.cmake
[23.816s] -- Symlinking: /home/evan/Documents/algo_gaze_project/install/op3_action_module_msgs/share/op3_action_module_msgs/cmake/rosidl_cmake_export_typesupport_libraries-extras.cmake
[23.827s] -- Symlinking: /home/evan/Documents/algo_gaze_project/install/op3_action_module_msgs/share/op3_action_module_msgs/cmake/op3_action_module_msgsConfig.cmake
[23.827s] -- Symlinking: /home/evan/Documents/algo_gaze_project/install/op3_action_module_msgs/share/op3_action_module_msgs/cmake/op3_action_module_msgsConfig-version.cmake
[23.827s] -- Symlinking: /home/evan/Documents/algo_gaze_project/install/op3_action_module_msgs/share/op3_action_module_msgs/package.xml
[23.828s] -- Installing: /home/evan/Documents/algo_gaze_project/install/op3_action_module_msgs/lib/libop3_action_module_msgs__rosidl_generator_c.so
[23.828s] -- Set runtime path of "/home/evan/Documents/algo_gaze_project/install/op3_action_module_msgs/lib/libop3_action_module_msgs__rosidl_generator_c.so" to ""
[23.828s] -- Installing: /home/evan/Documents/algo_gaze_project/install/op3_action_module_msgs/lib/libop3_action_module_msgs__rosidl_typesupport_fastrtps_c.so
[23.828s] -- Set runtime path of "/home/evan/Documents/algo_gaze_project/install/op3_action_module_msgs/lib/libop3_action_module_msgs__rosidl_typesupport_fastrtps_c.so" to ""
[23.828s] -- Installing: /home/evan/Documents/algo_gaze_project/install/op3_action_module_msgs/lib/libop3_action_module_msgs__rosidl_typesupport_fastrtps_cpp.so
[23.828s] -- Set runtime path of "/home/evan/Documents/algo_gaze_project/install/op3_action_module_msgs/lib/libop3_action_module_msgs__rosidl_typesupport_fastrtps_cpp.so" to ""
[23.828s] -- Installing: /home/evan/Documents/algo_gaze_project/install/op3_action_module_msgs/lib/libop3_action_module_msgs__rosidl_typesupport_introspection_c.so
[23.828s] -- Set runtime path of "/home/evan/Documents/algo_gaze_project/install/op3_action_module_msgs/lib/libop3_action_module_msgs__rosidl_typesupport_introspection_c.so" to ""
[23.828s] -- Installing: /home/evan/Documents/algo_gaze_project/install/op3_action_module_msgs/lib/libop3_action_module_msgs__rosidl_typesupport_c.so
[23.828s] -- Set runtime path of "/home/evan/Documents/algo_gaze_project/install/op3_action_module_msgs/lib/libop3_action_module_msgs__rosidl_typesupport_c.so" to ""
[23.828s] -- Installing: /home/evan/Documents/algo_gaze_project/install/op3_action_module_msgs/lib/libop3_action_module_msgs__rosidl_typesupport_introspection_cpp.so
[23.828s] -- Set runtime path of "/home/evan/Documents/algo_gaze_project/install/op3_action_module_msgs/lib/libop3_action_module_msgs__rosidl_typesupport_introspection_cpp.so" to ""
[23.828s] -- Installing: /home/evan/Documents/algo_gaze_project/install/op3_action_module_msgs/lib/libop3_action_module_msgs__rosidl_typesupport_cpp.so
[23.828s] -- Set runtime path of "/home/evan/Documents/algo_gaze_project/install/op3_action_module_msgs/lib/libop3_action_module_msgs__rosidl_typesupport_cpp.so" to ""
[23.885s] Listing '/home/evan/Documents/algo_gaze_project/install/op3_action_module_msgs/local/lib/python3.10/dist-packages/op3_action_module_msgs'...
[23.885s] Compiling '/home/evan/Documents/algo_gaze_project/install/op3_action_module_msgs/local/lib/python3.10/dist-packages/op3_action_module_msgs/__init__.py'...
[23.885s] Listing '/home/evan/Documents/algo_gaze_project/install/op3_action_module_msgs/local/lib/python3.10/dist-packages/op3_action_module_msgs/msg'...
[23.885s] Compiling '/home/evan/Documents/algo_gaze_project/install/op3_action_module_msgs/local/lib/python3.10/dist-packages/op3_action_module_msgs/msg/__init__.py'...
[23.885s] Compiling '/home/evan/Documents/algo_gaze_project/install/op3_action_module_msgs/local/lib/python3.10/dist-packages/op3_action_module_msgs/msg/_start_action.py'...
[23.885s] Listing '/home/evan/Documents/algo_gaze_project/install/op3_action_module_msgs/local/lib/python3.10/dist-packages/op3_action_module_msgs/srv'...
[23.886s] Compiling '/home/evan/Documents/algo_gaze_project/install/op3_action_module_msgs/local/lib/python3.10/dist-packages/op3_action_module_msgs/srv/__init__.py'...
[23.886s] Compiling '/home/evan/Documents/algo_gaze_project/install/op3_action_module_msgs/local/lib/python3.10/dist-packages/op3_action_module_msgs/srv/_is_running.py'...
[23.892s] -- Installing: /home/evan/Documents/algo_gaze_project/install/op3_action_module_msgs/lib/libop3_action_module_msgs__rosidl_generator_py.so
[23.893s] -- Set runtime path of "/home/evan/Documents/algo_gaze_project/install/op3_action_module_msgs/lib/libop3_action_module_msgs__rosidl_generator_py.so" to ""
[23.893s] -- Installing: /home/evan/Documents/algo_gaze_project/install/op3_action_module_msgs/share/op3_action_module_msgs/cmake/export_op3_action_module_msgs__rosidl_generator_cExport.cmake
[23.894s] -- Installing: /home/evan/Documents/algo_gaze_project/install/op3_action_module_msgs/share/op3_action_module_msgs/cmake/export_op3_action_module_msgs__rosidl_generator_cExport-noconfig.cmake
[23.894s] -- Installing: /home/evan/Documents/algo_gaze_project/install/op3_action_module_msgs/share/op3_action_module_msgs/cmake/export_op3_action_module_msgs__rosidl_typesupport_fastrtps_cExport.cmake
[23.894s] -- Installing: /home/evan/Documents/algo_gaze_project/install/op3_action_module_msgs/share/op3_action_module_msgs/cmake/export_op3_action_module_msgs__rosidl_typesupport_fastrtps_cExport-noconfig.cmake
[23.895s] -- Installing: /home/evan/Documents/algo_gaze_project/install/op3_action_module_msgs/share/op3_action_module_msgs/cmake/export_op3_action_module_msgs__rosidl_generator_cppExport.cmake
[23.895s] -- Installing: /home/evan/Documents/algo_gaze_project/install/op3_action_module_msgs/share/op3_action_module_msgs/cmake/export_op3_action_module_msgs__rosidl_typesupport_fastrtps_cppExport.cmake
[23.896s] -- Installing: /home/evan/Documents/algo_gaze_project/install/op3_action_module_msgs/share/op3_action_module_msgs/cmake/export_op3_action_module_msgs__rosidl_typesupport_fastrtps_cppExport-noconfig.cmake
[23.896s] -- Installing: /home/evan/Documents/algo_gaze_project/install/op3_action_module_msgs/share/op3_action_module_msgs/cmake/op3_action_module_msgs__rosidl_typesupport_introspection_cExport.cmake
[23.896s] -- Installing: /home/evan/Documents/algo_gaze_project/install/op3_action_module_msgs/share/op3_action_module_msgs/cmake/op3_action_module_msgs__rosidl_typesupport_introspection_cExport-noconfig.cmake
[23.897s] -- Installing: /home/evan/Documents/algo_gaze_project/install/op3_action_module_msgs/share/op3_action_module_msgs/cmake/op3_action_module_msgs__rosidl_typesupport_cExport.cmake
[23.897s] -- Installing: /home/evan/Documents/algo_gaze_project/install/op3_action_module_msgs/share/op3_action_module_msgs/cmake/op3_action_module_msgs__rosidl_typesupport_cExport-noconfig.cmake
[23.897s] -- Installing: /home/evan/Documents/algo_gaze_project/install/op3_action_module_msgs/share/op3_action_module_msgs/cmake/op3_action_module_msgs__rosidl_typesupport_introspection_cppExport.cmake
[23.898s] -- Installing: /home/evan/Documents/algo_gaze_project/install/op3_action_module_msgs/share/op3_action_module_msgs/cmake/op3_action_module_msgs__rosidl_typesupport_introspection_cppExport-noconfig.cmake
[23.898s] -- Installing: /home/evan/Documents/algo_gaze_project/install/op3_action_module_msgs/share/op3_action_module_msgs/cmake/op3_action_module_msgs__rosidl_typesupport_cppExport.cmake
[23.899s] -- Installing: /home/evan/Documents/algo_gaze_project/install/op3_action_module_msgs/share/op3_action_module_msgs/cmake/op3_action_module_msgs__rosidl_typesupport_cppExport-noconfig.cmake
[23.901s] -- Installing: /home/evan/Documents/algo_gaze_project/install/op3_action_module_msgs/share/op3_action_module_msgs/cmake/export_op3_action_module_msgs__rosidl_generator_pyExport.cmake
[23.902s] -- Installing: /home/evan/Documents/algo_gaze_project/install/op3_action_module_msgs/share/op3_action_module_msgs/cmake/export_op3_action_module_msgs__rosidl_generator_pyExport-noconfig.cmake
[23.906s] Invoked command in '/home/evan/Documents/algo_gaze_project/build/op3_action_module_msgs' returned '0': CMAKE_PREFIX_PATH=/opt/ros/humble /usr/bin/cmake --install /home/evan/Documents/algo_gaze_project/build/op3_action_module_msgs
