[35m[1mConsolidate compiler generated dependencies of target op3_online_walking_module_msgs__rosidl_generator_c[0m
[  1%] Built target op3_online_walking_module_msgs__rs
[  1%] Built target op3_online_walking_module_msgs__cpp
[  1%] Built target ament_cmake_python_symlink_op3_online_walking_module_msgs
[ 13%] Built target op3_online_walking_module_msgs__rosidl_generator_c
[35m[1mConsolidate compiler generated dependencies of target op3_online_walking_module_msgs__rosidl_typesupport_introspection_cpp[0m
[35m[1mConsolidate compiler generated dependencies of target op3_online_walking_module_msgs__rosidl_typesupport_fastrtps_c[0m
[35m[1mConsolidate compiler generated dependencies of target op3_online_walking_module_msgs__rosidl_typesupport_c[0m
[35m[1mConsolidate compiler generated dependencies of target op3_online_walking_module_msgs__rosidl_typesupport_fastrtps_cpp[0m
[35m[1mConsolidate compiler generated dependencies of target op3_online_walking_module_msgs__rosidl_typesupport_cpp[0m
[35m[1mConsolidate compiler generated dependencies of target op3_online_walking_module_msgs__rosidl_typesupport_introspection_c[0m
[ 24%] Built target op3_online_walking_module_msgs__rosidl_typesupport_fastrtps_c
[ 36%] Built target op3_online_walking_module_msgs__rosidl_typesupport_introspection_cpp
[ 47%] Built target op3_online_walking_module_msgs__rosidl_typesupport_c
[ 58%] Built target op3_online_walking_module_msgs__rosidl_typesupport_introspection_c
[ 70%] Built target op3_online_walking_module_msgs__rosidl_typesupport_cpp
[ 82%] Built target op3_online_walking_module_msgs__rosidl_typesupport_fastrtps_cpp
[ 82%] Built target op3_online_walking_module_msgs
[ 83%] Built target op3_online_walking_module_msgs__py
[35m[1mConsolidate compiler generated dependencies of target op3_online_walking_module_msgs__rosidl_generator_py[0m
[ 94%] Built target op3_online_walking_module_msgs__rosidl_generator_py
[35m[1mConsolidate compiler generated dependencies of target op3_online_walking_module_msgs__rosidl_typesupport_introspection_c__pyext[0m
[35m[1mConsolidate compiler generated dependencies of target op3_online_walking_module_msgs__rosidl_typesupport_c__pyext[0m
[35m[1mConsolidate compiler generated dependencies of target op3_online_walking_module_msgs__rosidl_typesupport_fastrtps_c__pyext[0m
[ 96%] Built target op3_online_walking_module_msgs__rosidl_typesupport_c__pyext
[ 98%] Built target op3_online_walking_module_msgs__rosidl_typesupport_introspection_c__pyext
[100%] Built target op3_online_walking_module_msgs__rosidl_typesupport_fastrtps_c__pyext
running egg_info
writing op3_online_walking_module_msgs.egg-info/PKG-INFO
writing dependency_links to op3_online_walking_module_msgs.egg-info/dependency_links.txt
writing top-level names to op3_online_walking_module_msgs.egg-info/top_level.txt
reading manifest file 'op3_online_walking_module_msgs.egg-info/SOURCES.txt'
writing manifest file 'op3_online_walking_module_msgs.egg-info/SOURCES.txt'
[100%] Built target ament_cmake_python_build_op3_online_walking_module_msgs_egg
-- Install configuration: ""
-- Execute custom install script
-- Symlinking: /home/evan/Documents/algo_gaze_project/install/op3_online_walking_module_msgs/share/ament_index/resource_index/rosidl_interfaces/op3_online_walking_module_msgs
-- Symlinking: /home/evan/Documents/algo_gaze_project/install/op3_online_walking_module_msgs/include/op3_online_walking_module_msgs/op3_online_walking_module_msgs/msg/detail/foot_step_array__functions.h
-- Symlinking: /home/evan/Documents/algo_gaze_project/install/op3_online_walking_module_msgs/include/op3_online_walking_module_msgs/op3_online_walking_module_msgs/msg/detail/foot_step_array__struct.h
-- Symlinking: /home/evan/Documents/algo_gaze_project/install/op3_online_walking_module_msgs/include/op3_online_walking_module_msgs/op3_online_walking_module_msgs/msg/detail/foot_step_array__type_support.h
-- Symlinking: /home/evan/Documents/algo_gaze_project/install/op3_online_walking_module_msgs/include/op3_online_walking_module_msgs/op3_online_walking_module_msgs/msg/detail/foot_step_command__functions.h
-- Symlinking: /home/evan/Documents/algo_gaze_project/install/op3_online_walking_module_msgs/include/op3_online_walking_module_msgs/op3_online_walking_module_msgs/msg/detail/foot_step_command__struct.h
-- Symlinking: /home/evan/Documents/algo_gaze_project/install/op3_online_walking_module_msgs/include/op3_online_walking_module_msgs/op3_online_walking_module_msgs/msg/detail/foot_step_command__type_support.h
-- Symlinking: /home/evan/Documents/algo_gaze_project/install/op3_online_walking_module_msgs/include/op3_online_walking_module_msgs/op3_online_walking_module_msgs/msg/detail/joint_pose__functions.h
-- Symlinking: /home/evan/Documents/algo_gaze_project/install/op3_online_walking_module_msgs/include/op3_online_walking_module_msgs/op3_online_walking_module_msgs/msg/detail/joint_pose__struct.h
-- Symlinking: /home/evan/Documents/algo_gaze_project/install/op3_online_walking_module_msgs/include/op3_online_walking_module_msgs/op3_online_walking_module_msgs/msg/detail/joint_pose__type_support.h
-- Symlinking: /home/evan/Documents/algo_gaze_project/install/op3_online_walking_module_msgs/include/op3_online_walking_module_msgs/op3_online_walking_module_msgs/msg/detail/kinematics_pose__functions.h
-- Symlinking: /home/evan/Documents/algo_gaze_project/install/op3_online_walking_module_msgs/include/op3_online_walking_module_msgs/op3_online_walking_module_msgs/msg/detail/kinematics_pose__struct.h
-- Symlinking: /home/evan/Documents/algo_gaze_project/install/op3_online_walking_module_msgs/include/op3_online_walking_module_msgs/op3_online_walking_module_msgs/msg/detail/kinematics_pose__type_support.h
-- Symlinking: /home/evan/Documents/algo_gaze_project/install/op3_online_walking_module_msgs/include/op3_online_walking_module_msgs/op3_online_walking_module_msgs/msg/detail/preview_request__functions.h
-- Symlinking: /home/evan/Documents/algo_gaze_project/install/op3_online_walking_module_msgs/include/op3_online_walking_module_msgs/op3_online_walking_module_msgs/msg/detail/preview_request__struct.h
-- Symlinking: /home/evan/Documents/algo_gaze_project/install/op3_online_walking_module_msgs/include/op3_online_walking_module_msgs/op3_online_walking_module_msgs/msg/detail/preview_request__type_support.h
-- Symlinking: /home/evan/Documents/algo_gaze_project/install/op3_online_walking_module_msgs/include/op3_online_walking_module_msgs/op3_online_walking_module_msgs/msg/detail/preview_response__functions.h
-- Symlinking: /home/evan/Documents/algo_gaze_project/install/op3_online_walking_module_msgs/include/op3_online_walking_module_msgs/op3_online_walking_module_msgs/msg/detail/preview_response__struct.h
-- Symlinking: /home/evan/Documents/algo_gaze_project/install/op3_online_walking_module_msgs/include/op3_online_walking_module_msgs/op3_online_walking_module_msgs/msg/detail/preview_response__type_support.h
-- Symlinking: /home/evan/Documents/algo_gaze_project/install/op3_online_walking_module_msgs/include/op3_online_walking_module_msgs/op3_online_walking_module_msgs/msg/detail/step2_d__functions.h
-- Symlinking: /home/evan/Documents/algo_gaze_project/install/op3_online_walking_module_msgs/include/op3_online_walking_module_msgs/op3_online_walking_module_msgs/msg/detail/step2_d__struct.h
-- Symlinking: /home/evan/Documents/algo_gaze_project/install/op3_online_walking_module_msgs/include/op3_online_walking_module_msgs/op3_online_walking_module_msgs/msg/detail/step2_d__type_support.h
-- Symlinking: /home/evan/Documents/algo_gaze_project/install/op3_online_walking_module_msgs/include/op3_online_walking_module_msgs/op3_online_walking_module_msgs/msg/detail/step2_d_array__functions.h
-- Symlinking: /home/evan/Documents/algo_gaze_project/install/op3_online_walking_module_msgs/include/op3_online_walking_module_msgs/op3_online_walking_module_msgs/msg/detail/step2_d_array__struct.h
-- Symlinking: /home/evan/Documents/algo_gaze_project/install/op3_online_walking_module_msgs/include/op3_online_walking_module_msgs/op3_online_walking_module_msgs/msg/detail/step2_d_array__type_support.h
-- Symlinking: /home/evan/Documents/algo_gaze_project/install/op3_online_walking_module_msgs/include/op3_online_walking_module_msgs/op3_online_walking_module_msgs/msg/detail/walking_param__functions.h
-- Symlinking: /home/evan/Documents/algo_gaze_project/install/op3_online_walking_module_msgs/include/op3_online_walking_module_msgs/op3_online_walking_module_msgs/msg/detail/walking_param__struct.h
-- Symlinking: /home/evan/Documents/algo_gaze_project/install/op3_online_walking_module_msgs/include/op3_online_walking_module_msgs/op3_online_walking_module_msgs/msg/detail/walking_param__type_support.h
-- Symlinking: /home/evan/Documents/algo_gaze_project/install/op3_online_walking_module_msgs/include/op3_online_walking_module_msgs/op3_online_walking_module_msgs/msg/foot_step_array.h
-- Symlinking: /home/evan/Documents/algo_gaze_project/install/op3_online_walking_module_msgs/include/op3_online_walking_module_msgs/op3_online_walking_module_msgs/msg/foot_step_command.h
-- Symlinking: /home/evan/Documents/algo_gaze_project/install/op3_online_walking_module_msgs/include/op3_online_walking_module_msgs/op3_online_walking_module_msgs/msg/joint_pose.h
-- Symlinking: /home/evan/Documents/algo_gaze_project/install/op3_online_walking_module_msgs/include/op3_online_walking_module_msgs/op3_online_walking_module_msgs/msg/kinematics_pose.h
-- Symlinking: /home/evan/Documents/algo_gaze_project/install/op3_online_walking_module_msgs/include/op3_online_walking_module_msgs/op3_online_walking_module_msgs/msg/preview_request.h
-- Symlinking: /home/evan/Documents/algo_gaze_project/install/op3_online_walking_module_msgs/include/op3_online_walking_module_msgs/op3_online_walking_module_msgs/msg/preview_response.h
-- Symlinking: /home/evan/Documents/algo_gaze_project/install/op3_online_walking_module_msgs/include/op3_online_walking_module_msgs/op3_online_walking_module_msgs/msg/rosidl_generator_c__visibility_control.h
-- Symlinking: /home/evan/Documents/algo_gaze_project/install/op3_online_walking_module_msgs/include/op3_online_walking_module_msgs/op3_online_walking_module_msgs/msg/step2_d.h
-- Symlinking: /home/evan/Documents/algo_gaze_project/install/op3_online_walking_module_msgs/include/op3_online_walking_module_msgs/op3_online_walking_module_msgs/msg/step2_d_array.h
-- Symlinking: /home/evan/Documents/algo_gaze_project/install/op3_online_walking_module_msgs/include/op3_online_walking_module_msgs/op3_online_walking_module_msgs/msg/walking_param.h
-- Symlinking: /home/evan/Documents/algo_gaze_project/install/op3_online_walking_module_msgs/include/op3_online_walking_module_msgs/op3_online_walking_module_msgs/srv/detail/get_joint_pose__functions.h
-- Symlinking: /home/evan/Documents/algo_gaze_project/install/op3_online_walking_module_msgs/include/op3_online_walking_module_msgs/op3_online_walking_module_msgs/srv/detail/get_joint_pose__struct.h
-- Symlinking: /home/evan/Documents/algo_gaze_project/install/op3_online_walking_module_msgs/include/op3_online_walking_module_msgs/op3_online_walking_module_msgs/srv/detail/get_joint_pose__type_support.h
-- Symlinking: /home/evan/Documents/algo_gaze_project/install/op3_online_walking_module_msgs/include/op3_online_walking_module_msgs/op3_online_walking_module_msgs/srv/detail/get_kinematics_pose__functions.h
-- Symlinking: /home/evan/Documents/algo_gaze_project/install/op3_online_walking_module_msgs/include/op3_online_walking_module_msgs/op3_online_walking_module_msgs/srv/detail/get_kinematics_pose__struct.h
-- Symlinking: /home/evan/Documents/algo_gaze_project/install/op3_online_walking_module_msgs/include/op3_online_walking_module_msgs/op3_online_walking_module_msgs/srv/detail/get_kinematics_pose__type_support.h
-- Symlinking: /home/evan/Documents/algo_gaze_project/install/op3_online_walking_module_msgs/include/op3_online_walking_module_msgs/op3_online_walking_module_msgs/srv/detail/get_preview_matrix__functions.h
-- Symlinking: /home/evan/Documents/algo_gaze_project/install/op3_online_walking_module_msgs/include/op3_online_walking_module_msgs/op3_online_walking_module_msgs/srv/detail/get_preview_matrix__struct.h
-- Symlinking: /home/evan/Documents/algo_gaze_project/install/op3_online_walking_module_msgs/include/op3_online_walking_module_msgs/op3_online_walking_module_msgs/srv/detail/get_preview_matrix__type_support.h
-- Symlinking: /home/evan/Documents/algo_gaze_project/install/op3_online_walking_module_msgs/include/op3_online_walking_module_msgs/op3_online_walking_module_msgs/srv/get_joint_pose.h
-- Symlinking: /home/evan/Documents/algo_gaze_project/install/op3_online_walking_module_msgs/include/op3_online_walking_module_msgs/op3_online_walking_module_msgs/srv/get_kinematics_pose.h
-- Symlinking: /home/evan/Documents/algo_gaze_project/install/op3_online_walking_module_msgs/include/op3_online_walking_module_msgs/op3_online_walking_module_msgs/srv/get_preview_matrix.h
-- Symlinking: /home/evan/Documents/algo_gaze_project/install/op3_online_walking_module_msgs/share/op3_online_walking_module_msgs/environment/library_path.sh
-- Symlinking: /home/evan/Documents/algo_gaze_project/install/op3_online_walking_module_msgs/share/op3_online_walking_module_msgs/environment/library_path.dsv
-- Symlinking: /home/evan/Documents/algo_gaze_project/install/op3_online_walking_module_msgs/include/op3_online_walking_module_msgs/op3_online_walking_module_msgs/msg/detail/foot_step_array__rosidl_typesupport_fastrtps_c.h
-- Symlinking: /home/evan/Documents/algo_gaze_project/install/op3_online_walking_module_msgs/include/op3_online_walking_module_msgs/op3_online_walking_module_msgs/msg/detail/foot_step_command__rosidl_typesupport_fastrtps_c.h
-- Symlinking: /home/evan/Documents/algo_gaze_project/install/op3_online_walking_module_msgs/include/op3_online_walking_module_msgs/op3_online_walking_module_msgs/msg/detail/joint_pose__rosidl_typesupport_fastrtps_c.h
-- Symlinking: /home/evan/Documents/algo_gaze_project/install/op3_online_walking_module_msgs/include/op3_online_walking_module_msgs/op3_online_walking_module_msgs/msg/detail/kinematics_pose__rosidl_typesupport_fastrtps_c.h
-- Symlinking: /home/evan/Documents/algo_gaze_project/install/op3_online_walking_module_msgs/include/op3_online_walking_module_msgs/op3_online_walking_module_msgs/msg/detail/preview_request__rosidl_typesupport_fastrtps_c.h
-- Symlinking: /home/evan/Documents/algo_gaze_project/install/op3_online_walking_module_msgs/include/op3_online_walking_module_msgs/op3_online_walking_module_msgs/msg/detail/preview_response__rosidl_typesupport_fastrtps_c.h
-- Symlinking: /home/evan/Documents/algo_gaze_project/install/op3_online_walking_module_msgs/include/op3_online_walking_module_msgs/op3_online_walking_module_msgs/msg/detail/step2_d__rosidl_typesupport_fastrtps_c.h
-- Symlinking: /home/evan/Documents/algo_gaze_project/install/op3_online_walking_module_msgs/include/op3_online_walking_module_msgs/op3_online_walking_module_msgs/msg/detail/step2_d_array__rosidl_typesupport_fastrtps_c.h
-- Symlinking: /home/evan/Documents/algo_gaze_project/install/op3_online_walking_module_msgs/include/op3_online_walking_module_msgs/op3_online_walking_module_msgs/msg/detail/walking_param__rosidl_typesupport_fastrtps_c.h
-- Symlinking: /home/evan/Documents/algo_gaze_project/install/op3_online_walking_module_msgs/include/op3_online_walking_module_msgs/op3_online_walking_module_msgs/msg/rosidl_typesupport_fastrtps_c__visibility_control.h
-- Symlinking: /home/evan/Documents/algo_gaze_project/install/op3_online_walking_module_msgs/include/op3_online_walking_module_msgs/op3_online_walking_module_msgs/srv/detail/get_joint_pose__rosidl_typesupport_fastrtps_c.h
-- Symlinking: /home/evan/Documents/algo_gaze_project/install/op3_online_walking_module_msgs/include/op3_online_walking_module_msgs/op3_online_walking_module_msgs/srv/detail/get_kinematics_pose__rosidl_typesupport_fastrtps_c.h
-- Symlinking: /home/evan/Documents/algo_gaze_project/install/op3_online_walking_module_msgs/include/op3_online_walking_module_msgs/op3_online_walking_module_msgs/srv/detail/get_preview_matrix__rosidl_typesupport_fastrtps_c.h
-- Symlinking: /home/evan/Documents/algo_gaze_project/install/op3_online_walking_module_msgs/include/op3_online_walking_module_msgs/op3_online_walking_module_msgs/msg/detail/foot_step_array__builder.hpp
-- Symlinking: /home/evan/Documents/algo_gaze_project/install/op3_online_walking_module_msgs/include/op3_online_walking_module_msgs/op3_online_walking_module_msgs/msg/detail/foot_step_array__struct.hpp
-- Symlinking: /home/evan/Documents/algo_gaze_project/install/op3_online_walking_module_msgs/include/op3_online_walking_module_msgs/op3_online_walking_module_msgs/msg/detail/foot_step_array__traits.hpp
-- Symlinking: /home/evan/Documents/algo_gaze_project/install/op3_online_walking_module_msgs/include/op3_online_walking_module_msgs/op3_online_walking_module_msgs/msg/detail/foot_step_array__type_support.hpp
-- Symlinking: /home/evan/Documents/algo_gaze_project/install/op3_online_walking_module_msgs/include/op3_online_walking_module_msgs/op3_online_walking_module_msgs/msg/detail/foot_step_command__builder.hpp
-- Symlinking: /home/evan/Documents/algo_gaze_project/install/op3_online_walking_module_msgs/include/op3_online_walking_module_msgs/op3_online_walking_module_msgs/msg/detail/foot_step_command__struct.hpp
-- Symlinking: /home/evan/Documents/algo_gaze_project/install/op3_online_walking_module_msgs/include/op3_online_walking_module_msgs/op3_online_walking_module_msgs/msg/detail/foot_step_command__traits.hpp
-- Symlinking: /home/evan/Documents/algo_gaze_project/install/op3_online_walking_module_msgs/include/op3_online_walking_module_msgs/op3_online_walking_module_msgs/msg/detail/foot_step_command__type_support.hpp
-- Symlinking: /home/evan/Documents/algo_gaze_project/install/op3_online_walking_module_msgs/include/op3_online_walking_module_msgs/op3_online_walking_module_msgs/msg/detail/joint_pose__builder.hpp
-- Symlinking: /home/evan/Documents/algo_gaze_project/install/op3_online_walking_module_msgs/include/op3_online_walking_module_msgs/op3_online_walking_module_msgs/msg/detail/joint_pose__struct.hpp
-- Symlinking: /home/evan/Documents/algo_gaze_project/install/op3_online_walking_module_msgs/include/op3_online_walking_module_msgs/op3_online_walking_module_msgs/msg/detail/joint_pose__traits.hpp
-- Symlinking: /home/evan/Documents/algo_gaze_project/install/op3_online_walking_module_msgs/include/op3_online_walking_module_msgs/op3_online_walking_module_msgs/msg/detail/joint_pose__type_support.hpp
-- Symlinking: /home/evan/Documents/algo_gaze_project/install/op3_online_walking_module_msgs/include/op3_online_walking_module_msgs/op3_online_walking_module_msgs/msg/detail/kinematics_pose__builder.hpp
-- Symlinking: /home/evan/Documents/algo_gaze_project/install/op3_online_walking_module_msgs/include/op3_online_walking_module_msgs/op3_online_walking_module_msgs/msg/detail/kinematics_pose__struct.hpp
-- Symlinking: /home/evan/Documents/algo_gaze_project/install/op3_online_walking_module_msgs/include/op3_online_walking_module_msgs/op3_online_walking_module_msgs/msg/detail/kinematics_pose__traits.hpp
-- Symlinking: /home/evan/Documents/algo_gaze_project/install/op3_online_walking_module_msgs/include/op3_online_walking_module_msgs/op3_online_walking_module_msgs/msg/detail/kinematics_pose__type_support.hpp
-- Symlinking: /home/evan/Documents/algo_gaze_project/install/op3_online_walking_module_msgs/include/op3_online_walking_module_msgs/op3_online_walking_module_msgs/msg/detail/preview_request__builder.hpp
-- Symlinking: /home/evan/Documents/algo_gaze_project/install/op3_online_walking_module_msgs/include/op3_online_walking_module_msgs/op3_online_walking_module_msgs/msg/detail/preview_request__struct.hpp
-- Symlinking: /home/evan/Documents/algo_gaze_project/install/op3_online_walking_module_msgs/include/op3_online_walking_module_msgs/op3_online_walking_module_msgs/msg/detail/preview_request__traits.hpp
-- Symlinking: /home/evan/Documents/algo_gaze_project/install/op3_online_walking_module_msgs/include/op3_online_walking_module_msgs/op3_online_walking_module_msgs/msg/detail/preview_request__type_support.hpp
-- Symlinking: /home/evan/Documents/algo_gaze_project/install/op3_online_walking_module_msgs/include/op3_online_walking_module_msgs/op3_online_walking_module_msgs/msg/detail/preview_response__builder.hpp
-- Symlinking: /home/evan/Documents/algo_gaze_project/install/op3_online_walking_module_msgs/include/op3_online_walking_module_msgs/op3_online_walking_module_msgs/msg/detail/preview_response__struct.hpp
-- Symlinking: /home/evan/Documents/algo_gaze_project/install/op3_online_walking_module_msgs/include/op3_online_walking_module_msgs/op3_online_walking_module_msgs/msg/detail/preview_response__traits.hpp
-- Symlinking: /home/evan/Documents/algo_gaze_project/install/op3_online_walking_module_msgs/include/op3_online_walking_module_msgs/op3_online_walking_module_msgs/msg/detail/preview_response__type_support.hpp
-- Symlinking: /home/evan/Documents/algo_gaze_project/install/op3_online_walking_module_msgs/include/op3_online_walking_module_msgs/op3_online_walking_module_msgs/msg/detail/step2_d__builder.hpp
-- Symlinking: /home/evan/Documents/algo_gaze_project/install/op3_online_walking_module_msgs/include/op3_online_walking_module_msgs/op3_online_walking_module_msgs/msg/detail/step2_d__struct.hpp
-- Symlinking: /home/evan/Documents/algo_gaze_project/install/op3_online_walking_module_msgs/include/op3_online_walking_module_msgs/op3_online_walking_module_msgs/msg/detail/step2_d__traits.hpp
-- Symlinking: /home/evan/Documents/algo_gaze_project/install/op3_online_walking_module_msgs/include/op3_online_walking_module_msgs/op3_online_walking_module_msgs/msg/detail/step2_d__type_support.hpp
-- Symlinking: /home/evan/Documents/algo_gaze_project/install/op3_online_walking_module_msgs/include/op3_online_walking_module_msgs/op3_online_walking_module_msgs/msg/detail/step2_d_array__builder.hpp
-- Symlinking: /home/evan/Documents/algo_gaze_project/install/op3_online_walking_module_msgs/include/op3_online_walking_module_msgs/op3_online_walking_module_msgs/msg/detail/step2_d_array__struct.hpp
-- Symlinking: /home/evan/Documents/algo_gaze_project/install/op3_online_walking_module_msgs/include/op3_online_walking_module_msgs/op3_online_walking_module_msgs/msg/detail/step2_d_array__traits.hpp
-- Symlinking: /home/evan/Documents/algo_gaze_project/install/op3_online_walking_module_msgs/include/op3_online_walking_module_msgs/op3_online_walking_module_msgs/msg/detail/step2_d_array__type_support.hpp
-- Symlinking: /home/evan/Documents/algo_gaze_project/install/op3_online_walking_module_msgs/include/op3_online_walking_module_msgs/op3_online_walking_module_msgs/msg/detail/walking_param__builder.hpp
-- Symlinking: /home/evan/Documents/algo_gaze_project/install/op3_online_walking_module_msgs/include/op3_online_walking_module_msgs/op3_online_walking_module_msgs/msg/detail/walking_param__struct.hpp
-- Symlinking: /home/evan/Documents/algo_gaze_project/install/op3_online_walking_module_msgs/include/op3_online_walking_module_msgs/op3_online_walking_module_msgs/msg/detail/walking_param__traits.hpp
-- Symlinking: /home/evan/Documents/algo_gaze_project/install/op3_online_walking_module_msgs/include/op3_online_walking_module_msgs/op3_online_walking_module_msgs/msg/detail/walking_param__type_support.hpp
-- Symlinking: /home/evan/Documents/algo_gaze_project/install/op3_online_walking_module_msgs/include/op3_online_walking_module_msgs/op3_online_walking_module_msgs/msg/foot_step_array.hpp
-- Symlinking: /home/evan/Documents/algo_gaze_project/install/op3_online_walking_module_msgs/include/op3_online_walking_module_msgs/op3_online_walking_module_msgs/msg/foot_step_command.hpp
-- Symlinking: /home/evan/Documents/algo_gaze_project/install/op3_online_walking_module_msgs/include/op3_online_walking_module_msgs/op3_online_walking_module_msgs/msg/joint_pose.hpp
-- Symlinking: /home/evan/Documents/algo_gaze_project/install/op3_online_walking_module_msgs/include/op3_online_walking_module_msgs/op3_online_walking_module_msgs/msg/kinematics_pose.hpp
-- Symlinking: /home/evan/Documents/algo_gaze_project/install/op3_online_walking_module_msgs/include/op3_online_walking_module_msgs/op3_online_walking_module_msgs/msg/preview_request.hpp
-- Symlinking: /home/evan/Documents/algo_gaze_project/install/op3_online_walking_module_msgs/include/op3_online_walking_module_msgs/op3_online_walking_module_msgs/msg/preview_response.hpp
-- Symlinking: /home/evan/Documents/algo_gaze_project/install/op3_online_walking_module_msgs/include/op3_online_walking_module_msgs/op3_online_walking_module_msgs/msg/rosidl_generator_cpp__visibility_control.hpp
-- Symlinking: /home/evan/Documents/algo_gaze_project/install/op3_online_walking_module_msgs/include/op3_online_walking_module_msgs/op3_online_walking_module_msgs/msg/step2_d.hpp
-- Symlinking: /home/evan/Documents/algo_gaze_project/install/op3_online_walking_module_msgs/include/op3_online_walking_module_msgs/op3_online_walking_module_msgs/msg/step2_d_array.hpp
-- Symlinking: /home/evan/Documents/algo_gaze_project/install/op3_online_walking_module_msgs/include/op3_online_walking_module_msgs/op3_online_walking_module_msgs/msg/walking_param.hpp
-- Symlinking: /home/evan/Documents/algo_gaze_project/install/op3_online_walking_module_msgs/include/op3_online_walking_module_msgs/op3_online_walking_module_msgs/srv/detail/get_joint_pose__builder.hpp
-- Symlinking: /home/evan/Documents/algo_gaze_project/install/op3_online_walking_module_msgs/include/op3_online_walking_module_msgs/op3_online_walking_module_msgs/srv/detail/get_joint_pose__struct.hpp
-- Symlinking: /home/evan/Documents/algo_gaze_project/install/op3_online_walking_module_msgs/include/op3_online_walking_module_msgs/op3_online_walking_module_msgs/srv/detail/get_joint_pose__traits.hpp
-- Symlinking: /home/evan/Documents/algo_gaze_project/install/op3_online_walking_module_msgs/include/op3_online_walking_module_msgs/op3_online_walking_module_msgs/srv/detail/get_joint_pose__type_support.hpp
-- Symlinking: /home/evan/Documents/algo_gaze_project/install/op3_online_walking_module_msgs/include/op3_online_walking_module_msgs/op3_online_walking_module_msgs/srv/detail/get_kinematics_pose__builder.hpp
-- Symlinking: /home/evan/Documents/algo_gaze_project/install/op3_online_walking_module_msgs/include/op3_online_walking_module_msgs/op3_online_walking_module_msgs/srv/detail/get_kinematics_pose__struct.hpp
-- Symlinking: /home/evan/Documents/algo_gaze_project/install/op3_online_walking_module_msgs/include/op3_online_walking_module_msgs/op3_online_walking_module_msgs/srv/detail/get_kinematics_pose__traits.hpp
-- Symlinking: /home/evan/Documents/algo_gaze_project/install/op3_online_walking_module_msgs/include/op3_online_walking_module_msgs/op3_online_walking_module_msgs/srv/detail/get_kinematics_pose__type_support.hpp
-- Symlinking: /home/evan/Documents/algo_gaze_project/install/op3_online_walking_module_msgs/include/op3_online_walking_module_msgs/op3_online_walking_module_msgs/srv/detail/get_preview_matrix__builder.hpp
-- Symlinking: /home/evan/Documents/algo_gaze_project/install/op3_online_walking_module_msgs/include/op3_online_walking_module_msgs/op3_online_walking_module_msgs/srv/detail/get_preview_matrix__struct.hpp
-- Symlinking: /home/evan/Documents/algo_gaze_project/install/op3_online_walking_module_msgs/include/op3_online_walking_module_msgs/op3_online_walking_module_msgs/srv/detail/get_preview_matrix__traits.hpp
-- Symlinking: /home/evan/Documents/algo_gaze_project/install/op3_online_walking_module_msgs/include/op3_online_walking_module_msgs/op3_online_walking_module_msgs/srv/detail/get_preview_matrix__type_support.hpp
-- Symlinking: /home/evan/Documents/algo_gaze_project/install/op3_online_walking_module_msgs/include/op3_online_walking_module_msgs/op3_online_walking_module_msgs/srv/get_joint_pose.hpp
-- Symlinking: /home/evan/Documents/algo_gaze_project/install/op3_online_walking_module_msgs/include/op3_online_walking_module_msgs/op3_online_walking_module_msgs/srv/get_kinematics_pose.hpp
-- Symlinking: /home/evan/Documents/algo_gaze_project/install/op3_online_walking_module_msgs/include/op3_online_walking_module_msgs/op3_online_walking_module_msgs/srv/get_preview_matrix.hpp
-- Symlinking: /home/evan/Documents/algo_gaze_project/install/op3_online_walking_module_msgs/include/op3_online_walking_module_msgs/op3_online_walking_module_msgs/msg/detail/foot_step_array__rosidl_typesupport_fastrtps_cpp.hpp
-- Symlinking: /home/evan/Documents/algo_gaze_project/install/op3_online_walking_module_msgs/include/op3_online_walking_module_msgs/op3_online_walking_module_msgs/msg/detail/foot_step_command__rosidl_typesupport_fastrtps_cpp.hpp
-- Symlinking: /home/evan/Documents/algo_gaze_project/install/op3_online_walking_module_msgs/include/op3_online_walking_module_msgs/op3_online_walking_module_msgs/msg/detail/joint_pose__rosidl_typesupport_fastrtps_cpp.hpp
-- Symlinking: /home/evan/Documents/algo_gaze_project/install/op3_online_walking_module_msgs/include/op3_online_walking_module_msgs/op3_online_walking_module_msgs/msg/detail/kinematics_pose__rosidl_typesupport_fastrtps_cpp.hpp
-- Symlinking: /home/evan/Documents/algo_gaze_project/install/op3_online_walking_module_msgs/include/op3_online_walking_module_msgs/op3_online_walking_module_msgs/msg/detail/preview_request__rosidl_typesupport_fastrtps_cpp.hpp
-- Symlinking: /home/evan/Documents/algo_gaze_project/install/op3_online_walking_module_msgs/include/op3_online_walking_module_msgs/op3_online_walking_module_msgs/msg/detail/preview_response__rosidl_typesupport_fastrtps_cpp.hpp
-- Symlinking: /home/evan/Documents/algo_gaze_project/install/op3_online_walking_module_msgs/include/op3_online_walking_module_msgs/op3_online_walking_module_msgs/msg/detail/step2_d__rosidl_typesupport_fastrtps_cpp.hpp
-- Symlinking: /home/evan/Documents/algo_gaze_project/install/op3_online_walking_module_msgs/include/op3_online_walking_module_msgs/op3_online_walking_module_msgs/msg/detail/step2_d_array__rosidl_typesupport_fastrtps_cpp.hpp
-- Symlinking: /home/evan/Documents/algo_gaze_project/install/op3_online_walking_module_msgs/include/op3_online_walking_module_msgs/op3_online_walking_module_msgs/msg/detail/walking_param__rosidl_typesupport_fastrtps_cpp.hpp
-- Symlinking: /home/evan/Documents/algo_gaze_project/install/op3_online_walking_module_msgs/include/op3_online_walking_module_msgs/op3_online_walking_module_msgs/msg/rosidl_typesupport_fastrtps_cpp__visibility_control.h
-- Symlinking: /home/evan/Documents/algo_gaze_project/install/op3_online_walking_module_msgs/include/op3_online_walking_module_msgs/op3_online_walking_module_msgs/srv/detail/get_joint_pose__rosidl_typesupport_fastrtps_cpp.hpp
-- Symlinking: /home/evan/Documents/algo_gaze_project/install/op3_online_walking_module_msgs/include/op3_online_walking_module_msgs/op3_online_walking_module_msgs/srv/detail/get_kinematics_pose__rosidl_typesupport_fastrtps_cpp.hpp
-- Symlinking: /home/evan/Documents/algo_gaze_project/install/op3_online_walking_module_msgs/include/op3_online_walking_module_msgs/op3_online_walking_module_msgs/srv/detail/get_preview_matrix__rosidl_typesupport_fastrtps_cpp.hpp
-- Symlinking: /home/evan/Documents/algo_gaze_project/install/op3_online_walking_module_msgs/include/op3_online_walking_module_msgs/op3_online_walking_module_msgs/msg/detail/foot_step_array__rosidl_typesupport_introspection_c.h
-- Symlinking: /home/evan/Documents/algo_gaze_project/install/op3_online_walking_module_msgs/include/op3_online_walking_module_msgs/op3_online_walking_module_msgs/msg/detail/foot_step_command__rosidl_typesupport_introspection_c.h
-- Symlinking: /home/evan/Documents/algo_gaze_project/install/op3_online_walking_module_msgs/include/op3_online_walking_module_msgs/op3_online_walking_module_msgs/msg/detail/joint_pose__rosidl_typesupport_introspection_c.h
-- Symlinking: /home/evan/Documents/algo_gaze_project/install/op3_online_walking_module_msgs/include/op3_online_walking_module_msgs/op3_online_walking_module_msgs/msg/detail/kinematics_pose__rosidl_typesupport_introspection_c.h
-- Symlinking: /home/evan/Documents/algo_gaze_project/install/op3_online_walking_module_msgs/include/op3_online_walking_module_msgs/op3_online_walking_module_msgs/msg/detail/preview_request__rosidl_typesupport_introspection_c.h
-- Symlinking: /home/evan/Documents/algo_gaze_project/install/op3_online_walking_module_msgs/include/op3_online_walking_module_msgs/op3_online_walking_module_msgs/msg/detail/preview_response__rosidl_typesupport_introspection_c.h
-- Symlinking: /home/evan/Documents/algo_gaze_project/install/op3_online_walking_module_msgs/include/op3_online_walking_module_msgs/op3_online_walking_module_msgs/msg/detail/step2_d__rosidl_typesupport_introspection_c.h
-- Symlinking: /home/evan/Documents/algo_gaze_project/install/op3_online_walking_module_msgs/include/op3_online_walking_module_msgs/op3_online_walking_module_msgs/msg/detail/step2_d_array__rosidl_typesupport_introspection_c.h
-- Symlinking: /home/evan/Documents/algo_gaze_project/install/op3_online_walking_module_msgs/include/op3_online_walking_module_msgs/op3_online_walking_module_msgs/msg/detail/walking_param__rosidl_typesupport_introspection_c.h
-- Symlinking: /home/evan/Documents/algo_gaze_project/install/op3_online_walking_module_msgs/include/op3_online_walking_module_msgs/op3_online_walking_module_msgs/msg/rosidl_typesupport_introspection_c__visibility_control.h
-- Symlinking: /home/evan/Documents/algo_gaze_project/install/op3_online_walking_module_msgs/include/op3_online_walking_module_msgs/op3_online_walking_module_msgs/srv/detail/get_joint_pose__rosidl_typesupport_introspection_c.h
-- Symlinking: /home/evan/Documents/algo_gaze_project/install/op3_online_walking_module_msgs/include/op3_online_walking_module_msgs/op3_online_walking_module_msgs/srv/detail/get_kinematics_pose__rosidl_typesupport_introspection_c.h
-- Symlinking: /home/evan/Documents/algo_gaze_project/install/op3_online_walking_module_msgs/include/op3_online_walking_module_msgs/op3_online_walking_module_msgs/srv/detail/get_preview_matrix__rosidl_typesupport_introspection_c.h
-- Symlinking: /home/evan/Documents/algo_gaze_project/install/op3_online_walking_module_msgs/include/op3_online_walking_module_msgs/op3_online_walking_module_msgs/msg/detail/foot_step_array__rosidl_typesupport_introspection_cpp.hpp
-- Symlinking: /home/evan/Documents/algo_gaze_project/install/op3_online_walking_module_msgs/include/op3_online_walking_module_msgs/op3_online_walking_module_msgs/msg/detail/foot_step_command__rosidl_typesupport_introspection_cpp.hpp
-- Symlinking: /home/evan/Documents/algo_gaze_project/install/op3_online_walking_module_msgs/include/op3_online_walking_module_msgs/op3_online_walking_module_msgs/msg/detail/joint_pose__rosidl_typesupport_introspection_cpp.hpp
-- Symlinking: /home/evan/Documents/algo_gaze_project/install/op3_online_walking_module_msgs/include/op3_online_walking_module_msgs/op3_online_walking_module_msgs/msg/detail/kinematics_pose__rosidl_typesupport_introspection_cpp.hpp
-- Symlinking: /home/evan/Documents/algo_gaze_project/install/op3_online_walking_module_msgs/include/op3_online_walking_module_msgs/op3_online_walking_module_msgs/msg/detail/preview_request__rosidl_typesupport_introspection_cpp.hpp
-- Symlinking: /home/evan/Documents/algo_gaze_project/install/op3_online_walking_module_msgs/include/op3_online_walking_module_msgs/op3_online_walking_module_msgs/msg/detail/preview_response__rosidl_typesupport_introspection_cpp.hpp
-- Symlinking: /home/evan/Documents/algo_gaze_project/install/op3_online_walking_module_msgs/include/op3_online_walking_module_msgs/op3_online_walking_module_msgs/msg/detail/step2_d__rosidl_typesupport_introspection_cpp.hpp
-- Symlinking: /home/evan/Documents/algo_gaze_project/install/op3_online_walking_module_msgs/include/op3_online_walking_module_msgs/op3_online_walking_module_msgs/msg/detail/step2_d_array__rosidl_typesupport_introspection_cpp.hpp
-- Symlinking: /home/evan/Documents/algo_gaze_project/install/op3_online_walking_module_msgs/include/op3_online_walking_module_msgs/op3_online_walking_module_msgs/msg/detail/walking_param__rosidl_typesupport_introspection_cpp.hpp
-- Symlinking: /home/evan/Documents/algo_gaze_project/install/op3_online_walking_module_msgs/include/op3_online_walking_module_msgs/op3_online_walking_module_msgs/srv/detail/get_joint_pose__rosidl_typesupport_introspection_cpp.hpp
-- Symlinking: /home/evan/Documents/algo_gaze_project/install/op3_online_walking_module_msgs/include/op3_online_walking_module_msgs/op3_online_walking_module_msgs/srv/detail/get_kinematics_pose__rosidl_typesupport_introspection_cpp.hpp
-- Symlinking: /home/evan/Documents/algo_gaze_project/install/op3_online_walking_module_msgs/include/op3_online_walking_module_msgs/op3_online_walking_module_msgs/srv/detail/get_preview_matrix__rosidl_typesupport_introspection_cpp.hpp
-- Symlinking: /home/evan/Documents/algo_gaze_project/install/op3_online_walking_module_msgs/share/op3_online_walking_module_msgs/environment/pythonpath.sh
-- Symlinking: /home/evan/Documents/algo_gaze_project/install/op3_online_walking_module_msgs/share/op3_online_walking_module_msgs/environment/pythonpath.dsv
-- Symlinking: /home/evan/Documents/algo_gaze_project/install/op3_online_walking_module_msgs/local/lib/python3.10/dist-packages/op3_online_walking_module_msgs-0.1.1-py3.10.egg-info/PKG-INFO
-- Symlinking: /home/evan/Documents/algo_gaze_project/install/op3_online_walking_module_msgs/local/lib/python3.10/dist-packages/op3_online_walking_module_msgs-0.1.1-py3.10.egg-info/SOURCES.txt
-- Symlinking: /home/evan/Documents/algo_gaze_project/install/op3_online_walking_module_msgs/local/lib/python3.10/dist-packages/op3_online_walking_module_msgs-0.1.1-py3.10.egg-info/dependency_links.txt
-- Symlinking: /home/evan/Documents/algo_gaze_project/install/op3_online_walking_module_msgs/local/lib/python3.10/dist-packages/op3_online_walking_module_msgs-0.1.1-py3.10.egg-info/top_level.txt
-- Symlinking: /home/evan/Documents/algo_gaze_project/install/op3_online_walking_module_msgs/local/lib/python3.10/dist-packages/op3_online_walking_module_msgs/__init__.py
-- Symlinking: /home/evan/Documents/algo_gaze_project/install/op3_online_walking_module_msgs/local/lib/python3.10/dist-packages/op3_online_walking_module_msgs/_op3_online_walking_module_msgs_s.ep.rosidl_typesupport_c.c
-- Symlinking: /home/evan/Documents/algo_gaze_project/install/op3_online_walking_module_msgs/local/lib/python3.10/dist-packages/op3_online_walking_module_msgs/_op3_online_walking_module_msgs_s.ep.rosidl_typesupport_fastrtps_c.c
-- Symlinking: /home/evan/Documents/algo_gaze_project/install/op3_online_walking_module_msgs/local/lib/python3.10/dist-packages/op3_online_walking_module_msgs/_op3_online_walking_module_msgs_s.ep.rosidl_typesupport_introspection_c.c
-- Symlinking: /home/evan/Documents/algo_gaze_project/install/op3_online_walking_module_msgs/local/lib/python3.10/dist-packages/op3_online_walking_module_msgs/libop3_online_walking_module_msgs__rosidl_generator_py.so
-- Symlinking: /home/evan/Documents/algo_gaze_project/install/op3_online_walking_module_msgs/local/lib/python3.10/dist-packages/op3_online_walking_module_msgs/msg/__init__.py
-- Symlinking: /home/evan/Documents/algo_gaze_project/install/op3_online_walking_module_msgs/local/lib/python3.10/dist-packages/op3_online_walking_module_msgs/msg/_foot_step_array.py
-- Symlinking: /home/evan/Documents/algo_gaze_project/install/op3_online_walking_module_msgs/local/lib/python3.10/dist-packages/op3_online_walking_module_msgs/msg/_foot_step_array_s.c
-- Symlinking: /home/evan/Documents/algo_gaze_project/install/op3_online_walking_module_msgs/local/lib/python3.10/dist-packages/op3_online_walking_module_msgs/msg/_foot_step_command.py
-- Symlinking: /home/evan/Documents/algo_gaze_project/install/op3_online_walking_module_msgs/local/lib/python3.10/dist-packages/op3_online_walking_module_msgs/msg/_foot_step_command_s.c
-- Symlinking: /home/evan/Documents/algo_gaze_project/install/op3_online_walking_module_msgs/local/lib/python3.10/dist-packages/op3_online_walking_module_msgs/msg/_joint_pose.py
-- Symlinking: /home/evan/Documents/algo_gaze_project/install/op3_online_walking_module_msgs/local/lib/python3.10/dist-packages/op3_online_walking_module_msgs/msg/_joint_pose_s.c
-- Symlinking: /home/evan/Documents/algo_gaze_project/install/op3_online_walking_module_msgs/local/lib/python3.10/dist-packages/op3_online_walking_module_msgs/msg/_kinematics_pose.py
-- Symlinking: /home/evan/Documents/algo_gaze_project/install/op3_online_walking_module_msgs/local/lib/python3.10/dist-packages/op3_online_walking_module_msgs/msg/_kinematics_pose_s.c
-- Symlinking: /home/evan/Documents/algo_gaze_project/install/op3_online_walking_module_msgs/local/lib/python3.10/dist-packages/op3_online_walking_module_msgs/msg/_preview_request.py
-- Symlinking: /home/evan/Documents/algo_gaze_project/install/op3_online_walking_module_msgs/local/lib/python3.10/dist-packages/op3_online_walking_module_msgs/msg/_preview_request_s.c
-- Symlinking: /home/evan/Documents/algo_gaze_project/install/op3_online_walking_module_msgs/local/lib/python3.10/dist-packages/op3_online_walking_module_msgs/msg/_preview_response.py
-- Symlinking: /home/evan/Documents/algo_gaze_project/install/op3_online_walking_module_msgs/local/lib/python3.10/dist-packages/op3_online_walking_module_msgs/msg/_preview_response_s.c
-- Symlinking: /home/evan/Documents/algo_gaze_project/install/op3_online_walking_module_msgs/local/lib/python3.10/dist-packages/op3_online_walking_module_msgs/msg/_step2_d.py
-- Symlinking: /home/evan/Documents/algo_gaze_project/install/op3_online_walking_module_msgs/local/lib/python3.10/dist-packages/op3_online_walking_module_msgs/msg/_step2_d_array.py
-- Symlinking: /home/evan/Documents/algo_gaze_project/install/op3_online_walking_module_msgs/local/lib/python3.10/dist-packages/op3_online_walking_module_msgs/msg/_step2_d_array_s.c
-- Symlinking: /home/evan/Documents/algo_gaze_project/install/op3_online_walking_module_msgs/local/lib/python3.10/dist-packages/op3_online_walking_module_msgs/msg/_step2_d_s.c
-- Symlinking: /home/evan/Documents/algo_gaze_project/install/op3_online_walking_module_msgs/local/lib/python3.10/dist-packages/op3_online_walking_module_msgs/msg/_walking_param.py
-- Symlinking: /home/evan/Documents/algo_gaze_project/install/op3_online_walking_module_msgs/local/lib/python3.10/dist-packages/op3_online_walking_module_msgs/msg/_walking_param_s.c
-- Symlinking: /home/evan/Documents/algo_gaze_project/install/op3_online_walking_module_msgs/local/lib/python3.10/dist-packages/op3_online_walking_module_msgs/op3_online_walking_module_msgs_s__rosidl_typesupport_c.cpython-310-x86_64-linux-gnu.so
-- Symlinking: /home/evan/Documents/algo_gaze_project/install/op3_online_walking_module_msgs/local/lib/python3.10/dist-packages/op3_online_walking_module_msgs/op3_online_walking_module_msgs_s__rosidl_typesupport_fastrtps_c.cpython-310-x86_64-linux-gnu.so
-- Symlinking: /home/evan/Documents/algo_gaze_project/install/op3_online_walking_module_msgs/local/lib/python3.10/dist-packages/op3_online_walking_module_msgs/op3_online_walking_module_msgs_s__rosidl_typesupport_introspection_c.cpython-310-x86_64-linux-gnu.so
-- Symlinking: /home/evan/Documents/algo_gaze_project/install/op3_online_walking_module_msgs/local/lib/python3.10/dist-packages/op3_online_walking_module_msgs/srv/__init__.py
-- Symlinking: /home/evan/Documents/algo_gaze_project/install/op3_online_walking_module_msgs/local/lib/python3.10/dist-packages/op3_online_walking_module_msgs/srv/_get_joint_pose.py
-- Symlinking: /home/evan/Documents/algo_gaze_project/install/op3_online_walking_module_msgs/local/lib/python3.10/dist-packages/op3_online_walking_module_msgs/srv/_get_joint_pose_s.c
-- Symlinking: /home/evan/Documents/algo_gaze_project/install/op3_online_walking_module_msgs/local/lib/python3.10/dist-packages/op3_online_walking_module_msgs/srv/_get_kinematics_pose.py
-- Symlinking: /home/evan/Documents/algo_gaze_project/install/op3_online_walking_module_msgs/local/lib/python3.10/dist-packages/op3_online_walking_module_msgs/srv/_get_kinematics_pose_s.c
-- Symlinking: /home/evan/Documents/algo_gaze_project/install/op3_online_walking_module_msgs/local/lib/python3.10/dist-packages/op3_online_walking_module_msgs/srv/_get_preview_matrix.py
-- Symlinking: /home/evan/Documents/algo_gaze_project/install/op3_online_walking_module_msgs/local/lib/python3.10/dist-packages/op3_online_walking_module_msgs/srv/_get_preview_matrix_s.c
-- Up-to-date symlink: /home/evan/Documents/algo_gaze_project/install/op3_online_walking_module_msgs/local/lib/python3.10/dist-packages/op3_online_walking_module_msgs/op3_online_walking_module_msgs_s__rosidl_typesupport_fastrtps_c.cpython-310-x86_64-linux-gnu.so
-- Up-to-date symlink: /home/evan/Documents/algo_gaze_project/install/op3_online_walking_module_msgs/local/lib/python3.10/dist-packages/op3_online_walking_module_msgs/op3_online_walking_module_msgs_s__rosidl_typesupport_introspection_c.cpython-310-x86_64-linux-gnu.so
-- Up-to-date symlink: /home/evan/Documents/algo_gaze_project/install/op3_online_walking_module_msgs/local/lib/python3.10/dist-packages/op3_online_walking_module_msgs/op3_online_walking_module_msgs_s__rosidl_typesupport_c.cpython-310-x86_64-linux-gnu.so
-- Symlinking: /home/evan/Documents/algo_gaze_project/install/op3_online_walking_module_msgs/share/ament_index/resource_index/rust_packages/op3_online_walking_module_msgs
-- Symlinking: /home/evan/Documents/algo_gaze_project/install/op3_online_walking_module_msgs/share/op3_online_walking_module_msgs/rust/Cargo.toml
-- Symlinking: /home/evan/Documents/algo_gaze_project/install/op3_online_walking_module_msgs/share/op3_online_walking_module_msgs/rust/build.rs
-- Symlinking: /home/evan/Documents/algo_gaze_project/install/op3_online_walking_module_msgs/share/op3_online_walking_module_msgs/rust/src/lib.rs
-- Symlinking: /home/evan/Documents/algo_gaze_project/install/op3_online_walking_module_msgs/share/op3_online_walking_module_msgs/rust/src/msg.rs
-- Symlinking: /home/evan/Documents/algo_gaze_project/install/op3_online_walking_module_msgs/share/op3_online_walking_module_msgs/rust/src/msg/rmw.rs
-- Symlinking: /home/evan/Documents/algo_gaze_project/install/op3_online_walking_module_msgs/share/op3_online_walking_module_msgs/rust/src/srv.rs
-- Symlinking: /home/evan/Documents/algo_gaze_project/install/op3_online_walking_module_msgs/share/op3_online_walking_module_msgs/rust/src/srv/rmw.rs
-- Symlinking: /home/evan/Documents/algo_gaze_project/install/op3_online_walking_module_msgs/share/op3_online_walking_module_msgs/msg/JointPose.idl
-- Symlinking: /home/evan/Documents/algo_gaze_project/install/op3_online_walking_module_msgs/share/op3_online_walking_module_msgs/msg/KinematicsPose.idl
-- Symlinking: /home/evan/Documents/algo_gaze_project/install/op3_online_walking_module_msgs/share/op3_online_walking_module_msgs/msg/FootStepCommand.idl
-- Symlinking: /home/evan/Documents/algo_gaze_project/install/op3_online_walking_module_msgs/share/op3_online_walking_module_msgs/msg/FootStepArray.idl
-- Symlinking: /home/evan/Documents/algo_gaze_project/install/op3_online_walking_module_msgs/share/op3_online_walking_module_msgs/msg/PreviewRequest.idl
-- Symlinking: /home/evan/Documents/algo_gaze_project/install/op3_online_walking_module_msgs/share/op3_online_walking_module_msgs/msg/PreviewResponse.idl
-- Symlinking: /home/evan/Documents/algo_gaze_project/install/op3_online_walking_module_msgs/share/op3_online_walking_module_msgs/msg/WalkingParam.idl
-- Symlinking: /home/evan/Documents/algo_gaze_project/install/op3_online_walking_module_msgs/share/op3_online_walking_module_msgs/msg/Step2D.idl
-- Symlinking: /home/evan/Documents/algo_gaze_project/install/op3_online_walking_module_msgs/share/op3_online_walking_module_msgs/msg/Step2DArray.idl
-- Symlinking: /home/evan/Documents/algo_gaze_project/install/op3_online_walking_module_msgs/share/op3_online_walking_module_msgs/srv/GetJointPose.idl
-- Symlinking: /home/evan/Documents/algo_gaze_project/install/op3_online_walking_module_msgs/share/op3_online_walking_module_msgs/srv/GetKinematicsPose.idl
-- Symlinking: /home/evan/Documents/algo_gaze_project/install/op3_online_walking_module_msgs/share/op3_online_walking_module_msgs/srv/GetPreviewMatrix.idl
-- Symlinking: /home/evan/Documents/algo_gaze_project/install/op3_online_walking_module_msgs/share/op3_online_walking_module_msgs/msg/JointPose.msg
-- Symlinking: /home/evan/Documents/algo_gaze_project/install/op3_online_walking_module_msgs/share/op3_online_walking_module_msgs/msg/KinematicsPose.msg
-- Symlinking: /home/evan/Documents/algo_gaze_project/install/op3_online_walking_module_msgs/share/op3_online_walking_module_msgs/msg/FootStepCommand.msg
-- Symlinking: /home/evan/Documents/algo_gaze_project/install/op3_online_walking_module_msgs/share/op3_online_walking_module_msgs/msg/FootStepArray.msg
-- Symlinking: /home/evan/Documents/algo_gaze_project/install/op3_online_walking_module_msgs/share/op3_online_walking_module_msgs/msg/PreviewRequest.msg
-- Symlinking: /home/evan/Documents/algo_gaze_project/install/op3_online_walking_module_msgs/share/op3_online_walking_module_msgs/msg/PreviewResponse.msg
-- Symlinking: /home/evan/Documents/algo_gaze_project/install/op3_online_walking_module_msgs/share/op3_online_walking_module_msgs/msg/WalkingParam.msg
-- Symlinking: /home/evan/Documents/algo_gaze_project/install/op3_online_walking_module_msgs/share/op3_online_walking_module_msgs/msg/Step2D.msg
-- Symlinking: /home/evan/Documents/algo_gaze_project/install/op3_online_walking_module_msgs/share/op3_online_walking_module_msgs/msg/Step2DArray.msg
-- Symlinking: /home/evan/Documents/algo_gaze_project/install/op3_online_walking_module_msgs/share/op3_online_walking_module_msgs/srv/GetJointPose.srv
-- Symlinking: /home/evan/Documents/algo_gaze_project/install/op3_online_walking_module_msgs/share/op3_online_walking_module_msgs/srv/GetJointPose_Request.msg
-- Symlinking: /home/evan/Documents/algo_gaze_project/install/op3_online_walking_module_msgs/share/op3_online_walking_module_msgs/srv/GetJointPose_Response.msg
-- Symlinking: /home/evan/Documents/algo_gaze_project/install/op3_online_walking_module_msgs/share/op3_online_walking_module_msgs/srv/GetKinematicsPose.srv
-- Symlinking: /home/evan/Documents/algo_gaze_project/install/op3_online_walking_module_msgs/share/op3_online_walking_module_msgs/srv/GetKinematicsPose_Request.msg
-- Symlinking: /home/evan/Documents/algo_gaze_project/install/op3_online_walking_module_msgs/share/op3_online_walking_module_msgs/srv/GetKinematicsPose_Response.msg
-- Symlinking: /home/evan/Documents/algo_gaze_project/install/op3_online_walking_module_msgs/share/op3_online_walking_module_msgs/srv/GetPreviewMatrix.srv
-- Symlinking: /home/evan/Documents/algo_gaze_project/install/op3_online_walking_module_msgs/share/op3_online_walking_module_msgs/srv/GetPreviewMatrix_Request.msg
-- Symlinking: /home/evan/Documents/algo_gaze_project/install/op3_online_walking_module_msgs/share/op3_online_walking_module_msgs/srv/GetPreviewMatrix_Response.msg
-- Symlinking: /home/evan/Documents/algo_gaze_project/install/op3_online_walking_module_msgs/share/ament_index/resource_index/package_run_dependencies/op3_online_walking_module_msgs
-- Symlinking: /home/evan/Documents/algo_gaze_project/install/op3_online_walking_module_msgs/share/ament_index/resource_index/parent_prefix_path/op3_online_walking_module_msgs
-- Symlinking: /home/evan/Documents/algo_gaze_project/install/op3_online_walking_module_msgs/share/op3_online_walking_module_msgs/environment/ament_prefix_path.sh
-- Symlinking: /home/evan/Documents/algo_gaze_project/install/op3_online_walking_module_msgs/share/op3_online_walking_module_msgs/environment/ament_prefix_path.dsv
-- Symlinking: /home/evan/Documents/algo_gaze_project/install/op3_online_walking_module_msgs/share/op3_online_walking_module_msgs/environment/path.sh
-- Symlinking: /home/evan/Documents/algo_gaze_project/install/op3_online_walking_module_msgs/share/op3_online_walking_module_msgs/environment/path.dsv
-- Symlinking: /home/evan/Documents/algo_gaze_project/install/op3_online_walking_module_msgs/share/op3_online_walking_module_msgs/local_setup.bash
-- Symlinking: /home/evan/Documents/algo_gaze_project/install/op3_online_walking_module_msgs/share/op3_online_walking_module_msgs/local_setup.sh
-- Symlinking: /home/evan/Documents/algo_gaze_project/install/op3_online_walking_module_msgs/share/op3_online_walking_module_msgs/local_setup.zsh
-- Symlinking: /home/evan/Documents/algo_gaze_project/install/op3_online_walking_module_msgs/share/op3_online_walking_module_msgs/local_setup.dsv
-- Symlinking: /home/evan/Documents/algo_gaze_project/install/op3_online_walking_module_msgs/share/op3_online_walking_module_msgs/package.dsv
-- Symlinking: /home/evan/Documents/algo_gaze_project/install/op3_online_walking_module_msgs/share/ament_index/resource_index/packages/op3_online_walking_module_msgs
-- Symlinking: /home/evan/Documents/algo_gaze_project/install/op3_online_walking_module_msgs/share/op3_online_walking_module_msgs/cmake/rosidl_cmake-extras.cmake
-- Symlinking: /home/evan/Documents/algo_gaze_project/install/op3_online_walking_module_msgs/share/op3_online_walking_module_msgs/cmake/ament_cmake_export_dependencies-extras.cmake
-- Symlinking: /home/evan/Documents/algo_gaze_project/install/op3_online_walking_module_msgs/share/op3_online_walking_module_msgs/cmake/ament_cmake_export_include_directories-extras.cmake
-- Symlinking: /home/evan/Documents/algo_gaze_project/install/op3_online_walking_module_msgs/share/op3_online_walking_module_msgs/cmake/ament_cmake_export_libraries-extras.cmake
-- Symlinking: /home/evan/Documents/algo_gaze_project/install/op3_online_walking_module_msgs/share/op3_online_walking_module_msgs/cmake/ament_cmake_export_targets-extras.cmake
-- Symlinking: /home/evan/Documents/algo_gaze_project/install/op3_online_walking_module_msgs/share/op3_online_walking_module_msgs/cmake/rosidl_cmake_export_typesupport_targets-extras.cmake
-- Symlinking: /home/evan/Documents/algo_gaze_project/install/op3_online_walking_module_msgs/share/op3_online_walking_module_msgs/cmake/rosidl_cmake_export_typesupport_libraries-extras.cmake
-- Symlinking: /home/evan/Documents/algo_gaze_project/install/op3_online_walking_module_msgs/share/op3_online_walking_module_msgs/cmake/op3_online_walking_module_msgsConfig.cmake
-- Symlinking: /home/evan/Documents/algo_gaze_project/install/op3_online_walking_module_msgs/share/op3_online_walking_module_msgs/cmake/op3_online_walking_module_msgsConfig-version.cmake
-- Symlinking: /home/evan/Documents/algo_gaze_project/install/op3_online_walking_module_msgs/share/op3_online_walking_module_msgs/package.xml
-- Installing: /home/evan/Documents/algo_gaze_project/install/op3_online_walking_module_msgs/lib/libop3_online_walking_module_msgs__rosidl_generator_c.so
-- Set runtime path of "/home/evan/Documents/algo_gaze_project/install/op3_online_walking_module_msgs/lib/libop3_online_walking_module_msgs__rosidl_generator_c.so" to ""
-- Installing: /home/evan/Documents/algo_gaze_project/install/op3_online_walking_module_msgs/lib/libop3_online_walking_module_msgs__rosidl_typesupport_fastrtps_c.so
-- Set runtime path of "/home/evan/Documents/algo_gaze_project/install/op3_online_walking_module_msgs/lib/libop3_online_walking_module_msgs__rosidl_typesupport_fastrtps_c.so" to ""
-- Installing: /home/evan/Documents/algo_gaze_project/install/op3_online_walking_module_msgs/lib/libop3_online_walking_module_msgs__rosidl_typesupport_fastrtps_cpp.so
-- Set runtime path of "/home/evan/Documents/algo_gaze_project/install/op3_online_walking_module_msgs/lib/libop3_online_walking_module_msgs__rosidl_typesupport_fastrtps_cpp.so" to ""
-- Installing: /home/evan/Documents/algo_gaze_project/install/op3_online_walking_module_msgs/lib/libop3_online_walking_module_msgs__rosidl_typesupport_introspection_c.so
-- Set runtime path of "/home/evan/Documents/algo_gaze_project/install/op3_online_walking_module_msgs/lib/libop3_online_walking_module_msgs__rosidl_typesupport_introspection_c.so" to ""
-- Installing: /home/evan/Documents/algo_gaze_project/install/op3_online_walking_module_msgs/lib/libop3_online_walking_module_msgs__rosidl_typesupport_c.so
-- Set runtime path of "/home/evan/Documents/algo_gaze_project/install/op3_online_walking_module_msgs/lib/libop3_online_walking_module_msgs__rosidl_typesupport_c.so" to ""
-- Installing: /home/evan/Documents/algo_gaze_project/install/op3_online_walking_module_msgs/lib/libop3_online_walking_module_msgs__rosidl_typesupport_introspection_cpp.so
-- Set runtime path of "/home/evan/Documents/algo_gaze_project/install/op3_online_walking_module_msgs/lib/libop3_online_walking_module_msgs__rosidl_typesupport_introspection_cpp.so" to ""
-- Installing: /home/evan/Documents/algo_gaze_project/install/op3_online_walking_module_msgs/lib/libop3_online_walking_module_msgs__rosidl_typesupport_cpp.so
-- Set runtime path of "/home/evan/Documents/algo_gaze_project/install/op3_online_walking_module_msgs/lib/libop3_online_walking_module_msgs__rosidl_typesupport_cpp.so" to ""
Listing '/home/evan/Documents/algo_gaze_project/install/op3_online_walking_module_msgs/local/lib/python3.10/dist-packages/op3_online_walking_module_msgs'...
Compiling '/home/evan/Documents/algo_gaze_project/install/op3_online_walking_module_msgs/local/lib/python3.10/dist-packages/op3_online_walking_module_msgs/__init__.py'...
Listing '/home/evan/Documents/algo_gaze_project/install/op3_online_walking_module_msgs/local/lib/python3.10/dist-packages/op3_online_walking_module_msgs/msg'...
Compiling '/home/evan/Documents/algo_gaze_project/install/op3_online_walking_module_msgs/local/lib/python3.10/dist-packages/op3_online_walking_module_msgs/msg/__init__.py'...
Compiling '/home/evan/Documents/algo_gaze_project/install/op3_online_walking_module_msgs/local/lib/python3.10/dist-packages/op3_online_walking_module_msgs/msg/_foot_step_array.py'...
Compiling '/home/evan/Documents/algo_gaze_project/install/op3_online_walking_module_msgs/local/lib/python3.10/dist-packages/op3_online_walking_module_msgs/msg/_foot_step_command.py'...
Compiling '/home/evan/Documents/algo_gaze_project/install/op3_online_walking_module_msgs/local/lib/python3.10/dist-packages/op3_online_walking_module_msgs/msg/_joint_pose.py'...
Compiling '/home/evan/Documents/algo_gaze_project/install/op3_online_walking_module_msgs/local/lib/python3.10/dist-packages/op3_online_walking_module_msgs/msg/_kinematics_pose.py'...
Compiling '/home/evan/Documents/algo_gaze_project/install/op3_online_walking_module_msgs/local/lib/python3.10/dist-packages/op3_online_walking_module_msgs/msg/_preview_request.py'...
Compiling '/home/evan/Documents/algo_gaze_project/install/op3_online_walking_module_msgs/local/lib/python3.10/dist-packages/op3_online_walking_module_msgs/msg/_preview_response.py'...
Compiling '/home/evan/Documents/algo_gaze_project/install/op3_online_walking_module_msgs/local/lib/python3.10/dist-packages/op3_online_walking_module_msgs/msg/_step2_d.py'...
Compiling '/home/evan/Documents/algo_gaze_project/install/op3_online_walking_module_msgs/local/lib/python3.10/dist-packages/op3_online_walking_module_msgs/msg/_step2_d_array.py'...
Compiling '/home/evan/Documents/algo_gaze_project/install/op3_online_walking_module_msgs/local/lib/python3.10/dist-packages/op3_online_walking_module_msgs/msg/_walking_param.py'...
Listing '/home/evan/Documents/algo_gaze_project/install/op3_online_walking_module_msgs/local/lib/python3.10/dist-packages/op3_online_walking_module_msgs/srv'...
Compiling '/home/evan/Documents/algo_gaze_project/install/op3_online_walking_module_msgs/local/lib/python3.10/dist-packages/op3_online_walking_module_msgs/srv/__init__.py'...
Compiling '/home/evan/Documents/algo_gaze_project/install/op3_online_walking_module_msgs/local/lib/python3.10/dist-packages/op3_online_walking_module_msgs/srv/_get_joint_pose.py'...
Compiling '/home/evan/Documents/algo_gaze_project/install/op3_online_walking_module_msgs/local/lib/python3.10/dist-packages/op3_online_walking_module_msgs/srv/_get_kinematics_pose.py'...
Compiling '/home/evan/Documents/algo_gaze_project/install/op3_online_walking_module_msgs/local/lib/python3.10/dist-packages/op3_online_walking_module_msgs/srv/_get_preview_matrix.py'...
-- Installing: /home/evan/Documents/algo_gaze_project/install/op3_online_walking_module_msgs/lib/libop3_online_walking_module_msgs__rosidl_generator_py.so
-- Set runtime path of "/home/evan/Documents/algo_gaze_project/install/op3_online_walking_module_msgs/lib/libop3_online_walking_module_msgs__rosidl_generator_py.so" to ""
-- Installing: /home/evan/Documents/algo_gaze_project/install/op3_online_walking_module_msgs/share/op3_online_walking_module_msgs/cmake/export_op3_online_walking_module_msgs__rosidl_generator_cExport.cmake
-- Installing: /home/evan/Documents/algo_gaze_project/install/op3_online_walking_module_msgs/share/op3_online_walking_module_msgs/cmake/export_op3_online_walking_module_msgs__rosidl_generator_cExport-noconfig.cmake
-- Installing: /home/evan/Documents/algo_gaze_project/install/op3_online_walking_module_msgs/share/op3_online_walking_module_msgs/cmake/export_op3_online_walking_module_msgs__rosidl_typesupport_fastrtps_cExport.cmake
-- Installing: /home/evan/Documents/algo_gaze_project/install/op3_online_walking_module_msgs/share/op3_online_walking_module_msgs/cmake/export_op3_online_walking_module_msgs__rosidl_typesupport_fastrtps_cExport-noconfig.cmake
-- Installing: /home/evan/Documents/algo_gaze_project/install/op3_online_walking_module_msgs/share/op3_online_walking_module_msgs/cmake/export_op3_online_walking_module_msgs__rosidl_generator_cppExport.cmake
-- Installing: /home/evan/Documents/algo_gaze_project/install/op3_online_walking_module_msgs/share/op3_online_walking_module_msgs/cmake/export_op3_online_walking_module_msgs__rosidl_typesupport_fastrtps_cppExport.cmake
-- Installing: /home/evan/Documents/algo_gaze_project/install/op3_online_walking_module_msgs/share/op3_online_walking_module_msgs/cmake/export_op3_online_walking_module_msgs__rosidl_typesupport_fastrtps_cppExport-noconfig.cmake
-- Installing: /home/evan/Documents/algo_gaze_project/install/op3_online_walking_module_msgs/share/op3_online_walking_module_msgs/cmake/op3_online_walking_module_msgs__rosidl_typesupport_introspection_cExport.cmake
-- Installing: /home/evan/Documents/algo_gaze_project/install/op3_online_walking_module_msgs/share/op3_online_walking_module_msgs/cmake/op3_online_walking_module_msgs__rosidl_typesupport_introspection_cExport-noconfig.cmake
-- Installing: /home/evan/Documents/algo_gaze_project/install/op3_online_walking_module_msgs/share/op3_online_walking_module_msgs/cmake/op3_online_walking_module_msgs__rosidl_typesupport_cExport.cmake
-- Installing: /home/evan/Documents/algo_gaze_project/install/op3_online_walking_module_msgs/share/op3_online_walking_module_msgs/cmake/op3_online_walking_module_msgs__rosidl_typesupport_cExport-noconfig.cmake
-- Installing: /home/evan/Documents/algo_gaze_project/install/op3_online_walking_module_msgs/share/op3_online_walking_module_msgs/cmake/op3_online_walking_module_msgs__rosidl_typesupport_introspection_cppExport.cmake
-- Installing: /home/evan/Documents/algo_gaze_project/install/op3_online_walking_module_msgs/share/op3_online_walking_module_msgs/cmake/op3_online_walking_module_msgs__rosidl_typesupport_introspection_cppExport-noconfig.cmake
-- Installing: /home/evan/Documents/algo_gaze_project/install/op3_online_walking_module_msgs/share/op3_online_walking_module_msgs/cmake/op3_online_walking_module_msgs__rosidl_typesupport_cppExport.cmake
-- Installing: /home/evan/Documents/algo_gaze_project/install/op3_online_walking_module_msgs/share/op3_online_walking_module_msgs/cmake/op3_online_walking_module_msgs__rosidl_typesupport_cppExport-noconfig.cmake
-- Installing: /home/evan/Documents/algo_gaze_project/install/op3_online_walking_module_msgs/share/op3_online_walking_module_msgs/cmake/export_op3_online_walking_module_msgs__rosidl_generator_pyExport.cmake
-- Installing: /home/evan/Documents/algo_gaze_project/install/op3_online_walking_module_msgs/share/op3_online_walking_module_msgs/cmake/export_op3_online_walking_module_msgs__rosidl_generator_pyExport-noconfig.cmake
