[0.033s] Invoking command in '/home/evan/Documents/algo_gaze_project/build/op3_online_walking_module_msgs': CMAKE_PREFIX_PATH=/opt/ros/humble /usr/bin/cmake --build /home/evan/Documents/algo_gaze_project/build/op3_online_walking_module_msgs -- -j12 -l12
[0.086s] [35m[1mConsolidate compiler generated dependencies of target op3_online_walking_module_msgs__rosidl_generator_c[0m
[0.115s] [  1%] Built target op3_online_walking_module_msgs__rs
[0.129s] [  1%] Built target op3_online_walking_module_msgs__cpp
[0.141s] [  1%] Built target ament_cmake_python_symlink_op3_online_walking_module_msgs
[0.150s] [ 13%] Built target op3_online_walking_module_msgs__rosidl_generator_c
[0.172s] [35m[1mConsolidate compiler generated dependencies of target op3_online_walking_module_msgs__rosidl_typesupport_introspection_cpp[0m
[0.172s] [35m[1mConsolidate compiler generated dependencies of target op3_online_walking_module_msgs__rosidl_typesupport_fastrtps_c[0m
[0.183s] [35m[1mConsolidate compiler generated dependencies of target op3_online_walking_module_msgs__rosidl_typesupport_c[0m
[0.184s] [35m[1mConsolidate compiler generated dependencies of target op3_online_walking_module_msgs__rosidl_typesupport_fastrtps_cpp[0m
[0.184s] [35m[1mConsolidate compiler generated dependencies of target op3_online_walking_module_msgs__rosidl_typesupport_cpp[0m
[0.210s] [35m[1mConsolidate compiler generated dependencies of target op3_online_walking_module_msgs__rosidl_typesupport_introspection_c[0m
[0.222s] [ 24%] Built target op3_online_walking_module_msgs__rosidl_typesupport_fastrtps_c
[0.222s] [ 36%] Built target op3_online_walking_module_msgs__rosidl_typesupport_introspection_cpp
[0.222s] [ 47%] Built target op3_online_walking_module_msgs__rosidl_typesupport_c
[0.253s] [ 58%] Built target op3_online_walking_module_msgs__rosidl_typesupport_introspection_c
[0.260s] [ 70%] Built target op3_online_walking_module_msgs__rosidl_typesupport_cpp
[0.270s] [ 82%] Built target op3_online_walking_module_msgs__rosidl_typesupport_fastrtps_cpp
[0.316s] [ 82%] Built target op3_online_walking_module_msgs
[0.348s] [ 83%] Built target op3_online_walking_module_msgs__py
[0.368s] [35m[1mConsolidate compiler generated dependencies of target op3_online_walking_module_msgs__rosidl_generator_py[0m
[0.427s] [ 94%] Built target op3_online_walking_module_msgs__rosidl_generator_py
[0.452s] [35m[1mConsolidate compiler generated dependencies of target op3_online_walking_module_msgs__rosidl_typesupport_introspection_c__pyext[0m
[0.454s] [35m[1mConsolidate compiler generated dependencies of target op3_online_walking_module_msgs__rosidl_typesupport_c__pyext[0m
[0.457s] [35m[1mConsolidate compiler generated dependencies of target op3_online_walking_module_msgs__rosidl_typesupport_fastrtps_c__pyext[0m
[0.479s] [ 96%] Built target op3_online_walking_module_msgs__rosidl_typesupport_c__pyext
[0.482s] [ 98%] Built target op3_online_walking_module_msgs__rosidl_typesupport_introspection_c__pyext
[0.491s] [100%] Built target op3_online_walking_module_msgs__rosidl_typesupport_fastrtps_c__pyext
[0.580s] running egg_info
[0.581s] writing op3_online_walking_module_msgs.egg-info/PKG-INFO
[0.581s] writing dependency_links to op3_online_walking_module_msgs.egg-info/dependency_links.txt
[0.581s] writing top-level names to op3_online_walking_module_msgs.egg-info/top_level.txt
[0.588s] reading manifest file 'op3_online_walking_module_msgs.egg-info/SOURCES.txt'
[0.590s] writing manifest file 'op3_online_walking_module_msgs.egg-info/SOURCES.txt'
[0.635s] [100%] Built target ament_cmake_python_build_op3_online_walking_module_msgs_egg
[0.712s] Invoked command in '/home/evan/Documents/algo_gaze_project/build/op3_online_walking_module_msgs' returned '0': CMAKE_PREFIX_PATH=/opt/ros/humble /usr/bin/cmake --build /home/evan/Documents/algo_gaze_project/build/op3_online_walking_module_msgs -- -j12 -l12
[0.714s] Invoking command in '/home/evan/Documents/algo_gaze_project/build/op3_online_walking_module_msgs': CMAKE_PREFIX_PATH=/opt/ros/humble /usr/bin/cmake --install /home/evan/Documents/algo_gaze_project/build/op3_online_walking_module_msgs
[0.725s] -- Install configuration: ""
[0.725s] -- Execute custom install script
[0.725s] -- Symlinking: /home/evan/Documents/algo_gaze_project/install/op3_online_walking_module_msgs/share/ament_index/resource_index/rosidl_interfaces/op3_online_walking_module_msgs
[0.741s] -- Symlinking: /home/evan/Documents/algo_gaze_project/install/op3_online_walking_module_msgs/include/op3_online_walking_module_msgs/op3_online_walking_module_msgs/msg/detail/foot_step_array__functions.h
[0.768s] -- Symlinking: /home/evan/Documents/algo_gaze_project/install/op3_online_walking_module_msgs/include/op3_online_walking_module_msgs/op3_online_walking_module_msgs/msg/detail/foot_step_array__struct.h
[0.774s] -- Symlinking: /home/evan/Documents/algo_gaze_project/install/op3_online_walking_module_msgs/include/op3_online_walking_module_msgs/op3_online_walking_module_msgs/msg/detail/foot_step_array__type_support.h
[0.789s] -- Symlinking: /home/evan/Documents/algo_gaze_project/install/op3_online_walking_module_msgs/include/op3_online_walking_module_msgs/op3_online_walking_module_msgs/msg/detail/foot_step_command__functions.h
[0.800s] -- Symlinking: /home/evan/Documents/algo_gaze_project/install/op3_online_walking_module_msgs/include/op3_online_walking_module_msgs/op3_online_walking_module_msgs/msg/detail/foot_step_command__struct.h
[0.819s] -- Symlinking: /home/evan/Documents/algo_gaze_project/install/op3_online_walking_module_msgs/include/op3_online_walking_module_msgs/op3_online_walking_module_msgs/msg/detail/foot_step_command__type_support.h
[0.832s] -- Symlinking: /home/evan/Documents/algo_gaze_project/install/op3_online_walking_module_msgs/include/op3_online_walking_module_msgs/op3_online_walking_module_msgs/msg/detail/joint_pose__functions.h
[0.842s] -- Symlinking: /home/evan/Documents/algo_gaze_project/install/op3_online_walking_module_msgs/include/op3_online_walking_module_msgs/op3_online_walking_module_msgs/msg/detail/joint_pose__struct.h
[0.862s] -- Symlinking: /home/evan/Documents/algo_gaze_project/install/op3_online_walking_module_msgs/include/op3_online_walking_module_msgs/op3_online_walking_module_msgs/msg/detail/joint_pose__type_support.h
[0.875s] -- Symlinking: /home/evan/Documents/algo_gaze_project/install/op3_online_walking_module_msgs/include/op3_online_walking_module_msgs/op3_online_walking_module_msgs/msg/detail/kinematics_pose__functions.h
[0.900s] -- Symlinking: /home/evan/Documents/algo_gaze_project/install/op3_online_walking_module_msgs/include/op3_online_walking_module_msgs/op3_online_walking_module_msgs/msg/detail/kinematics_pose__struct.h
[0.911s] -- Symlinking: /home/evan/Documents/algo_gaze_project/install/op3_online_walking_module_msgs/include/op3_online_walking_module_msgs/op3_online_walking_module_msgs/msg/detail/kinematics_pose__type_support.h
[0.922s] -- Symlinking: /home/evan/Documents/algo_gaze_project/install/op3_online_walking_module_msgs/include/op3_online_walking_module_msgs/op3_online_walking_module_msgs/msg/detail/preview_request__functions.h
[0.941s] -- Symlinking: /home/evan/Documents/algo_gaze_project/install/op3_online_walking_module_msgs/include/op3_online_walking_module_msgs/op3_online_walking_module_msgs/msg/detail/preview_request__struct.h
[0.956s] -- Symlinking: /home/evan/Documents/algo_gaze_project/install/op3_online_walking_module_msgs/include/op3_online_walking_module_msgs/op3_online_walking_module_msgs/msg/detail/preview_request__type_support.h
[0.975s] -- Symlinking: /home/evan/Documents/algo_gaze_project/install/op3_online_walking_module_msgs/include/op3_online_walking_module_msgs/op3_online_walking_module_msgs/msg/detail/preview_response__functions.h
[0.984s] -- Symlinking: /home/evan/Documents/algo_gaze_project/install/op3_online_walking_module_msgs/include/op3_online_walking_module_msgs/op3_online_walking_module_msgs/msg/detail/preview_response__struct.h
[0.996s] -- Symlinking: /home/evan/Documents/algo_gaze_project/install/op3_online_walking_module_msgs/include/op3_online_walking_module_msgs/op3_online_walking_module_msgs/msg/detail/preview_response__type_support.h
[1.010s] -- Symlinking: /home/evan/Documents/algo_gaze_project/install/op3_online_walking_module_msgs/include/op3_online_walking_module_msgs/op3_online_walking_module_msgs/msg/detail/step2_d__functions.h
[1.032s] -- Symlinking: /home/evan/Documents/algo_gaze_project/install/op3_online_walking_module_msgs/include/op3_online_walking_module_msgs/op3_online_walking_module_msgs/msg/detail/step2_d__struct.h
[1.036s] -- Symlinking: /home/evan/Documents/algo_gaze_project/install/op3_online_walking_module_msgs/include/op3_online_walking_module_msgs/op3_online_walking_module_msgs/msg/detail/step2_d__type_support.h
[1.047s] -- Symlinking: /home/evan/Documents/algo_gaze_project/install/op3_online_walking_module_msgs/include/op3_online_walking_module_msgs/op3_online_walking_module_msgs/msg/detail/step2_d_array__functions.h
[1.061s] -- Symlinking: /home/evan/Documents/algo_gaze_project/install/op3_online_walking_module_msgs/include/op3_online_walking_module_msgs/op3_online_walking_module_msgs/msg/detail/step2_d_array__struct.h
[1.069s] -- Symlinking: /home/evan/Documents/algo_gaze_project/install/op3_online_walking_module_msgs/include/op3_online_walking_module_msgs/op3_online_walking_module_msgs/msg/detail/step2_d_array__type_support.h
[1.086s] -- Symlinking: /home/evan/Documents/algo_gaze_project/install/op3_online_walking_module_msgs/include/op3_online_walking_module_msgs/op3_online_walking_module_msgs/msg/detail/walking_param__functions.h
[1.106s] -- Symlinking: /home/evan/Documents/algo_gaze_project/install/op3_online_walking_module_msgs/include/op3_online_walking_module_msgs/op3_online_walking_module_msgs/msg/detail/walking_param__struct.h
[1.124s] -- Symlinking: /home/evan/Documents/algo_gaze_project/install/op3_online_walking_module_msgs/include/op3_online_walking_module_msgs/op3_online_walking_module_msgs/msg/detail/walking_param__type_support.h
[1.135s] -- Symlinking: /home/evan/Documents/algo_gaze_project/install/op3_online_walking_module_msgs/include/op3_online_walking_module_msgs/op3_online_walking_module_msgs/msg/foot_step_array.h
[1.147s] -- Symlinking: /home/evan/Documents/algo_gaze_project/install/op3_online_walking_module_msgs/include/op3_online_walking_module_msgs/op3_online_walking_module_msgs/msg/foot_step_command.h
[1.153s] -- Symlinking: /home/evan/Documents/algo_gaze_project/install/op3_online_walking_module_msgs/include/op3_online_walking_module_msgs/op3_online_walking_module_msgs/msg/joint_pose.h
[1.164s] -- Symlinking: /home/evan/Documents/algo_gaze_project/install/op3_online_walking_module_msgs/include/op3_online_walking_module_msgs/op3_online_walking_module_msgs/msg/kinematics_pose.h
[1.176s] -- Symlinking: /home/evan/Documents/algo_gaze_project/install/op3_online_walking_module_msgs/include/op3_online_walking_module_msgs/op3_online_walking_module_msgs/msg/preview_request.h
[1.189s] -- Symlinking: /home/evan/Documents/algo_gaze_project/install/op3_online_walking_module_msgs/include/op3_online_walking_module_msgs/op3_online_walking_module_msgs/msg/preview_response.h
[1.202s] -- Symlinking: /home/evan/Documents/algo_gaze_project/install/op3_online_walking_module_msgs/include/op3_online_walking_module_msgs/op3_online_walking_module_msgs/msg/rosidl_generator_c__visibility_control.h
[1.218s] -- Symlinking: /home/evan/Documents/algo_gaze_project/install/op3_online_walking_module_msgs/include/op3_online_walking_module_msgs/op3_online_walking_module_msgs/msg/step2_d.h
[1.231s] -- Symlinking: /home/evan/Documents/algo_gaze_project/install/op3_online_walking_module_msgs/include/op3_online_walking_module_msgs/op3_online_walking_module_msgs/msg/step2_d_array.h
[1.259s] -- Symlinking: /home/evan/Documents/algo_gaze_project/install/op3_online_walking_module_msgs/include/op3_online_walking_module_msgs/op3_online_walking_module_msgs/msg/walking_param.h
[1.276s] -- Symlinking: /home/evan/Documents/algo_gaze_project/install/op3_online_walking_module_msgs/include/op3_online_walking_module_msgs/op3_online_walking_module_msgs/srv/detail/get_joint_pose__functions.h
[1.289s] -- Symlinking: /home/evan/Documents/algo_gaze_project/install/op3_online_walking_module_msgs/include/op3_online_walking_module_msgs/op3_online_walking_module_msgs/srv/detail/get_joint_pose__struct.h
[1.300s] -- Symlinking: /home/evan/Documents/algo_gaze_project/install/op3_online_walking_module_msgs/include/op3_online_walking_module_msgs/op3_online_walking_module_msgs/srv/detail/get_joint_pose__type_support.h
[1.315s] -- Symlinking: /home/evan/Documents/algo_gaze_project/install/op3_online_walking_module_msgs/include/op3_online_walking_module_msgs/op3_online_walking_module_msgs/srv/detail/get_kinematics_pose__functions.h
[1.333s] -- Symlinking: /home/evan/Documents/algo_gaze_project/install/op3_online_walking_module_msgs/include/op3_online_walking_module_msgs/op3_online_walking_module_msgs/srv/detail/get_kinematics_pose__struct.h
[1.344s] -- Symlinking: /home/evan/Documents/algo_gaze_project/install/op3_online_walking_module_msgs/include/op3_online_walking_module_msgs/op3_online_walking_module_msgs/srv/detail/get_kinematics_pose__type_support.h
[1.368s] -- Symlinking: /home/evan/Documents/algo_gaze_project/install/op3_online_walking_module_msgs/include/op3_online_walking_module_msgs/op3_online_walking_module_msgs/srv/detail/get_preview_matrix__functions.h
[1.380s] -- Symlinking: /home/evan/Documents/algo_gaze_project/install/op3_online_walking_module_msgs/include/op3_online_walking_module_msgs/op3_online_walking_module_msgs/srv/detail/get_preview_matrix__struct.h
[1.392s] -- Symlinking: /home/evan/Documents/algo_gaze_project/install/op3_online_walking_module_msgs/include/op3_online_walking_module_msgs/op3_online_walking_module_msgs/srv/detail/get_preview_matrix__type_support.h
[1.414s] -- Symlinking: /home/evan/Documents/algo_gaze_project/install/op3_online_walking_module_msgs/include/op3_online_walking_module_msgs/op3_online_walking_module_msgs/srv/get_joint_pose.h
[1.434s] -- Symlinking: /home/evan/Documents/algo_gaze_project/install/op3_online_walking_module_msgs/include/op3_online_walking_module_msgs/op3_online_walking_module_msgs/srv/get_kinematics_pose.h
[1.456s] -- Symlinking: /home/evan/Documents/algo_gaze_project/install/op3_online_walking_module_msgs/include/op3_online_walking_module_msgs/op3_online_walking_module_msgs/srv/get_preview_matrix.h
[1.472s] -- Symlinking: /home/evan/Documents/algo_gaze_project/install/op3_online_walking_module_msgs/share/op3_online_walking_module_msgs/environment/library_path.sh
[1.501s] -- Symlinking: /home/evan/Documents/algo_gaze_project/install/op3_online_walking_module_msgs/share/op3_online_walking_module_msgs/environment/library_path.dsv
[1.514s] -- Symlinking: /home/evan/Documents/algo_gaze_project/install/op3_online_walking_module_msgs/include/op3_online_walking_module_msgs/op3_online_walking_module_msgs/msg/detail/foot_step_array__rosidl_typesupport_fastrtps_c.h
[1.525s] -- Symlinking: /home/evan/Documents/algo_gaze_project/install/op3_online_walking_module_msgs/include/op3_online_walking_module_msgs/op3_online_walking_module_msgs/msg/detail/foot_step_command__rosidl_typesupport_fastrtps_c.h
[1.535s] -- Symlinking: /home/evan/Documents/algo_gaze_project/install/op3_online_walking_module_msgs/include/op3_online_walking_module_msgs/op3_online_walking_module_msgs/msg/detail/joint_pose__rosidl_typesupport_fastrtps_c.h
[1.547s] -- Symlinking: /home/evan/Documents/algo_gaze_project/install/op3_online_walking_module_msgs/include/op3_online_walking_module_msgs/op3_online_walking_module_msgs/msg/detail/kinematics_pose__rosidl_typesupport_fastrtps_c.h
[1.564s] -- Symlinking: /home/evan/Documents/algo_gaze_project/install/op3_online_walking_module_msgs/include/op3_online_walking_module_msgs/op3_online_walking_module_msgs/msg/detail/preview_request__rosidl_typesupport_fastrtps_c.h
[1.584s] -- Symlinking: /home/evan/Documents/algo_gaze_project/install/op3_online_walking_module_msgs/include/op3_online_walking_module_msgs/op3_online_walking_module_msgs/msg/detail/preview_response__rosidl_typesupport_fastrtps_c.h
[1.593s] -- Symlinking: /home/evan/Documents/algo_gaze_project/install/op3_online_walking_module_msgs/include/op3_online_walking_module_msgs/op3_online_walking_module_msgs/msg/detail/step2_d__rosidl_typesupport_fastrtps_c.h
[1.605s] -- Symlinking: /home/evan/Documents/algo_gaze_project/install/op3_online_walking_module_msgs/include/op3_online_walking_module_msgs/op3_online_walking_module_msgs/msg/detail/step2_d_array__rosidl_typesupport_fastrtps_c.h
[1.622s] -- Symlinking: /home/evan/Documents/algo_gaze_project/install/op3_online_walking_module_msgs/include/op3_online_walking_module_msgs/op3_online_walking_module_msgs/msg/detail/walking_param__rosidl_typesupport_fastrtps_c.h
[1.653s] -- Symlinking: /home/evan/Documents/algo_gaze_project/install/op3_online_walking_module_msgs/include/op3_online_walking_module_msgs/op3_online_walking_module_msgs/msg/rosidl_typesupport_fastrtps_c__visibility_control.h
[1.667s] -- Symlinking: /home/evan/Documents/algo_gaze_project/install/op3_online_walking_module_msgs/include/op3_online_walking_module_msgs/op3_online_walking_module_msgs/srv/detail/get_joint_pose__rosidl_typesupport_fastrtps_c.h
[1.687s] -- Symlinking: /home/evan/Documents/algo_gaze_project/install/op3_online_walking_module_msgs/include/op3_online_walking_module_msgs/op3_online_walking_module_msgs/srv/detail/get_kinematics_pose__rosidl_typesupport_fastrtps_c.h
[1.700s] -- Symlinking: /home/evan/Documents/algo_gaze_project/install/op3_online_walking_module_msgs/include/op3_online_walking_module_msgs/op3_online_walking_module_msgs/srv/detail/get_preview_matrix__rosidl_typesupport_fastrtps_c.h
[1.718s] -- Symlinking: /home/evan/Documents/algo_gaze_project/install/op3_online_walking_module_msgs/include/op3_online_walking_module_msgs/op3_online_walking_module_msgs/msg/detail/foot_step_array__builder.hpp
[1.731s] -- Symlinking: /home/evan/Documents/algo_gaze_project/install/op3_online_walking_module_msgs/include/op3_online_walking_module_msgs/op3_online_walking_module_msgs/msg/detail/foot_step_array__struct.hpp
[1.754s] -- Symlinking: /home/evan/Documents/algo_gaze_project/install/op3_online_walking_module_msgs/include/op3_online_walking_module_msgs/op3_online_walking_module_msgs/msg/detail/foot_step_array__traits.hpp
[1.774s] -- Symlinking: /home/evan/Documents/algo_gaze_project/install/op3_online_walking_module_msgs/include/op3_online_walking_module_msgs/op3_online_walking_module_msgs/msg/detail/foot_step_array__type_support.hpp
[1.795s] -- Symlinking: /home/evan/Documents/algo_gaze_project/install/op3_online_walking_module_msgs/include/op3_online_walking_module_msgs/op3_online_walking_module_msgs/msg/detail/foot_step_command__builder.hpp
[1.822s] -- Symlinking: /home/evan/Documents/algo_gaze_project/install/op3_online_walking_module_msgs/include/op3_online_walking_module_msgs/op3_online_walking_module_msgs/msg/detail/foot_step_command__struct.hpp
[1.838s] -- Symlinking: /home/evan/Documents/algo_gaze_project/install/op3_online_walking_module_msgs/include/op3_online_walking_module_msgs/op3_online_walking_module_msgs/msg/detail/foot_step_command__traits.hpp
[1.872s] -- Symlinking: /home/evan/Documents/algo_gaze_project/install/op3_online_walking_module_msgs/include/op3_online_walking_module_msgs/op3_online_walking_module_msgs/msg/detail/foot_step_command__type_support.hpp
[1.897s] -- Symlinking: /home/evan/Documents/algo_gaze_project/install/op3_online_walking_module_msgs/include/op3_online_walking_module_msgs/op3_online_walking_module_msgs/msg/detail/joint_pose__builder.hpp
[1.920s] -- Symlinking: /home/evan/Documents/algo_gaze_project/install/op3_online_walking_module_msgs/include/op3_online_walking_module_msgs/op3_online_walking_module_msgs/msg/detail/joint_pose__struct.hpp
[1.942s] -- Symlinking: /home/evan/Documents/algo_gaze_project/install/op3_online_walking_module_msgs/include/op3_online_walking_module_msgs/op3_online_walking_module_msgs/msg/detail/joint_pose__traits.hpp
[1.960s] -- Symlinking: /home/evan/Documents/algo_gaze_project/install/op3_online_walking_module_msgs/include/op3_online_walking_module_msgs/op3_online_walking_module_msgs/msg/detail/joint_pose__type_support.hpp
[1.983s] -- Symlinking: /home/evan/Documents/algo_gaze_project/install/op3_online_walking_module_msgs/include/op3_online_walking_module_msgs/op3_online_walking_module_msgs/msg/detail/kinematics_pose__builder.hpp
[2.002s] -- Symlinking: /home/evan/Documents/algo_gaze_project/install/op3_online_walking_module_msgs/include/op3_online_walking_module_msgs/op3_online_walking_module_msgs/msg/detail/kinematics_pose__struct.hpp
[2.021s] -- Symlinking: /home/evan/Documents/algo_gaze_project/install/op3_online_walking_module_msgs/include/op3_online_walking_module_msgs/op3_online_walking_module_msgs/msg/detail/kinematics_pose__traits.hpp
[2.047s] -- Symlinking: /home/evan/Documents/algo_gaze_project/install/op3_online_walking_module_msgs/include/op3_online_walking_module_msgs/op3_online_walking_module_msgs/msg/detail/kinematics_pose__type_support.hpp
[2.087s] -- Symlinking: /home/evan/Documents/algo_gaze_project/install/op3_online_walking_module_msgs/include/op3_online_walking_module_msgs/op3_online_walking_module_msgs/msg/detail/preview_request__builder.hpp
[2.110s] -- Symlinking: /home/evan/Documents/algo_gaze_project/install/op3_online_walking_module_msgs/include/op3_online_walking_module_msgs/op3_online_walking_module_msgs/msg/detail/preview_request__struct.hpp
[2.143s] -- Symlinking: /home/evan/Documents/algo_gaze_project/install/op3_online_walking_module_msgs/include/op3_online_walking_module_msgs/op3_online_walking_module_msgs/msg/detail/preview_request__traits.hpp
[2.168s] -- Symlinking: /home/evan/Documents/algo_gaze_project/install/op3_online_walking_module_msgs/include/op3_online_walking_module_msgs/op3_online_walking_module_msgs/msg/detail/preview_request__type_support.hpp
[2.186s] -- Symlinking: /home/evan/Documents/algo_gaze_project/install/op3_online_walking_module_msgs/include/op3_online_walking_module_msgs/op3_online_walking_module_msgs/msg/detail/preview_response__builder.hpp
[2.204s] -- Symlinking: /home/evan/Documents/algo_gaze_project/install/op3_online_walking_module_msgs/include/op3_online_walking_module_msgs/op3_online_walking_module_msgs/msg/detail/preview_response__struct.hpp
[2.216s] -- Symlinking: /home/evan/Documents/algo_gaze_project/install/op3_online_walking_module_msgs/include/op3_online_walking_module_msgs/op3_online_walking_module_msgs/msg/detail/preview_response__traits.hpp
[2.227s] -- Symlinking: /home/evan/Documents/algo_gaze_project/install/op3_online_walking_module_msgs/include/op3_online_walking_module_msgs/op3_online_walking_module_msgs/msg/detail/preview_response__type_support.hpp
[2.249s] -- Symlinking: /home/evan/Documents/algo_gaze_project/install/op3_online_walking_module_msgs/include/op3_online_walking_module_msgs/op3_online_walking_module_msgs/msg/detail/step2_d__builder.hpp
[2.257s] -- Symlinking: /home/evan/Documents/algo_gaze_project/install/op3_online_walking_module_msgs/include/op3_online_walking_module_msgs/op3_online_walking_module_msgs/msg/detail/step2_d__struct.hpp
[2.279s] -- Symlinking: /home/evan/Documents/algo_gaze_project/install/op3_online_walking_module_msgs/include/op3_online_walking_module_msgs/op3_online_walking_module_msgs/msg/detail/step2_d__traits.hpp
[2.306s] -- Symlinking: /home/evan/Documents/algo_gaze_project/install/op3_online_walking_module_msgs/include/op3_online_walking_module_msgs/op3_online_walking_module_msgs/msg/detail/step2_d__type_support.hpp
[2.329s] -- Symlinking: /home/evan/Documents/algo_gaze_project/install/op3_online_walking_module_msgs/include/op3_online_walking_module_msgs/op3_online_walking_module_msgs/msg/detail/step2_d_array__builder.hpp
[2.344s] -- Symlinking: /home/evan/Documents/algo_gaze_project/install/op3_online_walking_module_msgs/include/op3_online_walking_module_msgs/op3_online_walking_module_msgs/msg/detail/step2_d_array__struct.hpp
[2.365s] -- Symlinking: /home/evan/Documents/algo_gaze_project/install/op3_online_walking_module_msgs/include/op3_online_walking_module_msgs/op3_online_walking_module_msgs/msg/detail/step2_d_array__traits.hpp
[2.378s] -- Symlinking: /home/evan/Documents/algo_gaze_project/install/op3_online_walking_module_msgs/include/op3_online_walking_module_msgs/op3_online_walking_module_msgs/msg/detail/step2_d_array__type_support.hpp
[2.400s] -- Symlinking: /home/evan/Documents/algo_gaze_project/install/op3_online_walking_module_msgs/include/op3_online_walking_module_msgs/op3_online_walking_module_msgs/msg/detail/walking_param__builder.hpp
[2.423s] -- Symlinking: /home/evan/Documents/algo_gaze_project/install/op3_online_walking_module_msgs/include/op3_online_walking_module_msgs/op3_online_walking_module_msgs/msg/detail/walking_param__struct.hpp
[2.445s] -- Symlinking: /home/evan/Documents/algo_gaze_project/install/op3_online_walking_module_msgs/include/op3_online_walking_module_msgs/op3_online_walking_module_msgs/msg/detail/walking_param__traits.hpp
[2.462s] -- Symlinking: /home/evan/Documents/algo_gaze_project/install/op3_online_walking_module_msgs/include/op3_online_walking_module_msgs/op3_online_walking_module_msgs/msg/detail/walking_param__type_support.hpp
[2.488s] -- Symlinking: /home/evan/Documents/algo_gaze_project/install/op3_online_walking_module_msgs/include/op3_online_walking_module_msgs/op3_online_walking_module_msgs/msg/foot_step_array.hpp
[2.510s] -- Symlinking: /home/evan/Documents/algo_gaze_project/install/op3_online_walking_module_msgs/include/op3_online_walking_module_msgs/op3_online_walking_module_msgs/msg/foot_step_command.hpp
[2.531s] -- Symlinking: /home/evan/Documents/algo_gaze_project/install/op3_online_walking_module_msgs/include/op3_online_walking_module_msgs/op3_online_walking_module_msgs/msg/joint_pose.hpp
[2.544s] -- Symlinking: /home/evan/Documents/algo_gaze_project/install/op3_online_walking_module_msgs/include/op3_online_walking_module_msgs/op3_online_walking_module_msgs/msg/kinematics_pose.hpp
[2.557s] -- Symlinking: /home/evan/Documents/algo_gaze_project/install/op3_online_walking_module_msgs/include/op3_online_walking_module_msgs/op3_online_walking_module_msgs/msg/preview_request.hpp
[2.579s] -- Symlinking: /home/evan/Documents/algo_gaze_project/install/op3_online_walking_module_msgs/include/op3_online_walking_module_msgs/op3_online_walking_module_msgs/msg/preview_response.hpp
[2.600s] -- Symlinking: /home/evan/Documents/algo_gaze_project/install/op3_online_walking_module_msgs/include/op3_online_walking_module_msgs/op3_online_walking_module_msgs/msg/rosidl_generator_cpp__visibility_control.hpp
[2.612s] -- Symlinking: /home/evan/Documents/algo_gaze_project/install/op3_online_walking_module_msgs/include/op3_online_walking_module_msgs/op3_online_walking_module_msgs/msg/step2_d.hpp
[2.633s] -- Symlinking: /home/evan/Documents/algo_gaze_project/install/op3_online_walking_module_msgs/include/op3_online_walking_module_msgs/op3_online_walking_module_msgs/msg/step2_d_array.hpp
[2.656s] -- Symlinking: /home/evan/Documents/algo_gaze_project/install/op3_online_walking_module_msgs/include/op3_online_walking_module_msgs/op3_online_walking_module_msgs/msg/walking_param.hpp
[2.669s] -- Symlinking: /home/evan/Documents/algo_gaze_project/install/op3_online_walking_module_msgs/include/op3_online_walking_module_msgs/op3_online_walking_module_msgs/srv/detail/get_joint_pose__builder.hpp
[2.680s] -- Symlinking: /home/evan/Documents/algo_gaze_project/install/op3_online_walking_module_msgs/include/op3_online_walking_module_msgs/op3_online_walking_module_msgs/srv/detail/get_joint_pose__struct.hpp
[2.691s] -- Symlinking: /home/evan/Documents/algo_gaze_project/install/op3_online_walking_module_msgs/include/op3_online_walking_module_msgs/op3_online_walking_module_msgs/srv/detail/get_joint_pose__traits.hpp
[2.711s] -- Symlinking: /home/evan/Documents/algo_gaze_project/install/op3_online_walking_module_msgs/include/op3_online_walking_module_msgs/op3_online_walking_module_msgs/srv/detail/get_joint_pose__type_support.hpp
[2.733s] -- Symlinking: /home/evan/Documents/algo_gaze_project/install/op3_online_walking_module_msgs/include/op3_online_walking_module_msgs/op3_online_walking_module_msgs/srv/detail/get_kinematics_pose__builder.hpp
[2.753s] -- Symlinking: /home/evan/Documents/algo_gaze_project/install/op3_online_walking_module_msgs/include/op3_online_walking_module_msgs/op3_online_walking_module_msgs/srv/detail/get_kinematics_pose__struct.hpp
[2.773s] -- Symlinking: /home/evan/Documents/algo_gaze_project/install/op3_online_walking_module_msgs/include/op3_online_walking_module_msgs/op3_online_walking_module_msgs/srv/detail/get_kinematics_pose__traits.hpp
[2.793s] -- Symlinking: /home/evan/Documents/algo_gaze_project/install/op3_online_walking_module_msgs/include/op3_online_walking_module_msgs/op3_online_walking_module_msgs/srv/detail/get_kinematics_pose__type_support.hpp
[2.805s] -- Symlinking: /home/evan/Documents/algo_gaze_project/install/op3_online_walking_module_msgs/include/op3_online_walking_module_msgs/op3_online_walking_module_msgs/srv/detail/get_preview_matrix__builder.hpp
[2.816s] -- Symlinking: /home/evan/Documents/algo_gaze_project/install/op3_online_walking_module_msgs/include/op3_online_walking_module_msgs/op3_online_walking_module_msgs/srv/detail/get_preview_matrix__struct.hpp
[2.826s] -- Symlinking: /home/evan/Documents/algo_gaze_project/install/op3_online_walking_module_msgs/include/op3_online_walking_module_msgs/op3_online_walking_module_msgs/srv/detail/get_preview_matrix__traits.hpp
[2.838s] -- Symlinking: /home/evan/Documents/algo_gaze_project/install/op3_online_walking_module_msgs/include/op3_online_walking_module_msgs/op3_online_walking_module_msgs/srv/detail/get_preview_matrix__type_support.hpp
[2.848s] -- Symlinking: /home/evan/Documents/algo_gaze_project/install/op3_online_walking_module_msgs/include/op3_online_walking_module_msgs/op3_online_walking_module_msgs/srv/get_joint_pose.hpp
[2.859s] -- Symlinking: /home/evan/Documents/algo_gaze_project/install/op3_online_walking_module_msgs/include/op3_online_walking_module_msgs/op3_online_walking_module_msgs/srv/get_kinematics_pose.hpp
[2.870s] -- Symlinking: /home/evan/Documents/algo_gaze_project/install/op3_online_walking_module_msgs/include/op3_online_walking_module_msgs/op3_online_walking_module_msgs/srv/get_preview_matrix.hpp
[2.881s] -- Symlinking: /home/evan/Documents/algo_gaze_project/install/op3_online_walking_module_msgs/include/op3_online_walking_module_msgs/op3_online_walking_module_msgs/msg/detail/foot_step_array__rosidl_typesupport_fastrtps_cpp.hpp
[2.892s] -- Symlinking: /home/evan/Documents/algo_gaze_project/install/op3_online_walking_module_msgs/include/op3_online_walking_module_msgs/op3_online_walking_module_msgs/msg/detail/foot_step_command__rosidl_typesupport_fastrtps_cpp.hpp
[2.908s] -- Symlinking: /home/evan/Documents/algo_gaze_project/install/op3_online_walking_module_msgs/include/op3_online_walking_module_msgs/op3_online_walking_module_msgs/msg/detail/joint_pose__rosidl_typesupport_fastrtps_cpp.hpp
[2.915s] -- Symlinking: /home/evan/Documents/algo_gaze_project/install/op3_online_walking_module_msgs/include/op3_online_walking_module_msgs/op3_online_walking_module_msgs/msg/detail/kinematics_pose__rosidl_typesupport_fastrtps_cpp.hpp
[2.933s] -- Symlinking: /home/evan/Documents/algo_gaze_project/install/op3_online_walking_module_msgs/include/op3_online_walking_module_msgs/op3_online_walking_module_msgs/msg/detail/preview_request__rosidl_typesupport_fastrtps_cpp.hpp
[2.949s] -- Symlinking: /home/evan/Documents/algo_gaze_project/install/op3_online_walking_module_msgs/include/op3_online_walking_module_msgs/op3_online_walking_module_msgs/msg/detail/preview_response__rosidl_typesupport_fastrtps_cpp.hpp
[2.969s] -- Symlinking: /home/evan/Documents/algo_gaze_project/install/op3_online_walking_module_msgs/include/op3_online_walking_module_msgs/op3_online_walking_module_msgs/msg/detail/step2_d__rosidl_typesupport_fastrtps_cpp.hpp
[2.993s] -- Symlinking: /home/evan/Documents/algo_gaze_project/install/op3_online_walking_module_msgs/include/op3_online_walking_module_msgs/op3_online_walking_module_msgs/msg/detail/step2_d_array__rosidl_typesupport_fastrtps_cpp.hpp
[3.011s] -- Symlinking: /home/evan/Documents/algo_gaze_project/install/op3_online_walking_module_msgs/include/op3_online_walking_module_msgs/op3_online_walking_module_msgs/msg/detail/walking_param__rosidl_typesupport_fastrtps_cpp.hpp
[3.025s] -- Symlinking: /home/evan/Documents/algo_gaze_project/install/op3_online_walking_module_msgs/include/op3_online_walking_module_msgs/op3_online_walking_module_msgs/msg/rosidl_typesupport_fastrtps_cpp__visibility_control.h
[3.049s] -- Symlinking: /home/evan/Documents/algo_gaze_project/install/op3_online_walking_module_msgs/include/op3_online_walking_module_msgs/op3_online_walking_module_msgs/srv/detail/get_joint_pose__rosidl_typesupport_fastrtps_cpp.hpp
[3.091s] -- Symlinking: /home/evan/Documents/algo_gaze_project/install/op3_online_walking_module_msgs/include/op3_online_walking_module_msgs/op3_online_walking_module_msgs/srv/detail/get_kinematics_pose__rosidl_typesupport_fastrtps_cpp.hpp
[3.104s] -- Symlinking: /home/evan/Documents/algo_gaze_project/install/op3_online_walking_module_msgs/include/op3_online_walking_module_msgs/op3_online_walking_module_msgs/srv/detail/get_preview_matrix__rosidl_typesupport_fastrtps_cpp.hpp
[3.125s] -- Symlinking: /home/evan/Documents/algo_gaze_project/install/op3_online_walking_module_msgs/include/op3_online_walking_module_msgs/op3_online_walking_module_msgs/msg/detail/foot_step_array__rosidl_typesupport_introspection_c.h
[3.143s] -- Symlinking: /home/evan/Documents/algo_gaze_project/install/op3_online_walking_module_msgs/include/op3_online_walking_module_msgs/op3_online_walking_module_msgs/msg/detail/foot_step_command__rosidl_typesupport_introspection_c.h
[3.158s] -- Symlinking: /home/evan/Documents/algo_gaze_project/install/op3_online_walking_module_msgs/include/op3_online_walking_module_msgs/op3_online_walking_module_msgs/msg/detail/joint_pose__rosidl_typesupport_introspection_c.h
[3.292s] -- Symlinking: /home/evan/Documents/algo_gaze_project/install/op3_online_walking_module_msgs/include/op3_online_walking_module_msgs/op3_online_walking_module_msgs/msg/detail/kinematics_pose__rosidl_typesupport_introspection_c.h
[3.444s] -- Symlinking: /home/evan/Documents/algo_gaze_project/install/op3_online_walking_module_msgs/include/op3_online_walking_module_msgs/op3_online_walking_module_msgs/msg/detail/preview_request__rosidl_typesupport_introspection_c.h
[3.488s] -- Symlinking: /home/evan/Documents/algo_gaze_project/install/op3_online_walking_module_msgs/include/op3_online_walking_module_msgs/op3_online_walking_module_msgs/msg/detail/preview_response__rosidl_typesupport_introspection_c.h
[3.523s] -- Symlinking: /home/evan/Documents/algo_gaze_project/install/op3_online_walking_module_msgs/include/op3_online_walking_module_msgs/op3_online_walking_module_msgs/msg/detail/step2_d__rosidl_typesupport_introspection_c.h
[3.541s] -- Symlinking: /home/evan/Documents/algo_gaze_project/install/op3_online_walking_module_msgs/include/op3_online_walking_module_msgs/op3_online_walking_module_msgs/msg/detail/step2_d_array__rosidl_typesupport_introspection_c.h
[3.582s] -- Symlinking: /home/evan/Documents/algo_gaze_project/install/op3_online_walking_module_msgs/include/op3_online_walking_module_msgs/op3_online_walking_module_msgs/msg/detail/walking_param__rosidl_typesupport_introspection_c.h
[3.601s] -- Symlinking: /home/evan/Documents/algo_gaze_project/install/op3_online_walking_module_msgs/include/op3_online_walking_module_msgs/op3_online_walking_module_msgs/msg/rosidl_typesupport_introspection_c__visibility_control.h
[3.614s] -- Symlinking: /home/evan/Documents/algo_gaze_project/install/op3_online_walking_module_msgs/include/op3_online_walking_module_msgs/op3_online_walking_module_msgs/srv/detail/get_joint_pose__rosidl_typesupport_introspection_c.h
[3.625s] -- Symlinking: /home/evan/Documents/algo_gaze_project/install/op3_online_walking_module_msgs/include/op3_online_walking_module_msgs/op3_online_walking_module_msgs/srv/detail/get_kinematics_pose__rosidl_typesupport_introspection_c.h
[3.639s] -- Symlinking: /home/evan/Documents/algo_gaze_project/install/op3_online_walking_module_msgs/include/op3_online_walking_module_msgs/op3_online_walking_module_msgs/srv/detail/get_preview_matrix__rosidl_typesupport_introspection_c.h
[3.666s] -- Symlinking: /home/evan/Documents/algo_gaze_project/install/op3_online_walking_module_msgs/include/op3_online_walking_module_msgs/op3_online_walking_module_msgs/msg/detail/foot_step_array__rosidl_typesupport_introspection_cpp.hpp
[3.695s] -- Symlinking: /home/evan/Documents/algo_gaze_project/install/op3_online_walking_module_msgs/include/op3_online_walking_module_msgs/op3_online_walking_module_msgs/msg/detail/foot_step_command__rosidl_typesupport_introspection_cpp.hpp
[3.717s] -- Symlinking: /home/evan/Documents/algo_gaze_project/install/op3_online_walking_module_msgs/include/op3_online_walking_module_msgs/op3_online_walking_module_msgs/msg/detail/joint_pose__rosidl_typesupport_introspection_cpp.hpp
[3.741s] -- Symlinking: /home/evan/Documents/algo_gaze_project/install/op3_online_walking_module_msgs/include/op3_online_walking_module_msgs/op3_online_walking_module_msgs/msg/detail/kinematics_pose__rosidl_typesupport_introspection_cpp.hpp
[3.767s] -- Symlinking: /home/evan/Documents/algo_gaze_project/install/op3_online_walking_module_msgs/include/op3_online_walking_module_msgs/op3_online_walking_module_msgs/msg/detail/preview_request__rosidl_typesupport_introspection_cpp.hpp
[3.788s] -- Symlinking: /home/evan/Documents/algo_gaze_project/install/op3_online_walking_module_msgs/include/op3_online_walking_module_msgs/op3_online_walking_module_msgs/msg/detail/preview_response__rosidl_typesupport_introspection_cpp.hpp
[3.799s] -- Symlinking: /home/evan/Documents/algo_gaze_project/install/op3_online_walking_module_msgs/include/op3_online_walking_module_msgs/op3_online_walking_module_msgs/msg/detail/step2_d__rosidl_typesupport_introspection_cpp.hpp
[3.811s] -- Symlinking: /home/evan/Documents/algo_gaze_project/install/op3_online_walking_module_msgs/include/op3_online_walking_module_msgs/op3_online_walking_module_msgs/msg/detail/step2_d_array__rosidl_typesupport_introspection_cpp.hpp
[3.824s] -- Symlinking: /home/evan/Documents/algo_gaze_project/install/op3_online_walking_module_msgs/include/op3_online_walking_module_msgs/op3_online_walking_module_msgs/msg/detail/walking_param__rosidl_typesupport_introspection_cpp.hpp
[3.838s] -- Symlinking: /home/evan/Documents/algo_gaze_project/install/op3_online_walking_module_msgs/include/op3_online_walking_module_msgs/op3_online_walking_module_msgs/srv/detail/get_joint_pose__rosidl_typesupport_introspection_cpp.hpp
[3.850s] -- Symlinking: /home/evan/Documents/algo_gaze_project/install/op3_online_walking_module_msgs/include/op3_online_walking_module_msgs/op3_online_walking_module_msgs/srv/detail/get_kinematics_pose__rosidl_typesupport_introspection_cpp.hpp
[3.874s] -- Symlinking: /home/evan/Documents/algo_gaze_project/install/op3_online_walking_module_msgs/include/op3_online_walking_module_msgs/op3_online_walking_module_msgs/srv/detail/get_preview_matrix__rosidl_typesupport_introspection_cpp.hpp
[3.894s] -- Symlinking: /home/evan/Documents/algo_gaze_project/install/op3_online_walking_module_msgs/share/op3_online_walking_module_msgs/environment/pythonpath.sh
[3.917s] -- Symlinking: /home/evan/Documents/algo_gaze_project/install/op3_online_walking_module_msgs/share/op3_online_walking_module_msgs/environment/pythonpath.dsv
[3.938s] -- Symlinking: /home/evan/Documents/algo_gaze_project/install/op3_online_walking_module_msgs/local/lib/python3.10/dist-packages/op3_online_walking_module_msgs-0.1.1-py3.10.egg-info/PKG-INFO
[3.963s] -- Symlinking: /home/evan/Documents/algo_gaze_project/install/op3_online_walking_module_msgs/local/lib/python3.10/dist-packages/op3_online_walking_module_msgs-0.1.1-py3.10.egg-info/SOURCES.txt
[3.982s] -- Symlinking: /home/evan/Documents/algo_gaze_project/install/op3_online_walking_module_msgs/local/lib/python3.10/dist-packages/op3_online_walking_module_msgs-0.1.1-py3.10.egg-info/dependency_links.txt
[3.994s] -- Symlinking: /home/evan/Documents/algo_gaze_project/install/op3_online_walking_module_msgs/local/lib/python3.10/dist-packages/op3_online_walking_module_msgs-0.1.1-py3.10.egg-info/top_level.txt
[4.007s] -- Symlinking: /home/evan/Documents/algo_gaze_project/install/op3_online_walking_module_msgs/local/lib/python3.10/dist-packages/op3_online_walking_module_msgs/__init__.py
[4.018s] -- Symlinking: /home/evan/Documents/algo_gaze_project/install/op3_online_walking_module_msgs/local/lib/python3.10/dist-packages/op3_online_walking_module_msgs/_op3_online_walking_module_msgs_s.ep.rosidl_typesupport_c.c
[4.029s] -- Symlinking: /home/evan/Documents/algo_gaze_project/install/op3_online_walking_module_msgs/local/lib/python3.10/dist-packages/op3_online_walking_module_msgs/_op3_online_walking_module_msgs_s.ep.rosidl_typesupport_fastrtps_c.c
[4.052s] -- Symlinking: /home/evan/Documents/algo_gaze_project/install/op3_online_walking_module_msgs/local/lib/python3.10/dist-packages/op3_online_walking_module_msgs/_op3_online_walking_module_msgs_s.ep.rosidl_typesupport_introspection_c.c
[4.066s] -- Symlinking: /home/evan/Documents/algo_gaze_project/install/op3_online_walking_module_msgs/local/lib/python3.10/dist-packages/op3_online_walking_module_msgs/libop3_online_walking_module_msgs__rosidl_generator_py.so
[4.079s] -- Symlinking: /home/evan/Documents/algo_gaze_project/install/op3_online_walking_module_msgs/local/lib/python3.10/dist-packages/op3_online_walking_module_msgs/msg/__init__.py
[4.099s] -- Symlinking: /home/evan/Documents/algo_gaze_project/install/op3_online_walking_module_msgs/local/lib/python3.10/dist-packages/op3_online_walking_module_msgs/msg/_foot_step_array.py
[4.112s] -- Symlinking: /home/evan/Documents/algo_gaze_project/install/op3_online_walking_module_msgs/local/lib/python3.10/dist-packages/op3_online_walking_module_msgs/msg/_foot_step_array_s.c
[4.133s] -- Symlinking: /home/evan/Documents/algo_gaze_project/install/op3_online_walking_module_msgs/local/lib/python3.10/dist-packages/op3_online_walking_module_msgs/msg/_foot_step_command.py
[4.149s] -- Symlinking: /home/evan/Documents/algo_gaze_project/install/op3_online_walking_module_msgs/local/lib/python3.10/dist-packages/op3_online_walking_module_msgs/msg/_foot_step_command_s.c
[4.171s] -- Symlinking: /home/evan/Documents/algo_gaze_project/install/op3_online_walking_module_msgs/local/lib/python3.10/dist-packages/op3_online_walking_module_msgs/msg/_joint_pose.py
[4.194s] -- Symlinking: /home/evan/Documents/algo_gaze_project/install/op3_online_walking_module_msgs/local/lib/python3.10/dist-packages/op3_online_walking_module_msgs/msg/_joint_pose_s.c
[4.220s] -- Symlinking: /home/evan/Documents/algo_gaze_project/install/op3_online_walking_module_msgs/local/lib/python3.10/dist-packages/op3_online_walking_module_msgs/msg/_kinematics_pose.py
[4.242s] -- Symlinking: /home/evan/Documents/algo_gaze_project/install/op3_online_walking_module_msgs/local/lib/python3.10/dist-packages/op3_online_walking_module_msgs/msg/_kinematics_pose_s.c
[4.260s] -- Symlinking: /home/evan/Documents/algo_gaze_project/install/op3_online_walking_module_msgs/local/lib/python3.10/dist-packages/op3_online_walking_module_msgs/msg/_preview_request.py
[4.285s] -- Symlinking: /home/evan/Documents/algo_gaze_project/install/op3_online_walking_module_msgs/local/lib/python3.10/dist-packages/op3_online_walking_module_msgs/msg/_preview_request_s.c
[4.311s] -- Symlinking: /home/evan/Documents/algo_gaze_project/install/op3_online_walking_module_msgs/local/lib/python3.10/dist-packages/op3_online_walking_module_msgs/msg/_preview_response.py
[4.334s] -- Symlinking: /home/evan/Documents/algo_gaze_project/install/op3_online_walking_module_msgs/local/lib/python3.10/dist-packages/op3_online_walking_module_msgs/msg/_preview_response_s.c
[4.355s] -- Symlinking: /home/evan/Documents/algo_gaze_project/install/op3_online_walking_module_msgs/local/lib/python3.10/dist-packages/op3_online_walking_module_msgs/msg/_step2_d.py
[4.377s] -- Symlinking: /home/evan/Documents/algo_gaze_project/install/op3_online_walking_module_msgs/local/lib/python3.10/dist-packages/op3_online_walking_module_msgs/msg/_step2_d_array.py
[4.413s] -- Symlinking: /home/evan/Documents/algo_gaze_project/install/op3_online_walking_module_msgs/local/lib/python3.10/dist-packages/op3_online_walking_module_msgs/msg/_step2_d_array_s.c
[4.444s] -- Symlinking: /home/evan/Documents/algo_gaze_project/install/op3_online_walking_module_msgs/local/lib/python3.10/dist-packages/op3_online_walking_module_msgs/msg/_step2_d_s.c
[4.461s] -- Symlinking: /home/evan/Documents/algo_gaze_project/install/op3_online_walking_module_msgs/local/lib/python3.10/dist-packages/op3_online_walking_module_msgs/msg/_walking_param.py
[4.483s] -- Symlinking: /home/evan/Documents/algo_gaze_project/install/op3_online_walking_module_msgs/local/lib/python3.10/dist-packages/op3_online_walking_module_msgs/msg/_walking_param_s.c
[4.502s] -- Symlinking: /home/evan/Documents/algo_gaze_project/install/op3_online_walking_module_msgs/local/lib/python3.10/dist-packages/op3_online_walking_module_msgs/op3_online_walking_module_msgs_s__rosidl_typesupport_c.cpython-310-x86_64-linux-gnu.so
[4.527s] -- Symlinking: /home/evan/Documents/algo_gaze_project/install/op3_online_walking_module_msgs/local/lib/python3.10/dist-packages/op3_online_walking_module_msgs/op3_online_walking_module_msgs_s__rosidl_typesupport_fastrtps_c.cpython-310-x86_64-linux-gnu.so
[4.548s] -- Symlinking: /home/evan/Documents/algo_gaze_project/install/op3_online_walking_module_msgs/local/lib/python3.10/dist-packages/op3_online_walking_module_msgs/op3_online_walking_module_msgs_s__rosidl_typesupport_introspection_c.cpython-310-x86_64-linux-gnu.so
[4.572s] -- Symlinking: /home/evan/Documents/algo_gaze_project/install/op3_online_walking_module_msgs/local/lib/python3.10/dist-packages/op3_online_walking_module_msgs/srv/__init__.py
[4.592s] -- Symlinking: /home/evan/Documents/algo_gaze_project/install/op3_online_walking_module_msgs/local/lib/python3.10/dist-packages/op3_online_walking_module_msgs/srv/_get_joint_pose.py
[4.618s] -- Symlinking: /home/evan/Documents/algo_gaze_project/install/op3_online_walking_module_msgs/local/lib/python3.10/dist-packages/op3_online_walking_module_msgs/srv/_get_joint_pose_s.c
[4.640s] -- Symlinking: /home/evan/Documents/algo_gaze_project/install/op3_online_walking_module_msgs/local/lib/python3.10/dist-packages/op3_online_walking_module_msgs/srv/_get_kinematics_pose.py
[4.654s] -- Symlinking: /home/evan/Documents/algo_gaze_project/install/op3_online_walking_module_msgs/local/lib/python3.10/dist-packages/op3_online_walking_module_msgs/srv/_get_kinematics_pose_s.c
[4.668s] -- Symlinking: /home/evan/Documents/algo_gaze_project/install/op3_online_walking_module_msgs/local/lib/python3.10/dist-packages/op3_online_walking_module_msgs/srv/_get_preview_matrix.py
[4.689s] -- Symlinking: /home/evan/Documents/algo_gaze_project/install/op3_online_walking_module_msgs/local/lib/python3.10/dist-packages/op3_online_walking_module_msgs/srv/_get_preview_matrix_s.c
[4.713s] -- Up-to-date symlink: /home/evan/Documents/algo_gaze_project/install/op3_online_walking_module_msgs/local/lib/python3.10/dist-packages/op3_online_walking_module_msgs/op3_online_walking_module_msgs_s__rosidl_typesupport_fastrtps_c.cpython-310-x86_64-linux-gnu.so
[4.713s] -- Up-to-date symlink: /home/evan/Documents/algo_gaze_project/install/op3_online_walking_module_msgs/local/lib/python3.10/dist-packages/op3_online_walking_module_msgs/op3_online_walking_module_msgs_s__rosidl_typesupport_introspection_c.cpython-310-x86_64-linux-gnu.so
[4.714s] -- Up-to-date symlink: /home/evan/Documents/algo_gaze_project/install/op3_online_walking_module_msgs/local/lib/python3.10/dist-packages/op3_online_walking_module_msgs/op3_online_walking_module_msgs_s__rosidl_typesupport_c.cpython-310-x86_64-linux-gnu.so
[4.714s] -- Symlinking: /home/evan/Documents/algo_gaze_project/install/op3_online_walking_module_msgs/share/ament_index/resource_index/rust_packages/op3_online_walking_module_msgs
[4.728s] -- Symlinking: /home/evan/Documents/algo_gaze_project/install/op3_online_walking_module_msgs/share/op3_online_walking_module_msgs/rust/Cargo.toml
[4.742s] -- Symlinking: /home/evan/Documents/algo_gaze_project/install/op3_online_walking_module_msgs/share/op3_online_walking_module_msgs/rust/build.rs
[4.755s] -- Symlinking: /home/evan/Documents/algo_gaze_project/install/op3_online_walking_module_msgs/share/op3_online_walking_module_msgs/rust/src/lib.rs
[4.767s] -- Symlinking: /home/evan/Documents/algo_gaze_project/install/op3_online_walking_module_msgs/share/op3_online_walking_module_msgs/rust/src/msg.rs
[4.780s] -- Symlinking: /home/evan/Documents/algo_gaze_project/install/op3_online_walking_module_msgs/share/op3_online_walking_module_msgs/rust/src/msg/rmw.rs
[4.792s] -- Symlinking: /home/evan/Documents/algo_gaze_project/install/op3_online_walking_module_msgs/share/op3_online_walking_module_msgs/rust/src/srv.rs
[4.806s] -- Symlinking: /home/evan/Documents/algo_gaze_project/install/op3_online_walking_module_msgs/share/op3_online_walking_module_msgs/rust/src/srv/rmw.rs
[4.825s] -- Symlinking: /home/evan/Documents/algo_gaze_project/install/op3_online_walking_module_msgs/share/op3_online_walking_module_msgs/msg/JointPose.idl
[4.836s] -- Symlinking: /home/evan/Documents/algo_gaze_project/install/op3_online_walking_module_msgs/share/op3_online_walking_module_msgs/msg/KinematicsPose.idl
[4.849s] -- Symlinking: /home/evan/Documents/algo_gaze_project/install/op3_online_walking_module_msgs/share/op3_online_walking_module_msgs/msg/FootStepCommand.idl
[4.863s] -- Symlinking: /home/evan/Documents/algo_gaze_project/install/op3_online_walking_module_msgs/share/op3_online_walking_module_msgs/msg/FootStepArray.idl
[4.881s] -- Symlinking: /home/evan/Documents/algo_gaze_project/install/op3_online_walking_module_msgs/share/op3_online_walking_module_msgs/msg/PreviewRequest.idl
[4.918s] -- Symlinking: /home/evan/Documents/algo_gaze_project/install/op3_online_walking_module_msgs/share/op3_online_walking_module_msgs/msg/PreviewResponse.idl
[4.918s] -- Symlinking: /home/evan/Documents/algo_gaze_project/install/op3_online_walking_module_msgs/share/op3_online_walking_module_msgs/msg/WalkingParam.idl
[4.934s] -- Symlinking: /home/evan/Documents/algo_gaze_project/install/op3_online_walking_module_msgs/share/op3_online_walking_module_msgs/msg/Step2D.idl
[4.968s] -- Symlinking: /home/evan/Documents/algo_gaze_project/install/op3_online_walking_module_msgs/share/op3_online_walking_module_msgs/msg/Step2DArray.idl
[5.000s] -- Symlinking: /home/evan/Documents/algo_gaze_project/install/op3_online_walking_module_msgs/share/op3_online_walking_module_msgs/srv/GetJointPose.idl
[5.017s] -- Symlinking: /home/evan/Documents/algo_gaze_project/install/op3_online_walking_module_msgs/share/op3_online_walking_module_msgs/srv/GetKinematicsPose.idl
[5.036s] -- Symlinking: /home/evan/Documents/algo_gaze_project/install/op3_online_walking_module_msgs/share/op3_online_walking_module_msgs/srv/GetPreviewMatrix.idl
[5.050s] -- Symlinking: /home/evan/Documents/algo_gaze_project/install/op3_online_walking_module_msgs/share/op3_online_walking_module_msgs/msg/JointPose.msg
[5.075s] -- Symlinking: /home/evan/Documents/algo_gaze_project/install/op3_online_walking_module_msgs/share/op3_online_walking_module_msgs/msg/KinematicsPose.msg
[5.094s] -- Symlinking: /home/evan/Documents/algo_gaze_project/install/op3_online_walking_module_msgs/share/op3_online_walking_module_msgs/msg/FootStepCommand.msg
[5.120s] -- Symlinking: /home/evan/Documents/algo_gaze_project/install/op3_online_walking_module_msgs/share/op3_online_walking_module_msgs/msg/FootStepArray.msg
[5.151s] -- Symlinking: /home/evan/Documents/algo_gaze_project/install/op3_online_walking_module_msgs/share/op3_online_walking_module_msgs/msg/PreviewRequest.msg
[5.177s] -- Symlinking: /home/evan/Documents/algo_gaze_project/install/op3_online_walking_module_msgs/share/op3_online_walking_module_msgs/msg/PreviewResponse.msg
[5.198s] -- Symlinking: /home/evan/Documents/algo_gaze_project/install/op3_online_walking_module_msgs/share/op3_online_walking_module_msgs/msg/WalkingParam.msg
[5.217s] -- Symlinking: /home/evan/Documents/algo_gaze_project/install/op3_online_walking_module_msgs/share/op3_online_walking_module_msgs/msg/Step2D.msg
[5.239s] -- Symlinking: /home/evan/Documents/algo_gaze_project/install/op3_online_walking_module_msgs/share/op3_online_walking_module_msgs/msg/Step2DArray.msg
[5.264s] -- Symlinking: /home/evan/Documents/algo_gaze_project/install/op3_online_walking_module_msgs/share/op3_online_walking_module_msgs/srv/GetJointPose.srv
[5.289s] -- Symlinking: /home/evan/Documents/algo_gaze_project/install/op3_online_walking_module_msgs/share/op3_online_walking_module_msgs/srv/GetJointPose_Request.msg
[5.311s] -- Symlinking: /home/evan/Documents/algo_gaze_project/install/op3_online_walking_module_msgs/share/op3_online_walking_module_msgs/srv/GetJointPose_Response.msg
[5.345s] -- Symlinking: /home/evan/Documents/algo_gaze_project/install/op3_online_walking_module_msgs/share/op3_online_walking_module_msgs/srv/GetKinematicsPose.srv
[5.366s] -- Symlinking: /home/evan/Documents/algo_gaze_project/install/op3_online_walking_module_msgs/share/op3_online_walking_module_msgs/srv/GetKinematicsPose_Request.msg
[5.387s] -- Symlinking: /home/evan/Documents/algo_gaze_project/install/op3_online_walking_module_msgs/share/op3_online_walking_module_msgs/srv/GetKinematicsPose_Response.msg
[5.403s] -- Symlinking: /home/evan/Documents/algo_gaze_project/install/op3_online_walking_module_msgs/share/op3_online_walking_module_msgs/srv/GetPreviewMatrix.srv
[5.425s] -- Symlinking: /home/evan/Documents/algo_gaze_project/install/op3_online_walking_module_msgs/share/op3_online_walking_module_msgs/srv/GetPreviewMatrix_Request.msg
[5.451s] -- Symlinking: /home/evan/Documents/algo_gaze_project/install/op3_online_walking_module_msgs/share/op3_online_walking_module_msgs/srv/GetPreviewMatrix_Response.msg
[5.466s] -- Symlinking: /home/evan/Documents/algo_gaze_project/install/op3_online_walking_module_msgs/share/ament_index/resource_index/package_run_dependencies/op3_online_walking_module_msgs
[5.493s] -- Symlinking: /home/evan/Documents/algo_gaze_project/install/op3_online_walking_module_msgs/share/ament_index/resource_index/parent_prefix_path/op3_online_walking_module_msgs
[5.522s] -- Symlinking: /home/evan/Documents/algo_gaze_project/install/op3_online_walking_module_msgs/share/op3_online_walking_module_msgs/environment/ament_prefix_path.sh
[5.539s] -- Symlinking: /home/evan/Documents/algo_gaze_project/install/op3_online_walking_module_msgs/share/op3_online_walking_module_msgs/environment/ament_prefix_path.dsv
[5.552s] -- Symlinking: /home/evan/Documents/algo_gaze_project/install/op3_online_walking_module_msgs/share/op3_online_walking_module_msgs/environment/path.sh
[5.560s] -- Symlinking: /home/evan/Documents/algo_gaze_project/install/op3_online_walking_module_msgs/share/op3_online_walking_module_msgs/environment/path.dsv
[5.572s] -- Symlinking: /home/evan/Documents/algo_gaze_project/install/op3_online_walking_module_msgs/share/op3_online_walking_module_msgs/local_setup.bash
[5.584s] -- Symlinking: /home/evan/Documents/algo_gaze_project/install/op3_online_walking_module_msgs/share/op3_online_walking_module_msgs/local_setup.sh
[5.596s] -- Symlinking: /home/evan/Documents/algo_gaze_project/install/op3_online_walking_module_msgs/share/op3_online_walking_module_msgs/local_setup.zsh
[5.611s] -- Symlinking: /home/evan/Documents/algo_gaze_project/install/op3_online_walking_module_msgs/share/op3_online_walking_module_msgs/local_setup.dsv
[5.622s] -- Symlinking: /home/evan/Documents/algo_gaze_project/install/op3_online_walking_module_msgs/share/op3_online_walking_module_msgs/package.dsv
[5.634s] -- Symlinking: /home/evan/Documents/algo_gaze_project/install/op3_online_walking_module_msgs/share/ament_index/resource_index/packages/op3_online_walking_module_msgs
[5.649s] -- Symlinking: /home/evan/Documents/algo_gaze_project/install/op3_online_walking_module_msgs/share/op3_online_walking_module_msgs/cmake/rosidl_cmake-extras.cmake
[5.659s] -- Symlinking: /home/evan/Documents/algo_gaze_project/install/op3_online_walking_module_msgs/share/op3_online_walking_module_msgs/cmake/ament_cmake_export_dependencies-extras.cmake
[5.676s] -- Symlinking: /home/evan/Documents/algo_gaze_project/install/op3_online_walking_module_msgs/share/op3_online_walking_module_msgs/cmake/ament_cmake_export_include_directories-extras.cmake
[5.686s] -- Symlinking: /home/evan/Documents/algo_gaze_project/install/op3_online_walking_module_msgs/share/op3_online_walking_module_msgs/cmake/ament_cmake_export_libraries-extras.cmake
[5.697s] -- Symlinking: /home/evan/Documents/algo_gaze_project/install/op3_online_walking_module_msgs/share/op3_online_walking_module_msgs/cmake/ament_cmake_export_targets-extras.cmake
[5.708s] -- Symlinking: /home/evan/Documents/algo_gaze_project/install/op3_online_walking_module_msgs/share/op3_online_walking_module_msgs/cmake/rosidl_cmake_export_typesupport_targets-extras.cmake
[5.720s] -- Symlinking: /home/evan/Documents/algo_gaze_project/install/op3_online_walking_module_msgs/share/op3_online_walking_module_msgs/cmake/rosidl_cmake_export_typesupport_libraries-extras.cmake
[5.734s] -- Symlinking: /home/evan/Documents/algo_gaze_project/install/op3_online_walking_module_msgs/share/op3_online_walking_module_msgs/cmake/op3_online_walking_module_msgsConfig.cmake
[5.743s] -- Symlinking: /home/evan/Documents/algo_gaze_project/install/op3_online_walking_module_msgs/share/op3_online_walking_module_msgs/cmake/op3_online_walking_module_msgsConfig-version.cmake
[5.753s] -- Symlinking: /home/evan/Documents/algo_gaze_project/install/op3_online_walking_module_msgs/share/op3_online_walking_module_msgs/package.xml
[5.765s] -- Installing: /home/evan/Documents/algo_gaze_project/install/op3_online_walking_module_msgs/lib/libop3_online_walking_module_msgs__rosidl_generator_c.so
[5.766s] -- Set runtime path of "/home/evan/Documents/algo_gaze_project/install/op3_online_walking_module_msgs/lib/libop3_online_walking_module_msgs__rosidl_generator_c.so" to ""
[5.766s] -- Installing: /home/evan/Documents/algo_gaze_project/install/op3_online_walking_module_msgs/lib/libop3_online_walking_module_msgs__rosidl_typesupport_fastrtps_c.so
[5.767s] -- Set runtime path of "/home/evan/Documents/algo_gaze_project/install/op3_online_walking_module_msgs/lib/libop3_online_walking_module_msgs__rosidl_typesupport_fastrtps_c.so" to ""
[5.767s] -- Installing: /home/evan/Documents/algo_gaze_project/install/op3_online_walking_module_msgs/lib/libop3_online_walking_module_msgs__rosidl_typesupport_fastrtps_cpp.so
[5.768s] -- Set runtime path of "/home/evan/Documents/algo_gaze_project/install/op3_online_walking_module_msgs/lib/libop3_online_walking_module_msgs__rosidl_typesupport_fastrtps_cpp.so" to ""
[5.768s] -- Installing: /home/evan/Documents/algo_gaze_project/install/op3_online_walking_module_msgs/lib/libop3_online_walking_module_msgs__rosidl_typesupport_introspection_c.so
[5.768s] -- Set runtime path of "/home/evan/Documents/algo_gaze_project/install/op3_online_walking_module_msgs/lib/libop3_online_walking_module_msgs__rosidl_typesupport_introspection_c.so" to ""
[5.768s] -- Installing: /home/evan/Documents/algo_gaze_project/install/op3_online_walking_module_msgs/lib/libop3_online_walking_module_msgs__rosidl_typesupport_c.so
[5.768s] -- Set runtime path of "/home/evan/Documents/algo_gaze_project/install/op3_online_walking_module_msgs/lib/libop3_online_walking_module_msgs__rosidl_typesupport_c.so" to ""
[5.772s] -- Installing: /home/evan/Documents/algo_gaze_project/install/op3_online_walking_module_msgs/lib/libop3_online_walking_module_msgs__rosidl_typesupport_introspection_cpp.so
[5.772s] -- Set runtime path of "/home/evan/Documents/algo_gaze_project/install/op3_online_walking_module_msgs/lib/libop3_online_walking_module_msgs__rosidl_typesupport_introspection_cpp.so" to ""
[5.772s] -- Installing: /home/evan/Documents/algo_gaze_project/install/op3_online_walking_module_msgs/lib/libop3_online_walking_module_msgs__rosidl_typesupport_cpp.so
[5.772s] -- Set runtime path of "/home/evan/Documents/algo_gaze_project/install/op3_online_walking_module_msgs/lib/libop3_online_walking_module_msgs__rosidl_typesupport_cpp.so" to ""
[5.836s] Listing '/home/evan/Documents/algo_gaze_project/install/op3_online_walking_module_msgs/local/lib/python3.10/dist-packages/op3_online_walking_module_msgs'...
[5.837s] Compiling '/home/evan/Documents/algo_gaze_project/install/op3_online_walking_module_msgs/local/lib/python3.10/dist-packages/op3_online_walking_module_msgs/__init__.py'...
[5.837s] Listing '/home/evan/Documents/algo_gaze_project/install/op3_online_walking_module_msgs/local/lib/python3.10/dist-packages/op3_online_walking_module_msgs/msg'...
[5.837s] Compiling '/home/evan/Documents/algo_gaze_project/install/op3_online_walking_module_msgs/local/lib/python3.10/dist-packages/op3_online_walking_module_msgs/msg/__init__.py'...
[5.837s] Compiling '/home/evan/Documents/algo_gaze_project/install/op3_online_walking_module_msgs/local/lib/python3.10/dist-packages/op3_online_walking_module_msgs/msg/_foot_step_array.py'...
[5.837s] Compiling '/home/evan/Documents/algo_gaze_project/install/op3_online_walking_module_msgs/local/lib/python3.10/dist-packages/op3_online_walking_module_msgs/msg/_foot_step_command.py'...
[5.837s] Compiling '/home/evan/Documents/algo_gaze_project/install/op3_online_walking_module_msgs/local/lib/python3.10/dist-packages/op3_online_walking_module_msgs/msg/_joint_pose.py'...
[5.837s] Compiling '/home/evan/Documents/algo_gaze_project/install/op3_online_walking_module_msgs/local/lib/python3.10/dist-packages/op3_online_walking_module_msgs/msg/_kinematics_pose.py'...
[5.837s] Compiling '/home/evan/Documents/algo_gaze_project/install/op3_online_walking_module_msgs/local/lib/python3.10/dist-packages/op3_online_walking_module_msgs/msg/_preview_request.py'...
[5.837s] Compiling '/home/evan/Documents/algo_gaze_project/install/op3_online_walking_module_msgs/local/lib/python3.10/dist-packages/op3_online_walking_module_msgs/msg/_preview_response.py'...
[5.837s] Compiling '/home/evan/Documents/algo_gaze_project/install/op3_online_walking_module_msgs/local/lib/python3.10/dist-packages/op3_online_walking_module_msgs/msg/_step2_d.py'...
[5.837s] Compiling '/home/evan/Documents/algo_gaze_project/install/op3_online_walking_module_msgs/local/lib/python3.10/dist-packages/op3_online_walking_module_msgs/msg/_step2_d_array.py'...
[5.837s] Compiling '/home/evan/Documents/algo_gaze_project/install/op3_online_walking_module_msgs/local/lib/python3.10/dist-packages/op3_online_walking_module_msgs/msg/_walking_param.py'...
[5.837s] Listing '/home/evan/Documents/algo_gaze_project/install/op3_online_walking_module_msgs/local/lib/python3.10/dist-packages/op3_online_walking_module_msgs/srv'...
[5.838s] Compiling '/home/evan/Documents/algo_gaze_project/install/op3_online_walking_module_msgs/local/lib/python3.10/dist-packages/op3_online_walking_module_msgs/srv/__init__.py'...
[5.838s] Compiling '/home/evan/Documents/algo_gaze_project/install/op3_online_walking_module_msgs/local/lib/python3.10/dist-packages/op3_online_walking_module_msgs/srv/_get_joint_pose.py'...
[5.838s] Compiling '/home/evan/Documents/algo_gaze_project/install/op3_online_walking_module_msgs/local/lib/python3.10/dist-packages/op3_online_walking_module_msgs/srv/_get_kinematics_pose.py'...
[5.838s] Compiling '/home/evan/Documents/algo_gaze_project/install/op3_online_walking_module_msgs/local/lib/python3.10/dist-packages/op3_online_walking_module_msgs/srv/_get_preview_matrix.py'...
[5.844s] -- Installing: /home/evan/Documents/algo_gaze_project/install/op3_online_walking_module_msgs/lib/libop3_online_walking_module_msgs__rosidl_generator_py.so
[5.845s] -- Set runtime path of "/home/evan/Documents/algo_gaze_project/install/op3_online_walking_module_msgs/lib/libop3_online_walking_module_msgs__rosidl_generator_py.so" to ""
[5.845s] -- Installing: /home/evan/Documents/algo_gaze_project/install/op3_online_walking_module_msgs/share/op3_online_walking_module_msgs/cmake/export_op3_online_walking_module_msgs__rosidl_generator_cExport.cmake
[5.845s] -- Installing: /home/evan/Documents/algo_gaze_project/install/op3_online_walking_module_msgs/share/op3_online_walking_module_msgs/cmake/export_op3_online_walking_module_msgs__rosidl_generator_cExport-noconfig.cmake
[5.845s] -- Installing: /home/evan/Documents/algo_gaze_project/install/op3_online_walking_module_msgs/share/op3_online_walking_module_msgs/cmake/export_op3_online_walking_module_msgs__rosidl_typesupport_fastrtps_cExport.cmake
[5.845s] -- Installing: /home/evan/Documents/algo_gaze_project/install/op3_online_walking_module_msgs/share/op3_online_walking_module_msgs/cmake/export_op3_online_walking_module_msgs__rosidl_typesupport_fastrtps_cExport-noconfig.cmake
[5.845s] -- Installing: /home/evan/Documents/algo_gaze_project/install/op3_online_walking_module_msgs/share/op3_online_walking_module_msgs/cmake/export_op3_online_walking_module_msgs__rosidl_generator_cppExport.cmake
[5.845s] -- Installing: /home/evan/Documents/algo_gaze_project/install/op3_online_walking_module_msgs/share/op3_online_walking_module_msgs/cmake/export_op3_online_walking_module_msgs__rosidl_typesupport_fastrtps_cppExport.cmake
[5.845s] -- Installing: /home/evan/Documents/algo_gaze_project/install/op3_online_walking_module_msgs/share/op3_online_walking_module_msgs/cmake/export_op3_online_walking_module_msgs__rosidl_typesupport_fastrtps_cppExport-noconfig.cmake
[5.846s] -- Installing: /home/evan/Documents/algo_gaze_project/install/op3_online_walking_module_msgs/share/op3_online_walking_module_msgs/cmake/op3_online_walking_module_msgs__rosidl_typesupport_introspection_cExport.cmake
[5.846s] -- Installing: /home/evan/Documents/algo_gaze_project/install/op3_online_walking_module_msgs/share/op3_online_walking_module_msgs/cmake/op3_online_walking_module_msgs__rosidl_typesupport_introspection_cExport-noconfig.cmake
[5.846s] -- Installing: /home/evan/Documents/algo_gaze_project/install/op3_online_walking_module_msgs/share/op3_online_walking_module_msgs/cmake/op3_online_walking_module_msgs__rosidl_typesupport_cExport.cmake
[5.846s] -- Installing: /home/evan/Documents/algo_gaze_project/install/op3_online_walking_module_msgs/share/op3_online_walking_module_msgs/cmake/op3_online_walking_module_msgs__rosidl_typesupport_cExport-noconfig.cmake
[5.846s] -- Installing: /home/evan/Documents/algo_gaze_project/install/op3_online_walking_module_msgs/share/op3_online_walking_module_msgs/cmake/op3_online_walking_module_msgs__rosidl_typesupport_introspection_cppExport.cmake
[5.846s] -- Installing: /home/evan/Documents/algo_gaze_project/install/op3_online_walking_module_msgs/share/op3_online_walking_module_msgs/cmake/op3_online_walking_module_msgs__rosidl_typesupport_introspection_cppExport-noconfig.cmake
[5.849s] -- Installing: /home/evan/Documents/algo_gaze_project/install/op3_online_walking_module_msgs/share/op3_online_walking_module_msgs/cmake/op3_online_walking_module_msgs__rosidl_typesupport_cppExport.cmake
[5.849s] -- Installing: /home/evan/Documents/algo_gaze_project/install/op3_online_walking_module_msgs/share/op3_online_walking_module_msgs/cmake/op3_online_walking_module_msgs__rosidl_typesupport_cppExport-noconfig.cmake
[5.849s] -- Installing: /home/evan/Documents/algo_gaze_project/install/op3_online_walking_module_msgs/share/op3_online_walking_module_msgs/cmake/export_op3_online_walking_module_msgs__rosidl_generator_pyExport.cmake
[5.849s] -- Installing: /home/evan/Documents/algo_gaze_project/install/op3_online_walking_module_msgs/share/op3_online_walking_module_msgs/cmake/export_op3_online_walking_module_msgs__rosidl_generator_pyExport-noconfig.cmake
[5.978s] Invoked command in '/home/evan/Documents/algo_gaze_project/build/op3_online_walking_module_msgs' returned '0': CMAKE_PREFIX_PATH=/opt/ros/humble /usr/bin/cmake --install /home/evan/Documents/algo_gaze_project/build/op3_online_walking_module_msgs
