[35m[1mConsolidate compiler generated dependencies of target op3_tuning_module[0m
[100%] Built target op3_tuning_module
-- Install configuration: ""
-- Execute custom install script
-- Symlinking: /home/evan/Documents/algo_gaze_project/install/op3_tuning_module/lib/libop3_tuning_module.a
-- Symlinking: /home/evan/Documents/algo_gaze_project/install/op3_tuning_module/include/op3_tuning_module/tuning_data.h
-- Symlinking: /home/evan/Documents/algo_gaze_project/install/op3_tuning_module/include/op3_tuning_module/tuning_module.h
-- Symlinking: /home/evan/Documents/algo_gaze_project/install/op3_tuning_module/include/op3_tuning_module/tuning_module_state.h
-- Symlinking: /home/evan/Documents/algo_gaze_project/install/op3_tuning_module/share/op3_tuning_module/data/offset.yaml
-- Symlinking: /home/evan/Documents/algo_gaze_project/install/op3_tuning_module/share/op3_tuning_module/data/tune_pose.yaml
-- Symlinking: /home/evan/Documents/algo_gaze_project/install/op3_tuning_module/share/op3_tuning_module/environment/library_path.sh
-- Symlinking: /home/evan/Documents/algo_gaze_project/install/op3_tuning_module/share/op3_tuning_module/environment/library_path.dsv
-- Symlinking: /home/evan/Documents/algo_gaze_project/install/op3_tuning_module/share/ament_index/resource_index/package_run_dependencies/op3_tuning_module
-- Symlinking: /home/evan/Documents/algo_gaze_project/install/op3_tuning_module/share/ament_index/resource_index/parent_prefix_path/op3_tuning_module
-- Symlinking: /home/evan/Documents/algo_gaze_project/install/op3_tuning_module/share/op3_tuning_module/environment/ament_prefix_path.sh
-- Symlinking: /home/evan/Documents/algo_gaze_project/install/op3_tuning_module/share/op3_tuning_module/environment/ament_prefix_path.dsv
-- Symlinking: /home/evan/Documents/algo_gaze_project/install/op3_tuning_module/share/op3_tuning_module/environment/path.sh
-- Symlinking: /home/evan/Documents/algo_gaze_project/install/op3_tuning_module/share/op3_tuning_module/environment/path.dsv
-- Symlinking: /home/evan/Documents/algo_gaze_project/install/op3_tuning_module/share/op3_tuning_module/local_setup.bash
-- Symlinking: /home/evan/Documents/algo_gaze_project/install/op3_tuning_module/share/op3_tuning_module/local_setup.sh
-- Symlinking: /home/evan/Documents/algo_gaze_project/install/op3_tuning_module/share/op3_tuning_module/local_setup.zsh
-- Symlinking: /home/evan/Documents/algo_gaze_project/install/op3_tuning_module/share/op3_tuning_module/local_setup.dsv
-- Symlinking: /home/evan/Documents/algo_gaze_project/install/op3_tuning_module/share/op3_tuning_module/package.dsv
-- Symlinking: /home/evan/Documents/algo_gaze_project/install/op3_tuning_module/share/ament_index/resource_index/packages/op3_tuning_module
-- Symlinking: /home/evan/Documents/algo_gaze_project/install/op3_tuning_module/share/op3_tuning_module/cmake/ament_cmake_export_include_directories-extras.cmake
-- Symlinking: /home/evan/Documents/algo_gaze_project/install/op3_tuning_module/share/op3_tuning_module/cmake/ament_cmake_export_libraries-extras.cmake
-- Symlinking: /home/evan/Documents/algo_gaze_project/install/op3_tuning_module/share/op3_tuning_module/cmake/ament_cmake_export_dependencies-extras.cmake
-- Symlinking: /home/evan/Documents/algo_gaze_project/install/op3_tuning_module/share/op3_tuning_module/cmake/op3_tuning_moduleConfig.cmake
-- Symlinking: /home/evan/Documents/algo_gaze_project/install/op3_tuning_module/share/op3_tuning_module/cmake/op3_tuning_moduleConfig-version.cmake
-- Symlinking: /home/evan/Documents/algo_gaze_project/install/op3_tuning_module/share/op3_tuning_module/package.xml
