[0.012s] Invoking command in '/home/evan/Documents/algo_gaze_project/build/ros_mpg321_player': CMAKE_PREFIX_PATH=/opt/ros/humble /usr/bin/cmake /home/evan/Documents/algo_gaze_project/ROBOTIS-Utility/ros_mpg321_player -DAMENT_CMAKE_SYMLINK_INSTALL=1 -DCMAKE_INSTALL_PREFIX=/home/evan/Documents/algo_gaze_project/install/ros_mpg321_player
[0.833s] -- The C compiler identification is GNU 11.4.0
[0.833s] -- The CXX compiler identification is GNU 11.4.0
[0.833s] -- Detecting C compiler ABI info
[0.833s] -- Detecting C compiler ABI info - done
[0.833s] -- Check for working C compiler: /usr/bin/cc - skipped
[0.833s] -- Detecting C compile features
[0.834s] -- Detecting C compile features - done
[0.834s] -- Detecting CXX compiler ABI info
[0.834s] -- Detecting CXX compiler ABI info - done
[0.834s] -- Check for working CXX compiler: /usr/bin/c++ - skipped
[0.834s] -- Detecting CXX compile features
[0.834s] -- Detecting CXX compile features - done
[0.834s] -- Found ament_cmake: 1.3.14 (/opt/ros/humble/share/ament_cmake/cmake)
[0.835s] -- Found Python3: /usr/bin/python3 (found version "3.10.12") found components: Interpreter 
[0.835s] -- Override CMake install command with custom implementation using symlinks instead of copying resources
[0.836s] -- Found rclcpp: 16.0.19 (/opt/ros/humble/share/rclcpp/cmake)
[0.836s] -- Found rosidl_generator_c: 3.1.8 (/opt/ros/humble/share/rosidl_generator_c/cmake)
[0.836s] -- Found rosidl_adapter: 3.1.8 (/opt/ros/humble/share/rosidl_adapter/cmake)
[0.836s] -- Found rosidl_generator_cpp: 3.1.8 (/opt/ros/humble/share/rosidl_generator_cpp/cmake)
[0.836s] -- Using all available rosidl_typesupport_c: rosidl_typesupport_fastrtps_c;rosidl_typesupport_introspection_c
[0.848s] -- Using all available rosidl_typesupport_cpp: rosidl_typesupport_fastrtps_cpp;rosidl_typesupport_introspection_cpp
[0.924s] -- Found rmw_implementation_cmake: 6.1.2 (/opt/ros/humble/share/rmw_implementation_cmake/cmake)
[0.926s] -- Found rmw_fastrtps_cpp: 6.2.10 (/opt/ros/humble/share/rmw_fastrtps_cpp/cmake)
[1.054s] -- Found OpenSSL: /usr/lib/x86_64-linux-gnu/libcrypto.so (found version "3.0.2")  
[1.101s] -- Found FastRTPS: /opt/ros/humble/include  
[1.148s] -- Using RMW implementation 'rmw_fastrtps_cpp' as default
[1.156s] -- Looking for pthread.h
[1.244s] -- Looking for pthread.h - found
[1.244s] -- Performing Test CMAKE_HAVE_LIBC_PTHREAD
[1.338s] -- Performing Test CMAKE_HAVE_LIBC_PTHREAD - Success
[1.338s] -- Found Threads: TRUE  
[1.568s] -- Configuring done
[1.583s] -- Generating done
[1.589s] -- Build files have been written to: /home/evan/Documents/algo_gaze_project/build/ros_mpg321_player
[1.674s] Invoked command in '/home/evan/Documents/algo_gaze_project/build/ros_mpg321_player' returned '0': CMAKE_PREFIX_PATH=/opt/ros/humble /usr/bin/cmake /home/evan/Documents/algo_gaze_project/ROBOTIS-Utility/ros_mpg321_player -DAMENT_CMAKE_SYMLINK_INSTALL=1 -DCMAKE_INSTALL_PREFIX=/home/evan/Documents/algo_gaze_project/install/ros_mpg321_player
[1.677s] Invoking command in '/home/evan/Documents/algo_gaze_project/build/ros_mpg321_player': CMAKE_PREFIX_PATH=/opt/ros/humble /usr/bin/cmake --build /home/evan/Documents/algo_gaze_project/build/ros_mpg321_player -- -j12 -l12
[2.977s] [ 50%] [32mBuilding CXX object CMakeFiles/ros_mpg321_player.dir/src/ros_mpg321_player.cpp.o[0m
[10.067s] [100%] [32m[1mLinking CXX executable ros_mpg321_player[0m
[10.326s] [100%] Built target ros_mpg321_player
