[0.055s] Invoking command in '/home/evan/Documents/BRONE_audio_gaze_project/build/op3_offset_tuner_msgs': CMAKE_PREFIX_PATH=${CMAKE_PREFIX_PATH}:/home/evan/Documents/BRONE_audio_gaze_project/install/algo_gaze:/home/evan/Documents/BRONE_audio_gaze_project/install/brone_gaze:/opt/ros/humble /usr/bin/cmake /home/evan/Documents/BRONE_audio_gaze_project/ROBOTIS-OP3-msgs/op3_offset_tuner_msgs -DAMENT_CMAKE_SYMLINK_INSTALL=1 -DCMAKE_INSTALL_PREFIX=/home/evan/Documents/BRONE_audio_gaze_project/install/op3_offset_tuner_msgs
[3.464s] -- The C compiler identification is GNU 11.4.0
[3.464s] -- The CXX compiler identification is GNU 11.4.0
[3.464s] -- Detecting C compiler ABI info
[3.464s] -- Detecting C compiler ABI info - done
[3.464s] -- Check for working C compiler: /usr/bin/cc - skipped
[3.464s] -- Detecting C compile features
[3.464s] -- Detecting C compile features - done
[3.464s] -- Detecting CXX compiler ABI info
[3.464s] -- Detecting CXX compiler ABI info - done
[3.464s] -- Check for working CXX compiler: /usr/bin/c++ - skipped
[3.464s] -- Detecting CXX compile features
[3.464s] -- Detecting CXX compile features - done
[3.465s] -- Found ament_cmake: 1.3.14 (/opt/ros/humble/share/ament_cmake/cmake)
[3.465s] -- Found Python3: /usr/bin/python3 (found version "3.10.12") found components: Interpreter 
[3.465s] -- Override CMake install command with custom implementation using symlinks instead of copying resources
[3.465s] -- Found rosidl_default_generators: 1.2.1 (/opt/ros/humble/share/rosidl_default_generators/cmake)
[3.465s] -- Using all available rosidl_typesupport_c: rosidl_typesupport_fastrtps_c;rosidl_typesupport_introspection_c
[3.465s] -- Found rosidl_adapter: 3.1.8 (/opt/ros/humble/share/rosidl_adapter/cmake)
[3.465s] -- Using all available rosidl_typesupport_cpp: rosidl_typesupport_fastrtps_cpp;rosidl_typesupport_introspection_cpp
[3.465s] -- Found std_msgs: 4.9.1 (/opt/ros/humble/share/std_msgs/cmake)
[3.465s] -- Found ament_cmake_ros: 0.10.0 (/opt/ros/humble/share/ament_cmake_ros/cmake)
[3.465s] -- Using all available rosidl_typesupport_c: rosidl_typesupport_fastrtps_c;rosidl_typesupport_introspection_c
[3.465s] -- Using all available rosidl_typesupport_cpp: rosidl_typesupport_fastrtps_cpp;rosidl_typesupport_introspection_cpp
[3.465s] -- Found PythonInterp: /usr/bin/python3 (found suitable version "3.10.12", minimum required is "3.6") 
[3.465s] -- Found python_cmake_module: 0.10.0 (/opt/ros/humble/share/python_cmake_module/cmake)
[3.520s] -- Found PythonLibs: /usr/lib/x86_64-linux-gnu/libpython3.10.so (found suitable version "3.10.12", minimum required is "3.5") 
[3.521s] -- Using PYTHON_EXECUTABLE: /usr/bin/python3
[3.521s] -- Using PYTHON_INCLUDE_DIRS: /usr/include/python3.10
[3.521s] -- Using PYTHON_LIBRARIES: /usr/lib/x86_64-linux-gnu/libpython3.10.so
[3.594s] -- Found PythonExtra: .so  
[4.069s] -- Configuring done
[4.304s] -- Generating done
[4.394s] -- Build files have been written to: /home/evan/Documents/BRONE_audio_gaze_project/build/op3_offset_tuner_msgs
[4.470s] Invoked command in '/home/evan/Documents/BRONE_audio_gaze_project/build/op3_offset_tuner_msgs' returned '0': CMAKE_PREFIX_PATH=${CMAKE_PREFIX_PATH}:/home/evan/Documents/BRONE_audio_gaze_project/install/algo_gaze:/home/evan/Documents/BRONE_audio_gaze_project/install/brone_gaze:/opt/ros/humble /usr/bin/cmake /home/evan/Documents/BRONE_audio_gaze_project/ROBOTIS-OP3-msgs/op3_offset_tuner_msgs -DAMENT_CMAKE_SYMLINK_INSTALL=1 -DCMAKE_INSTALL_PREFIX=/home/evan/Documents/BRONE_audio_gaze_project/install/op3_offset_tuner_msgs
[4.471s] Invoking command in '/home/evan/Documents/BRONE_audio_gaze_project/build/op3_offset_tuner_msgs': CMAKE_PREFIX_PATH=${CMAKE_PREFIX_PATH}:/home/evan/Documents/BRONE_audio_gaze_project/install/algo_gaze:/home/evan/Documents/BRONE_audio_gaze_project/install/brone_gaze:/opt/ros/humble /usr/bin/cmake --build /home/evan/Documents/BRONE_audio_gaze_project/build/op3_offset_tuner_msgs -- -j12 -l12
[6.667s] [  1%] [34m[1mGenerating C code for ROS interfaces[0m
[6.667s] [  3%] [34m[1mGenerating Rust code for ROS interfaces[0m
[6.667s] [  3%] Built target ament_cmake_python_symlink_op3_offset_tuner_msgs
[6.667s] [  4%] [34m[1mGenerating C++ code for ROS interfaces[0m
[6.667s] running egg_info
[6.668s] creating op3_offset_tuner_msgs.egg-info
[6.668s] writing op3_offset_tuner_msgs.egg-info/PKG-INFO
[6.668s] writing dependency_links to op3_offset_tuner_msgs.egg-info/dependency_links.txt
[6.668s] writing top-level names to op3_offset_tuner_msgs.egg-info/top_level.txt
[6.668s] writing manifest file 'op3_offset_tuner_msgs.egg-info/SOURCES.txt'
[6.668s] reading manifest file 'op3_offset_tuner_msgs.egg-info/SOURCES.txt'
[6.668s] writing manifest file 'op3_offset_tuner_msgs.egg-info/SOURCES.txt'
[6.668s] [  4%] Built target ament_cmake_python_build_op3_offset_tuner_msgs_egg
[6.668s] [  4%] Built target op3_offset_tuner_msgs__rs
[7.553s] [  4%] Built target op3_offset_tuner_msgs__cpp
[7.622s] [  6%] [34m[1mGenerating C++ type support dispatch for ROS interfaces[0m
[7.630s] [  7%] [34m[1mGenerating C++ introspection for ROS interfaces[0m
[7.640s] [  9%] [34m[1mGenerating C++ type support for eProsima Fast-RTPS[0m
[7.790s] [ 10%] [32mBuilding C object CMakeFiles/op3_offset_tuner_msgs__rosidl_generator_c.dir/rosidl_generator_c/op3_offset_tuner_msgs/msg/detail/joint_offset_data__functions.c.o[0m
[7.790s] [ 12%] [32mBuilding C object CMakeFiles/op3_offset_tuner_msgs__rosidl_generator_c.dir/rosidl_generator_c/op3_offset_tuner_msgs/msg/detail/joint_offset_position_data__functions.c.o[0m
[7.799s] [ 14%] [32mBuilding C object CMakeFiles/op3_offset_tuner_msgs__rosidl_generator_c.dir/rosidl_generator_c/op3_offset_tuner_msgs/msg/detail/joint_torque_on_off__functions.c.o[0m
[7.811s] [ 15%] [32mBuilding C object CMakeFiles/op3_offset_tuner_msgs__rosidl_generator_c.dir/rosidl_generator_c/op3_offset_tuner_msgs/msg/detail/joint_torque_on_off_array__functions.c.o[0m
[7.811s] [ 17%] [32mBuilding C object CMakeFiles/op3_offset_tuner_msgs__rosidl_generator_c.dir/rosidl_generator_c/op3_offset_tuner_msgs/srv/detail/get_present_joint_offset_data__functions.c.o[0m
[8.222s] [ 18%] [32m[1mLinking C shared library libop3_offset_tuner_msgs__rosidl_generator_c.so[0m
[8.474s] [ 18%] Built target op3_offset_tuner_msgs__rosidl_generator_c
[8.509s] [ 20%] [34m[1mGenerating C introspection for ROS interfaces[0m
[8.542s] [ 21%] [34m[1mGenerating C type support for eProsima Fast-RTPS[0m
[8.551s] [ 23%] [34m[1mGenerating C type support dispatch for ROS interfaces[0m
[10.370s] [ 25%] [32mBuilding CXX object CMakeFiles/op3_offset_tuner_msgs__rosidl_typesupport_cpp.dir/rosidl_typesupport_cpp/op3_offset_tuner_msgs/msg/joint_offset_data__type_support.cpp.o[0m
[10.377s] [ 26%] [32mBuilding CXX object CMakeFiles/op3_offset_tuner_msgs__rosidl_typesupport_cpp.dir/rosidl_typesupport_cpp/op3_offset_tuner_msgs/msg/joint_offset_position_data__type_support.cpp.o[0m
[10.412s] [ 28%] [32mBuilding CXX object CMakeFiles/op3_offset_tuner_msgs__rosidl_typesupport_cpp.dir/rosidl_typesupport_cpp/op3_offset_tuner_msgs/msg/joint_torque_on_off__type_support.cpp.o[0m
[10.421s] [ 29%] [32mBuilding CXX object CMakeFiles/op3_offset_tuner_msgs__rosidl_typesupport_cpp.dir/rosidl_typesupport_cpp/op3_offset_tuner_msgs/srv/get_present_joint_offset_data__type_support.cpp.o[0m
[10.429s] [ 31%] [32mBuilding CXX object CMakeFiles/op3_offset_tuner_msgs__rosidl_typesupport_cpp.dir/rosidl_typesupport_cpp/op3_offset_tuner_msgs/msg/joint_torque_on_off_array__type_support.cpp.o[0m
[10.948s] [ 34%] [32mBuilding CXX object CMakeFiles/op3_offset_tuner_msgs__rosidl_typesupport_introspection_cpp.dir/rosidl_typesupport_introspection_cpp/op3_offset_tuner_msgs/msg/detail/joint_offset_data__type_support.cpp.o[0m
[10.948s] [ 34%] [32mBuilding CXX object CMakeFiles/op3_offset_tuner_msgs__rosidl_typesupport_introspection_cpp.dir/rosidl_typesupport_introspection_cpp/op3_offset_tuner_msgs/msg/detail/joint_torque_on_off__type_support.cpp.o[0m
[10.952s] [ 35%] [32mBuilding CXX object CMakeFiles/op3_offset_tuner_msgs__rosidl_typesupport_introspection_cpp.dir/rosidl_typesupport_introspection_cpp/op3_offset_tuner_msgs/msg/detail/joint_offset_position_data__type_support.cpp.o[0m
[11.400s] [ 37%] [32mBuilding CXX object CMakeFiles/op3_offset_tuner_msgs__rosidl_typesupport_c.dir/rosidl_typesupport_c/op3_offset_tuner_msgs/msg/joint_offset_data__type_support.cpp.o[0m
[11.640s] [ 39%] [32mBuilding CXX object CMakeFiles/op3_offset_tuner_msgs__rosidl_typesupport_c.dir/rosidl_typesupport_c/op3_offset_tuner_msgs/msg/joint_offset_position_data__type_support.cpp.o[0m
[11.712s] [ 40%] [32mBuilding C object CMakeFiles/op3_offset_tuner_msgs__rosidl_typesupport_introspection_c.dir/rosidl_typesupport_introspection_c/op3_offset_tuner_msgs/msg/detail/joint_offset_data__type_support.c.o[0m
[11.740s] [ 42%] [32mBuilding CXX object CMakeFiles/op3_offset_tuner_msgs__rosidl_typesupport_c.dir/rosidl_typesupport_c/op3_offset_tuner_msgs/msg/joint_torque_on_off__type_support.cpp.o[0m
[11.862s] [ 43%] [32mBuilding CXX object CMakeFiles/op3_offset_tuner_msgs__rosidl_typesupport_c.dir/rosidl_typesupport_c/op3_offset_tuner_msgs/msg/joint_torque_on_off_array__type_support.cpp.o[0m
[11.930s] [ 45%] [32mBuilding CXX object CMakeFiles/op3_offset_tuner_msgs__rosidl_typesupport_c.dir/rosidl_typesupport_c/op3_offset_tuner_msgs/srv/get_present_joint_offset_data__type_support.cpp.o[0m
[11.958s] [ 46%] [32mBuilding C object CMakeFiles/op3_offset_tuner_msgs__rosidl_typesupport_introspection_c.dir/rosidl_typesupport_introspection_c/op3_offset_tuner_msgs/msg/detail/joint_offset_position_data__type_support.c.o[0m
[12.098s] [ 50%] [32mBuilding CXX object CMakeFiles/op3_offset_tuner_msgs__rosidl_typesupport_introspection_cpp.dir/rosidl_typesupport_introspection_cpp/op3_offset_tuner_msgs/msg/detail/joint_torque_on_off_array__type_support.cpp.o[0m
[12.121s] [ 50%] [32mBuilding CXX object CMakeFiles/op3_offset_tuner_msgs__rosidl_typesupport_fastrtps_cpp.dir/rosidl_typesupport_fastrtps_cpp/op3_offset_tuner_msgs/msg/detail/dds_fastrtps/joint_offset_data__type_support.cpp.o[0m
[12.121s] [ 51%] [32m[1mLinking CXX shared library libop3_offset_tuner_msgs__rosidl_typesupport_c.so[0m
[12.300s] [ 53%] [32mBuilding C object CMakeFiles/op3_offset_tuner_msgs__rosidl_typesupport_introspection_c.dir/rosidl_typesupport_introspection_c/op3_offset_tuner_msgs/msg/detail/joint_torque_on_off__type_support.c.o[0m
[12.464s] [ 53%] Built target op3_offset_tuner_msgs__rosidl_typesupport_c
[12.480s] [ 54%] [32mBuilding CXX object CMakeFiles/op3_offset_tuner_msgs__rosidl_typesupport_fastrtps_cpp.dir/rosidl_typesupport_fastrtps_cpp/op3_offset_tuner_msgs/msg/detail/dds_fastrtps/joint_offset_position_data__type_support.cpp.o[0m
[12.628s] [ 56%] [32mBuilding C object CMakeFiles/op3_offset_tuner_msgs__rosidl_typesupport_introspection_c.dir/rosidl_typesupport_introspection_c/op3_offset_tuner_msgs/msg/detail/joint_torque_on_off_array__type_support.c.o[0m
[12.657s] [ 57%] [32mBuilding C object CMakeFiles/op3_offset_tuner_msgs__rosidl_typesupport_introspection_c.dir/rosidl_typesupport_introspection_c/op3_offset_tuner_msgs/srv/detail/get_present_joint_offset_data__type_support.c.o[0m
[12.673s] [ 59%] [32mBuilding CXX object CMakeFiles/op3_offset_tuner_msgs__rosidl_typesupport_introspection_cpp.dir/rosidl_typesupport_introspection_cpp/op3_offset_tuner_msgs/srv/detail/get_present_joint_offset_data__type_support.cpp.o[0m
[12.715s] [ 60%] [32mBuilding CXX object CMakeFiles/op3_offset_tuner_msgs__rosidl_typesupport_fastrtps_cpp.dir/rosidl_typesupport_fastrtps_cpp/op3_offset_tuner_msgs/msg/detail/dds_fastrtps/joint_torque_on_off__type_support.cpp.o[0m
[12.789s] [ 62%] [32m[1mLinking CXX shared library libop3_offset_tuner_msgs__rosidl_typesupport_cpp.so[0m
[12.936s] [ 64%] [32mBuilding CXX object CMakeFiles/op3_offset_tuner_msgs__rosidl_typesupport_fastrtps_c.dir/rosidl_typesupport_fastrtps_c/op3_offset_tuner_msgs/msg/detail/joint_offset_data__type_support_c.cpp.o[0m
[12.974s] [ 64%] Built target op3_offset_tuner_msgs__rosidl_typesupport_cpp
[12.975s] [ 65%] [32m[1mLinking C shared library libop3_offset_tuner_msgs__rosidl_typesupport_introspection_c.so[0m
[13.146s] [ 65%] Built target op3_offset_tuner_msgs__rosidl_typesupport_introspection_c
[14.689s] [ 67%] [32m[1mLinking CXX shared library libop3_offset_tuner_msgs__rosidl_typesupport_introspection_cpp.so[0m
[14.765s] [ 68%] [32mBuilding CXX object CMakeFiles/op3_offset_tuner_msgs__rosidl_typesupport_fastrtps_c.dir/rosidl_typesupport_fastrtps_c/op3_offset_tuner_msgs/srv/detail/get_present_joint_offset_data__type_support_c.cpp.o[0m
[14.985s] [ 68%] Built target op3_offset_tuner_msgs__rosidl_typesupport_introspection_cpp
[15.397s] [ 70%] [32mBuilding CXX object CMakeFiles/op3_offset_tuner_msgs__rosidl_typesupport_fastrtps_cpp.dir/rosidl_typesupport_fastrtps_cpp/op3_offset_tuner_msgs/srv/detail/dds_fastrtps/get_present_joint_offset_data__type_support.cpp.o[0m
[16.413s] [ 71%] [32mBuilding CXX object CMakeFiles/op3_offset_tuner_msgs__rosidl_typesupport_fastrtps_c.dir/rosidl_typesupport_fastrtps_c/op3_offset_tuner_msgs/msg/detail/joint_torque_on_off_array__type_support_c.cpp.o[0m
[17.301s] [ 73%] [32mBuilding CXX object CMakeFiles/op3_offset_tuner_msgs__rosidl_typesupport_fastrtps_cpp.dir/rosidl_typesupport_fastrtps_cpp/op3_offset_tuner_msgs/msg/detail/dds_fastrtps/joint_torque_on_off_array__type_support.cpp.o[0m
[17.440s] [ 75%] [32mBuilding CXX object CMakeFiles/op3_offset_tuner_msgs__rosidl_typesupport_fastrtps_c.dir/rosidl_typesupport_fastrtps_c/op3_offset_tuner_msgs/msg/detail/joint_torque_on_off__type_support_c.cpp.o[0m
[17.889s] [ 76%] [32m[1mLinking CXX shared library libop3_offset_tuner_msgs__rosidl_typesupport_fastrtps_cpp.so[0m
[18.215s] [ 78%] [32mBuilding CXX object CMakeFiles/op3_offset_tuner_msgs__rosidl_typesupport_fastrtps_c.dir/rosidl_typesupport_fastrtps_c/op3_offset_tuner_msgs/msg/detail/joint_offset_position_data__type_support_c.cpp.o[0m
[18.243s] [ 78%] Built target op3_offset_tuner_msgs__rosidl_typesupport_fastrtps_cpp
[19.038s] [ 79%] [32m[1mLinking CXX shared library libop3_offset_tuner_msgs__rosidl_typesupport_fastrtps_c.so[0m
[19.202s] [ 79%] Built target op3_offset_tuner_msgs__rosidl_typesupport_fastrtps_c
[19.240s] [ 79%] Built target op3_offset_tuner_msgs
[19.294s] [ 81%] [34m[1mGenerating Python code for ROS interfaces[0m
[21.018s] [ 81%] Built target op3_offset_tuner_msgs__py
[21.049s] [ 82%] [32mBuilding C object CMakeFiles/op3_offset_tuner_msgs__rosidl_generator_py.dir/rosidl_generator_py/op3_offset_tuner_msgs/msg/_joint_offset_data_s.c.o[0m
[21.197s] [ 84%] [32mBuilding C object CMakeFiles/op3_offset_tuner_msgs__rosidl_generator_py.dir/rosidl_generator_py/op3_offset_tuner_msgs/srv/_get_present_joint_offset_data_s.c.o[0m
[21.380s] [ 85%] [32mBuilding C object CMakeFiles/op3_offset_tuner_msgs__rosidl_generator_py.dir/rosidl_generator_py/op3_offset_tuner_msgs/msg/_joint_torque_on_off_array_s.c.o[0m
[21.609s] [ 87%] [32mBuilding C object CMakeFiles/op3_offset_tuner_msgs__rosidl_generator_py.dir/rosidl_generator_py/op3_offset_tuner_msgs/msg/_joint_torque_on_off_s.c.o[0m
[21.790s] [ 89%] [32mBuilding C object CMakeFiles/op3_offset_tuner_msgs__rosidl_generator_py.dir/rosidl_generator_py/op3_offset_tuner_msgs/msg/_joint_offset_position_data_s.c.o[0m
[22.132s] [ 90%] [32m[1mLinking C shared library rosidl_generator_py/op3_offset_tuner_msgs/libop3_offset_tuner_msgs__rosidl_generator_py.so[0m
[22.183s] [ 90%] Built target op3_offset_tuner_msgs__rosidl_generator_py
[22.233s] [ 92%] [32mBuilding C object CMakeFiles/op3_offset_tuner_msgs__rosidl_typesupport_fastrtps_c__pyext.dir/rosidl_generator_py/op3_offset_tuner_msgs/_op3_offset_tuner_msgs_s.ep.rosidl_typesupport_fastrtps_c.c.o[0m
[22.442s] [ 93%] [32m[1mLinking C shared library rosidl_generator_py/op3_offset_tuner_msgs/op3_offset_tuner_msgs_s__rosidl_typesupport_fastrtps_c.cpython-310-x86_64-linux-gnu.so[0m
[22.495s] [ 93%] Built target op3_offset_tuner_msgs__rosidl_typesupport_fastrtps_c__pyext
[22.525s] [ 95%] [32mBuilding C object CMakeFiles/op3_offset_tuner_msgs__rosidl_typesupport_c__pyext.dir/rosidl_generator_py/op3_offset_tuner_msgs/_op3_offset_tuner_msgs_s.ep.rosidl_typesupport_c.c.o[0m
[22.698s] [ 96%] [32m[1mLinking C shared library rosidl_generator_py/op3_offset_tuner_msgs/op3_offset_tuner_msgs_s__rosidl_typesupport_c.cpython-310-x86_64-linux-gnu.so[0m
[22.747s] [ 96%] Built target op3_offset_tuner_msgs__rosidl_typesupport_c__pyext
[22.773s] [ 98%] [32mBuilding C object CMakeFiles/op3_offset_tuner_msgs__rosidl_typesupport_introspection_c__pyext.dir/rosidl_generator_py/op3_offset_tuner_msgs/_op3_offset_tuner_msgs_s.ep.rosidl_typesupport_introspection_c.c.o[0m
[22.918s] [100%] [32m[1mLinking C shared library rosidl_generator_py/op3_offset_tuner_msgs/op3_offset_tuner_msgs_s__rosidl_typesupport_introspection_c.cpython-310-x86_64-linux-gnu.so[0m
[22.968s] [100%] Built target op3_offset_tuner_msgs__rosidl_typesupport_introspection_c__pyext
[23.030s] Invoked command in '/home/evan/Documents/BRONE_audio_gaze_project/build/op3_offset_tuner_msgs' returned '0': CMAKE_PREFIX_PATH=${CMAKE_PREFIX_PATH}:/home/evan/Documents/BRONE_audio_gaze_project/install/algo_gaze:/home/evan/Documents/BRONE_audio_gaze_project/install/brone_gaze:/opt/ros/humble /usr/bin/cmake --build /home/evan/Documents/BRONE_audio_gaze_project/build/op3_offset_tuner_msgs -- -j12 -l12
[23.031s] Invoking command in '/home/evan/Documents/BRONE_audio_gaze_project/build/op3_offset_tuner_msgs': CMAKE_PREFIX_PATH=${CMAKE_PREFIX_PATH}:/home/evan/Documents/BRONE_audio_gaze_project/install/algo_gaze:/home/evan/Documents/BRONE_audio_gaze_project/install/brone_gaze:/opt/ros/humble /usr/bin/cmake --install /home/evan/Documents/BRONE_audio_gaze_project/build/op3_offset_tuner_msgs
[23.698s] -- Install configuration: ""
[23.698s] -- Execute custom install script
[23.698s] -- Symlinking: /home/evan/Documents/BRONE_audio_gaze_project/install/op3_offset_tuner_msgs/share/ament_index/resource_index/rosidl_interfaces/op3_offset_tuner_msgs
[23.698s] -- Symlinking: /home/evan/Documents/BRONE_audio_gaze_project/install/op3_offset_tuner_msgs/include/op3_offset_tuner_msgs/op3_offset_tuner_msgs/msg/detail/joint_offset_data__functions.h
[23.698s] -- Symlinking: /home/evan/Documents/BRONE_audio_gaze_project/install/op3_offset_tuner_msgs/include/op3_offset_tuner_msgs/op3_offset_tuner_msgs/msg/detail/joint_offset_data__struct.h
[23.698s] -- Symlinking: /home/evan/Documents/BRONE_audio_gaze_project/install/op3_offset_tuner_msgs/include/op3_offset_tuner_msgs/op3_offset_tuner_msgs/msg/detail/joint_offset_data__type_support.h
[23.698s] -- Symlinking: /home/evan/Documents/BRONE_audio_gaze_project/install/op3_offset_tuner_msgs/include/op3_offset_tuner_msgs/op3_offset_tuner_msgs/msg/detail/joint_offset_position_data__functions.h
[23.698s] -- Symlinking: /home/evan/Documents/BRONE_audio_gaze_project/install/op3_offset_tuner_msgs/include/op3_offset_tuner_msgs/op3_offset_tuner_msgs/msg/detail/joint_offset_position_data__struct.h
[23.698s] -- Symlinking: /home/evan/Documents/BRONE_audio_gaze_project/install/op3_offset_tuner_msgs/include/op3_offset_tuner_msgs/op3_offset_tuner_msgs/msg/detail/joint_offset_position_data__type_support.h
[23.699s] -- Symlinking: /home/evan/Documents/BRONE_audio_gaze_project/install/op3_offset_tuner_msgs/include/op3_offset_tuner_msgs/op3_offset_tuner_msgs/msg/detail/joint_torque_on_off__functions.h
[23.699s] -- Symlinking: /home/evan/Documents/BRONE_audio_gaze_project/install/op3_offset_tuner_msgs/include/op3_offset_tuner_msgs/op3_offset_tuner_msgs/msg/detail/joint_torque_on_off__struct.h
[23.699s] -- Symlinking: /home/evan/Documents/BRONE_audio_gaze_project/install/op3_offset_tuner_msgs/include/op3_offset_tuner_msgs/op3_offset_tuner_msgs/msg/detail/joint_torque_on_off__type_support.h
[23.699s] -- Symlinking: /home/evan/Documents/BRONE_audio_gaze_project/install/op3_offset_tuner_msgs/include/op3_offset_tuner_msgs/op3_offset_tuner_msgs/msg/detail/joint_torque_on_off_array__functions.h
[23.699s] -- Symlinking: /home/evan/Documents/BRONE_audio_gaze_project/install/op3_offset_tuner_msgs/include/op3_offset_tuner_msgs/op3_offset_tuner_msgs/msg/detail/joint_torque_on_off_array__struct.h
[23.699s] -- Symlinking: /home/evan/Documents/BRONE_audio_gaze_project/install/op3_offset_tuner_msgs/include/op3_offset_tuner_msgs/op3_offset_tuner_msgs/msg/detail/joint_torque_on_off_array__type_support.h
[23.699s] -- Symlinking: /home/evan/Documents/BRONE_audio_gaze_project/install/op3_offset_tuner_msgs/include/op3_offset_tuner_msgs/op3_offset_tuner_msgs/msg/joint_offset_data.h
[23.699s] -- Symlinking: /home/evan/Documents/BRONE_audio_gaze_project/install/op3_offset_tuner_msgs/include/op3_offset_tuner_msgs/op3_offset_tuner_msgs/msg/joint_offset_position_data.h
[23.699s] -- Symlinking: /home/evan/Documents/BRONE_audio_gaze_project/install/op3_offset_tuner_msgs/include/op3_offset_tuner_msgs/op3_offset_tuner_msgs/msg/joint_torque_on_off.h
[23.699s] -- Symlinking: /home/evan/Documents/BRONE_audio_gaze_project/install/op3_offset_tuner_msgs/include/op3_offset_tuner_msgs/op3_offset_tuner_msgs/msg/joint_torque_on_off_array.h
[23.699s] -- Symlinking: /home/evan/Documents/BRONE_audio_gaze_project/install/op3_offset_tuner_msgs/include/op3_offset_tuner_msgs/op3_offset_tuner_msgs/msg/rosidl_generator_c__visibility_control.h
[23.699s] -- Symlinking: /home/evan/Documents/BRONE_audio_gaze_project/install/op3_offset_tuner_msgs/include/op3_offset_tuner_msgs/op3_offset_tuner_msgs/srv/detail/get_present_joint_offset_data__functions.h
[23.701s] -- Symlinking: /home/evan/Documents/BRONE_audio_gaze_project/install/op3_offset_tuner_msgs/include/op3_offset_tuner_msgs/op3_offset_tuner_msgs/srv/detail/get_present_joint_offset_data__struct.h
[23.702s] -- Symlinking: /home/evan/Documents/BRONE_audio_gaze_project/install/op3_offset_tuner_msgs/include/op3_offset_tuner_msgs/op3_offset_tuner_msgs/srv/detail/get_present_joint_offset_data__type_support.h
[23.702s] -- Symlinking: /home/evan/Documents/BRONE_audio_gaze_project/install/op3_offset_tuner_msgs/include/op3_offset_tuner_msgs/op3_offset_tuner_msgs/srv/get_present_joint_offset_data.h
[23.702s] -- Symlinking: /home/evan/Documents/BRONE_audio_gaze_project/install/op3_offset_tuner_msgs/share/op3_offset_tuner_msgs/environment/library_path.sh
[23.702s] -- Symlinking: /home/evan/Documents/BRONE_audio_gaze_project/install/op3_offset_tuner_msgs/share/op3_offset_tuner_msgs/environment/library_path.dsv
[23.702s] -- Symlinking: /home/evan/Documents/BRONE_audio_gaze_project/install/op3_offset_tuner_msgs/include/op3_offset_tuner_msgs/op3_offset_tuner_msgs/msg/detail/joint_offset_data__rosidl_typesupport_fastrtps_c.h
[23.702s] -- Symlinking: /home/evan/Documents/BRONE_audio_gaze_project/install/op3_offset_tuner_msgs/include/op3_offset_tuner_msgs/op3_offset_tuner_msgs/msg/detail/joint_offset_position_data__rosidl_typesupport_fastrtps_c.h
[23.702s] -- Symlinking: /home/evan/Documents/BRONE_audio_gaze_project/install/op3_offset_tuner_msgs/include/op3_offset_tuner_msgs/op3_offset_tuner_msgs/msg/detail/joint_torque_on_off__rosidl_typesupport_fastrtps_c.h
[23.702s] -- Symlinking: /home/evan/Documents/BRONE_audio_gaze_project/install/op3_offset_tuner_msgs/include/op3_offset_tuner_msgs/op3_offset_tuner_msgs/msg/detail/joint_torque_on_off_array__rosidl_typesupport_fastrtps_c.h
[23.702s] -- Symlinking: /home/evan/Documents/BRONE_audio_gaze_project/install/op3_offset_tuner_msgs/include/op3_offset_tuner_msgs/op3_offset_tuner_msgs/msg/rosidl_typesupport_fastrtps_c__visibility_control.h
[23.702s] -- Symlinking: /home/evan/Documents/BRONE_audio_gaze_project/install/op3_offset_tuner_msgs/include/op3_offset_tuner_msgs/op3_offset_tuner_msgs/srv/detail/get_present_joint_offset_data__rosidl_typesupport_fastrtps_c.h
[23.702s] -- Symlinking: /home/evan/Documents/BRONE_audio_gaze_project/install/op3_offset_tuner_msgs/include/op3_offset_tuner_msgs/op3_offset_tuner_msgs/msg/detail/joint_offset_data__rosidl_typesupport_introspection_c.h
[23.702s] -- Symlinking: /home/evan/Documents/BRONE_audio_gaze_project/install/op3_offset_tuner_msgs/include/op3_offset_tuner_msgs/op3_offset_tuner_msgs/msg/detail/joint_offset_position_data__rosidl_typesupport_introspection_c.h
[23.702s] -- Symlinking: /home/evan/Documents/BRONE_audio_gaze_project/install/op3_offset_tuner_msgs/include/op3_offset_tuner_msgs/op3_offset_tuner_msgs/msg/detail/joint_torque_on_off__rosidl_typesupport_introspection_c.h
[23.702s] -- Symlinking: /home/evan/Documents/BRONE_audio_gaze_project/install/op3_offset_tuner_msgs/include/op3_offset_tuner_msgs/op3_offset_tuner_msgs/msg/detail/joint_torque_on_off_array__rosidl_typesupport_introspection_c.h
[23.702s] -- Symlinking: /home/evan/Documents/BRONE_audio_gaze_project/install/op3_offset_tuner_msgs/include/op3_offset_tuner_msgs/op3_offset_tuner_msgs/msg/rosidl_typesupport_introspection_c__visibility_control.h
[23.702s] -- Symlinking: /home/evan/Documents/BRONE_audio_gaze_project/install/op3_offset_tuner_msgs/include/op3_offset_tuner_msgs/op3_offset_tuner_msgs/srv/detail/get_present_joint_offset_data__rosidl_typesupport_introspection_c.h
[23.706s] -- Symlinking: /home/evan/Documents/BRONE_audio_gaze_project/install/op3_offset_tuner_msgs/include/op3_offset_tuner_msgs/op3_offset_tuner_msgs/msg/detail/joint_offset_data__builder.hpp
[23.725s] -- Symlinking: /home/evan/Documents/BRONE_audio_gaze_project/install/op3_offset_tuner_msgs/include/op3_offset_tuner_msgs/op3_offset_tuner_msgs/msg/detail/joint_offset_data__struct.hpp
[23.736s] -- Symlinking: /home/evan/Documents/BRONE_audio_gaze_project/install/op3_offset_tuner_msgs/include/op3_offset_tuner_msgs/op3_offset_tuner_msgs/msg/detail/joint_offset_data__traits.hpp
[23.766s] -- Symlinking: /home/evan/Documents/BRONE_audio_gaze_project/install/op3_offset_tuner_msgs/include/op3_offset_tuner_msgs/op3_offset_tuner_msgs/msg/detail/joint_offset_data__type_support.hpp
[23.781s] -- Symlinking: /home/evan/Documents/BRONE_audio_gaze_project/install/op3_offset_tuner_msgs/include/op3_offset_tuner_msgs/op3_offset_tuner_msgs/msg/detail/joint_offset_position_data__builder.hpp
[23.796s] -- Symlinking: /home/evan/Documents/BRONE_audio_gaze_project/install/op3_offset_tuner_msgs/include/op3_offset_tuner_msgs/op3_offset_tuner_msgs/msg/detail/joint_offset_position_data__struct.hpp
[23.823s] -- Symlinking: /home/evan/Documents/BRONE_audio_gaze_project/install/op3_offset_tuner_msgs/include/op3_offset_tuner_msgs/op3_offset_tuner_msgs/msg/detail/joint_offset_position_data__traits.hpp
[23.854s] -- Symlinking: /home/evan/Documents/BRONE_audio_gaze_project/install/op3_offset_tuner_msgs/include/op3_offset_tuner_msgs/op3_offset_tuner_msgs/msg/detail/joint_offset_position_data__type_support.hpp
[23.872s] -- Symlinking: /home/evan/Documents/BRONE_audio_gaze_project/install/op3_offset_tuner_msgs/include/op3_offset_tuner_msgs/op3_offset_tuner_msgs/msg/detail/joint_torque_on_off__builder.hpp
[23.891s] -- Symlinking: /home/evan/Documents/BRONE_audio_gaze_project/install/op3_offset_tuner_msgs/include/op3_offset_tuner_msgs/op3_offset_tuner_msgs/msg/detail/joint_torque_on_off__struct.hpp
[23.909s] -- Symlinking: /home/evan/Documents/BRONE_audio_gaze_project/install/op3_offset_tuner_msgs/include/op3_offset_tuner_msgs/op3_offset_tuner_msgs/msg/detail/joint_torque_on_off__traits.hpp
[23.928s] -- Symlinking: /home/evan/Documents/BRONE_audio_gaze_project/install/op3_offset_tuner_msgs/include/op3_offset_tuner_msgs/op3_offset_tuner_msgs/msg/detail/joint_torque_on_off__type_support.hpp
[23.944s] -- Symlinking: /home/evan/Documents/BRONE_audio_gaze_project/install/op3_offset_tuner_msgs/include/op3_offset_tuner_msgs/op3_offset_tuner_msgs/msg/detail/joint_torque_on_off_array__builder.hpp
[23.968s] -- Symlinking: /home/evan/Documents/BRONE_audio_gaze_project/install/op3_offset_tuner_msgs/include/op3_offset_tuner_msgs/op3_offset_tuner_msgs/msg/detail/joint_torque_on_off_array__struct.hpp
[23.985s] -- Symlinking: /home/evan/Documents/BRONE_audio_gaze_project/install/op3_offset_tuner_msgs/include/op3_offset_tuner_msgs/op3_offset_tuner_msgs/msg/detail/joint_torque_on_off_array__traits.hpp
[24.010s] -- Symlinking: /home/evan/Documents/BRONE_audio_gaze_project/install/op3_offset_tuner_msgs/include/op3_offset_tuner_msgs/op3_offset_tuner_msgs/msg/detail/joint_torque_on_off_array__type_support.hpp
[24.021s] -- Symlinking: /home/evan/Documents/BRONE_audio_gaze_project/install/op3_offset_tuner_msgs/include/op3_offset_tuner_msgs/op3_offset_tuner_msgs/msg/joint_offset_data.hpp
[24.034s] -- Symlinking: /home/evan/Documents/BRONE_audio_gaze_project/install/op3_offset_tuner_msgs/include/op3_offset_tuner_msgs/op3_offset_tuner_msgs/msg/joint_offset_position_data.hpp
[24.063s] -- Symlinking: /home/evan/Documents/BRONE_audio_gaze_project/install/op3_offset_tuner_msgs/include/op3_offset_tuner_msgs/op3_offset_tuner_msgs/msg/joint_torque_on_off.hpp
[24.085s] -- Symlinking: /home/evan/Documents/BRONE_audio_gaze_project/install/op3_offset_tuner_msgs/include/op3_offset_tuner_msgs/op3_offset_tuner_msgs/msg/joint_torque_on_off_array.hpp
[24.108s] -- Symlinking: /home/evan/Documents/BRONE_audio_gaze_project/install/op3_offset_tuner_msgs/include/op3_offset_tuner_msgs/op3_offset_tuner_msgs/msg/rosidl_generator_cpp__visibility_control.hpp
[24.131s] -- Symlinking: /home/evan/Documents/BRONE_audio_gaze_project/install/op3_offset_tuner_msgs/include/op3_offset_tuner_msgs/op3_offset_tuner_msgs/srv/detail/get_present_joint_offset_data__builder.hpp
[24.152s] -- Symlinking: /home/evan/Documents/BRONE_audio_gaze_project/install/op3_offset_tuner_msgs/include/op3_offset_tuner_msgs/op3_offset_tuner_msgs/srv/detail/get_present_joint_offset_data__struct.hpp
[24.165s] -- Symlinking: /home/evan/Documents/BRONE_audio_gaze_project/install/op3_offset_tuner_msgs/include/op3_offset_tuner_msgs/op3_offset_tuner_msgs/srv/detail/get_present_joint_offset_data__traits.hpp
[24.187s] -- Symlinking: /home/evan/Documents/BRONE_audio_gaze_project/install/op3_offset_tuner_msgs/include/op3_offset_tuner_msgs/op3_offset_tuner_msgs/srv/detail/get_present_joint_offset_data__type_support.hpp
[24.220s] -- Symlinking: /home/evan/Documents/BRONE_audio_gaze_project/install/op3_offset_tuner_msgs/include/op3_offset_tuner_msgs/op3_offset_tuner_msgs/srv/get_present_joint_offset_data.hpp
[24.236s] -- Symlinking: /home/evan/Documents/BRONE_audio_gaze_project/install/op3_offset_tuner_msgs/include/op3_offset_tuner_msgs/op3_offset_tuner_msgs/msg/detail/joint_offset_data__rosidl_typesupport_fastrtps_cpp.hpp
[24.249s] -- Symlinking: /home/evan/Documents/BRONE_audio_gaze_project/install/op3_offset_tuner_msgs/include/op3_offset_tuner_msgs/op3_offset_tuner_msgs/msg/detail/joint_offset_position_data__rosidl_typesupport_fastrtps_cpp.hpp
[24.259s] -- Symlinking: /home/evan/Documents/BRONE_audio_gaze_project/install/op3_offset_tuner_msgs/include/op3_offset_tuner_msgs/op3_offset_tuner_msgs/msg/detail/joint_torque_on_off__rosidl_typesupport_fastrtps_cpp.hpp
[24.271s] -- Symlinking: /home/evan/Documents/BRONE_audio_gaze_project/install/op3_offset_tuner_msgs/include/op3_offset_tuner_msgs/op3_offset_tuner_msgs/msg/detail/joint_torque_on_off_array__rosidl_typesupport_fastrtps_cpp.hpp
[24.282s] -- Symlinking: /home/evan/Documents/BRONE_audio_gaze_project/install/op3_offset_tuner_msgs/include/op3_offset_tuner_msgs/op3_offset_tuner_msgs/msg/rosidl_typesupport_fastrtps_cpp__visibility_control.h
[24.293s] -- Symlinking: /home/evan/Documents/BRONE_audio_gaze_project/install/op3_offset_tuner_msgs/include/op3_offset_tuner_msgs/op3_offset_tuner_msgs/srv/detail/get_present_joint_offset_data__rosidl_typesupport_fastrtps_cpp.hpp
[24.309s] -- Symlinking: /home/evan/Documents/BRONE_audio_gaze_project/install/op3_offset_tuner_msgs/include/op3_offset_tuner_msgs/op3_offset_tuner_msgs/msg/detail/joint_offset_data__rosidl_typesupport_introspection_cpp.hpp
[24.323s] -- Symlinking: /home/evan/Documents/BRONE_audio_gaze_project/install/op3_offset_tuner_msgs/include/op3_offset_tuner_msgs/op3_offset_tuner_msgs/msg/detail/joint_offset_position_data__rosidl_typesupport_introspection_cpp.hpp
[24.330s] -- Symlinking: /home/evan/Documents/BRONE_audio_gaze_project/install/op3_offset_tuner_msgs/include/op3_offset_tuner_msgs/op3_offset_tuner_msgs/msg/detail/joint_torque_on_off__rosidl_typesupport_introspection_cpp.hpp
[24.346s] -- Symlinking: /home/evan/Documents/BRONE_audio_gaze_project/install/op3_offset_tuner_msgs/include/op3_offset_tuner_msgs/op3_offset_tuner_msgs/msg/detail/joint_torque_on_off_array__rosidl_typesupport_introspection_cpp.hpp
[24.363s] -- Symlinking: /home/evan/Documents/BRONE_audio_gaze_project/install/op3_offset_tuner_msgs/include/op3_offset_tuner_msgs/op3_offset_tuner_msgs/srv/detail/get_present_joint_offset_data__rosidl_typesupport_introspection_cpp.hpp
[24.379s] -- Symlinking: /home/evan/Documents/BRONE_audio_gaze_project/install/op3_offset_tuner_msgs/share/op3_offset_tuner_msgs/environment/pythonpath.sh
[24.392s] -- Symlinking: /home/evan/Documents/BRONE_audio_gaze_project/install/op3_offset_tuner_msgs/share/op3_offset_tuner_msgs/environment/pythonpath.dsv
[24.413s] -- Symlinking: /home/evan/Documents/BRONE_audio_gaze_project/install/op3_offset_tuner_msgs/local/lib/python3.10/dist-packages/op3_offset_tuner_msgs-0.1.1-py3.10.egg-info/PKG-INFO
[24.425s] -- Symlinking: /home/evan/Documents/BRONE_audio_gaze_project/install/op3_offset_tuner_msgs/local/lib/python3.10/dist-packages/op3_offset_tuner_msgs-0.1.1-py3.10.egg-info/SOURCES.txt
[24.436s] -- Symlinking: /home/evan/Documents/BRONE_audio_gaze_project/install/op3_offset_tuner_msgs/local/lib/python3.10/dist-packages/op3_offset_tuner_msgs-0.1.1-py3.10.egg-info/dependency_links.txt
[24.449s] -- Symlinking: /home/evan/Documents/BRONE_audio_gaze_project/install/op3_offset_tuner_msgs/local/lib/python3.10/dist-packages/op3_offset_tuner_msgs-0.1.1-py3.10.egg-info/top_level.txt
[24.470s] -- Symlinking: /home/evan/Documents/BRONE_audio_gaze_project/install/op3_offset_tuner_msgs/local/lib/python3.10/dist-packages/op3_offset_tuner_msgs/__init__.py
[24.494s] -- Symlinking: /home/evan/Documents/BRONE_audio_gaze_project/install/op3_offset_tuner_msgs/local/lib/python3.10/dist-packages/op3_offset_tuner_msgs/_op3_offset_tuner_msgs_s.ep.rosidl_typesupport_c.c
[24.515s] -- Symlinking: /home/evan/Documents/BRONE_audio_gaze_project/install/op3_offset_tuner_msgs/local/lib/python3.10/dist-packages/op3_offset_tuner_msgs/_op3_offset_tuner_msgs_s.ep.rosidl_typesupport_fastrtps_c.c
[24.532s] -- Symlinking: /home/evan/Documents/BRONE_audio_gaze_project/install/op3_offset_tuner_msgs/local/lib/python3.10/dist-packages/op3_offset_tuner_msgs/_op3_offset_tuner_msgs_s.ep.rosidl_typesupport_introspection_c.c
[24.545s] -- Symlinking: /home/evan/Documents/BRONE_audio_gaze_project/install/op3_offset_tuner_msgs/local/lib/python3.10/dist-packages/op3_offset_tuner_msgs/libop3_offset_tuner_msgs__rosidl_generator_py.so
[24.572s] -- Symlinking: /home/evan/Documents/BRONE_audio_gaze_project/install/op3_offset_tuner_msgs/local/lib/python3.10/dist-packages/op3_offset_tuner_msgs/msg/__init__.py
[24.590s] -- Symlinking: /home/evan/Documents/BRONE_audio_gaze_project/install/op3_offset_tuner_msgs/local/lib/python3.10/dist-packages/op3_offset_tuner_msgs/msg/_joint_offset_data.py
[24.612s] -- Symlinking: /home/evan/Documents/BRONE_audio_gaze_project/install/op3_offset_tuner_msgs/local/lib/python3.10/dist-packages/op3_offset_tuner_msgs/msg/_joint_offset_data_s.c
[24.618s] -- Symlinking: /home/evan/Documents/BRONE_audio_gaze_project/install/op3_offset_tuner_msgs/local/lib/python3.10/dist-packages/op3_offset_tuner_msgs/msg/_joint_offset_position_data.py
[24.635s] -- Symlinking: /home/evan/Documents/BRONE_audio_gaze_project/install/op3_offset_tuner_msgs/local/lib/python3.10/dist-packages/op3_offset_tuner_msgs/msg/_joint_offset_position_data_s.c
[24.661s] -- Symlinking: /home/evan/Documents/BRONE_audio_gaze_project/install/op3_offset_tuner_msgs/local/lib/python3.10/dist-packages/op3_offset_tuner_msgs/msg/_joint_torque_on_off.py
[24.685s] -- Symlinking: /home/evan/Documents/BRONE_audio_gaze_project/install/op3_offset_tuner_msgs/local/lib/python3.10/dist-packages/op3_offset_tuner_msgs/msg/_joint_torque_on_off_array.py
[24.706s] -- Symlinking: /home/evan/Documents/BRONE_audio_gaze_project/install/op3_offset_tuner_msgs/local/lib/python3.10/dist-packages/op3_offset_tuner_msgs/msg/_joint_torque_on_off_array_s.c
[24.738s] -- Symlinking: /home/evan/Documents/BRONE_audio_gaze_project/install/op3_offset_tuner_msgs/local/lib/python3.10/dist-packages/op3_offset_tuner_msgs/msg/_joint_torque_on_off_s.c
[24.746s] -- Symlinking: /home/evan/Documents/BRONE_audio_gaze_project/install/op3_offset_tuner_msgs/local/lib/python3.10/dist-packages/op3_offset_tuner_msgs/op3_offset_tuner_msgs_s__rosidl_typesupport_c.cpython-310-x86_64-linux-gnu.so
[24.762s] -- Symlinking: /home/evan/Documents/BRONE_audio_gaze_project/install/op3_offset_tuner_msgs/local/lib/python3.10/dist-packages/op3_offset_tuner_msgs/op3_offset_tuner_msgs_s__rosidl_typesupport_fastrtps_c.cpython-310-x86_64-linux-gnu.so
[24.773s] -- Symlinking: /home/evan/Documents/BRONE_audio_gaze_project/install/op3_offset_tuner_msgs/local/lib/python3.10/dist-packages/op3_offset_tuner_msgs/op3_offset_tuner_msgs_s__rosidl_typesupport_introspection_c.cpython-310-x86_64-linux-gnu.so
[24.787s] -- Symlinking: /home/evan/Documents/BRONE_audio_gaze_project/install/op3_offset_tuner_msgs/local/lib/python3.10/dist-packages/op3_offset_tuner_msgs/srv/__init__.py
[24.800s] -- Symlinking: /home/evan/Documents/BRONE_audio_gaze_project/install/op3_offset_tuner_msgs/local/lib/python3.10/dist-packages/op3_offset_tuner_msgs/srv/_get_present_joint_offset_data.py
[24.816s] -- Symlinking: /home/evan/Documents/BRONE_audio_gaze_project/install/op3_offset_tuner_msgs/local/lib/python3.10/dist-packages/op3_offset_tuner_msgs/srv/_get_present_joint_offset_data_s.c
[24.831s] -- Up-to-date symlink: /home/evan/Documents/BRONE_audio_gaze_project/install/op3_offset_tuner_msgs/local/lib/python3.10/dist-packages/op3_offset_tuner_msgs/op3_offset_tuner_msgs_s__rosidl_typesupport_fastrtps_c.cpython-310-x86_64-linux-gnu.so
[24.832s] -- Up-to-date symlink: /home/evan/Documents/BRONE_audio_gaze_project/install/op3_offset_tuner_msgs/local/lib/python3.10/dist-packages/op3_offset_tuner_msgs/op3_offset_tuner_msgs_s__rosidl_typesupport_introspection_c.cpython-310-x86_64-linux-gnu.so
[24.833s] -- Up-to-date symlink: /home/evan/Documents/BRONE_audio_gaze_project/install/op3_offset_tuner_msgs/local/lib/python3.10/dist-packages/op3_offset_tuner_msgs/op3_offset_tuner_msgs_s__rosidl_typesupport_c.cpython-310-x86_64-linux-gnu.so
[24.834s] -- Symlinking: /home/evan/Documents/BRONE_audio_gaze_project/install/op3_offset_tuner_msgs/share/ament_index/resource_index/rust_packages/op3_offset_tuner_msgs
[24.849s] -- Symlinking: /home/evan/Documents/BRONE_audio_gaze_project/install/op3_offset_tuner_msgs/share/op3_offset_tuner_msgs/rust/Cargo.toml
[24.875s] -- Symlinking: /home/evan/Documents/BRONE_audio_gaze_project/install/op3_offset_tuner_msgs/share/op3_offset_tuner_msgs/rust/build.rs
[24.906s] -- Symlinking: /home/evan/Documents/BRONE_audio_gaze_project/install/op3_offset_tuner_msgs/share/op3_offset_tuner_msgs/rust/src/lib.rs
[24.929s] -- Symlinking: /home/evan/Documents/BRONE_audio_gaze_project/install/op3_offset_tuner_msgs/share/op3_offset_tuner_msgs/rust/src/msg.rs
[24.954s] -- Symlinking: /home/evan/Documents/BRONE_audio_gaze_project/install/op3_offset_tuner_msgs/share/op3_offset_tuner_msgs/rust/src/msg/rmw.rs
[24.978s] -- Symlinking: /home/evan/Documents/BRONE_audio_gaze_project/install/op3_offset_tuner_msgs/share/op3_offset_tuner_msgs/rust/src/srv.rs
[25.003s] -- Symlinking: /home/evan/Documents/BRONE_audio_gaze_project/install/op3_offset_tuner_msgs/share/op3_offset_tuner_msgs/rust/src/srv/rmw.rs
[25.030s] -- Symlinking: /home/evan/Documents/BRONE_audio_gaze_project/install/op3_offset_tuner_msgs/share/op3_offset_tuner_msgs/msg/JointOffsetData.idl
[25.057s] -- Symlinking: /home/evan/Documents/BRONE_audio_gaze_project/install/op3_offset_tuner_msgs/share/op3_offset_tuner_msgs/msg/JointOffsetPositionData.idl
[25.076s] -- Symlinking: /home/evan/Documents/BRONE_audio_gaze_project/install/op3_offset_tuner_msgs/share/op3_offset_tuner_msgs/msg/JointTorqueOnOff.idl
[25.091s] -- Symlinking: /home/evan/Documents/BRONE_audio_gaze_project/install/op3_offset_tuner_msgs/share/op3_offset_tuner_msgs/msg/JointTorqueOnOffArray.idl
[25.106s] -- Symlinking: /home/evan/Documents/BRONE_audio_gaze_project/install/op3_offset_tuner_msgs/share/op3_offset_tuner_msgs/srv/GetPresentJointOffsetData.idl
[25.120s] -- Symlinking: /home/evan/Documents/BRONE_audio_gaze_project/install/op3_offset_tuner_msgs/share/op3_offset_tuner_msgs/msg/JointOffsetData.msg
[25.133s] -- Symlinking: /home/evan/Documents/BRONE_audio_gaze_project/install/op3_offset_tuner_msgs/share/op3_offset_tuner_msgs/msg/JointOffsetPositionData.msg
[25.144s] -- Symlinking: /home/evan/Documents/BRONE_audio_gaze_project/install/op3_offset_tuner_msgs/share/op3_offset_tuner_msgs/msg/JointTorqueOnOff.msg
[25.155s] -- Symlinking: /home/evan/Documents/BRONE_audio_gaze_project/install/op3_offset_tuner_msgs/share/op3_offset_tuner_msgs/msg/JointTorqueOnOffArray.msg
[25.165s] -- Symlinking: /home/evan/Documents/BRONE_audio_gaze_project/install/op3_offset_tuner_msgs/share/op3_offset_tuner_msgs/srv/GetPresentJointOffsetData.srv
[25.178s] -- Symlinking: /home/evan/Documents/BRONE_audio_gaze_project/install/op3_offset_tuner_msgs/share/op3_offset_tuner_msgs/srv/GetPresentJointOffsetData_Request.msg
[25.190s] -- Symlinking: /home/evan/Documents/BRONE_audio_gaze_project/install/op3_offset_tuner_msgs/share/op3_offset_tuner_msgs/srv/GetPresentJointOffsetData_Response.msg
[25.202s] -- Symlinking: /home/evan/Documents/BRONE_audio_gaze_project/install/op3_offset_tuner_msgs/share/ament_index/resource_index/package_run_dependencies/op3_offset_tuner_msgs
[25.215s] -- Symlinking: /home/evan/Documents/BRONE_audio_gaze_project/install/op3_offset_tuner_msgs/share/ament_index/resource_index/parent_prefix_path/op3_offset_tuner_msgs
[25.224s] -- Symlinking: /home/evan/Documents/BRONE_audio_gaze_project/install/op3_offset_tuner_msgs/share/op3_offset_tuner_msgs/environment/ament_prefix_path.sh
[25.234s] -- Symlinking: /home/evan/Documents/BRONE_audio_gaze_project/install/op3_offset_tuner_msgs/share/op3_offset_tuner_msgs/environment/ament_prefix_path.dsv
[25.244s] -- Symlinking: /home/evan/Documents/BRONE_audio_gaze_project/install/op3_offset_tuner_msgs/share/op3_offset_tuner_msgs/environment/path.sh
[25.255s] -- Symlinking: /home/evan/Documents/BRONE_audio_gaze_project/install/op3_offset_tuner_msgs/share/op3_offset_tuner_msgs/environment/path.dsv
[25.268s] -- Symlinking: /home/evan/Documents/BRONE_audio_gaze_project/install/op3_offset_tuner_msgs/share/op3_offset_tuner_msgs/local_setup.bash
[25.279s] -- Symlinking: /home/evan/Documents/BRONE_audio_gaze_project/install/op3_offset_tuner_msgs/share/op3_offset_tuner_msgs/local_setup.sh
[25.290s] -- Symlinking: /home/evan/Documents/BRONE_audio_gaze_project/install/op3_offset_tuner_msgs/share/op3_offset_tuner_msgs/local_setup.zsh
[25.300s] -- Symlinking: /home/evan/Documents/BRONE_audio_gaze_project/install/op3_offset_tuner_msgs/share/op3_offset_tuner_msgs/local_setup.dsv
[25.312s] -- Symlinking: /home/evan/Documents/BRONE_audio_gaze_project/install/op3_offset_tuner_msgs/share/op3_offset_tuner_msgs/package.dsv
[25.325s] -- Symlinking: /home/evan/Documents/BRONE_audio_gaze_project/install/op3_offset_tuner_msgs/share/ament_index/resource_index/packages/op3_offset_tuner_msgs
[25.333s] -- Symlinking: /home/evan/Documents/BRONE_audio_gaze_project/install/op3_offset_tuner_msgs/share/op3_offset_tuner_msgs/cmake/rosidl_cmake-extras.cmake
[25.345s] -- Symlinking: /home/evan/Documents/BRONE_audio_gaze_project/install/op3_offset_tuner_msgs/share/op3_offset_tuner_msgs/cmake/ament_cmake_export_dependencies-extras.cmake
[25.356s] -- Symlinking: /home/evan/Documents/BRONE_audio_gaze_project/install/op3_offset_tuner_msgs/share/op3_offset_tuner_msgs/cmake/ament_cmake_export_include_directories-extras.cmake
[25.367s] -- Symlinking: /home/evan/Documents/BRONE_audio_gaze_project/install/op3_offset_tuner_msgs/share/op3_offset_tuner_msgs/cmake/ament_cmake_export_libraries-extras.cmake
[25.376s] -- Symlinking: /home/evan/Documents/BRONE_audio_gaze_project/install/op3_offset_tuner_msgs/share/op3_offset_tuner_msgs/cmake/ament_cmake_export_targets-extras.cmake
[25.388s] -- Symlinking: /home/evan/Documents/BRONE_audio_gaze_project/install/op3_offset_tuner_msgs/share/op3_offset_tuner_msgs/cmake/rosidl_cmake_export_typesupport_targets-extras.cmake
[25.398s] -- Symlinking: /home/evan/Documents/BRONE_audio_gaze_project/install/op3_offset_tuner_msgs/share/op3_offset_tuner_msgs/cmake/rosidl_cmake_export_typesupport_libraries-extras.cmake
[25.408s] -- Symlinking: /home/evan/Documents/BRONE_audio_gaze_project/install/op3_offset_tuner_msgs/share/op3_offset_tuner_msgs/cmake/op3_offset_tuner_msgsConfig.cmake
[25.419s] -- Symlinking: /home/evan/Documents/BRONE_audio_gaze_project/install/op3_offset_tuner_msgs/share/op3_offset_tuner_msgs/cmake/op3_offset_tuner_msgsConfig-version.cmake
[25.430s] -- Symlinking: /home/evan/Documents/BRONE_audio_gaze_project/install/op3_offset_tuner_msgs/share/op3_offset_tuner_msgs/package.xml
[25.446s] -- Installing: /home/evan/Documents/BRONE_audio_gaze_project/install/op3_offset_tuner_msgs/lib/libop3_offset_tuner_msgs__rosidl_generator_c.so
[25.446s] -- Set runtime path of "/home/evan/Documents/BRONE_audio_gaze_project/install/op3_offset_tuner_msgs/lib/libop3_offset_tuner_msgs__rosidl_generator_c.so" to ""
[25.446s] -- Installing: /home/evan/Documents/BRONE_audio_gaze_project/install/op3_offset_tuner_msgs/lib/libop3_offset_tuner_msgs__rosidl_typesupport_fastrtps_c.so
[25.446s] -- Set runtime path of "/home/evan/Documents/BRONE_audio_gaze_project/install/op3_offset_tuner_msgs/lib/libop3_offset_tuner_msgs__rosidl_typesupport_fastrtps_c.so" to ""
[25.446s] -- Installing: /home/evan/Documents/BRONE_audio_gaze_project/install/op3_offset_tuner_msgs/lib/libop3_offset_tuner_msgs__rosidl_typesupport_introspection_c.so
[25.446s] -- Set runtime path of "/home/evan/Documents/BRONE_audio_gaze_project/install/op3_offset_tuner_msgs/lib/libop3_offset_tuner_msgs__rosidl_typesupport_introspection_c.so" to ""
[25.446s] -- Installing: /home/evan/Documents/BRONE_audio_gaze_project/install/op3_offset_tuner_msgs/lib/libop3_offset_tuner_msgs__rosidl_typesupport_c.so
[25.447s] -- Set runtime path of "/home/evan/Documents/BRONE_audio_gaze_project/install/op3_offset_tuner_msgs/lib/libop3_offset_tuner_msgs__rosidl_typesupport_c.so" to ""
[25.447s] -- Installing: /home/evan/Documents/BRONE_audio_gaze_project/install/op3_offset_tuner_msgs/lib/libop3_offset_tuner_msgs__rosidl_typesupport_fastrtps_cpp.so
[25.447s] -- Set runtime path of "/home/evan/Documents/BRONE_audio_gaze_project/install/op3_offset_tuner_msgs/lib/libop3_offset_tuner_msgs__rosidl_typesupport_fastrtps_cpp.so" to ""
[25.447s] -- Installing: /home/evan/Documents/BRONE_audio_gaze_project/install/op3_offset_tuner_msgs/lib/libop3_offset_tuner_msgs__rosidl_typesupport_introspection_cpp.so
[25.447s] -- Set runtime path of "/home/evan/Documents/BRONE_audio_gaze_project/install/op3_offset_tuner_msgs/lib/libop3_offset_tuner_msgs__rosidl_typesupport_introspection_cpp.so" to ""
[25.447s] -- Installing: /home/evan/Documents/BRONE_audio_gaze_project/install/op3_offset_tuner_msgs/lib/libop3_offset_tuner_msgs__rosidl_typesupport_cpp.so
[25.447s] -- Set runtime path of "/home/evan/Documents/BRONE_audio_gaze_project/install/op3_offset_tuner_msgs/lib/libop3_offset_tuner_msgs__rosidl_typesupport_cpp.so" to ""
[25.506s] Listing '/home/evan/Documents/BRONE_audio_gaze_project/install/op3_offset_tuner_msgs/local/lib/python3.10/dist-packages/op3_offset_tuner_msgs'...
[25.506s] Compiling '/home/evan/Documents/BRONE_audio_gaze_project/install/op3_offset_tuner_msgs/local/lib/python3.10/dist-packages/op3_offset_tuner_msgs/__init__.py'...
[25.506s] Listing '/home/evan/Documents/BRONE_audio_gaze_project/install/op3_offset_tuner_msgs/local/lib/python3.10/dist-packages/op3_offset_tuner_msgs/msg'...
[25.506s] Compiling '/home/evan/Documents/BRONE_audio_gaze_project/install/op3_offset_tuner_msgs/local/lib/python3.10/dist-packages/op3_offset_tuner_msgs/msg/__init__.py'...
[25.507s] Compiling '/home/evan/Documents/BRONE_audio_gaze_project/install/op3_offset_tuner_msgs/local/lib/python3.10/dist-packages/op3_offset_tuner_msgs/msg/_joint_offset_data.py'...
[25.507s] Compiling '/home/evan/Documents/BRONE_audio_gaze_project/install/op3_offset_tuner_msgs/local/lib/python3.10/dist-packages/op3_offset_tuner_msgs/msg/_joint_offset_position_data.py'...
[25.507s] Compiling '/home/evan/Documents/BRONE_audio_gaze_project/install/op3_offset_tuner_msgs/local/lib/python3.10/dist-packages/op3_offset_tuner_msgs/msg/_joint_torque_on_off.py'...
[25.507s] Compiling '/home/evan/Documents/BRONE_audio_gaze_project/install/op3_offset_tuner_msgs/local/lib/python3.10/dist-packages/op3_offset_tuner_msgs/msg/_joint_torque_on_off_array.py'...
[25.507s] Listing '/home/evan/Documents/BRONE_audio_gaze_project/install/op3_offset_tuner_msgs/local/lib/python3.10/dist-packages/op3_offset_tuner_msgs/srv'...
[25.507s] Compiling '/home/evan/Documents/BRONE_audio_gaze_project/install/op3_offset_tuner_msgs/local/lib/python3.10/dist-packages/op3_offset_tuner_msgs/srv/__init__.py'...
[25.507s] Compiling '/home/evan/Documents/BRONE_audio_gaze_project/install/op3_offset_tuner_msgs/local/lib/python3.10/dist-packages/op3_offset_tuner_msgs/srv/_get_present_joint_offset_data.py'...
[25.513s] -- Installing: /home/evan/Documents/BRONE_audio_gaze_project/install/op3_offset_tuner_msgs/lib/libop3_offset_tuner_msgs__rosidl_generator_py.so
[25.514s] -- Set runtime path of "/home/evan/Documents/BRONE_audio_gaze_project/install/op3_offset_tuner_msgs/lib/libop3_offset_tuner_msgs__rosidl_generator_py.so" to ""
[25.515s] -- Installing: /home/evan/Documents/BRONE_audio_gaze_project/install/op3_offset_tuner_msgs/share/op3_offset_tuner_msgs/cmake/export_op3_offset_tuner_msgs__rosidl_generator_cExport.cmake
[25.516s] -- Installing: /home/evan/Documents/BRONE_audio_gaze_project/install/op3_offset_tuner_msgs/share/op3_offset_tuner_msgs/cmake/export_op3_offset_tuner_msgs__rosidl_generator_cExport-noconfig.cmake
[25.516s] -- Installing: /home/evan/Documents/BRONE_audio_gaze_project/install/op3_offset_tuner_msgs/share/op3_offset_tuner_msgs/cmake/export_op3_offset_tuner_msgs__rosidl_typesupport_fastrtps_cExport.cmake
[25.517s] -- Installing: /home/evan/Documents/BRONE_audio_gaze_project/install/op3_offset_tuner_msgs/share/op3_offset_tuner_msgs/cmake/export_op3_offset_tuner_msgs__rosidl_typesupport_fastrtps_cExport-noconfig.cmake
[25.517s] -- Installing: /home/evan/Documents/BRONE_audio_gaze_project/install/op3_offset_tuner_msgs/share/op3_offset_tuner_msgs/cmake/op3_offset_tuner_msgs__rosidl_typesupport_introspection_cExport.cmake
[25.518s] -- Installing: /home/evan/Documents/BRONE_audio_gaze_project/install/op3_offset_tuner_msgs/share/op3_offset_tuner_msgs/cmake/op3_offset_tuner_msgs__rosidl_typesupport_introspection_cExport-noconfig.cmake
[25.518s] -- Installing: /home/evan/Documents/BRONE_audio_gaze_project/install/op3_offset_tuner_msgs/share/op3_offset_tuner_msgs/cmake/op3_offset_tuner_msgs__rosidl_typesupport_cExport.cmake
[25.518s] -- Installing: /home/evan/Documents/BRONE_audio_gaze_project/install/op3_offset_tuner_msgs/share/op3_offset_tuner_msgs/cmake/op3_offset_tuner_msgs__rosidl_typesupport_cExport-noconfig.cmake
[25.519s] -- Installing: /home/evan/Documents/BRONE_audio_gaze_project/install/op3_offset_tuner_msgs/share/op3_offset_tuner_msgs/cmake/export_op3_offset_tuner_msgs__rosidl_generator_cppExport.cmake
[25.519s] -- Installing: /home/evan/Documents/BRONE_audio_gaze_project/install/op3_offset_tuner_msgs/share/op3_offset_tuner_msgs/cmake/export_op3_offset_tuner_msgs__rosidl_typesupport_fastrtps_cppExport.cmake
[25.520s] -- Installing: /home/evan/Documents/BRONE_audio_gaze_project/install/op3_offset_tuner_msgs/share/op3_offset_tuner_msgs/cmake/export_op3_offset_tuner_msgs__rosidl_typesupport_fastrtps_cppExport-noconfig.cmake
[25.520s] -- Installing: /home/evan/Documents/BRONE_audio_gaze_project/install/op3_offset_tuner_msgs/share/op3_offset_tuner_msgs/cmake/op3_offset_tuner_msgs__rosidl_typesupport_introspection_cppExport.cmake
[25.521s] -- Installing: /home/evan/Documents/BRONE_audio_gaze_project/install/op3_offset_tuner_msgs/share/op3_offset_tuner_msgs/cmake/op3_offset_tuner_msgs__rosidl_typesupport_introspection_cppExport-noconfig.cmake
[25.521s] -- Installing: /home/evan/Documents/BRONE_audio_gaze_project/install/op3_offset_tuner_msgs/share/op3_offset_tuner_msgs/cmake/op3_offset_tuner_msgs__rosidl_typesupport_cppExport.cmake
[25.521s] -- Installing: /home/evan/Documents/BRONE_audio_gaze_project/install/op3_offset_tuner_msgs/share/op3_offset_tuner_msgs/cmake/op3_offset_tuner_msgs__rosidl_typesupport_cppExport-noconfig.cmake
[25.522s] -- Installing: /home/evan/Documents/BRONE_audio_gaze_project/install/op3_offset_tuner_msgs/share/op3_offset_tuner_msgs/cmake/export_op3_offset_tuner_msgs__rosidl_generator_pyExport.cmake
[25.524s] -- Installing: /home/evan/Documents/BRONE_audio_gaze_project/install/op3_offset_tuner_msgs/share/op3_offset_tuner_msgs/cmake/export_op3_offset_tuner_msgs__rosidl_generator_pyExport-noconfig.cmake
[25.571s] Invoked command in '/home/evan/Documents/BRONE_audio_gaze_project/build/op3_offset_tuner_msgs' returned '0': CMAKE_PREFIX_PATH=${CMAKE_PREFIX_PATH}:/home/evan/Documents/BRONE_audio_gaze_project/install/algo_gaze:/home/evan/Documents/BRONE_audio_gaze_project/install/brone_gaze:/opt/ros/humble /usr/bin/cmake --install /home/evan/Documents/BRONE_audio_gaze_project/build/op3_offset_tuner_msgs
