[35m[1mConsolidate compiler generated dependencies of target robotis_controller[0m
[100%] Built target robotis_controller
-- Install configuration: ""
-- Execute custom install script
-- Symlinking: /home/evan/Documents/algo_gaze_project/install/robotis_controller/lib/librobotis_controller.so
-- Symlinking: /home/evan/Documents/algo_gaze_project/install/robotis_controller/include/robotis_controller/robotis_controller.h
-- Symlinking: /home/evan/Documents/algo_gaze_project/install/robotis_controller/share/robotis_controller/environment/library_path.sh
-- Symlinking: /home/evan/Documents/algo_gaze_project/install/robotis_controller/share/robotis_controller/environment/library_path.dsv
-- Symlinking: /home/evan/Documents/algo_gaze_project/install/robotis_controller/share/ament_index/resource_index/package_run_dependencies/robotis_controller
-- Symlinking: /home/evan/Documents/algo_gaze_project/install/robotis_controller/share/ament_index/resource_index/parent_prefix_path/robotis_controller
-- Symlinking: /home/evan/Documents/algo_gaze_project/install/robotis_controller/share/robotis_controller/environment/ament_prefix_path.sh
-- Symlinking: /home/evan/Documents/algo_gaze_project/install/robotis_controller/share/robotis_controller/environment/ament_prefix_path.dsv
-- Symlinking: /home/evan/Documents/algo_gaze_project/install/robotis_controller/share/robotis_controller/environment/path.sh
-- Symlinking: /home/evan/Documents/algo_gaze_project/install/robotis_controller/share/robotis_controller/environment/path.dsv
-- Symlinking: /home/evan/Documents/algo_gaze_project/install/robotis_controller/share/robotis_controller/local_setup.bash
-- Symlinking: /home/evan/Documents/algo_gaze_project/install/robotis_controller/share/robotis_controller/local_setup.sh
-- Symlinking: /home/evan/Documents/algo_gaze_project/install/robotis_controller/share/robotis_controller/local_setup.zsh
-- Symlinking: /home/evan/Documents/algo_gaze_project/install/robotis_controller/share/robotis_controller/local_setup.dsv
-- Symlinking: /home/evan/Documents/algo_gaze_project/install/robotis_controller/share/robotis_controller/package.dsv
-- Symlinking: /home/evan/Documents/algo_gaze_project/install/robotis_controller/share/ament_index/resource_index/packages/robotis_controller
-- Symlinking: /home/evan/Documents/algo_gaze_project/install/robotis_controller/share/robotis_controller/cmake/ament_cmake_export_include_directories-extras.cmake
-- Symlinking: /home/evan/Documents/algo_gaze_project/install/robotis_controller/share/robotis_controller/cmake/ament_cmake_export_libraries-extras.cmake
-- Symlinking: /home/evan/Documents/algo_gaze_project/install/robotis_controller/share/robotis_controller/cmake/ament_cmake_export_dependencies-extras.cmake
-- Symlinking: /home/evan/Documents/algo_gaze_project/install/robotis_controller/share/robotis_controller/cmake/robotis_controllerConfig.cmake
-- Symlinking: /home/evan/Documents/algo_gaze_project/install/robotis_controller/share/robotis_controller/cmake/robotis_controllerConfig-version.cmake
-- Symlinking: /home/evan/Documents/algo_gaze_project/install/robotis_controller/share/robotis_controller/package.xml
