[0.032s] Invoking command in '/home/evan/Documents/BRONE_audio_gaze_project/build/usb_cam': CMAKE_PREFIX_PATH=${CMAKE_PREFIX_PATH}:/home/evan/Documents/BRONE_audio_gaze_project/install/algo_gaze:/home/evan/Documents/BRONE_audio_gaze_project/install/brone_gaze:/opt/ros/humble /usr/bin/cmake /home/evan/Documents/BRONE_audio_gaze_project/ROBOTIS-OP3-ETC/usb_cam -DAMENT_CMAKE_SYMLINK_INSTALL=1 -DCMAKE_INSTALL_PREFIX=/home/evan/Documents/BRONE_audio_gaze_project/install/usb_cam
[0.111s] -- The C compiler identification is GNU 11.4.0
[0.188s] -- The CXX compiler identification is GNU 11.4.0
[0.197s] -- Detecting C compiler ABI info
[0.290s] -- Detecting C compiler ABI info - done
[0.297s] -- Check for working C compiler: /usr/bin/cc - skipped
[0.298s] -- Detecting C compile features
[0.298s] -- Detecting C compile features - done
[0.302s] -- Detecting CXX compiler ABI info
[0.394s] -- Detecting CXX compiler ABI info - done
[0.403s] -- Check for working CXX compiler: /usr/bin/c++ - skipped
[0.403s] -- Detecting CXX compile features
[0.407s] -- Detecting CXX compile features - done
[0.407s] -- Found ament_cmake_auto: 1.3.14 (/opt/ros/humble/share/ament_cmake_auto/cmake)
[0.626s] -- Found Python3: /usr/bin/python3 (found version "3.10.12") found components: Interpreter 
[0.739s] -- Override CMake install command with custom implementation using symlinks instead of copying resources
[0.949s] -- Found rosidl_generator_c: 3.1.8 (/opt/ros/humble/share/rosidl_generator_c/cmake)
[0.955s] -- Found rosidl_adapter: 3.1.8 (/opt/ros/humble/share/rosidl_adapter/cmake)
[0.966s] -- Found rosidl_generator_cpp: 3.1.8 (/opt/ros/humble/share/rosidl_generator_cpp/cmake)
[0.981s] -- Using all available rosidl_typesupport_c: rosidl_typesupport_fastrtps_c;rosidl_typesupport_introspection_c
[1.001s] -- Using all available rosidl_typesupport_cpp: rosidl_typesupport_fastrtps_cpp;rosidl_typesupport_introspection_cpp
[1.052s] -- Found rmw_implementation_cmake: 6.1.2 (/opt/ros/humble/share/rmw_implementation_cmake/cmake)
[1.055s] -- Found rmw_fastrtps_cpp: 6.2.10 (/opt/ros/humble/share/rmw_fastrtps_cpp/cmake)
[1.313s] -- Found OpenSSL: /usr/lib/x86_64-linux-gnu/libcrypto.so (found version "3.0.2")  
[1.381s] -- Found FastRTPS: /opt/ros/humble/include  
[1.477s] -- Using RMW implementation 'rmw_fastrtps_cpp' as default
[1.505s] -- Looking for pthread.h
[1.690s] -- Looking for pthread.h - found
[1.691s] -- Performing Test CMAKE_HAVE_LIBC_PTHREAD
[1.889s] -- Performing Test CMAKE_HAVE_LIBC_PTHREAD - Success
[1.889s] -- Found Threads: TRUE  
[2.323s] -- Found OpenCV: /usr (found version "4.5.4") 
[2.337s] -- Found PkgConfig: /usr/bin/pkg-config (found version "0.29.2") 
[2.340s] -- Checking for module 'libavcodec'
[2.385s] --   Found libavcodec, version 58.134.100
[2.804s] -- Checking for module 'libavutil'
[2.879s] --   Found libavutil, version 56.70.100
[2.968s] -- Checking for module 'libswscale'
[3.018s] --   Found libswscale, version 5.9.100
[3.140s] -- Found ament_lint_auto: 0.12.15 (/opt/ros/humble/share/ament_lint_auto/cmake)
[3.205s] -- Found gtest sources under '/opt/ros/humble/src/gtest_vendor': C++ tests using 'Google Test' will be built
[3.225s] [0mIn this package, headers install destination is set to `include` by ament_auto_package. It is recommended to install `include/usb_cam` instead and will be the default behavior of ament_auto_package from ROS 2 Kilted Kaiju. On distributions before Kilted, ament_auto_package behaves the same way when you use USE_SCOPED_HEADER_INSTALL_DIR option.[0m
[3.244s] -- Added test 'copyright' to check source files copyright and LICENSE
[3.255s] -- Added test 'cppcheck' to perform static code analysis on C / C++ code
[3.255s] -- Configured cppcheck include dirs: /home/evan/Documents/BRONE_audio_gaze_project/ROBOTIS-OP3-ETC/usb_cam/include
[3.256s] -- Configured cppcheck exclude dirs and/or files: 
[3.259s] -- Added test 'cpplint' to check C / C++ code against the Google style
[3.259s] -- Configured cpplint exclude dirs and/or files: 
[3.260s] -- Added test 'flake8' to check Python code syntax and style conventions
[3.263s] -- Added test 'lint_cmake' to check CMake code style
[3.265s] -- Added test 'pep257' to check Python code against some of the docstring style conventions in PEP 257
[3.268s] -- Added test 'uncrustify' to check C / C++ code style
[3.268s] -- Configured uncrustify additional arguments: 
[3.270s] -- Added test 'xmllint' to check XML markup files
[3.277s] -- Configuring done
[3.366s] -- Generating done
[3.398s] -- Build files have been written to: /home/evan/Documents/BRONE_audio_gaze_project/build/usb_cam
[3.445s] Invoked command in '/home/evan/Documents/BRONE_audio_gaze_project/build/usb_cam' returned '0': CMAKE_PREFIX_PATH=${CMAKE_PREFIX_PATH}:/home/evan/Documents/BRONE_audio_gaze_project/install/algo_gaze:/home/evan/Documents/BRONE_audio_gaze_project/install/brone_gaze:/opt/ros/humble /usr/bin/cmake /home/evan/Documents/BRONE_audio_gaze_project/ROBOTIS-OP3-ETC/usb_cam -DAMENT_CMAKE_SYMLINK_INSTALL=1 -DCMAKE_INSTALL_PREFIX=/home/evan/Documents/BRONE_audio_gaze_project/install/usb_cam
[3.445s] Invoking command in '/home/evan/Documents/BRONE_audio_gaze_project/build/usb_cam': CMAKE_PREFIX_PATH=${CMAKE_PREFIX_PATH}:/home/evan/Documents/BRONE_audio_gaze_project/install/algo_gaze:/home/evan/Documents/BRONE_audio_gaze_project/install/brone_gaze:/opt/ros/humble /usr/bin/cmake --build /home/evan/Documents/BRONE_audio_gaze_project/build/usb_cam -- -j12 -l12
[3.678s] [  7%] [32mBuilding CXX object CMakeFiles/usb_cam_node_exe.dir/rclcpp_components/node_main_usb_cam_node_exe.cpp.o[0m
[3.678s] [ 14%] [32mBuilding CXX object CMakeFiles/usb_cam.dir/src/usb_cam.cpp.o[0m
[3.678s] [ 21%] [32mBuilding CXX object gtest/CMakeFiles/gtest.dir/src/gtest-all.cc.o[0m
[3.678s] [ 28%] [32mBuilding CXX object gtest/CMakeFiles/gtest_main.dir/src/gtest_main.cc.o[0m
[9.075s] [ 35%] [32m[1mLinking CXX static library libgtest_main.a[0m
[9.385s] [ 35%] Built target gtest_main
[15.178s] [ 42%] [32m[1mLinking CXX shared library libusb_cam.so[0m
[16.151s] [ 42%] Built target usb_cam
[20.412s] [ 50%] [32m[1mLinking CXX static library libgtest.a[0m
[20.517s] [ 50%] Built target gtest
[20.989s] [ 57%] [32m[1mLinking CXX executable usb_cam_node_exe[0m
[21.665s] [ 57%] Built target usb_cam_node_exe
[21.715s] [ 64%] [32mBuilding CXX object CMakeFiles/test_pixel_formats.dir/test/test_pixel_formats.cpp.o[0m
[24.642s] [ 71%] [32m[1mLinking CXX executable test_pixel_formats[0m
[25.066s] [ 71%] Built target test_pixel_formats
[25.089s] [ 78%] [32mBuilding CXX object CMakeFiles/test_usb_cam_utils.dir/test/test_usb_cam_utils.cpp.o[0m
[26.909s] [ 85%] [32m[1mLinking CXX executable test_usb_cam_utils[0m
[27.343s] [ 85%] Built target test_usb_cam_utils
[27.371s] [ 92%] [32mBuilding CXX object CMakeFiles/usb_cam_node.dir/src/usb_cam_node.cpp.o[0m
[38.698s] [100%] [32m[1mLinking CXX shared library libusb_cam_node.so[0m
[39.353s] [100%] Built target usb_cam_node
[39.406s] Invoked command in '/home/evan/Documents/BRONE_audio_gaze_project/build/usb_cam' returned '0': CMAKE_PREFIX_PATH=${CMAKE_PREFIX_PATH}:/home/evan/Documents/BRONE_audio_gaze_project/install/algo_gaze:/home/evan/Documents/BRONE_audio_gaze_project/install/brone_gaze:/opt/ros/humble /usr/bin/cmake --build /home/evan/Documents/BRONE_audio_gaze_project/build/usb_cam -- -j12 -l12
[39.427s] Invoking command in '/home/evan/Documents/BRONE_audio_gaze_project/build/usb_cam': CMAKE_PREFIX_PATH=${CMAKE_PREFIX_PATH}:/home/evan/Documents/BRONE_audio_gaze_project/install/algo_gaze:/home/evan/Documents/BRONE_audio_gaze_project/install/brone_gaze:/opt/ros/humble /usr/bin/cmake --install /home/evan/Documents/BRONE_audio_gaze_project/build/usb_cam
[39.491s] -- Install configuration: ""
[39.491s] -- Execute custom install script
[39.491s] -- Symlinking: /home/evan/Documents/BRONE_audio_gaze_project/install/usb_cam/share/usb_cam/environment/library_path.sh
[39.491s] -- Symlinking: /home/evan/Documents/BRONE_audio_gaze_project/install/usb_cam/share/usb_cam/environment/library_path.dsv
[39.491s] -- Symlinking: /home/evan/Documents/BRONE_audio_gaze_project/install/usb_cam/lib/usb_cam/usb_cam_node_exe
[39.494s] -- Symlinking: /home/evan/Documents/BRONE_audio_gaze_project/install/usb_cam/lib/usb_cam/show_image.py
[39.494s] -- Symlinking: /home/evan/Documents/BRONE_audio_gaze_project/install/usb_cam/lib/libusb_cam.so
[39.494s] -- Symlinking: /home/evan/Documents/BRONE_audio_gaze_project/install/usb_cam/lib/libusb_cam_node.so
[39.498s] -- Symlinking: /home/evan/Documents/BRONE_audio_gaze_project/install/usb_cam/include/usb_cam/constants.hpp
[39.513s] -- Symlinking: /home/evan/Documents/BRONE_audio_gaze_project/install/usb_cam/include/usb_cam/conversions.hpp
[39.522s] -- Symlinking: /home/evan/Documents/BRONE_audio_gaze_project/install/usb_cam/include/usb_cam/formats/av_pixel_format_helper.hpp
[39.536s] -- Symlinking: /home/evan/Documents/BRONE_audio_gaze_project/install/usb_cam/include/usb_cam/formats/m420.hpp
[39.547s] -- Symlinking: /home/evan/Documents/BRONE_audio_gaze_project/install/usb_cam/include/usb_cam/formats/mjpeg.hpp
[39.604s] -- Symlinking: /home/evan/Documents/BRONE_audio_gaze_project/install/usb_cam/include/usb_cam/formats/mono.hpp
[39.612s] -- Symlinking: /home/evan/Documents/BRONE_audio_gaze_project/install/usb_cam/include/usb_cam/formats/pixel_format_base.hpp
[39.641s] -- Symlinking: /home/evan/Documents/BRONE_audio_gaze_project/install/usb_cam/include/usb_cam/formats/rgb.hpp
[39.655s] -- Symlinking: /home/evan/Documents/BRONE_audio_gaze_project/install/usb_cam/include/usb_cam/formats/utils.hpp
[39.669s] -- Symlinking: /home/evan/Documents/BRONE_audio_gaze_project/install/usb_cam/include/usb_cam/formats/uyvy.hpp
[39.692s] -- Symlinking: /home/evan/Documents/BRONE_audio_gaze_project/install/usb_cam/include/usb_cam/formats/yuyv.hpp
[39.706s] -- Symlinking: /home/evan/Documents/BRONE_audio_gaze_project/install/usb_cam/include/usb_cam/usb_cam.hpp
[39.720s] -- Symlinking: /home/evan/Documents/BRONE_audio_gaze_project/install/usb_cam/include/usb_cam/usb_cam_node.hpp
[39.739s] -- Symlinking: /home/evan/Documents/BRONE_audio_gaze_project/install/usb_cam/include/usb_cam/utils.hpp
[39.759s] -- Up-to-date symlink: /home/evan/Documents/BRONE_audio_gaze_project/install/usb_cam/lib/libusb_cam_node.so
[39.760s] -- Symlinking: /home/evan/Documents/BRONE_audio_gaze_project/install/usb_cam/share/usb_cam/launch/__init__.py
[39.781s] -- Symlinking: /home/evan/Documents/BRONE_audio_gaze_project/install/usb_cam/share/usb_cam/launch/camera.launch.py
[39.793s] -- Symlinking: /home/evan/Documents/BRONE_audio_gaze_project/install/usb_cam/share/usb_cam/launch/camera_config.py
[39.804s] -- Symlinking: /home/evan/Documents/BRONE_audio_gaze_project/install/usb_cam/share/usb_cam/config/camera_info.yaml
[39.817s] -- Symlinking: /home/evan/Documents/BRONE_audio_gaze_project/install/usb_cam/share/usb_cam/config/params_1.yaml
[39.828s] -- Symlinking: /home/evan/Documents/BRONE_audio_gaze_project/install/usb_cam/share/usb_cam/config/params_2.yaml
[39.843s] -- Symlinking: /home/evan/Documents/BRONE_audio_gaze_project/install/usb_cam/share/ament_index/resource_index/package_run_dependencies/usb_cam
[39.854s] -- Symlinking: /home/evan/Documents/BRONE_audio_gaze_project/install/usb_cam/share/ament_index/resource_index/parent_prefix_path/usb_cam
[39.867s] -- Symlinking: /home/evan/Documents/BRONE_audio_gaze_project/install/usb_cam/share/usb_cam/environment/ament_prefix_path.sh
[39.891s] -- Symlinking: /home/evan/Documents/BRONE_audio_gaze_project/install/usb_cam/share/usb_cam/environment/ament_prefix_path.dsv
[39.904s] -- Symlinking: /home/evan/Documents/BRONE_audio_gaze_project/install/usb_cam/share/usb_cam/environment/path.sh
[39.920s] -- Symlinking: /home/evan/Documents/BRONE_audio_gaze_project/install/usb_cam/share/usb_cam/environment/path.dsv
[39.935s] -- Symlinking: /home/evan/Documents/BRONE_audio_gaze_project/install/usb_cam/share/usb_cam/local_setup.bash
[39.947s] -- Symlinking: /home/evan/Documents/BRONE_audio_gaze_project/install/usb_cam/share/usb_cam/local_setup.sh
[39.960s] -- Symlinking: /home/evan/Documents/BRONE_audio_gaze_project/install/usb_cam/share/usb_cam/local_setup.zsh
[39.971s] -- Symlinking: /home/evan/Documents/BRONE_audio_gaze_project/install/usb_cam/share/usb_cam/local_setup.dsv
[39.978s] -- Symlinking: /home/evan/Documents/BRONE_audio_gaze_project/install/usb_cam/share/usb_cam/package.dsv
[39.991s] -- Symlinking: /home/evan/Documents/BRONE_audio_gaze_project/install/usb_cam/share/ament_index/resource_index/packages/usb_cam
[40.003s] -- Symlinking: /home/evan/Documents/BRONE_audio_gaze_project/install/usb_cam/share/ament_index/resource_index/rclcpp_components/usb_cam
[40.014s] -- Symlinking: /home/evan/Documents/BRONE_audio_gaze_project/install/usb_cam/share/usb_cam/cmake/ament_cmake_export_libraries-extras.cmake
[40.024s] -- Symlinking: /home/evan/Documents/BRONE_audio_gaze_project/install/usb_cam/share/usb_cam/cmake/ament_cmake_export_dependencies-extras.cmake
[40.039s] -- Symlinking: /home/evan/Documents/BRONE_audio_gaze_project/install/usb_cam/share/usb_cam/cmake/ament_cmake_export_include_directories-extras.cmake
[40.058s] -- Symlinking: /home/evan/Documents/BRONE_audio_gaze_project/install/usb_cam/share/usb_cam/cmake/usb_camConfig.cmake
[40.072s] -- Symlinking: /home/evan/Documents/BRONE_audio_gaze_project/install/usb_cam/share/usb_cam/cmake/usb_camConfig-version.cmake
[40.087s] -- Symlinking: /home/evan/Documents/BRONE_audio_gaze_project/install/usb_cam/share/usb_cam/package.xml
[40.143s] Invoked command in '/home/evan/Documents/BRONE_audio_gaze_project/build/usb_cam' returned '0': CMAKE_PREFIX_PATH=${CMAKE_PREFIX_PATH}:/home/evan/Documents/BRONE_audio_gaze_project/install/algo_gaze:/home/evan/Documents/BRONE_audio_gaze_project/install/brone_gaze:/opt/ros/humble /usr/bin/cmake --install /home/evan/Documents/BRONE_audio_gaze_project/build/usb_cam
