[0.028s] Invoking command in '/home/evan/Documents/algo_gaze_project/build/op3_offset_tuner_client': AMENT_PREFIX_PATH=/home/evan/Documents/algo_gaze_project/install/op3_offset_tuner_msgs:${AMENT_PREFIX_PATH} CMAKE_PREFIX_PATH=/home/evan/Documents/algo_gaze_project/install/op3_offset_tuner_msgs:/opt/ros/humble LD_LIBRARY_PATH=/home/evan/Documents/algo_gaze_project/install/op3_offset_tuner_msgs/lib:${LD_LIBRARY_PATH} PYTHONPATH=/home/evan/Documents/algo_gaze_project/install/op3_offset_tuner_msgs/local/lib/python3.10/dist-packages:${PYTHONPATH} /usr/bin/cmake /home/evan/Documents/algo_gaze_project/ROBOTIS-OP3-Tools/op3_offset_tuner_client -DAMENT_CMAKE_SYMLINK_INSTALL=1 -DCMAKE_INSTALL_PREFIX=/home/evan/Documents/algo_gaze_project/install/op3_offset_tuner_client
[21.740s] -- The C compiler identification is GNU 11.4.0
[21.741s] -- The CXX compiler identification is GNU 11.4.0
[21.741s] -- Detecting C compiler ABI info
[21.741s] -- Detecting C compiler ABI info - done
[21.741s] -- Check for working C compiler: /usr/bin/cc - skipped
[21.741s] -- Detecting C compile features
[21.741s] -- Detecting C compile features - done
[21.741s] -- Detecting CXX compiler ABI info
[21.741s] -- Detecting CXX compiler ABI info - done
[21.741s] -- Check for working CXX compiler: /usr/bin/c++ - skipped
[21.741s] -- Detecting CXX compile features
[21.741s] -- Detecting CXX compile features - done
[21.741s] -- Found ament_cmake: 1.3.14 (/opt/ros/humble/share/ament_cmake/cmake)
[21.741s] -- Found Python3: /usr/bin/python3 (found version "3.10.12") found components: Interpreter 
[21.741s] -- Override CMake install command with custom implementation using symlinks instead of copying resources
[21.742s] -- Found ament_index_cpp: 1.4.1 (/opt/ros/humble/share/ament_index_cpp/cmake)
[21.742s] -- Found rclcpp: 16.0.19 (/opt/ros/humble/share/rclcpp/cmake)
[21.742s] -- Found rosidl_generator_c: 3.1.8 (/opt/ros/humble/share/rosidl_generator_c/cmake)
[21.742s] -- Found rosidl_adapter: 3.1.8 (/opt/ros/humble/share/rosidl_adapter/cmake)
[21.742s] -- Found rosidl_generator_cpp: 3.1.8 (/opt/ros/humble/share/rosidl_generator_cpp/cmake)
[21.742s] -- Using all available rosidl_typesupport_c: rosidl_typesupport_fastrtps_c;rosidl_typesupport_introspection_c
[21.742s] -- Using all available rosidl_typesupport_cpp: rosidl_typesupport_fastrtps_cpp;rosidl_typesupport_introspection_cpp
[21.742s] -- Found rmw_implementation_cmake: 6.1.2 (/opt/ros/humble/share/rmw_implementation_cmake/cmake)
[21.742s] -- Found rmw_fastrtps_cpp: 6.2.10 (/opt/ros/humble/share/rmw_fastrtps_cpp/cmake)
[21.742s] -- Found OpenSSL: /usr/lib/x86_64-linux-gnu/libcrypto.so (found version "3.0.2")  
[21.742s] -- Found FastRTPS: /opt/ros/humble/include  
[21.742s] -- Using RMW implementation 'rmw_fastrtps_cpp' as default
[21.742s] -- Looking for pthread.h
[21.742s] -- Looking for pthread.h - found
[21.742s] -- Performing Test CMAKE_HAVE_LIBC_PTHREAD
[21.742s] -- Performing Test CMAKE_HAVE_LIBC_PTHREAD - Success
[21.742s] -- Found Threads: TRUE  
[21.742s] -- Found rclcpp_components: 16.0.19 (/opt/ros/humble/share/rclcpp_components/cmake)
[21.743s] -- Found op3_offset_tuner_msgs: 0.1.1 (/home/evan/Documents/algo_gaze_project/install/op3_offset_tuner_msgs/share/op3_offset_tuner_msgs/cmake)
[21.743s] -- Found PkgConfig: /usr/bin/pkg-config (found version "0.29.2") 
[21.743s] -- Checking for module 'yaml-cpp'
[21.743s] --   Found yaml-cpp, version 0.7.0
[21.743s] -- Configuring done
[21.743s] -- Generating done
[21.743s] -- Build files have been written to: /home/evan/Documents/algo_gaze_project/build/op3_offset_tuner_client
