[0.010s] Invoking command in '/home/evan/Documents/BRONE_audio_gaze_project/build/rf_gz_bridge': CMAKE_PREFIX_PATH=${CMAKE_PREFIX_PATH}:/home/evan/Documents/BRONE_audio_gaze_project/install/algo_gaze:/home/evan/Documents/BRONE_audio_gaze_project/install/brone_gaze:/opt/ros/humble /usr/bin/cmake /home/evan/Documents/BRONE_audio_gaze_project/ROBOTIS-OP3-Simulations/rf_gz_bridge -DAMENT_CMAKE_SYMLINK_INSTALL=1 -DCMAKE_INSTALL_PREFIX=/home/evan/Documents/BRONE_audio_gaze_project/install/rf_gz_bridge
[2.115s] -- The C compiler identification is GNU 11.4.0
[2.115s] -- The CXX compiler identification is GNU 11.4.0
[2.115s] -- Detecting C compiler ABI info
[2.115s] -- Detecting C compiler ABI info - done
[2.115s] -- Check for working C compiler: /usr/bin/cc - skipped
[2.115s] -- Detecting C compile features
[2.115s] -- Detecting C compile features - done
[2.115s] -- Detecting CXX compiler ABI info
[2.115s] -- Detecting CXX compiler ABI info - done
[2.116s] -- Check for working CXX compiler: /usr/bin/c++ - skipped
[2.116s] -- Detecting CXX compile features
[2.116s] -- Detecting CXX compile features - done
[2.116s] -- Found ament_cmake: 1.3.14 (/opt/ros/humble/share/ament_cmake/cmake)
[2.116s] -- Found Python3: /usr/bin/python3 (found version "3.10.12") found components: Interpreter 
[2.116s] -- Override CMake install command with custom implementation using symlinks instead of copying resources
[2.116s] -- Found rclcpp: 16.0.19 (/opt/ros/humble/share/rclcpp/cmake)
[2.116s] -- Found rosidl_generator_c: 3.1.8 (/opt/ros/humble/share/rosidl_generator_c/cmake)
[2.116s] -- Found rosidl_adapter: 3.1.8 (/opt/ros/humble/share/rosidl_adapter/cmake)
[2.116s] -- Found rosidl_generator_cpp: 3.1.8 (/opt/ros/humble/share/rosidl_generator_cpp/cmake)
[2.116s] -- Using all available rosidl_typesupport_c: rosidl_typesupport_fastrtps_c;rosidl_typesupport_introspection_c
[2.116s] -- Using all available rosidl_typesupport_cpp: rosidl_typesupport_fastrtps_cpp;rosidl_typesupport_introspection_cpp
[2.116s] -- Found rmw_implementation_cmake: 6.1.2 (/opt/ros/humble/share/rmw_implementation_cmake/cmake)
[2.116s] -- Found rmw_fastrtps_cpp: 6.2.10 (/opt/ros/humble/share/rmw_fastrtps_cpp/cmake)
[2.116s] -- Found OpenSSL: /usr/lib/x86_64-linux-gnu/libcrypto.so (found version "3.0.2")  
[2.116s] -- Found FastRTPS: /opt/ros/humble/include  
[2.116s] -- Using RMW implementation 'rmw_fastrtps_cpp' as default
[2.117s] -- Looking for pthread.h
[2.117s] -- Looking for pthread.h - found
[2.117s] -- Performing Test CMAKE_HAVE_LIBC_PTHREAD
[2.117s] -- Performing Test CMAKE_HAVE_LIBC_PTHREAD - Success
[2.117s] -- Found Threads: TRUE  
[2.117s] -- Found PkgConfig: /usr/bin/pkg-config (found version "0.29.2") 
[2.117s] -- Checking for module 'yaml-cpp'
[2.117s] --   Found yaml-cpp, version 0.7.0
[2.117s] -- Found ament_lint_auto: 0.12.15 (/opt/ros/humble/share/ament_lint_auto/cmake)
[2.117s] -- Added test 'cppcheck' to perform static code analysis on C / C++ code
[2.117s] -- Configured cppcheck include dirs: /home/evan/Documents/BRONE_audio_gaze_project/ROBOTIS-OP3-Simulations/rf_gz_bridge/include
[2.117s] -- Configured cppcheck exclude dirs and/or files: 
[2.117s] -- Added test 'lint_cmake' to check CMake code style
[2.117s] -- Added test 'uncrustify' to check C / C++ code style
[2.117s] -- Configured uncrustify additional arguments: 
[2.117s] -- Added test 'xmllint' to check XML markup files
[2.117s] -- Configuring done
[2.117s] -- Generating done
[2.118s] -- Build files have been written to: /home/evan/Documents/BRONE_audio_gaze_project/build/rf_gz_bridge
[2.121s] Invoked command in '/home/evan/Documents/BRONE_audio_gaze_project/build/rf_gz_bridge' returned '0': CMAKE_PREFIX_PATH=${CMAKE_PREFIX_PATH}:/home/evan/Documents/BRONE_audio_gaze_project/install/algo_gaze:/home/evan/Documents/BRONE_audio_gaze_project/install/brone_gaze:/opt/ros/humble /usr/bin/cmake /home/evan/Documents/BRONE_audio_gaze_project/ROBOTIS-OP3-Simulations/rf_gz_bridge -DAMENT_CMAKE_SYMLINK_INSTALL=1 -DCMAKE_INSTALL_PREFIX=/home/evan/Documents/BRONE_audio_gaze_project/install/rf_gz_bridge
[2.122s] Invoking command in '/home/evan/Documents/BRONE_audio_gaze_project/build/rf_gz_bridge': CMAKE_PREFIX_PATH=${CMAKE_PREFIX_PATH}:/home/evan/Documents/BRONE_audio_gaze_project/install/algo_gaze:/home/evan/Documents/BRONE_audio_gaze_project/install/brone_gaze:/opt/ros/humble /usr/bin/cmake --build /home/evan/Documents/BRONE_audio_gaze_project/build/rf_gz_bridge -- -j12 -l12
[9.152s] [ 33%] [32mBuilding CXX object CMakeFiles/rf_gz_bridge_node.dir/src/main.cpp.o[0m
[9.152s] [ 66%] [32mBuilding CXX object CMakeFiles/rf_gz_bridge_node.dir/src/rf_gz_bridge.cpp.o[0m
[18.503s] [100%] [32m[1mLinking CXX executable rf_gz_bridge_node[0m
[19.086s] [100%] Built target rf_gz_bridge_node
[19.147s] Invoked command in '/home/evan/Documents/BRONE_audio_gaze_project/build/rf_gz_bridge' returned '0': CMAKE_PREFIX_PATH=${CMAKE_PREFIX_PATH}:/home/evan/Documents/BRONE_audio_gaze_project/install/algo_gaze:/home/evan/Documents/BRONE_audio_gaze_project/install/brone_gaze:/opt/ros/humble /usr/bin/cmake --build /home/evan/Documents/BRONE_audio_gaze_project/build/rf_gz_bridge -- -j12 -l12
[19.148s] Invoking command in '/home/evan/Documents/BRONE_audio_gaze_project/build/rf_gz_bridge': CMAKE_PREFIX_PATH=${CMAKE_PREFIX_PATH}:/home/evan/Documents/BRONE_audio_gaze_project/install/algo_gaze:/home/evan/Documents/BRONE_audio_gaze_project/install/brone_gaze:/opt/ros/humble /usr/bin/cmake --install /home/evan/Documents/BRONE_audio_gaze_project/build/rf_gz_bridge
[22.111s] -- Install configuration: ""
[22.111s] -- Execute custom install script
[22.111s] -- Symlinking: /home/evan/Documents/BRONE_audio_gaze_project/install/rf_gz_bridge/lib/rf_gz_bridge/rf_gz_bridge_node
[22.111s] -- Symlinking: /home/evan/Documents/BRONE_audio_gaze_project/install/rf_gz_bridge/include/rf_gz_bridge/rf_gz_bridge.hpp
[22.111s] -- Symlinking: /home/evan/Documents/BRONE_audio_gaze_project/install/rf_gz_bridge/share/rf_gz_bridge/config/op3_joint_list.yaml
[22.112s] -- Symlinking: /home/evan/Documents/BRONE_audio_gaze_project/install/rf_gz_bridge/share/ament_index/resource_index/package_run_dependencies/rf_gz_bridge
[22.112s] -- Symlinking: /home/evan/Documents/BRONE_audio_gaze_project/install/rf_gz_bridge/share/ament_index/resource_index/parent_prefix_path/rf_gz_bridge
[22.112s] -- Symlinking: /home/evan/Documents/BRONE_audio_gaze_project/install/rf_gz_bridge/share/rf_gz_bridge/environment/ament_prefix_path.sh
[22.112s] -- Symlinking: /home/evan/Documents/BRONE_audio_gaze_project/install/rf_gz_bridge/share/rf_gz_bridge/environment/ament_prefix_path.dsv
[22.112s] -- Symlinking: /home/evan/Documents/BRONE_audio_gaze_project/install/rf_gz_bridge/share/rf_gz_bridge/environment/path.sh
[22.112s] -- Symlinking: /home/evan/Documents/BRONE_audio_gaze_project/install/rf_gz_bridge/share/rf_gz_bridge/environment/path.dsv
[22.112s] -- Symlinking: /home/evan/Documents/BRONE_audio_gaze_project/install/rf_gz_bridge/share/rf_gz_bridge/local_setup.bash
[22.112s] -- Symlinking: /home/evan/Documents/BRONE_audio_gaze_project/install/rf_gz_bridge/share/rf_gz_bridge/local_setup.sh
[22.112s] -- Symlinking: /home/evan/Documents/BRONE_audio_gaze_project/install/rf_gz_bridge/share/rf_gz_bridge/local_setup.zsh
[22.112s] -- Symlinking: /home/evan/Documents/BRONE_audio_gaze_project/install/rf_gz_bridge/share/rf_gz_bridge/local_setup.dsv
[22.112s] -- Symlinking: /home/evan/Documents/BRONE_audio_gaze_project/install/rf_gz_bridge/share/rf_gz_bridge/package.dsv
[22.112s] -- Symlinking: /home/evan/Documents/BRONE_audio_gaze_project/install/rf_gz_bridge/share/ament_index/resource_index/packages/rf_gz_bridge
[22.112s] -- Symlinking: /home/evan/Documents/BRONE_audio_gaze_project/install/rf_gz_bridge/share/rf_gz_bridge/cmake/rf_gz_bridgeConfig.cmake
[22.112s] -- Symlinking: /home/evan/Documents/BRONE_audio_gaze_project/install/rf_gz_bridge/share/rf_gz_bridge/cmake/rf_gz_bridgeConfig-version.cmake
[22.112s] -- Symlinking: /home/evan/Documents/BRONE_audio_gaze_project/install/rf_gz_bridge/share/rf_gz_bridge/package.xml
[22.137s] Invoked command in '/home/evan/Documents/BRONE_audio_gaze_project/build/rf_gz_bridge' returned '0': CMAKE_PREFIX_PATH=${CMAKE_PREFIX_PATH}:/home/evan/Documents/BRONE_audio_gaze_project/install/algo_gaze:/home/evan/Documents/BRONE_audio_gaze_project/install/brone_gaze:/opt/ros/humble /usr/bin/cmake --install /home/evan/Documents/BRONE_audio_gaze_project/build/rf_gz_bridge
