[0.029s] Invoking command in '/home/evan/Documents/algo_gaze_project/build/usb_cam': CMAKE_PREFIX_PATH=/opt/ros/humble /usr/bin/cmake /home/evan/Documents/algo_gaze_project/ROBOTIS-OP3-ETC/usb_cam -DAMENT_CMAKE_SYMLINK_INSTALL=1 -DCMAKE_INSTALL_PREFIX=/home/evan/Documents/algo_gaze_project/install/usb_cam
[0.093s] -- The C compiler identification is GNU 11.4.0
[0.165s] -- The CXX compiler identification is GNU 11.4.0
[0.172s] -- Detecting C compiler ABI info
[0.274s] -- Detecting C compiler ABI info - done
[0.285s] -- Check for working C compiler: /usr/bin/cc - skipped
[0.285s] -- Detecting C compile features
[0.286s] -- Detecting C compile features - done
[0.289s] -- Detecting CXX compiler ABI info
[0.396s] -- Detecting CXX compiler ABI info - done
[0.406s] -- Check for working CXX compiler: /usr/bin/c++ - skipped
[0.406s] -- Detecting CXX compile features
[0.406s] -- Detecting CXX compile features - done
[0.408s] -- Found ament_cmake_auto: 1.3.14 (/opt/ros/humble/share/ament_cmake_auto/cmake)
[0.604s] -- Found Python3: /usr/bin/python3 (found version "3.10.12") found components: Interpreter 
[0.689s] -- Override CMake install command with custom implementation using symlinks instead of copying resources
[0.993s] -- Found rosidl_generator_c: 3.1.8 (/opt/ros/humble/share/rosidl_generator_c/cmake)
[1.000s] -- Found rosidl_adapter: 3.1.8 (/opt/ros/humble/share/rosidl_adapter/cmake)
[1.007s] -- Found rosidl_generator_cpp: 3.1.8 (/opt/ros/humble/share/rosidl_generator_cpp/cmake)
[1.019s] -- Using all available rosidl_typesupport_c: rosidl_typesupport_fastrtps_c;rosidl_typesupport_introspection_c
[1.042s] -- Using all available rosidl_typesupport_cpp: rosidl_typesupport_fastrtps_cpp;rosidl_typesupport_introspection_cpp
[1.114s] -- Found rmw_implementation_cmake: 6.1.2 (/opt/ros/humble/share/rmw_implementation_cmake/cmake)
[1.117s] -- Found rmw_fastrtps_cpp: 6.2.10 (/opt/ros/humble/share/rmw_fastrtps_cpp/cmake)
[1.288s] -- Found OpenSSL: /usr/lib/x86_64-linux-gnu/libcrypto.so (found version "3.0.2")  
[1.362s] -- Found FastRTPS: /opt/ros/humble/include  
[1.512s] -- Using RMW implementation 'rmw_fastrtps_cpp' as default
[1.535s] -- Looking for pthread.h
[1.724s] -- Looking for pthread.h - found
[1.724s] -- Performing Test CMAKE_HAVE_LIBC_PTHREAD
[1.876s] -- Performing Test CMAKE_HAVE_LIBC_PTHREAD - Success
[1.877s] -- Found Threads: TRUE  
[2.343s] -- Found OpenCV: /usr (found version "4.5.4") 
[2.349s] -- Found PkgConfig: /usr/bin/pkg-config (found version "0.29.2") 
[2.350s] -- Checking for module 'libavcodec'
[2.390s] --   Found libavcodec, version 58.134.100
[2.507s] -- Checking for module 'libavutil'
[2.668s] --   Found libavutil, version 56.70.100
[2.852s] -- Checking for module 'libswscale'
[2.933s] --   Found libswscale, version 5.9.100
[3.070s] -- Found ament_lint_auto: 0.12.15 (/opt/ros/humble/share/ament_lint_auto/cmake)
[3.149s] -- Found gtest sources under '/opt/ros/humble/src/gtest_vendor': C++ tests using 'Google Test' will be built
[3.169s] [0mIn this package, headers install destination is set to `include` by ament_auto_package. It is recommended to install `include/usb_cam` instead and will be the default behavior of ament_auto_package from ROS 2 Kilted Kaiju. On distributions before Kilted, ament_auto_package behaves the same way when you use USE_SCOPED_HEADER_INSTALL_DIR option.[0m
[3.186s] -- Added test 'copyright' to check source files copyright and LICENSE
[3.191s] -- Added test 'cppcheck' to perform static code analysis on C / C++ code
[3.191s] -- Configured cppcheck include dirs: /home/evan/Documents/algo_gaze_project/ROBOTIS-OP3-ETC/usb_cam/include
[3.191s] -- Configured cppcheck exclude dirs and/or files: 
[3.201s] -- Added test 'cpplint' to check C / C++ code against the Google style
[3.201s] -- Configured cpplint exclude dirs and/or files: 
[3.206s] -- Added test 'flake8' to check Python code syntax and style conventions
[3.211s] -- Added test 'lint_cmake' to check CMake code style
[3.213s] -- Added test 'pep257' to check Python code against some of the docstring style conventions in PEP 257
[3.222s] -- Added test 'uncrustify' to check C / C++ code style
[3.222s] -- Configured uncrustify additional arguments: 
[3.223s] -- Added test 'xmllint' to check XML markup files
[3.235s] -- Configuring done
[3.303s] -- Generating done
[3.322s] -- Build files have been written to: /home/evan/Documents/algo_gaze_project/build/usb_cam
[3.356s] Invoked command in '/home/evan/Documents/algo_gaze_project/build/usb_cam' returned '0': CMAKE_PREFIX_PATH=/opt/ros/humble /usr/bin/cmake /home/evan/Documents/algo_gaze_project/ROBOTIS-OP3-ETC/usb_cam -DAMENT_CMAKE_SYMLINK_INSTALL=1 -DCMAKE_INSTALL_PREFIX=/home/evan/Documents/algo_gaze_project/install/usb_cam
[3.366s] Invoking command in '/home/evan/Documents/algo_gaze_project/build/usb_cam': CMAKE_PREFIX_PATH=/opt/ros/humble /usr/bin/cmake --build /home/evan/Documents/algo_gaze_project/build/usb_cam -- -j12 -l12
[3.864s] [  7%] [32mBuilding CXX object CMakeFiles/usb_cam.dir/src/usb_cam.cpp.o[0m
[3.865s] [ 14%] [32mBuilding CXX object CMakeFiles/usb_cam_node_exe.dir/rclcpp_components/node_main_usb_cam_node_exe.cpp.o[0m
[3.865s] [ 21%] [32mBuilding CXX object gtest/CMakeFiles/gtest_main.dir/src/gtest_main.cc.o[0m
[3.865s] [ 28%] [32mBuilding CXX object gtest/CMakeFiles/gtest.dir/src/gtest-all.cc.o[0m
[10.693s] [ 35%] [32m[1mLinking CXX static library libgtest_main.a[0m
[11.027s] [ 35%] Built target gtest_main
[13.875s] [ 42%] [32m[1mLinking CXX static library libgtest.a[0m
[14.145s] [ 42%] Built target gtest
[17.293s] [ 50%] [32m[1mLinking CXX shared library libusb_cam.so[0m
[18.112s] [ 50%] Built target usb_cam
[20.433s] [ 57%] [32m[1mLinking CXX executable usb_cam_node_exe[0m
[21.248s] [ 57%] Built target usb_cam_node_exe
[21.296s] [ 64%] [32mBuilding CXX object CMakeFiles/test_pixel_formats.dir/test/test_pixel_formats.cpp.o[0m
[23.843s] [ 71%] [32m[1mLinking CXX executable test_pixel_formats[0m
[24.300s] [ 71%] Built target test_pixel_formats
[24.333s] [ 78%] [32mBuilding CXX object CMakeFiles/test_usb_cam_utils.dir/test/test_usb_cam_utils.cpp.o[0m
[26.580s] [ 85%] [32m[1mLinking CXX executable test_usb_cam_utils[0m
[26.976s] [ 85%] Built target test_usb_cam_utils
[26.997s] [ 92%] [32mBuilding CXX object CMakeFiles/usb_cam_node.dir/src/usb_cam_node.cpp.o[0m
[34.760s] [100%] [32m[1mLinking CXX shared library libusb_cam_node.so[0m
[35.122s] [100%] Built target usb_cam_node
