[0.020s] Invoking command in '/home/evan/Documents/BRONE_audio_gaze_project/build/ros_madplay_player': CMAKE_PREFIX_PATH=${CMAKE_PREFIX_PATH}:/home/evan/Documents/BRONE_audio_gaze_project/install/algo_gaze:/home/evan/Documents/BRONE_audio_gaze_project/install/brone_gaze:/opt/ros/humble /usr/bin/cmake /home/evan/Documents/BRONE_audio_gaze_project/ROBOTIS-Utility/ros_madplay_player -DAMENT_CMAKE_SYMLINK_INSTALL=1 -DCMAKE_INSTALL_PREFIX=/home/evan/Documents/BRONE_audio_gaze_project/install/ros_madplay_player
[0.535s] -- The C compiler identification is GNU 11.4.0
[0.535s] -- The CXX compiler identification is GNU 11.4.0
[0.535s] -- Detecting C compiler ABI info
[0.535s] -- Detecting C compiler ABI info - done
[0.535s] -- Check for working C compiler: /usr/bin/cc - skipped
[0.535s] -- Detecting C compile features
[0.535s] -- Detecting C compile features - done
[0.535s] -- Detecting CXX compiler ABI info
[0.535s] -- Detecting CXX compiler ABI info - done
[0.535s] -- Check for working CXX compiler: /usr/bin/c++ - skipped
[0.535s] -- Detecting CXX compile features
[0.535s] -- Detecting CXX compile features - done
[0.535s] -- Found ament_cmake: 1.3.14 (/opt/ros/humble/share/ament_cmake/cmake)
[0.607s] -- Found Python3: /usr/bin/python3 (found version "3.10.12") found components: Interpreter 
[0.717s] -- Override CMake install command with custom implementation using symlinks instead of copying resources
[0.788s] -- Found rclcpp: 16.0.19 (/opt/ros/humble/share/rclcpp/cmake)
[0.856s] -- Found rosidl_generator_c: 3.1.8 (/opt/ros/humble/share/rosidl_generator_c/cmake)
[0.866s] -- Found rosidl_adapter: 3.1.8 (/opt/ros/humble/share/rosidl_adapter/cmake)
[0.876s] -- Found rosidl_generator_cpp: 3.1.8 (/opt/ros/humble/share/rosidl_generator_cpp/cmake)
[0.894s] -- Using all available rosidl_typesupport_c: rosidl_typesupport_fastrtps_c;rosidl_typesupport_introspection_c
[0.918s] -- Using all available rosidl_typesupport_cpp: rosidl_typesupport_fastrtps_cpp;rosidl_typesupport_introspection_cpp
[0.974s] -- Found rmw_implementation_cmake: 6.1.2 (/opt/ros/humble/share/rmw_implementation_cmake/cmake)
[0.977s] -- Found rmw_fastrtps_cpp: 6.2.10 (/opt/ros/humble/share/rmw_fastrtps_cpp/cmake)
[1.101s] -- Found OpenSSL: /usr/lib/x86_64-linux-gnu/libcrypto.so (found version "3.0.2")  
[1.142s] -- Found FastRTPS: /opt/ros/humble/include  
[1.201s] -- Using RMW implementation 'rmw_fastrtps_cpp' as default
[1.217s] -- Looking for pthread.h
[1.315s] -- Looking for pthread.h - found
[1.315s] -- Performing Test CMAKE_HAVE_LIBC_PTHREAD
[1.422s] -- Performing Test CMAKE_HAVE_LIBC_PTHREAD - Success
[1.422s] -- Found Threads: TRUE  
[1.649s] -- Configuring done
[1.660s] -- Generating done
[1.665s] -- Build files have been written to: /home/evan/Documents/BRONE_audio_gaze_project/build/ros_madplay_player
[1.686s] Invoked command in '/home/evan/Documents/BRONE_audio_gaze_project/build/ros_madplay_player' returned '0': CMAKE_PREFIX_PATH=${CMAKE_PREFIX_PATH}:/home/evan/Documents/BRONE_audio_gaze_project/install/algo_gaze:/home/evan/Documents/BRONE_audio_gaze_project/install/brone_gaze:/opt/ros/humble /usr/bin/cmake /home/evan/Documents/BRONE_audio_gaze_project/ROBOTIS-Utility/ros_madplay_player -DAMENT_CMAKE_SYMLINK_INSTALL=1 -DCMAKE_INSTALL_PREFIX=/home/evan/Documents/BRONE_audio_gaze_project/install/ros_madplay_player
[1.688s] Invoking command in '/home/evan/Documents/BRONE_audio_gaze_project/build/ros_madplay_player': CMAKE_PREFIX_PATH=${CMAKE_PREFIX_PATH}:/home/evan/Documents/BRONE_audio_gaze_project/install/algo_gaze:/home/evan/Documents/BRONE_audio_gaze_project/install/brone_gaze:/opt/ros/humble /usr/bin/cmake --build /home/evan/Documents/BRONE_audio_gaze_project/build/ros_madplay_player -- -j12 -l12
[2.423s] [ 50%] [32mBuilding CXX object CMakeFiles/ros_madplay_player.dir/src/ros_madplay_player.cpp.o[0m
[12.471s] [100%] [32m[1mLinking CXX executable ros_madplay_player[0m
[12.980s] [100%] Built target ros_madplay_player
[13.003s] Invoked command in '/home/evan/Documents/BRONE_audio_gaze_project/build/ros_madplay_player' returned '0': CMAKE_PREFIX_PATH=${CMAKE_PREFIX_PATH}:/home/evan/Documents/BRONE_audio_gaze_project/install/algo_gaze:/home/evan/Documents/BRONE_audio_gaze_project/install/brone_gaze:/opt/ros/humble /usr/bin/cmake --build /home/evan/Documents/BRONE_audio_gaze_project/build/ros_madplay_player -- -j12 -l12
[13.009s] Invoking command in '/home/evan/Documents/BRONE_audio_gaze_project/build/ros_madplay_player': CMAKE_PREFIX_PATH=${CMAKE_PREFIX_PATH}:/home/evan/Documents/BRONE_audio_gaze_project/install/algo_gaze:/home/evan/Documents/BRONE_audio_gaze_project/install/brone_gaze:/opt/ros/humble /usr/bin/cmake --install /home/evan/Documents/BRONE_audio_gaze_project/build/ros_madplay_player
[13.884s] -- Install configuration: ""
[13.884s] -- Execute custom install script
[13.884s] -- Symlinking: /home/evan/Documents/BRONE_audio_gaze_project/install/ros_madplay_player/lib/ros_madplay_player/ros_madplay_player
[13.884s] -- Symlinking: /home/evan/Documents/BRONE_audio_gaze_project/install/ros_madplay_player/include/ros_madplay_player/ros_madplay_player.h
[13.884s] -- Symlinking: /home/evan/Documents/BRONE_audio_gaze_project/install/ros_madplay_player/share/ament_index/resource_index/package_run_dependencies/ros_madplay_player
[13.884s] -- Symlinking: /home/evan/Documents/BRONE_audio_gaze_project/install/ros_madplay_player/share/ament_index/resource_index/parent_prefix_path/ros_madplay_player
[13.884s] -- Symlinking: /home/evan/Documents/BRONE_audio_gaze_project/install/ros_madplay_player/share/ros_madplay_player/environment/ament_prefix_path.sh
[13.884s] -- Symlinking: /home/evan/Documents/BRONE_audio_gaze_project/install/ros_madplay_player/share/ros_madplay_player/environment/ament_prefix_path.dsv
[13.884s] -- Symlinking: /home/evan/Documents/BRONE_audio_gaze_project/install/ros_madplay_player/share/ros_madplay_player/environment/path.sh
[13.884s] -- Symlinking: /home/evan/Documents/BRONE_audio_gaze_project/install/ros_madplay_player/share/ros_madplay_player/environment/path.dsv
[13.884s] -- Symlinking: /home/evan/Documents/BRONE_audio_gaze_project/install/ros_madplay_player/share/ros_madplay_player/local_setup.bash
[13.884s] -- Symlinking: /home/evan/Documents/BRONE_audio_gaze_project/install/ros_madplay_player/share/ros_madplay_player/local_setup.sh
[13.884s] -- Symlinking: /home/evan/Documents/BRONE_audio_gaze_project/install/ros_madplay_player/share/ros_madplay_player/local_setup.zsh
[13.884s] -- Symlinking: /home/evan/Documents/BRONE_audio_gaze_project/install/ros_madplay_player/share/ros_madplay_player/local_setup.dsv
[13.884s] -- Symlinking: /home/evan/Documents/BRONE_audio_gaze_project/install/ros_madplay_player/share/ros_madplay_player/package.dsv
[13.884s] -- Symlinking: /home/evan/Documents/BRONE_audio_gaze_project/install/ros_madplay_player/share/ament_index/resource_index/packages/ros_madplay_player
[13.885s] -- Symlinking: /home/evan/Documents/BRONE_audio_gaze_project/install/ros_madplay_player/share/ros_madplay_player/cmake/ros_madplay_playerConfig.cmake
[13.885s] -- Symlinking: /home/evan/Documents/BRONE_audio_gaze_project/install/ros_madplay_player/share/ros_madplay_player/cmake/ros_madplay_playerConfig-version.cmake
[13.885s] -- Symlinking: /home/evan/Documents/BRONE_audio_gaze_project/install/ros_madplay_player/share/ros_madplay_player/package.xml
[13.909s] Invoked command in '/home/evan/Documents/BRONE_audio_gaze_project/build/ros_madplay_player' returned '0': CMAKE_PREFIX_PATH=${CMAKE_PREFIX_PATH}:/home/evan/Documents/BRONE_audio_gaze_project/install/algo_gaze:/home/evan/Documents/BRONE_audio_gaze_project/install/brone_gaze:/opt/ros/humble /usr/bin/cmake --install /home/evan/Documents/BRONE_audio_gaze_project/build/ros_madplay_player
