[0.038s] Invoking command in '/home/evan/Documents/BRONE_audio_gaze_project/build/op3_camera_setting_tool_msgs': CMAKE_PREFIX_PATH=${CMAKE_PREFIX_PATH}:/home/evan/Documents/BRONE_audio_gaze_project/install/algo_gaze:/home/evan/Documents/BRONE_audio_gaze_project/install/brone_gaze:/opt/ros/humble /usr/bin/cmake /home/evan/Documents/BRONE_audio_gaze_project/ROBOTIS-OP3-msgs/op3_camera_setting_tool_msgs -DAMENT_CMAKE_SYMLINK_INSTALL=1 -DCMAKE_INSTALL_PREFIX=/home/evan/Documents/BRONE_audio_gaze_project/install/op3_camera_setting_tool_msgs
[3.429s] -- The C compiler identification is GNU 11.4.0
[3.433s] -- The CXX compiler identification is GNU 11.4.0
[3.433s] -- Detecting C compiler ABI info
[3.433s] -- Detecting C compiler ABI info - done
[3.433s] -- Check for working C compiler: /usr/bin/cc - skipped
[3.433s] -- Detecting C compile features
[3.433s] -- Detecting C compile features - done
[3.433s] -- Detecting CXX compiler ABI info
[3.433s] -- Detecting CXX compiler ABI info - done
[3.433s] -- Check for working CXX compiler: /usr/bin/c++ - skipped
[3.433s] -- Detecting CXX compile features
[3.433s] -- Detecting CXX compile features - done
[3.433s] -- Found ament_cmake: 1.3.14 (/opt/ros/humble/share/ament_cmake/cmake)
[3.434s] -- Found Python3: /usr/bin/python3 (found version "3.10.12") found components: Interpreter 
[3.434s] -- Override CMake install command with custom implementation using symlinks instead of copying resources
[3.434s] -- Found std_msgs: 4.9.1 (/opt/ros/humble/share/std_msgs/cmake)
[3.434s] -- Found rosidl_generator_c: 3.1.8 (/opt/ros/humble/share/rosidl_generator_c/cmake)
[3.435s] -- Found rosidl_adapter: 3.1.8 (/opt/ros/humble/share/rosidl_adapter/cmake)
[3.435s] -- Found rosidl_generator_cpp: 3.1.8 (/opt/ros/humble/share/rosidl_generator_cpp/cmake)
[3.435s] -- Using all available rosidl_typesupport_c: rosidl_typesupport_fastrtps_c;rosidl_typesupport_introspection_c
[3.435s] -- Using all available rosidl_typesupport_cpp: rosidl_typesupport_fastrtps_cpp;rosidl_typesupport_introspection_cpp
[3.436s] -- Found rosidl_default_generators: 1.2.1 (/opt/ros/humble/share/rosidl_default_generators/cmake)
[3.436s] -- Found ament_cmake_ros: 0.10.0 (/opt/ros/humble/share/ament_cmake_ros/cmake)
[3.436s] -- Using all available rosidl_typesupport_c: rosidl_typesupport_fastrtps_c;rosidl_typesupport_introspection_c
[3.436s] -- Using all available rosidl_typesupport_cpp: rosidl_typesupport_fastrtps_cpp;rosidl_typesupport_introspection_cpp
[3.436s] -- Found PythonInterp: /usr/bin/python3 (found suitable version "3.10.12", minimum required is "3.6") 
[3.436s] -- Found python_cmake_module: 0.10.0 (/opt/ros/humble/share/python_cmake_module/cmake)
[3.436s] -- Found PythonLibs: /usr/lib/x86_64-linux-gnu/libpython3.10.so (found suitable version "3.10.12", minimum required is "3.5") 
[3.436s] -- Using PYTHON_EXECUTABLE: /usr/bin/python3
[3.436s] -- Using PYTHON_INCLUDE_DIRS: /usr/include/python3.10
[3.437s] -- Using PYTHON_LIBRARIES: /usr/lib/x86_64-linux-gnu/libpython3.10.so
[3.437s] -- Found PythonExtra: .so  
[3.538s] -- Configuring done
[3.703s] -- Generating done
[3.756s] -- Build files have been written to: /home/evan/Documents/BRONE_audio_gaze_project/build/op3_camera_setting_tool_msgs
[3.792s] Invoked command in '/home/evan/Documents/BRONE_audio_gaze_project/build/op3_camera_setting_tool_msgs' returned '0': CMAKE_PREFIX_PATH=${CMAKE_PREFIX_PATH}:/home/evan/Documents/BRONE_audio_gaze_project/install/algo_gaze:/home/evan/Documents/BRONE_audio_gaze_project/install/brone_gaze:/opt/ros/humble /usr/bin/cmake /home/evan/Documents/BRONE_audio_gaze_project/ROBOTIS-OP3-msgs/op3_camera_setting_tool_msgs -DAMENT_CMAKE_SYMLINK_INSTALL=1 -DCMAKE_INSTALL_PREFIX=/home/evan/Documents/BRONE_audio_gaze_project/install/op3_camera_setting_tool_msgs
[3.793s] Invoking command in '/home/evan/Documents/BRONE_audio_gaze_project/build/op3_camera_setting_tool_msgs': CMAKE_PREFIX_PATH=${CMAKE_PREFIX_PATH}:/home/evan/Documents/BRONE_audio_gaze_project/install/algo_gaze:/home/evan/Documents/BRONE_audio_gaze_project/install/brone_gaze:/opt/ros/humble /usr/bin/cmake --build /home/evan/Documents/BRONE_audio_gaze_project/build/op3_camera_setting_tool_msgs -- -j12 -l12
[5.361s] [  1%] [34m[1mGenerating C code for ROS interfaces[0m
[5.361s] [  3%] [34m[1mGenerating Rust code for ROS interfaces[0m
[5.361s] [  4%] [34m[1mGenerating C++ code for ROS interfaces[0m
[5.361s] [  4%] Built target ament_cmake_python_symlink_op3_camera_setting_tool_msgs
[5.400s] running egg_info
[5.402s] creating op3_camera_setting_tool_msgs.egg-info
[5.403s] writing op3_camera_setting_tool_msgs.egg-info/PKG-INFO
[5.403s] writing dependency_links to op3_camera_setting_tool_msgs.egg-info/dependency_links.txt
[5.414s] writing top-level names to op3_camera_setting_tool_msgs.egg-info/top_level.txt
[5.414s] writing manifest file 'op3_camera_setting_tool_msgs.egg-info/SOURCES.txt'
[5.422s] reading manifest file 'op3_camera_setting_tool_msgs.egg-info/SOURCES.txt'
[5.428s] writing manifest file 'op3_camera_setting_tool_msgs.egg-info/SOURCES.txt'
[5.628s] [  4%] Built target ament_cmake_python_build_op3_camera_setting_tool_msgs_egg
[5.712s] [  6%] [32mBuilding C object CMakeFiles/op3_camera_setting_tool_msgs__rosidl_generator_c.dir/rosidl_generator_c/op3_camera_setting_tool_msgs/srv/detail/get_parameters__functions.c.o[0m
[5.733s] [  7%] [32mBuilding C object CMakeFiles/op3_camera_setting_tool_msgs__rosidl_generator_c.dir/rosidl_generator_c/op3_camera_setting_tool_msgs/msg/detail/v4l_parameters__functions.c.o[0m
[5.739s] [  9%] [32mBuilding C object CMakeFiles/op3_camera_setting_tool_msgs__rosidl_generator_c.dir/rosidl_generator_c/op3_camera_setting_tool_msgs/msg/detail/camera_params__functions.c.o[0m
[5.744s] [ 10%] [32mBuilding C object CMakeFiles/op3_camera_setting_tool_msgs__rosidl_generator_c.dir/rosidl_generator_c/op3_camera_setting_tool_msgs/srv/detail/set_parameters__functions.c.o[0m
[5.746s] [ 12%] [32mBuilding C object CMakeFiles/op3_camera_setting_tool_msgs__rosidl_generator_c.dir/rosidl_generator_c/op3_camera_setting_tool_msgs/msg/detail/v4l_parameter__functions.c.o[0m
[6.111s] [ 14%] [32m[1mLinking C shared library libop3_camera_setting_tool_msgs__rosidl_generator_c.so[0m
[6.250s] [ 14%] Built target op3_camera_setting_tool_msgs__rosidl_generator_c
[6.321s] [ 15%] [34m[1mGenerating C type support for eProsima Fast-RTPS[0m
[6.321s] [ 17%] [34m[1mGenerating C type support dispatch for ROS interfaces[0m
[6.335s] [ 18%] [34m[1mGenerating C introspection for ROS interfaces[0m
[7.040s] [ 18%] Built target op3_camera_setting_tool_msgs__rs
[8.553s] [ 20%] [32mBuilding C object CMakeFiles/op3_camera_setting_tool_msgs__rosidl_typesupport_introspection_c.dir/rosidl_typesupport_introspection_c/op3_camera_setting_tool_msgs/srv/detail/get_parameters__type_support.c.o[0m
[8.554s] [ 21%] [32mBuilding C object CMakeFiles/op3_camera_setting_tool_msgs__rosidl_typesupport_introspection_c.dir/rosidl_typesupport_introspection_c/op3_camera_setting_tool_msgs/msg/detail/v4l_parameters__type_support.c.o[0m
[8.554s] [ 23%] [32mBuilding C object CMakeFiles/op3_camera_setting_tool_msgs__rosidl_typesupport_introspection_c.dir/rosidl_typesupport_introspection_c/op3_camera_setting_tool_msgs/msg/detail/camera_params__type_support.c.o[0m
[8.571s] [ 26%] [32mBuilding C object CMakeFiles/op3_camera_setting_tool_msgs__rosidl_typesupport_introspection_c.dir/rosidl_typesupport_introspection_c/op3_camera_setting_tool_msgs/srv/detail/set_parameters__type_support.c.o[0m
[8.600s] [ 26%] [32mBuilding C object CMakeFiles/op3_camera_setting_tool_msgs__rosidl_typesupport_introspection_c.dir/rosidl_typesupport_introspection_c/op3_camera_setting_tool_msgs/msg/detail/v4l_parameter__type_support.c.o[0m
[8.882s] [ 28%] [32m[1mLinking C shared library libop3_camera_setting_tool_msgs__rosidl_typesupport_introspection_c.so[0m
[9.234s] [ 28%] Built target op3_camera_setting_tool_msgs__rosidl_typesupport_introspection_c
[9.332s] [ 28%] Built target op3_camera_setting_tool_msgs__cpp
[9.380s] [ 29%] [34m[1mGenerating C++ introspection for ROS interfaces[0m
[9.399s] [ 31%] [34m[1mGenerating C++ type support for eProsima Fast-RTPS[0m
[9.422s] [ 32%] [34m[1mGenerating C++ type support dispatch for ROS interfaces[0m
[9.429s] [ 34%] [32mBuilding CXX object CMakeFiles/op3_camera_setting_tool_msgs__rosidl_typesupport_fastrtps_c.dir/rosidl_typesupport_fastrtps_c/op3_camera_setting_tool_msgs/msg/detail/camera_params__type_support_c.cpp.o[0m
[9.443s] [ 35%] [32mBuilding CXX object CMakeFiles/op3_camera_setting_tool_msgs__rosidl_typesupport_fastrtps_c.dir/rosidl_typesupport_fastrtps_c/op3_camera_setting_tool_msgs/msg/detail/v4l_parameters__type_support_c.cpp.o[0m
[9.459s] [ 37%] [32mBuilding CXX object CMakeFiles/op3_camera_setting_tool_msgs__rosidl_typesupport_fastrtps_c.dir/rosidl_typesupport_fastrtps_c/op3_camera_setting_tool_msgs/srv/detail/set_parameters__type_support_c.cpp.o[0m
[9.460s] [ 39%] [32mBuilding CXX object CMakeFiles/op3_camera_setting_tool_msgs__rosidl_typesupport_fastrtps_c.dir/rosidl_typesupport_fastrtps_c/op3_camera_setting_tool_msgs/srv/detail/get_parameters__type_support_c.cpp.o[0m
[9.468s] [ 40%] [32mBuilding CXX object CMakeFiles/op3_camera_setting_tool_msgs__rosidl_typesupport_fastrtps_c.dir/rosidl_typesupport_fastrtps_c/op3_camera_setting_tool_msgs/msg/detail/v4l_parameter__type_support_c.cpp.o[0m
[9.669s] [ 42%] [32mBuilding CXX object CMakeFiles/op3_camera_setting_tool_msgs__rosidl_typesupport_c.dir/rosidl_typesupport_c/op3_camera_setting_tool_msgs/msg/v4l_parameter__type_support.cpp.o[0m
[9.669s] [ 43%] [32mBuilding CXX object CMakeFiles/op3_camera_setting_tool_msgs__rosidl_typesupport_c.dir/rosidl_typesupport_c/op3_camera_setting_tool_msgs/msg/camera_params__type_support.cpp.o[0m
[9.681s] [ 45%] [32mBuilding CXX object CMakeFiles/op3_camera_setting_tool_msgs__rosidl_typesupport_c.dir/rosidl_typesupport_c/op3_camera_setting_tool_msgs/msg/v4l_parameters__type_support.cpp.o[0m
[9.711s] [ 46%] [32mBuilding CXX object CMakeFiles/op3_camera_setting_tool_msgs__rosidl_typesupport_c.dir/rosidl_typesupport_c/op3_camera_setting_tool_msgs/srv/get_parameters__type_support.cpp.o[0m
[9.753s] [ 48%] [32mBuilding CXX object CMakeFiles/op3_camera_setting_tool_msgs__rosidl_typesupport_c.dir/rosidl_typesupport_c/op3_camera_setting_tool_msgs/srv/set_parameters__type_support.cpp.o[0m
[9.855s] [ 50%] [32m[1mLinking CXX shared library libop3_camera_setting_tool_msgs__rosidl_typesupport_c.so[0m
[10.007s] [ 50%] Built target op3_camera_setting_tool_msgs__rosidl_typesupport_c
[12.151s] [ 51%] [32m[1mLinking CXX shared library libop3_camera_setting_tool_msgs__rosidl_typesupport_fastrtps_c.so[0m
[12.921s] [ 51%] Built target op3_camera_setting_tool_msgs__rosidl_typesupport_fastrtps_c
[13.145s] [ 53%] [32mBuilding CXX object CMakeFiles/op3_camera_setting_tool_msgs__rosidl_typesupport_introspection_cpp.dir/rosidl_typesupport_introspection_cpp/op3_camera_setting_tool_msgs/msg/detail/camera_params__type_support.cpp.o[0m
[13.698s] [ 54%] [32mBuilding CXX object CMakeFiles/op3_camera_setting_tool_msgs__rosidl_typesupport_cpp.dir/rosidl_typesupport_cpp/op3_camera_setting_tool_msgs/msg/camera_params__type_support.cpp.o[0m
[14.835s] [ 56%] [32mBuilding CXX object CMakeFiles/op3_camera_setting_tool_msgs__rosidl_typesupport_fastrtps_cpp.dir/rosidl_typesupport_fastrtps_cpp/op3_camera_setting_tool_msgs/msg/detail/dds_fastrtps/camera_params__type_support.cpp.o[0m
[15.157s] [ 57%] [32mBuilding CXX object CMakeFiles/op3_camera_setting_tool_msgs__rosidl_typesupport_cpp.dir/rosidl_typesupport_cpp/op3_camera_setting_tool_msgs/srv/set_parameters__type_support.cpp.o[0m
[15.400s] [ 59%] [32mBuilding CXX object CMakeFiles/op3_camera_setting_tool_msgs__rosidl_typesupport_introspection_cpp.dir/rosidl_typesupport_introspection_cpp/op3_camera_setting_tool_msgs/srv/detail/set_parameters__type_support.cpp.o[0m
[15.662s] [ 60%] [32mBuilding CXX object CMakeFiles/op3_camera_setting_tool_msgs__rosidl_typesupport_fastrtps_cpp.dir/rosidl_typesupport_fastrtps_cpp/op3_camera_setting_tool_msgs/srv/detail/dds_fastrtps/get_parameters__type_support.cpp.o[0m
[15.931s] [ 62%] [32mBuilding CXX object CMakeFiles/op3_camera_setting_tool_msgs__rosidl_typesupport_cpp.dir/rosidl_typesupport_cpp/op3_camera_setting_tool_msgs/srv/get_parameters__type_support.cpp.o[0m
[16.603s] [ 64%] [32mBuilding CXX object CMakeFiles/op3_camera_setting_tool_msgs__rosidl_typesupport_introspection_cpp.dir/rosidl_typesupport_introspection_cpp/op3_camera_setting_tool_msgs/srv/detail/get_parameters__type_support.cpp.o[0m
[17.123s] [ 65%] [32mBuilding CXX object CMakeFiles/op3_camera_setting_tool_msgs__rosidl_typesupport_cpp.dir/rosidl_typesupport_cpp/op3_camera_setting_tool_msgs/msg/v4l_parameters__type_support.cpp.o[0m
[17.446s] [ 67%] [32mBuilding CXX object CMakeFiles/op3_camera_setting_tool_msgs__rosidl_typesupport_fastrtps_cpp.dir/rosidl_typesupport_fastrtps_cpp/op3_camera_setting_tool_msgs/srv/detail/dds_fastrtps/set_parameters__type_support.cpp.o[0m
[18.113s] [ 68%] [32mBuilding CXX object CMakeFiles/op3_camera_setting_tool_msgs__rosidl_typesupport_cpp.dir/rosidl_typesupport_cpp/op3_camera_setting_tool_msgs/msg/v4l_parameter__type_support.cpp.o[0m
[18.201s] [ 70%] [32mBuilding CXX object CMakeFiles/op3_camera_setting_tool_msgs__rosidl_typesupport_introspection_cpp.dir/rosidl_typesupport_introspection_cpp/op3_camera_setting_tool_msgs/msg/detail/v4l_parameters__type_support.cpp.o[0m
[18.587s] [ 71%] [32mBuilding CXX object CMakeFiles/op3_camera_setting_tool_msgs__rosidl_typesupport_fastrtps_cpp.dir/rosidl_typesupport_fastrtps_cpp/op3_camera_setting_tool_msgs/msg/detail/dds_fastrtps/v4l_parameters__type_support.cpp.o[0m
[18.659s] [ 73%] [32m[1mLinking CXX shared library libop3_camera_setting_tool_msgs__rosidl_typesupport_cpp.so[0m
[18.809s] [ 73%] Built target op3_camera_setting_tool_msgs__rosidl_typesupport_cpp
[19.088s] [ 75%] [32mBuilding CXX object CMakeFiles/op3_camera_setting_tool_msgs__rosidl_typesupport_introspection_cpp.dir/rosidl_typesupport_introspection_cpp/op3_camera_setting_tool_msgs/msg/detail/v4l_parameter__type_support.cpp.o[0m
[19.718s] [ 76%] [32mBuilding CXX object CMakeFiles/op3_camera_setting_tool_msgs__rosidl_typesupport_fastrtps_cpp.dir/rosidl_typesupport_fastrtps_cpp/op3_camera_setting_tool_msgs/msg/detail/dds_fastrtps/v4l_parameter__type_support.cpp.o[0m
[20.186s] [ 78%] [32m[1mLinking CXX shared library libop3_camera_setting_tool_msgs__rosidl_typesupport_introspection_cpp.so[0m
[20.317s] [ 78%] Built target op3_camera_setting_tool_msgs__rosidl_typesupport_introspection_cpp
[20.339s] [ 79%] [32m[1mLinking CXX shared library libop3_camera_setting_tool_msgs__rosidl_typesupport_fastrtps_cpp.so[0m
[20.502s] [ 79%] Built target op3_camera_setting_tool_msgs__rosidl_typesupport_fastrtps_cpp
[20.552s] [ 79%] Built target op3_camera_setting_tool_msgs
[20.605s] [ 81%] [34m[1mGenerating Python code for ROS interfaces[0m
[22.437s] [ 81%] Built target op3_camera_setting_tool_msgs__py
[22.472s] [ 82%] [32mBuilding C object CMakeFiles/op3_camera_setting_tool_msgs__rosidl_generator_py.dir/rosidl_generator_py/op3_camera_setting_tool_msgs/msg/_camera_params_s.c.o[0m
[22.621s] [ 84%] [32mBuilding C object CMakeFiles/op3_camera_setting_tool_msgs__rosidl_generator_py.dir/rosidl_generator_py/op3_camera_setting_tool_msgs/srv/_set_parameters_s.c.o[0m
[22.755s] [ 85%] [32mBuilding C object CMakeFiles/op3_camera_setting_tool_msgs__rosidl_generator_py.dir/rosidl_generator_py/op3_camera_setting_tool_msgs/srv/_get_parameters_s.c.o[0m
[22.886s] [ 87%] [32mBuilding C object CMakeFiles/op3_camera_setting_tool_msgs__rosidl_generator_py.dir/rosidl_generator_py/op3_camera_setting_tool_msgs/msg/_v4l_parameters_s.c.o[0m
[23.063s] [ 89%] [32mBuilding C object CMakeFiles/op3_camera_setting_tool_msgs__rosidl_generator_py.dir/rosidl_generator_py/op3_camera_setting_tool_msgs/msg/_v4l_parameter_s.c.o[0m
[23.306s] [ 90%] [32m[1mLinking C shared library rosidl_generator_py/op3_camera_setting_tool_msgs/libop3_camera_setting_tool_msgs__rosidl_generator_py.so[0m
[23.412s] [ 90%] Built target op3_camera_setting_tool_msgs__rosidl_generator_py
[23.480s] [ 92%] [32mBuilding C object CMakeFiles/op3_camera_setting_tool_msgs__rosidl_typesupport_fastrtps_c__pyext.dir/rosidl_generator_py/op3_camera_setting_tool_msgs/_op3_camera_setting_tool_msgs_s.ep.rosidl_typesupport_fastrtps_c.c.o[0m
[23.787s] [ 93%] [32m[1mLinking C shared library rosidl_generator_py/op3_camera_setting_tool_msgs/op3_camera_setting_tool_msgs_s__rosidl_typesupport_fastrtps_c.cpython-310-x86_64-linux-gnu.so[0m
[23.883s] [ 93%] Built target op3_camera_setting_tool_msgs__rosidl_typesupport_fastrtps_c__pyext
[23.930s] [ 95%] [32mBuilding C object CMakeFiles/op3_camera_setting_tool_msgs__rosidl_typesupport_c__pyext.dir/rosidl_generator_py/op3_camera_setting_tool_msgs/_op3_camera_setting_tool_msgs_s.ep.rosidl_typesupport_c.c.o[0m
[24.207s] [ 96%] [32m[1mLinking C shared library rosidl_generator_py/op3_camera_setting_tool_msgs/op3_camera_setting_tool_msgs_s__rosidl_typesupport_c.cpython-310-x86_64-linux-gnu.so[0m
[24.295s] [ 96%] Built target op3_camera_setting_tool_msgs__rosidl_typesupport_c__pyext
[24.329s] [ 98%] [32mBuilding C object CMakeFiles/op3_camera_setting_tool_msgs__rosidl_typesupport_introspection_c__pyext.dir/rosidl_generator_py/op3_camera_setting_tool_msgs/_op3_camera_setting_tool_msgs_s.ep.rosidl_typesupport_introspection_c.c.o[0m
[24.495s] [100%] [32m[1mLinking C shared library rosidl_generator_py/op3_camera_setting_tool_msgs/op3_camera_setting_tool_msgs_s__rosidl_typesupport_introspection_c.cpython-310-x86_64-linux-gnu.so[0m
[24.579s] [100%] Built target op3_camera_setting_tool_msgs__rosidl_typesupport_introspection_c__pyext
[24.596s] Invoked command in '/home/evan/Documents/BRONE_audio_gaze_project/build/op3_camera_setting_tool_msgs' returned '0': CMAKE_PREFIX_PATH=${CMAKE_PREFIX_PATH}:/home/evan/Documents/BRONE_audio_gaze_project/install/algo_gaze:/home/evan/Documents/BRONE_audio_gaze_project/install/brone_gaze:/opt/ros/humble /usr/bin/cmake --build /home/evan/Documents/BRONE_audio_gaze_project/build/op3_camera_setting_tool_msgs -- -j12 -l12
[24.614s] Invoking command in '/home/evan/Documents/BRONE_audio_gaze_project/build/op3_camera_setting_tool_msgs': CMAKE_PREFIX_PATH=${CMAKE_PREFIX_PATH}:/home/evan/Documents/BRONE_audio_gaze_project/install/algo_gaze:/home/evan/Documents/BRONE_audio_gaze_project/install/brone_gaze:/opt/ros/humble /usr/bin/cmake --install /home/evan/Documents/BRONE_audio_gaze_project/build/op3_camera_setting_tool_msgs
[25.535s] -- Install configuration: ""
[25.535s] -- Execute custom install script
[25.535s] -- Symlinking: /home/evan/Documents/BRONE_audio_gaze_project/install/op3_camera_setting_tool_msgs/share/ament_index/resource_index/rosidl_interfaces/op3_camera_setting_tool_msgs
[25.535s] -- Symlinking: /home/evan/Documents/BRONE_audio_gaze_project/install/op3_camera_setting_tool_msgs/include/op3_camera_setting_tool_msgs/op3_camera_setting_tool_msgs/msg/camera_params.h
[25.535s] -- Symlinking: /home/evan/Documents/BRONE_audio_gaze_project/install/op3_camera_setting_tool_msgs/include/op3_camera_setting_tool_msgs/op3_camera_setting_tool_msgs/msg/detail/camera_params__functions.h
[25.535s] -- Symlinking: /home/evan/Documents/BRONE_audio_gaze_project/install/op3_camera_setting_tool_msgs/include/op3_camera_setting_tool_msgs/op3_camera_setting_tool_msgs/msg/detail/camera_params__struct.h
[25.535s] -- Symlinking: /home/evan/Documents/BRONE_audio_gaze_project/install/op3_camera_setting_tool_msgs/include/op3_camera_setting_tool_msgs/op3_camera_setting_tool_msgs/msg/detail/camera_params__type_support.h
[25.539s] -- Symlinking: /home/evan/Documents/BRONE_audio_gaze_project/install/op3_camera_setting_tool_msgs/include/op3_camera_setting_tool_msgs/op3_camera_setting_tool_msgs/msg/detail/v4l_parameter__functions.h
[25.539s] -- Symlinking: /home/evan/Documents/BRONE_audio_gaze_project/install/op3_camera_setting_tool_msgs/include/op3_camera_setting_tool_msgs/op3_camera_setting_tool_msgs/msg/detail/v4l_parameter__struct.h
[25.539s] -- Symlinking: /home/evan/Documents/BRONE_audio_gaze_project/install/op3_camera_setting_tool_msgs/include/op3_camera_setting_tool_msgs/op3_camera_setting_tool_msgs/msg/detail/v4l_parameter__type_support.h
[25.539s] -- Symlinking: /home/evan/Documents/BRONE_audio_gaze_project/install/op3_camera_setting_tool_msgs/include/op3_camera_setting_tool_msgs/op3_camera_setting_tool_msgs/msg/detail/v4l_parameters__functions.h
[25.539s] -- Symlinking: /home/evan/Documents/BRONE_audio_gaze_project/install/op3_camera_setting_tool_msgs/include/op3_camera_setting_tool_msgs/op3_camera_setting_tool_msgs/msg/detail/v4l_parameters__struct.h
[25.539s] -- Symlinking: /home/evan/Documents/BRONE_audio_gaze_project/install/op3_camera_setting_tool_msgs/include/op3_camera_setting_tool_msgs/op3_camera_setting_tool_msgs/msg/detail/v4l_parameters__type_support.h
[25.539s] -- Symlinking: /home/evan/Documents/BRONE_audio_gaze_project/install/op3_camera_setting_tool_msgs/include/op3_camera_setting_tool_msgs/op3_camera_setting_tool_msgs/msg/rosidl_generator_c__visibility_control.h
[25.539s] -- Symlinking: /home/evan/Documents/BRONE_audio_gaze_project/install/op3_camera_setting_tool_msgs/include/op3_camera_setting_tool_msgs/op3_camera_setting_tool_msgs/msg/v4l_parameter.h
[25.540s] -- Symlinking: /home/evan/Documents/BRONE_audio_gaze_project/install/op3_camera_setting_tool_msgs/include/op3_camera_setting_tool_msgs/op3_camera_setting_tool_msgs/msg/v4l_parameters.h
[25.540s] -- Symlinking: /home/evan/Documents/BRONE_audio_gaze_project/install/op3_camera_setting_tool_msgs/include/op3_camera_setting_tool_msgs/op3_camera_setting_tool_msgs/srv/detail/get_parameters__functions.h
[25.540s] -- Symlinking: /home/evan/Documents/BRONE_audio_gaze_project/install/op3_camera_setting_tool_msgs/include/op3_camera_setting_tool_msgs/op3_camera_setting_tool_msgs/srv/detail/get_parameters__struct.h
[25.540s] -- Symlinking: /home/evan/Documents/BRONE_audio_gaze_project/install/op3_camera_setting_tool_msgs/include/op3_camera_setting_tool_msgs/op3_camera_setting_tool_msgs/srv/detail/get_parameters__type_support.h
[25.546s] -- Symlinking: /home/evan/Documents/BRONE_audio_gaze_project/install/op3_camera_setting_tool_msgs/include/op3_camera_setting_tool_msgs/op3_camera_setting_tool_msgs/srv/detail/set_parameters__functions.h
[25.546s] -- Symlinking: /home/evan/Documents/BRONE_audio_gaze_project/install/op3_camera_setting_tool_msgs/include/op3_camera_setting_tool_msgs/op3_camera_setting_tool_msgs/srv/detail/set_parameters__struct.h
[25.548s] -- Symlinking: /home/evan/Documents/BRONE_audio_gaze_project/install/op3_camera_setting_tool_msgs/include/op3_camera_setting_tool_msgs/op3_camera_setting_tool_msgs/srv/detail/set_parameters__type_support.h
[25.550s] -- Symlinking: /home/evan/Documents/BRONE_audio_gaze_project/install/op3_camera_setting_tool_msgs/include/op3_camera_setting_tool_msgs/op3_camera_setting_tool_msgs/srv/get_parameters.h
[25.550s] -- Symlinking: /home/evan/Documents/BRONE_audio_gaze_project/install/op3_camera_setting_tool_msgs/include/op3_camera_setting_tool_msgs/op3_camera_setting_tool_msgs/srv/set_parameters.h
[25.550s] -- Symlinking: /home/evan/Documents/BRONE_audio_gaze_project/install/op3_camera_setting_tool_msgs/share/op3_camera_setting_tool_msgs/environment/library_path.sh
[25.550s] -- Symlinking: /home/evan/Documents/BRONE_audio_gaze_project/install/op3_camera_setting_tool_msgs/share/op3_camera_setting_tool_msgs/environment/library_path.dsv
[25.551s] -- Symlinking: /home/evan/Documents/BRONE_audio_gaze_project/install/op3_camera_setting_tool_msgs/include/op3_camera_setting_tool_msgs/op3_camera_setting_tool_msgs/msg/detail/camera_params__rosidl_typesupport_fastrtps_c.h
[25.551s] -- Symlinking: /home/evan/Documents/BRONE_audio_gaze_project/install/op3_camera_setting_tool_msgs/include/op3_camera_setting_tool_msgs/op3_camera_setting_tool_msgs/msg/detail/v4l_parameter__rosidl_typesupport_fastrtps_c.h
[25.551s] -- Symlinking: /home/evan/Documents/BRONE_audio_gaze_project/install/op3_camera_setting_tool_msgs/include/op3_camera_setting_tool_msgs/op3_camera_setting_tool_msgs/msg/detail/v4l_parameters__rosidl_typesupport_fastrtps_c.h
[25.551s] -- Symlinking: /home/evan/Documents/BRONE_audio_gaze_project/install/op3_camera_setting_tool_msgs/include/op3_camera_setting_tool_msgs/op3_camera_setting_tool_msgs/msg/rosidl_typesupport_fastrtps_c__visibility_control.h
[25.551s] -- Symlinking: /home/evan/Documents/BRONE_audio_gaze_project/install/op3_camera_setting_tool_msgs/include/op3_camera_setting_tool_msgs/op3_camera_setting_tool_msgs/srv/detail/get_parameters__rosidl_typesupport_fastrtps_c.h
[25.551s] -- Symlinking: /home/evan/Documents/BRONE_audio_gaze_project/install/op3_camera_setting_tool_msgs/include/op3_camera_setting_tool_msgs/op3_camera_setting_tool_msgs/srv/detail/set_parameters__rosidl_typesupport_fastrtps_c.h
[25.551s] -- Symlinking: /home/evan/Documents/BRONE_audio_gaze_project/install/op3_camera_setting_tool_msgs/include/op3_camera_setting_tool_msgs/op3_camera_setting_tool_msgs/msg/camera_params.hpp
[25.551s] -- Symlinking: /home/evan/Documents/BRONE_audio_gaze_project/install/op3_camera_setting_tool_msgs/include/op3_camera_setting_tool_msgs/op3_camera_setting_tool_msgs/msg/detail/camera_params__builder.hpp
[25.551s] -- Symlinking: /home/evan/Documents/BRONE_audio_gaze_project/install/op3_camera_setting_tool_msgs/include/op3_camera_setting_tool_msgs/op3_camera_setting_tool_msgs/msg/detail/camera_params__struct.hpp
[25.551s] -- Symlinking: /home/evan/Documents/BRONE_audio_gaze_project/install/op3_camera_setting_tool_msgs/include/op3_camera_setting_tool_msgs/op3_camera_setting_tool_msgs/msg/detail/camera_params__traits.hpp
[25.551s] -- Symlinking: /home/evan/Documents/BRONE_audio_gaze_project/install/op3_camera_setting_tool_msgs/include/op3_camera_setting_tool_msgs/op3_camera_setting_tool_msgs/msg/detail/camera_params__type_support.hpp
[25.552s] -- Symlinking: /home/evan/Documents/BRONE_audio_gaze_project/install/op3_camera_setting_tool_msgs/include/op3_camera_setting_tool_msgs/op3_camera_setting_tool_msgs/msg/detail/v4l_parameter__builder.hpp
[25.552s] -- Symlinking: /home/evan/Documents/BRONE_audio_gaze_project/install/op3_camera_setting_tool_msgs/include/op3_camera_setting_tool_msgs/op3_camera_setting_tool_msgs/msg/detail/v4l_parameter__struct.hpp
[25.552s] -- Symlinking: /home/evan/Documents/BRONE_audio_gaze_project/install/op3_camera_setting_tool_msgs/include/op3_camera_setting_tool_msgs/op3_camera_setting_tool_msgs/msg/detail/v4l_parameter__traits.hpp
[25.552s] -- Symlinking: /home/evan/Documents/BRONE_audio_gaze_project/install/op3_camera_setting_tool_msgs/include/op3_camera_setting_tool_msgs/op3_camera_setting_tool_msgs/msg/detail/v4l_parameter__type_support.hpp
[25.552s] -- Symlinking: /home/evan/Documents/BRONE_audio_gaze_project/install/op3_camera_setting_tool_msgs/include/op3_camera_setting_tool_msgs/op3_camera_setting_tool_msgs/msg/detail/v4l_parameters__builder.hpp
[25.552s] -- Symlinking: /home/evan/Documents/BRONE_audio_gaze_project/install/op3_camera_setting_tool_msgs/include/op3_camera_setting_tool_msgs/op3_camera_setting_tool_msgs/msg/detail/v4l_parameters__struct.hpp
[25.552s] -- Symlinking: /home/evan/Documents/BRONE_audio_gaze_project/install/op3_camera_setting_tool_msgs/include/op3_camera_setting_tool_msgs/op3_camera_setting_tool_msgs/msg/detail/v4l_parameters__traits.hpp
[25.552s] -- Symlinking: /home/evan/Documents/BRONE_audio_gaze_project/install/op3_camera_setting_tool_msgs/include/op3_camera_setting_tool_msgs/op3_camera_setting_tool_msgs/msg/detail/v4l_parameters__type_support.hpp
[25.552s] -- Symlinking: /home/evan/Documents/BRONE_audio_gaze_project/install/op3_camera_setting_tool_msgs/include/op3_camera_setting_tool_msgs/op3_camera_setting_tool_msgs/msg/rosidl_generator_cpp__visibility_control.hpp
[25.552s] -- Symlinking: /home/evan/Documents/BRONE_audio_gaze_project/install/op3_camera_setting_tool_msgs/include/op3_camera_setting_tool_msgs/op3_camera_setting_tool_msgs/msg/v4l_parameter.hpp
[25.552s] -- Symlinking: /home/evan/Documents/BRONE_audio_gaze_project/install/op3_camera_setting_tool_msgs/include/op3_camera_setting_tool_msgs/op3_camera_setting_tool_msgs/msg/v4l_parameters.hpp
[25.552s] -- Symlinking: /home/evan/Documents/BRONE_audio_gaze_project/install/op3_camera_setting_tool_msgs/include/op3_camera_setting_tool_msgs/op3_camera_setting_tool_msgs/srv/detail/get_parameters__builder.hpp
[25.553s] -- Symlinking: /home/evan/Documents/BRONE_audio_gaze_project/install/op3_camera_setting_tool_msgs/include/op3_camera_setting_tool_msgs/op3_camera_setting_tool_msgs/srv/detail/get_parameters__struct.hpp
[25.553s] -- Symlinking: /home/evan/Documents/BRONE_audio_gaze_project/install/op3_camera_setting_tool_msgs/include/op3_camera_setting_tool_msgs/op3_camera_setting_tool_msgs/srv/detail/get_parameters__traits.hpp
[25.553s] -- Symlinking: /home/evan/Documents/BRONE_audio_gaze_project/install/op3_camera_setting_tool_msgs/include/op3_camera_setting_tool_msgs/op3_camera_setting_tool_msgs/srv/detail/get_parameters__type_support.hpp
[25.553s] -- Symlinking: /home/evan/Documents/BRONE_audio_gaze_project/install/op3_camera_setting_tool_msgs/include/op3_camera_setting_tool_msgs/op3_camera_setting_tool_msgs/srv/detail/set_parameters__builder.hpp
[25.553s] -- Symlinking: /home/evan/Documents/BRONE_audio_gaze_project/install/op3_camera_setting_tool_msgs/include/op3_camera_setting_tool_msgs/op3_camera_setting_tool_msgs/srv/detail/set_parameters__struct.hpp
[25.553s] -- Symlinking: /home/evan/Documents/BRONE_audio_gaze_project/install/op3_camera_setting_tool_msgs/include/op3_camera_setting_tool_msgs/op3_camera_setting_tool_msgs/srv/detail/set_parameters__traits.hpp
[25.553s] -- Symlinking: /home/evan/Documents/BRONE_audio_gaze_project/install/op3_camera_setting_tool_msgs/include/op3_camera_setting_tool_msgs/op3_camera_setting_tool_msgs/srv/detail/set_parameters__type_support.hpp
[25.559s] -- Symlinking: /home/evan/Documents/BRONE_audio_gaze_project/install/op3_camera_setting_tool_msgs/include/op3_camera_setting_tool_msgs/op3_camera_setting_tool_msgs/srv/get_parameters.hpp
[25.562s] -- Symlinking: /home/evan/Documents/BRONE_audio_gaze_project/install/op3_camera_setting_tool_msgs/include/op3_camera_setting_tool_msgs/op3_camera_setting_tool_msgs/srv/set_parameters.hpp
[25.562s] -- Symlinking: /home/evan/Documents/BRONE_audio_gaze_project/install/op3_camera_setting_tool_msgs/include/op3_camera_setting_tool_msgs/op3_camera_setting_tool_msgs/msg/detail/camera_params__rosidl_typesupport_fastrtps_cpp.hpp
[25.562s] -- Symlinking: /home/evan/Documents/BRONE_audio_gaze_project/install/op3_camera_setting_tool_msgs/include/op3_camera_setting_tool_msgs/op3_camera_setting_tool_msgs/msg/detail/v4l_parameter__rosidl_typesupport_fastrtps_cpp.hpp
[25.563s] -- Symlinking: /home/evan/Documents/BRONE_audio_gaze_project/install/op3_camera_setting_tool_msgs/include/op3_camera_setting_tool_msgs/op3_camera_setting_tool_msgs/msg/detail/v4l_parameters__rosidl_typesupport_fastrtps_cpp.hpp
[25.563s] -- Symlinking: /home/evan/Documents/BRONE_audio_gaze_project/install/op3_camera_setting_tool_msgs/include/op3_camera_setting_tool_msgs/op3_camera_setting_tool_msgs/msg/rosidl_typesupport_fastrtps_cpp__visibility_control.h
[25.563s] -- Symlinking: /home/evan/Documents/BRONE_audio_gaze_project/install/op3_camera_setting_tool_msgs/include/op3_camera_setting_tool_msgs/op3_camera_setting_tool_msgs/srv/detail/get_parameters__rosidl_typesupport_fastrtps_cpp.hpp
[25.563s] -- Symlinking: /home/evan/Documents/BRONE_audio_gaze_project/install/op3_camera_setting_tool_msgs/include/op3_camera_setting_tool_msgs/op3_camera_setting_tool_msgs/srv/detail/set_parameters__rosidl_typesupport_fastrtps_cpp.hpp
[25.563s] -- Symlinking: /home/evan/Documents/BRONE_audio_gaze_project/install/op3_camera_setting_tool_msgs/include/op3_camera_setting_tool_msgs/op3_camera_setting_tool_msgs/msg/detail/camera_params__rosidl_typesupport_introspection_c.h
[25.564s] -- Symlinking: /home/evan/Documents/BRONE_audio_gaze_project/install/op3_camera_setting_tool_msgs/include/op3_camera_setting_tool_msgs/op3_camera_setting_tool_msgs/msg/detail/v4l_parameter__rosidl_typesupport_introspection_c.h
[25.564s] -- Symlinking: /home/evan/Documents/BRONE_audio_gaze_project/install/op3_camera_setting_tool_msgs/include/op3_camera_setting_tool_msgs/op3_camera_setting_tool_msgs/msg/detail/v4l_parameters__rosidl_typesupport_introspection_c.h
[25.564s] -- Symlinking: /home/evan/Documents/BRONE_audio_gaze_project/install/op3_camera_setting_tool_msgs/include/op3_camera_setting_tool_msgs/op3_camera_setting_tool_msgs/msg/rosidl_typesupport_introspection_c__visibility_control.h
[25.564s] -- Symlinking: /home/evan/Documents/BRONE_audio_gaze_project/install/op3_camera_setting_tool_msgs/include/op3_camera_setting_tool_msgs/op3_camera_setting_tool_msgs/srv/detail/get_parameters__rosidl_typesupport_introspection_c.h
[25.564s] -- Symlinking: /home/evan/Documents/BRONE_audio_gaze_project/install/op3_camera_setting_tool_msgs/include/op3_camera_setting_tool_msgs/op3_camera_setting_tool_msgs/srv/detail/set_parameters__rosidl_typesupport_introspection_c.h
[25.564s] -- Symlinking: /home/evan/Documents/BRONE_audio_gaze_project/install/op3_camera_setting_tool_msgs/include/op3_camera_setting_tool_msgs/op3_camera_setting_tool_msgs/msg/detail/camera_params__rosidl_typesupport_introspection_cpp.hpp
[25.564s] -- Symlinking: /home/evan/Documents/BRONE_audio_gaze_project/install/op3_camera_setting_tool_msgs/include/op3_camera_setting_tool_msgs/op3_camera_setting_tool_msgs/msg/detail/v4l_parameter__rosidl_typesupport_introspection_cpp.hpp
[25.564s] -- Symlinking: /home/evan/Documents/BRONE_audio_gaze_project/install/op3_camera_setting_tool_msgs/include/op3_camera_setting_tool_msgs/op3_camera_setting_tool_msgs/msg/detail/v4l_parameters__rosidl_typesupport_introspection_cpp.hpp
[25.564s] -- Symlinking: /home/evan/Documents/BRONE_audio_gaze_project/install/op3_camera_setting_tool_msgs/include/op3_camera_setting_tool_msgs/op3_camera_setting_tool_msgs/srv/detail/get_parameters__rosidl_typesupport_introspection_cpp.hpp
[25.564s] -- Symlinking: /home/evan/Documents/BRONE_audio_gaze_project/install/op3_camera_setting_tool_msgs/include/op3_camera_setting_tool_msgs/op3_camera_setting_tool_msgs/srv/detail/set_parameters__rosidl_typesupport_introspection_cpp.hpp
[25.564s] -- Symlinking: /home/evan/Documents/BRONE_audio_gaze_project/install/op3_camera_setting_tool_msgs/share/op3_camera_setting_tool_msgs/environment/pythonpath.sh
[25.565s] -- Symlinking: /home/evan/Documents/BRONE_audio_gaze_project/install/op3_camera_setting_tool_msgs/share/op3_camera_setting_tool_msgs/environment/pythonpath.dsv
[25.565s] -- Symlinking: /home/evan/Documents/BRONE_audio_gaze_project/install/op3_camera_setting_tool_msgs/local/lib/python3.10/dist-packages/op3_camera_setting_tool_msgs-0.1.0-py3.10.egg-info/PKG-INFO
[25.566s] -- Symlinking: /home/evan/Documents/BRONE_audio_gaze_project/install/op3_camera_setting_tool_msgs/local/lib/python3.10/dist-packages/op3_camera_setting_tool_msgs-0.1.0-py3.10.egg-info/SOURCES.txt
[25.573s] -- Symlinking: /home/evan/Documents/BRONE_audio_gaze_project/install/op3_camera_setting_tool_msgs/local/lib/python3.10/dist-packages/op3_camera_setting_tool_msgs-0.1.0-py3.10.egg-info/dependency_links.txt
[25.578s] -- Symlinking: /home/evan/Documents/BRONE_audio_gaze_project/install/op3_camera_setting_tool_msgs/local/lib/python3.10/dist-packages/op3_camera_setting_tool_msgs-0.1.0-py3.10.egg-info/top_level.txt
[25.578s] -- Symlinking: /home/evan/Documents/BRONE_audio_gaze_project/install/op3_camera_setting_tool_msgs/local/lib/python3.10/dist-packages/op3_camera_setting_tool_msgs/__init__.py
[25.580s] -- Symlinking: /home/evan/Documents/BRONE_audio_gaze_project/install/op3_camera_setting_tool_msgs/local/lib/python3.10/dist-packages/op3_camera_setting_tool_msgs/_op3_camera_setting_tool_msgs_s.ep.rosidl_typesupport_c.c
[25.592s] -- Symlinking: /home/evan/Documents/BRONE_audio_gaze_project/install/op3_camera_setting_tool_msgs/local/lib/python3.10/dist-packages/op3_camera_setting_tool_msgs/_op3_camera_setting_tool_msgs_s.ep.rosidl_typesupport_fastrtps_c.c
[25.603s] -- Symlinking: /home/evan/Documents/BRONE_audio_gaze_project/install/op3_camera_setting_tool_msgs/local/lib/python3.10/dist-packages/op3_camera_setting_tool_msgs/_op3_camera_setting_tool_msgs_s.ep.rosidl_typesupport_introspection_c.c
[25.618s] -- Symlinking: /home/evan/Documents/BRONE_audio_gaze_project/install/op3_camera_setting_tool_msgs/local/lib/python3.10/dist-packages/op3_camera_setting_tool_msgs/libop3_camera_setting_tool_msgs__rosidl_generator_py.so
[25.628s] -- Symlinking: /home/evan/Documents/BRONE_audio_gaze_project/install/op3_camera_setting_tool_msgs/local/lib/python3.10/dist-packages/op3_camera_setting_tool_msgs/msg/__init__.py
[25.639s] -- Symlinking: /home/evan/Documents/BRONE_audio_gaze_project/install/op3_camera_setting_tool_msgs/local/lib/python3.10/dist-packages/op3_camera_setting_tool_msgs/msg/_camera_params.py
[25.651s] -- Symlinking: /home/evan/Documents/BRONE_audio_gaze_project/install/op3_camera_setting_tool_msgs/local/lib/python3.10/dist-packages/op3_camera_setting_tool_msgs/msg/_camera_params_s.c
[25.663s] -- Symlinking: /home/evan/Documents/BRONE_audio_gaze_project/install/op3_camera_setting_tool_msgs/local/lib/python3.10/dist-packages/op3_camera_setting_tool_msgs/msg/_v4l_parameter.py
[25.683s] -- Symlinking: /home/evan/Documents/BRONE_audio_gaze_project/install/op3_camera_setting_tool_msgs/local/lib/python3.10/dist-packages/op3_camera_setting_tool_msgs/msg/_v4l_parameter_s.c
[25.693s] -- Symlinking: /home/evan/Documents/BRONE_audio_gaze_project/install/op3_camera_setting_tool_msgs/local/lib/python3.10/dist-packages/op3_camera_setting_tool_msgs/msg/_v4l_parameters.py
[25.706s] -- Symlinking: /home/evan/Documents/BRONE_audio_gaze_project/install/op3_camera_setting_tool_msgs/local/lib/python3.10/dist-packages/op3_camera_setting_tool_msgs/msg/_v4l_parameters_s.c
[25.718s] -- Symlinking: /home/evan/Documents/BRONE_audio_gaze_project/install/op3_camera_setting_tool_msgs/local/lib/python3.10/dist-packages/op3_camera_setting_tool_msgs/op3_camera_setting_tool_msgs_s__rosidl_typesupport_c.cpython-310-x86_64-linux-gnu.so
[25.731s] -- Symlinking: /home/evan/Documents/BRONE_audio_gaze_project/install/op3_camera_setting_tool_msgs/local/lib/python3.10/dist-packages/op3_camera_setting_tool_msgs/op3_camera_setting_tool_msgs_s__rosidl_typesupport_fastrtps_c.cpython-310-x86_64-linux-gnu.so
[25.742s] -- Symlinking: /home/evan/Documents/BRONE_audio_gaze_project/install/op3_camera_setting_tool_msgs/local/lib/python3.10/dist-packages/op3_camera_setting_tool_msgs/op3_camera_setting_tool_msgs_s__rosidl_typesupport_introspection_c.cpython-310-x86_64-linux-gnu.so
[25.752s] -- Symlinking: /home/evan/Documents/BRONE_audio_gaze_project/install/op3_camera_setting_tool_msgs/local/lib/python3.10/dist-packages/op3_camera_setting_tool_msgs/srv/__init__.py
[25.768s] -- Symlinking: /home/evan/Documents/BRONE_audio_gaze_project/install/op3_camera_setting_tool_msgs/local/lib/python3.10/dist-packages/op3_camera_setting_tool_msgs/srv/_get_parameters.py
[25.779s] -- Symlinking: /home/evan/Documents/BRONE_audio_gaze_project/install/op3_camera_setting_tool_msgs/local/lib/python3.10/dist-packages/op3_camera_setting_tool_msgs/srv/_get_parameters_s.c
[25.805s] -- Symlinking: /home/evan/Documents/BRONE_audio_gaze_project/install/op3_camera_setting_tool_msgs/local/lib/python3.10/dist-packages/op3_camera_setting_tool_msgs/srv/_set_parameters.py
[25.806s] -- Symlinking: /home/evan/Documents/BRONE_audio_gaze_project/install/op3_camera_setting_tool_msgs/local/lib/python3.10/dist-packages/op3_camera_setting_tool_msgs/srv/_set_parameters_s.c
[25.813s] -- Up-to-date symlink: /home/evan/Documents/BRONE_audio_gaze_project/install/op3_camera_setting_tool_msgs/local/lib/python3.10/dist-packages/op3_camera_setting_tool_msgs/op3_camera_setting_tool_msgs_s__rosidl_typesupport_fastrtps_c.cpython-310-x86_64-linux-gnu.so
[25.813s] -- Up-to-date symlink: /home/evan/Documents/BRONE_audio_gaze_project/install/op3_camera_setting_tool_msgs/local/lib/python3.10/dist-packages/op3_camera_setting_tool_msgs/op3_camera_setting_tool_msgs_s__rosidl_typesupport_introspection_c.cpython-310-x86_64-linux-gnu.so
[25.813s] -- Up-to-date symlink: /home/evan/Documents/BRONE_audio_gaze_project/install/op3_camera_setting_tool_msgs/local/lib/python3.10/dist-packages/op3_camera_setting_tool_msgs/op3_camera_setting_tool_msgs_s__rosidl_typesupport_c.cpython-310-x86_64-linux-gnu.so
[25.815s] -- Symlinking: /home/evan/Documents/BRONE_audio_gaze_project/install/op3_camera_setting_tool_msgs/share/ament_index/resource_index/rust_packages/op3_camera_setting_tool_msgs
[25.827s] -- Symlinking: /home/evan/Documents/BRONE_audio_gaze_project/install/op3_camera_setting_tool_msgs/share/op3_camera_setting_tool_msgs/rust/Cargo.toml
[25.840s] -- Symlinking: /home/evan/Documents/BRONE_audio_gaze_project/install/op3_camera_setting_tool_msgs/share/op3_camera_setting_tool_msgs/rust/build.rs
[25.855s] -- Symlinking: /home/evan/Documents/BRONE_audio_gaze_project/install/op3_camera_setting_tool_msgs/share/op3_camera_setting_tool_msgs/rust/src/lib.rs
[25.865s] -- Symlinking: /home/evan/Documents/BRONE_audio_gaze_project/install/op3_camera_setting_tool_msgs/share/op3_camera_setting_tool_msgs/rust/src/msg.rs
[25.876s] -- Symlinking: /home/evan/Documents/BRONE_audio_gaze_project/install/op3_camera_setting_tool_msgs/share/op3_camera_setting_tool_msgs/rust/src/msg/rmw.rs
[25.885s] -- Symlinking: /home/evan/Documents/BRONE_audio_gaze_project/install/op3_camera_setting_tool_msgs/share/op3_camera_setting_tool_msgs/rust/src/srv.rs
[25.893s] -- Symlinking: /home/evan/Documents/BRONE_audio_gaze_project/install/op3_camera_setting_tool_msgs/share/op3_camera_setting_tool_msgs/rust/src/srv/rmw.rs
[25.902s] -- Symlinking: /home/evan/Documents/BRONE_audio_gaze_project/install/op3_camera_setting_tool_msgs/share/op3_camera_setting_tool_msgs/msg/CameraParams.idl
[25.913s] -- Symlinking: /home/evan/Documents/BRONE_audio_gaze_project/install/op3_camera_setting_tool_msgs/share/op3_camera_setting_tool_msgs/msg/V4lParameter.idl
[25.922s] -- Symlinking: /home/evan/Documents/BRONE_audio_gaze_project/install/op3_camera_setting_tool_msgs/share/op3_camera_setting_tool_msgs/msg/V4lParameters.idl
[25.936s] -- Symlinking: /home/evan/Documents/BRONE_audio_gaze_project/install/op3_camera_setting_tool_msgs/share/op3_camera_setting_tool_msgs/srv/GetParameters.idl
[25.944s] -- Symlinking: /home/evan/Documents/BRONE_audio_gaze_project/install/op3_camera_setting_tool_msgs/share/op3_camera_setting_tool_msgs/srv/SetParameters.idl
[25.955s] -- Symlinking: /home/evan/Documents/BRONE_audio_gaze_project/install/op3_camera_setting_tool_msgs/share/op3_camera_setting_tool_msgs/msg/CameraParams.msg
[25.965s] -- Symlinking: /home/evan/Documents/BRONE_audio_gaze_project/install/op3_camera_setting_tool_msgs/share/op3_camera_setting_tool_msgs/msg/V4lParameter.msg
[25.982s] -- Symlinking: /home/evan/Documents/BRONE_audio_gaze_project/install/op3_camera_setting_tool_msgs/share/op3_camera_setting_tool_msgs/msg/V4lParameters.msg
[25.992s] -- Symlinking: /home/evan/Documents/BRONE_audio_gaze_project/install/op3_camera_setting_tool_msgs/share/op3_camera_setting_tool_msgs/srv/GetParameters.srv
[26.006s] -- Symlinking: /home/evan/Documents/BRONE_audio_gaze_project/install/op3_camera_setting_tool_msgs/share/op3_camera_setting_tool_msgs/srv/GetParameters_Request.msg
[26.016s] -- Symlinking: /home/evan/Documents/BRONE_audio_gaze_project/install/op3_camera_setting_tool_msgs/share/op3_camera_setting_tool_msgs/srv/GetParameters_Response.msg
[26.027s] -- Symlinking: /home/evan/Documents/BRONE_audio_gaze_project/install/op3_camera_setting_tool_msgs/share/op3_camera_setting_tool_msgs/srv/SetParameters.srv
[26.038s] -- Symlinking: /home/evan/Documents/BRONE_audio_gaze_project/install/op3_camera_setting_tool_msgs/share/op3_camera_setting_tool_msgs/srv/SetParameters_Request.msg
[26.055s] -- Symlinking: /home/evan/Documents/BRONE_audio_gaze_project/install/op3_camera_setting_tool_msgs/share/op3_camera_setting_tool_msgs/srv/SetParameters_Response.msg
[26.070s] -- Symlinking: /home/evan/Documents/BRONE_audio_gaze_project/install/op3_camera_setting_tool_msgs/share/ament_index/resource_index/package_run_dependencies/op3_camera_setting_tool_msgs
[26.080s] -- Symlinking: /home/evan/Documents/BRONE_audio_gaze_project/install/op3_camera_setting_tool_msgs/share/ament_index/resource_index/parent_prefix_path/op3_camera_setting_tool_msgs
[26.091s] -- Symlinking: /home/evan/Documents/BRONE_audio_gaze_project/install/op3_camera_setting_tool_msgs/share/op3_camera_setting_tool_msgs/environment/ament_prefix_path.sh
[26.101s] -- Symlinking: /home/evan/Documents/BRONE_audio_gaze_project/install/op3_camera_setting_tool_msgs/share/op3_camera_setting_tool_msgs/environment/ament_prefix_path.dsv
[26.111s] -- Symlinking: /home/evan/Documents/BRONE_audio_gaze_project/install/op3_camera_setting_tool_msgs/share/op3_camera_setting_tool_msgs/environment/path.sh
[26.122s] -- Symlinking: /home/evan/Documents/BRONE_audio_gaze_project/install/op3_camera_setting_tool_msgs/share/op3_camera_setting_tool_msgs/environment/path.dsv
[26.141s] -- Symlinking: /home/evan/Documents/BRONE_audio_gaze_project/install/op3_camera_setting_tool_msgs/share/op3_camera_setting_tool_msgs/local_setup.bash
[26.150s] -- Symlinking: /home/evan/Documents/BRONE_audio_gaze_project/install/op3_camera_setting_tool_msgs/share/op3_camera_setting_tool_msgs/local_setup.sh
[26.157s] -- Symlinking: /home/evan/Documents/BRONE_audio_gaze_project/install/op3_camera_setting_tool_msgs/share/op3_camera_setting_tool_msgs/local_setup.zsh
[26.164s] -- Symlinking: /home/evan/Documents/BRONE_audio_gaze_project/install/op3_camera_setting_tool_msgs/share/op3_camera_setting_tool_msgs/local_setup.dsv
[26.179s] -- Symlinking: /home/evan/Documents/BRONE_audio_gaze_project/install/op3_camera_setting_tool_msgs/share/op3_camera_setting_tool_msgs/package.dsv
[26.190s] -- Symlinking: /home/evan/Documents/BRONE_audio_gaze_project/install/op3_camera_setting_tool_msgs/share/ament_index/resource_index/packages/op3_camera_setting_tool_msgs
[26.200s] -- Symlinking: /home/evan/Documents/BRONE_audio_gaze_project/install/op3_camera_setting_tool_msgs/share/op3_camera_setting_tool_msgs/cmake/rosidl_cmake-extras.cmake
[26.211s] -- Symlinking: /home/evan/Documents/BRONE_audio_gaze_project/install/op3_camera_setting_tool_msgs/share/op3_camera_setting_tool_msgs/cmake/ament_cmake_export_dependencies-extras.cmake
[26.221s] -- Symlinking: /home/evan/Documents/BRONE_audio_gaze_project/install/op3_camera_setting_tool_msgs/share/op3_camera_setting_tool_msgs/cmake/ament_cmake_export_include_directories-extras.cmake
[26.237s] -- Symlinking: /home/evan/Documents/BRONE_audio_gaze_project/install/op3_camera_setting_tool_msgs/share/op3_camera_setting_tool_msgs/cmake/ament_cmake_export_libraries-extras.cmake
[26.247s] -- Symlinking: /home/evan/Documents/BRONE_audio_gaze_project/install/op3_camera_setting_tool_msgs/share/op3_camera_setting_tool_msgs/cmake/ament_cmake_export_targets-extras.cmake
[26.259s] -- Symlinking: /home/evan/Documents/BRONE_audio_gaze_project/install/op3_camera_setting_tool_msgs/share/op3_camera_setting_tool_msgs/cmake/rosidl_cmake_export_typesupport_targets-extras.cmake
[26.271s] -- Symlinking: /home/evan/Documents/BRONE_audio_gaze_project/install/op3_camera_setting_tool_msgs/share/op3_camera_setting_tool_msgs/cmake/rosidl_cmake_export_typesupport_libraries-extras.cmake
[26.283s] -- Symlinking: /home/evan/Documents/BRONE_audio_gaze_project/install/op3_camera_setting_tool_msgs/share/op3_camera_setting_tool_msgs/cmake/op3_camera_setting_tool_msgsConfig.cmake
[26.297s] -- Symlinking: /home/evan/Documents/BRONE_audio_gaze_project/install/op3_camera_setting_tool_msgs/share/op3_camera_setting_tool_msgs/cmake/op3_camera_setting_tool_msgsConfig-version.cmake
[26.309s] -- Symlinking: /home/evan/Documents/BRONE_audio_gaze_project/install/op3_camera_setting_tool_msgs/share/op3_camera_setting_tool_msgs/package.xml
[26.321s] -- Installing: /home/evan/Documents/BRONE_audio_gaze_project/install/op3_camera_setting_tool_msgs/lib/libop3_camera_setting_tool_msgs__rosidl_generator_c.so
[26.322s] -- Set runtime path of "/home/evan/Documents/BRONE_audio_gaze_project/install/op3_camera_setting_tool_msgs/lib/libop3_camera_setting_tool_msgs__rosidl_generator_c.so" to ""
[26.322s] -- Installing: /home/evan/Documents/BRONE_audio_gaze_project/install/op3_camera_setting_tool_msgs/lib/libop3_camera_setting_tool_msgs__rosidl_typesupport_fastrtps_c.so
[26.322s] -- Set runtime path of "/home/evan/Documents/BRONE_audio_gaze_project/install/op3_camera_setting_tool_msgs/lib/libop3_camera_setting_tool_msgs__rosidl_typesupport_fastrtps_c.so" to ""
[26.323s] -- Installing: /home/evan/Documents/BRONE_audio_gaze_project/install/op3_camera_setting_tool_msgs/lib/libop3_camera_setting_tool_msgs__rosidl_typesupport_fastrtps_cpp.so
[26.323s] -- Set runtime path of "/home/evan/Documents/BRONE_audio_gaze_project/install/op3_camera_setting_tool_msgs/lib/libop3_camera_setting_tool_msgs__rosidl_typesupport_fastrtps_cpp.so" to ""
[26.324s] -- Installing: /home/evan/Documents/BRONE_audio_gaze_project/install/op3_camera_setting_tool_msgs/lib/libop3_camera_setting_tool_msgs__rosidl_typesupport_introspection_c.so
[26.324s] -- Set runtime path of "/home/evan/Documents/BRONE_audio_gaze_project/install/op3_camera_setting_tool_msgs/lib/libop3_camera_setting_tool_msgs__rosidl_typesupport_introspection_c.so" to ""
[26.324s] -- Installing: /home/evan/Documents/BRONE_audio_gaze_project/install/op3_camera_setting_tool_msgs/lib/libop3_camera_setting_tool_msgs__rosidl_typesupport_c.so
[26.325s] -- Set runtime path of "/home/evan/Documents/BRONE_audio_gaze_project/install/op3_camera_setting_tool_msgs/lib/libop3_camera_setting_tool_msgs__rosidl_typesupport_c.so" to ""
[26.325s] -- Installing: /home/evan/Documents/BRONE_audio_gaze_project/install/op3_camera_setting_tool_msgs/lib/libop3_camera_setting_tool_msgs__rosidl_typesupport_introspection_cpp.so
[26.325s] -- Set runtime path of "/home/evan/Documents/BRONE_audio_gaze_project/install/op3_camera_setting_tool_msgs/lib/libop3_camera_setting_tool_msgs__rosidl_typesupport_introspection_cpp.so" to ""
[26.325s] -- Installing: /home/evan/Documents/BRONE_audio_gaze_project/install/op3_camera_setting_tool_msgs/lib/libop3_camera_setting_tool_msgs__rosidl_typesupport_cpp.so
[26.325s] -- Set runtime path of "/home/evan/Documents/BRONE_audio_gaze_project/install/op3_camera_setting_tool_msgs/lib/libop3_camera_setting_tool_msgs__rosidl_typesupport_cpp.so" to ""
[26.379s] Listing '/home/evan/Documents/BRONE_audio_gaze_project/install/op3_camera_setting_tool_msgs/local/lib/python3.10/dist-packages/op3_camera_setting_tool_msgs'...
[26.379s] Compiling '/home/evan/Documents/BRONE_audio_gaze_project/install/op3_camera_setting_tool_msgs/local/lib/python3.10/dist-packages/op3_camera_setting_tool_msgs/__init__.py'...
[26.379s] Listing '/home/evan/Documents/BRONE_audio_gaze_project/install/op3_camera_setting_tool_msgs/local/lib/python3.10/dist-packages/op3_camera_setting_tool_msgs/msg'...
[26.379s] Compiling '/home/evan/Documents/BRONE_audio_gaze_project/install/op3_camera_setting_tool_msgs/local/lib/python3.10/dist-packages/op3_camera_setting_tool_msgs/msg/__init__.py'...
[26.379s] Compiling '/home/evan/Documents/BRONE_audio_gaze_project/install/op3_camera_setting_tool_msgs/local/lib/python3.10/dist-packages/op3_camera_setting_tool_msgs/msg/_camera_params.py'...
[26.380s] Compiling '/home/evan/Documents/BRONE_audio_gaze_project/install/op3_camera_setting_tool_msgs/local/lib/python3.10/dist-packages/op3_camera_setting_tool_msgs/msg/_v4l_parameter.py'...
[26.380s] Compiling '/home/evan/Documents/BRONE_audio_gaze_project/install/op3_camera_setting_tool_msgs/local/lib/python3.10/dist-packages/op3_camera_setting_tool_msgs/msg/_v4l_parameters.py'...
[26.380s] Listing '/home/evan/Documents/BRONE_audio_gaze_project/install/op3_camera_setting_tool_msgs/local/lib/python3.10/dist-packages/op3_camera_setting_tool_msgs/srv'...
[26.380s] Compiling '/home/evan/Documents/BRONE_audio_gaze_project/install/op3_camera_setting_tool_msgs/local/lib/python3.10/dist-packages/op3_camera_setting_tool_msgs/srv/__init__.py'...
[26.380s] Compiling '/home/evan/Documents/BRONE_audio_gaze_project/install/op3_camera_setting_tool_msgs/local/lib/python3.10/dist-packages/op3_camera_setting_tool_msgs/srv/_get_parameters.py'...
[26.380s] Compiling '/home/evan/Documents/BRONE_audio_gaze_project/install/op3_camera_setting_tool_msgs/local/lib/python3.10/dist-packages/op3_camera_setting_tool_msgs/srv/_set_parameters.py'...
[26.387s] -- Installing: /home/evan/Documents/BRONE_audio_gaze_project/install/op3_camera_setting_tool_msgs/lib/libop3_camera_setting_tool_msgs__rosidl_generator_py.so
[26.387s] -- Set runtime path of "/home/evan/Documents/BRONE_audio_gaze_project/install/op3_camera_setting_tool_msgs/lib/libop3_camera_setting_tool_msgs__rosidl_generator_py.so" to ""
[26.387s] -- Installing: /home/evan/Documents/BRONE_audio_gaze_project/install/op3_camera_setting_tool_msgs/share/op3_camera_setting_tool_msgs/cmake/export_op3_camera_setting_tool_msgs__rosidl_generator_cExport.cmake
[26.394s] -- Installing: /home/evan/Documents/BRONE_audio_gaze_project/install/op3_camera_setting_tool_msgs/share/op3_camera_setting_tool_msgs/cmake/export_op3_camera_setting_tool_msgs__rosidl_generator_cExport-noconfig.cmake
[26.394s] -- Installing: /home/evan/Documents/BRONE_audio_gaze_project/install/op3_camera_setting_tool_msgs/share/op3_camera_setting_tool_msgs/cmake/export_op3_camera_setting_tool_msgs__rosidl_typesupport_fastrtps_cExport.cmake
[26.394s] -- Installing: /home/evan/Documents/BRONE_audio_gaze_project/install/op3_camera_setting_tool_msgs/share/op3_camera_setting_tool_msgs/cmake/export_op3_camera_setting_tool_msgs__rosidl_typesupport_fastrtps_cExport-noconfig.cmake
[26.394s] -- Installing: /home/evan/Documents/BRONE_audio_gaze_project/install/op3_camera_setting_tool_msgs/share/op3_camera_setting_tool_msgs/cmake/export_op3_camera_setting_tool_msgs__rosidl_generator_cppExport.cmake
[26.394s] -- Installing: /home/evan/Documents/BRONE_audio_gaze_project/install/op3_camera_setting_tool_msgs/share/op3_camera_setting_tool_msgs/cmake/export_op3_camera_setting_tool_msgs__rosidl_typesupport_fastrtps_cppExport.cmake
[26.394s] -- Installing: /home/evan/Documents/BRONE_audio_gaze_project/install/op3_camera_setting_tool_msgs/share/op3_camera_setting_tool_msgs/cmake/export_op3_camera_setting_tool_msgs__rosidl_typesupport_fastrtps_cppExport-noconfig.cmake
[26.394s] -- Installing: /home/evan/Documents/BRONE_audio_gaze_project/install/op3_camera_setting_tool_msgs/share/op3_camera_setting_tool_msgs/cmake/op3_camera_setting_tool_msgs__rosidl_typesupport_introspection_cExport.cmake
[26.394s] -- Installing: /home/evan/Documents/BRONE_audio_gaze_project/install/op3_camera_setting_tool_msgs/share/op3_camera_setting_tool_msgs/cmake/op3_camera_setting_tool_msgs__rosidl_typesupport_introspection_cExport-noconfig.cmake
[26.394s] -- Installing: /home/evan/Documents/BRONE_audio_gaze_project/install/op3_camera_setting_tool_msgs/share/op3_camera_setting_tool_msgs/cmake/op3_camera_setting_tool_msgs__rosidl_typesupport_cExport.cmake
[26.394s] -- Installing: /home/evan/Documents/BRONE_audio_gaze_project/install/op3_camera_setting_tool_msgs/share/op3_camera_setting_tool_msgs/cmake/op3_camera_setting_tool_msgs__rosidl_typesupport_cExport-noconfig.cmake
[26.394s] -- Installing: /home/evan/Documents/BRONE_audio_gaze_project/install/op3_camera_setting_tool_msgs/share/op3_camera_setting_tool_msgs/cmake/op3_camera_setting_tool_msgs__rosidl_typesupport_introspection_cppExport.cmake
[26.394s] -- Installing: /home/evan/Documents/BRONE_audio_gaze_project/install/op3_camera_setting_tool_msgs/share/op3_camera_setting_tool_msgs/cmake/op3_camera_setting_tool_msgs__rosidl_typesupport_introspection_cppExport-noconfig.cmake
[26.394s] -- Installing: /home/evan/Documents/BRONE_audio_gaze_project/install/op3_camera_setting_tool_msgs/share/op3_camera_setting_tool_msgs/cmake/op3_camera_setting_tool_msgs__rosidl_typesupport_cppExport.cmake
[26.394s] -- Installing: /home/evan/Documents/BRONE_audio_gaze_project/install/op3_camera_setting_tool_msgs/share/op3_camera_setting_tool_msgs/cmake/op3_camera_setting_tool_msgs__rosidl_typesupport_cppExport-noconfig.cmake
[26.394s] -- Installing: /home/evan/Documents/BRONE_audio_gaze_project/install/op3_camera_setting_tool_msgs/share/op3_camera_setting_tool_msgs/cmake/export_op3_camera_setting_tool_msgs__rosidl_generator_pyExport.cmake
[26.394s] -- Installing: /home/evan/Documents/BRONE_audio_gaze_project/install/op3_camera_setting_tool_msgs/share/op3_camera_setting_tool_msgs/cmake/export_op3_camera_setting_tool_msgs__rosidl_generator_pyExport-noconfig.cmake
[26.425s] Invoked command in '/home/evan/Documents/BRONE_audio_gaze_project/build/op3_camera_setting_tool_msgs' returned '0': CMAKE_PREFIX_PATH=${CMAKE_PREFIX_PATH}:/home/evan/Documents/BRONE_audio_gaze_project/install/algo_gaze:/home/evan/Documents/BRONE_audio_gaze_project/install/brone_gaze:/opt/ros/humble /usr/bin/cmake --install /home/evan/Documents/BRONE_audio_gaze_project/build/op3_camera_setting_tool_msgs
