-- The C compiler identification is GNU 11.4.0
-- The CXX compiler identification is GNU 11.4.0
-- Detecting C compiler ABI info
-- Detecting C compiler ABI info - done
-- Check for working C compiler: /usr/bin/cc - skipped
-- Detecting C compile features
-- Detecting C compile features - done
-- Detecting CXX compiler ABI info
-- Detecting CXX compiler ABI info - done
-- Check for working CXX compiler: /usr/bin/c++ - skipped
-- Detecting CXX compile features
-- Detecting CXX compile features - done
-- Found ament_cmake: 1.3.14 (/opt/ros/humble/share/ament_cmake/cmake)
-- Found Python3: /usr/bin/python3 (found version "3.10.12") found components: Interpreter 
-- Override CMake install command with custom implementation using symlinks instead of copying resources
-- Found ament_index_cpp: 1.4.1 (/opt/ros/humble/share/ament_index_cpp/cmake)
-- Found rclcpp: 16.0.19 (/opt/ros/humble/share/rclcpp/cmake)
-- Found rosidl_generator_c: 3.1.8 (/opt/ros/humble/share/rosidl_generator_c/cmake)
-- Found rosidl_adapter: 3.1.8 (/opt/ros/humble/share/rosidl_adapter/cmake)
-- Found rosidl_generator_cpp: 3.1.8 (/opt/ros/humble/share/rosidl_generator_cpp/cmake)
-- Using all available rosidl_typesupport_c: rosidl_typesupport_fastrtps_c;rosidl_typesupport_introspection_c
-- Using all available rosidl_typesupport_cpp: rosidl_typesupport_fastrtps_cpp;rosidl_typesupport_introspection_cpp
-- Found rmw_implementation_cmake: 6.1.2 (/opt/ros/humble/share/rmw_implementation_cmake/cmake)
-- Found rmw_fastrtps_cpp: 6.2.10 (/opt/ros/humble/share/rmw_fastrtps_cpp/cmake)
-- Found OpenSSL: /usr/lib/x86_64-linux-gnu/libcrypto.so (found version "3.0.2")  
-- Found FastRTPS: /opt/ros/humble/include  
-- Using RMW implementation 'rmw_fastrtps_cpp' as default
-- Looking for pthread.h
-- Looking for pthread.h - found
-- Performing Test CMAKE_HAVE_LIBC_PTHREAD
-- Performing Test CMAKE_HAVE_LIBC_PTHREAD - Success
-- Found Threads: TRUE  
-- Found dynamixel_sdk: 3.8.4 (/home/evan/Documents/algo_gaze_project/install/dynamixel_sdk/share/dynamixel_sdk/cmake)
-- Found robotis_controller: 0.2.9 (/home/evan/Documents/algo_gaze_project/install/robotis_controller/share/robotis_controller/cmake)
-- Found robotis_math: 0.2.6 (/home/evan/Documents/algo_gaze_project/install/robotis_math/share/robotis_math/cmake)
-- Found op3_action_module: 0.2.1 (/home/evan/Documents/algo_gaze_project/install/op3_action_module/share/op3_action_module/cmake)
-- Found op3_base_module: 0.2.1 (/home/evan/Documents/algo_gaze_project/install/op3_base_module/share/op3_base_module/cmake)
-- Found rclpy: 3.3.21 (/opt/ros/humble/share/rclpy/cmake)
-- Found Curses: /usr/lib/x86_64-linux-gnu/libcurses.so  
-- Found PkgConfig: /usr/bin/pkg-config (found version "0.29.2") 
-- Checking for module 'yaml-cpp'
--   Found yaml-cpp, version 0.7.0
-- Configuring done
-- Generating done
-- Build files have been written to: /home/evan/Documents/algo_gaze_project/build/op3_action_editor
[ 33%] [32mBuilding CXX object CMakeFiles/op3_action_editor.dir/src/main.cpp.o[0m
[ 66%] [32mBuilding CXX object CMakeFiles/op3_action_editor.dir/src/action_editor.cpp.o[0m
[ 66%] Built target ament_cmake_python_symlink_op3_action_editor
running egg_info
creating op3_action_editor.egg-info
writing op3_action_editor.egg-info/PKG-INFO
writing dependency_links to op3_action_editor.egg-info/dependency_links.txt
writing top-level names to op3_action_editor.egg-info/top_level.txt
writing manifest file 'op3_action_editor.egg-info/SOURCES.txt'
reading manifest file 'op3_action_editor.egg-info/SOURCES.txt'
writing manifest file 'op3_action_editor.egg-info/SOURCES.txt'
[ 66%] Built target ament_cmake_python_build_op3_action_editor_egg
