[0.034s] Invoking command in '/home/evan/Documents/BRONE_audio_gaze_project/build/robotis_math': CMAKE_PREFIX_PATH=${CMAKE_PREFIX_PATH}:/home/evan/Documents/BRONE_audio_gaze_project/install/algo_gaze:/home/evan/Documents/BRONE_audio_gaze_project/install/brone_gaze:/opt/ros/humble /usr/bin/cmake /home/evan/Documents/BRONE_audio_gaze_project/ROBOTIS-Math/robotis_math -DAMENT_CMAKE_SYMLINK_INSTALL=1 -DCMAKE_INSTALL_PREFIX=/home/evan/Documents/BRONE_audio_gaze_project/install/robotis_math
[0.105s] -- The C compiler identification is GNU 11.4.0
[0.182s] -- The CXX compiler identification is GNU 11.4.0
[0.195s] -- Detecting C compiler ABI info
[0.278s] -- Detecting C compiler ABI info - done
[0.287s] -- Check for working C compiler: /usr/bin/cc - skipped
[0.288s] -- Detecting C compile features
[0.288s] -- Detecting C compile features - done
[0.291s] -- Detecting CXX compiler ABI info
[0.401s] -- Detecting CXX compiler ABI info - done
[0.418s] -- Check for working CXX compiler: /usr/bin/c++ - skipped
[0.418s] -- Detecting CXX compile features
[0.419s] -- Detecting CXX compile features - done
[0.423s] -- Found ament_cmake: 1.3.14 (/opt/ros/humble/share/ament_cmake/cmake)
[0.607s] -- Found Python3: /usr/bin/python3 (found version "3.10.12") found components: Interpreter 
[0.692s] -- Override CMake install command with custom implementation using symlinks instead of copying resources
[0.778s] -- Found rclcpp: 16.0.19 (/opt/ros/humble/share/rclcpp/cmake)
[0.890s] -- Found rosidl_generator_c: 3.1.8 (/opt/ros/humble/share/rosidl_generator_c/cmake)
[0.897s] -- Found rosidl_adapter: 3.1.8 (/opt/ros/humble/share/rosidl_adapter/cmake)
[0.909s] -- Found rosidl_generator_cpp: 3.1.8 (/opt/ros/humble/share/rosidl_generator_cpp/cmake)
[0.931s] -- Using all available rosidl_typesupport_c: rosidl_typesupport_fastrtps_c;rosidl_typesupport_introspection_c
[0.953s] -- Using all available rosidl_typesupport_cpp: rosidl_typesupport_fastrtps_cpp;rosidl_typesupport_introspection_cpp
[1.057s] -- Found rmw_implementation_cmake: 6.1.2 (/opt/ros/humble/share/rmw_implementation_cmake/cmake)
[1.062s] -- Found rmw_fastrtps_cpp: 6.2.10 (/opt/ros/humble/share/rmw_fastrtps_cpp/cmake)
[1.347s] -- Found OpenSSL: /usr/lib/x86_64-linux-gnu/libcrypto.so (found version "3.0.2")  
[1.463s] -- Found FastRTPS: /opt/ros/humble/include  
[1.603s] -- Using RMW implementation 'rmw_fastrtps_cpp' as default
[1.621s] -- Looking for pthread.h
[1.777s] -- Looking for pthread.h - found
[1.777s] -- Performing Test CMAKE_HAVE_LIBC_PTHREAD
[1.955s] -- Performing Test CMAKE_HAVE_LIBC_PTHREAD - Success
[1.957s] -- Found Threads: TRUE  
[2.202s] -- Configuring done
[2.215s] -- Generating done
[2.221s] -- Build files have been written to: /home/evan/Documents/BRONE_audio_gaze_project/build/robotis_math
[2.236s] Invoked command in '/home/evan/Documents/BRONE_audio_gaze_project/build/robotis_math' returned '0': CMAKE_PREFIX_PATH=${CMAKE_PREFIX_PATH}:/home/evan/Documents/BRONE_audio_gaze_project/install/algo_gaze:/home/evan/Documents/BRONE_audio_gaze_project/install/brone_gaze:/opt/ros/humble /usr/bin/cmake /home/evan/Documents/BRONE_audio_gaze_project/ROBOTIS-Math/robotis_math -DAMENT_CMAKE_SYMLINK_INSTALL=1 -DCMAKE_INSTALL_PREFIX=/home/evan/Documents/BRONE_audio_gaze_project/install/robotis_math
[2.238s] Invoking command in '/home/evan/Documents/BRONE_audio_gaze_project/build/robotis_math': CMAKE_PREFIX_PATH=${CMAKE_PREFIX_PATH}:/home/evan/Documents/BRONE_audio_gaze_project/install/algo_gaze:/home/evan/Documents/BRONE_audio_gaze_project/install/brone_gaze:/opt/ros/humble /usr/bin/cmake --build /home/evan/Documents/BRONE_audio_gaze_project/build/robotis_math -- -j12 -l12
[3.644s] [  9%] [32mBuilding CXX object CMakeFiles/robotis_math.dir/src/robotis_trajectory_calculator.cpp.o[0m
[3.645s] [ 18%] [32mBuilding CXX object CMakeFiles/robotis_math.dir/src/robotis_math_base.cpp.o[0m
[3.645s] [ 27%] [32mBuilding CXX object CMakeFiles/robotis_math.dir/src/fifth_order_polynomial_trajectory.cpp.o[0m
[3.645s] [ 36%] [32mBuilding CXX object CMakeFiles/robotis_math.dir/src/minimum_jerk_trajectory.cpp.o[0m
[3.645s] [ 45%] [32mBuilding CXX object CMakeFiles/robotis_math.dir/src/minimum_jerk_trajectory_with_via_point.cpp.o[0m
[3.645s] [ 54%] [32mBuilding CXX object CMakeFiles/robotis_math.dir/src/simple_trapezoidal_velocity_profile.cpp.o[0m
[3.645s] [ 63%] [32mBuilding CXX object CMakeFiles/robotis_math.dir/src/step_data_define.cpp.o[0m
[3.645s] [ 72%] [32mBuilding CXX object CMakeFiles/robotis_math.dir/src/robotis_linear_algebra.cpp.o[0m
[3.645s] [ 81%] [32mBuilding CXX object CMakeFiles/robotis_math.dir/src/bezier_curve.cpp.o[0m
[3.645s] [ 90%] [32mBuilding CXX object CMakeFiles/robotis_math.dir/src/preview_control.cpp.o[0m
[27.771s] [100%] [32m[1mLinking CXX static library librobotis_math.a[0m
[28.147s] [100%] Built target robotis_math
[28.165s] Invoked command in '/home/evan/Documents/BRONE_audio_gaze_project/build/robotis_math' returned '0': CMAKE_PREFIX_PATH=${CMAKE_PREFIX_PATH}:/home/evan/Documents/BRONE_audio_gaze_project/install/algo_gaze:/home/evan/Documents/BRONE_audio_gaze_project/install/brone_gaze:/opt/ros/humble /usr/bin/cmake --build /home/evan/Documents/BRONE_audio_gaze_project/build/robotis_math -- -j12 -l12
[28.165s] Invoking command in '/home/evan/Documents/BRONE_audio_gaze_project/build/robotis_math': CMAKE_PREFIX_PATH=${CMAKE_PREFIX_PATH}:/home/evan/Documents/BRONE_audio_gaze_project/install/algo_gaze:/home/evan/Documents/BRONE_audio_gaze_project/install/brone_gaze:/opt/ros/humble /usr/bin/cmake --install /home/evan/Documents/BRONE_audio_gaze_project/build/robotis_math
[28.797s] -- Install configuration: ""
[28.797s] -- Execute custom install script
[28.797s] -- Symlinking: /home/evan/Documents/BRONE_audio_gaze_project/install/robotis_math/include/robotis_math/bezier_curve.h
[28.797s] -- Symlinking: /home/evan/Documents/BRONE_audio_gaze_project/install/robotis_math/include/robotis_math/fifth_order_polynomial_trajectory.h
[28.797s] -- Symlinking: /home/evan/Documents/BRONE_audio_gaze_project/install/robotis_math/include/robotis_math/minimum_jerk_trajectory.h
[28.797s] -- Symlinking: /home/evan/Documents/BRONE_audio_gaze_project/install/robotis_math/include/robotis_math/minimum_jerk_trajectory_with_via_point.h
[28.797s] -- Symlinking: /home/evan/Documents/BRONE_audio_gaze_project/install/robotis_math/include/robotis_math/preview_control.h
[28.798s] -- Symlinking: /home/evan/Documents/BRONE_audio_gaze_project/install/robotis_math/include/robotis_math/robotis_linear_algebra.h
[28.798s] -- Symlinking: /home/evan/Documents/BRONE_audio_gaze_project/install/robotis_math/include/robotis_math/robotis_math.h
[28.798s] -- Symlinking: /home/evan/Documents/BRONE_audio_gaze_project/install/robotis_math/include/robotis_math/robotis_math_base.h
[28.798s] -- Symlinking: /home/evan/Documents/BRONE_audio_gaze_project/install/robotis_math/include/robotis_math/robotis_trajectory_calculator.h
[28.798s] -- Symlinking: /home/evan/Documents/BRONE_audio_gaze_project/install/robotis_math/include/robotis_math/simple_trapezoidal_velocity_profile.h
[28.798s] -- Symlinking: /home/evan/Documents/BRONE_audio_gaze_project/install/robotis_math/include/robotis_math/step_data_define.h
[28.798s] -- Symlinking: /home/evan/Documents/BRONE_audio_gaze_project/install/robotis_math/share/robotis_math/environment/library_path.sh
[28.798s] -- Symlinking: /home/evan/Documents/BRONE_audio_gaze_project/install/robotis_math/share/robotis_math/environment/library_path.dsv
[28.798s] -- Symlinking: /home/evan/Documents/BRONE_audio_gaze_project/install/robotis_math/share/ament_index/resource_index/package_run_dependencies/robotis_math
[28.798s] -- Symlinking: /home/evan/Documents/BRONE_audio_gaze_project/install/robotis_math/share/ament_index/resource_index/parent_prefix_path/robotis_math
[28.798s] -- Symlinking: /home/evan/Documents/BRONE_audio_gaze_project/install/robotis_math/share/robotis_math/environment/ament_prefix_path.sh
[28.798s] -- Symlinking: /home/evan/Documents/BRONE_audio_gaze_project/install/robotis_math/share/robotis_math/environment/ament_prefix_path.dsv
[28.798s] -- Symlinking: /home/evan/Documents/BRONE_audio_gaze_project/install/robotis_math/share/robotis_math/environment/path.sh
[28.798s] -- Symlinking: /home/evan/Documents/BRONE_audio_gaze_project/install/robotis_math/share/robotis_math/environment/path.dsv
[28.798s] -- Symlinking: /home/evan/Documents/BRONE_audio_gaze_project/install/robotis_math/share/robotis_math/local_setup.bash
[28.799s] -- Symlinking: /home/evan/Documents/BRONE_audio_gaze_project/install/robotis_math/share/robotis_math/local_setup.sh
[28.799s] -- Symlinking: /home/evan/Documents/BRONE_audio_gaze_project/install/robotis_math/share/robotis_math/local_setup.zsh
[28.799s] -- Symlinking: /home/evan/Documents/BRONE_audio_gaze_project/install/robotis_math/share/robotis_math/local_setup.dsv
[28.799s] -- Symlinking: /home/evan/Documents/BRONE_audio_gaze_project/install/robotis_math/share/robotis_math/package.dsv
[28.799s] -- Symlinking: /home/evan/Documents/BRONE_audio_gaze_project/install/robotis_math/share/ament_index/resource_index/packages/robotis_math
[28.799s] -- Symlinking: /home/evan/Documents/BRONE_audio_gaze_project/install/robotis_math/share/robotis_math/cmake/ament_cmake_export_targets-extras.cmake
[28.799s] -- Symlinking: /home/evan/Documents/BRONE_audio_gaze_project/install/robotis_math/share/robotis_math/cmake/ament_cmake_export_include_directories-extras.cmake
[28.799s] -- Symlinking: /home/evan/Documents/BRONE_audio_gaze_project/install/robotis_math/share/robotis_math/cmake/ament_cmake_export_dependencies-extras.cmake
[28.799s] -- Symlinking: /home/evan/Documents/BRONE_audio_gaze_project/install/robotis_math/share/robotis_math/cmake/robotis_mathConfig.cmake
[28.799s] -- Symlinking: /home/evan/Documents/BRONE_audio_gaze_project/install/robotis_math/share/robotis_math/cmake/robotis_mathConfig-version.cmake
[28.799s] -- Symlinking: /home/evan/Documents/BRONE_audio_gaze_project/install/robotis_math/share/robotis_math/package.xml
[28.799s] -- Installing: /home/evan/Documents/BRONE_audio_gaze_project/install/robotis_math/lib/librobotis_math.a
[28.799s] -- Installing: /home/evan/Documents/BRONE_audio_gaze_project/install/robotis_math/share/robotis_math/cmake/export_robotis_mathExport.cmake
[28.799s] -- Installing: /home/evan/Documents/BRONE_audio_gaze_project/install/robotis_math/share/robotis_math/cmake/export_robotis_mathExport-noconfig.cmake
[28.831s] Invoked command in '/home/evan/Documents/BRONE_audio_gaze_project/build/robotis_math' returned '0': CMAKE_PREFIX_PATH=${CMAKE_PREFIX_PATH}:/home/evan/Documents/BRONE_audio_gaze_project/install/algo_gaze:/home/evan/Documents/BRONE_audio_gaze_project/install/brone_gaze:/opt/ros/humble /usr/bin/cmake --install /home/evan/Documents/BRONE_audio_gaze_project/build/robotis_math
