[35m[1mConsolidate compiler generated dependencies of target op3_online_walking_module[0m
[100%] Built target op3_online_walking_module
-- Install configuration: ""
-- Execute custom install script
-- Symlinking: /home/evan/Documents/algo_gaze_project/install/op3_online_walking_module/lib/libop3_online_walking_module.so
-- Symlinking: /home/evan/Documents/algo_gaze_project/install/op3_online_walking_module/include/op3_online_walking_module/joint_control.h
-- Symlinking: /home/evan/Documents/algo_gaze_project/install/op3_online_walking_module/include/op3_online_walking_module/online_walking_module.h
-- Symlinking: /home/evan/Documents/algo_gaze_project/install/op3_online_walking_module/include/op3_online_walking_module/op3_kdl.h
-- Symlinking: /home/evan/Documents/algo_gaze_project/install/op3_online_walking_module/include/op3_online_walking_module/walking_control.h
-- Symlinking: /home/evan/Documents/algo_gaze_project/install/op3_online_walking_module/include/op3_online_walking_module/wholebody_control.h
-- Symlinking: /home/evan/Documents/algo_gaze_project/install/op3_online_walking_module/share/op3_online_walking_module/config/balance_gain.yaml
-- Symlinking: /home/evan/Documents/algo_gaze_project/install/op3_online_walking_module/share/op3_online_walking_module/config/joint_feedback_gain.yaml
-- Symlinking: /home/evan/Documents/algo_gaze_project/install/op3_online_walking_module/share/op3_online_walking_module/config/joint_feedforward_gain.yaml
-- Symlinking: /home/evan/Documents/algo_gaze_project/install/op3_online_walking_module/share/op3_online_walking_module/config/walking_parm.yaml
-- Symlinking: /home/evan/Documents/algo_gaze_project/install/op3_online_walking_module/share/op3_online_walking_module/environment/library_path.sh
-- Symlinking: /home/evan/Documents/algo_gaze_project/install/op3_online_walking_module/share/op3_online_walking_module/environment/library_path.dsv
-- Symlinking: /home/evan/Documents/algo_gaze_project/install/op3_online_walking_module/share/ament_index/resource_index/package_run_dependencies/op3_online_walking_module
-- Symlinking: /home/evan/Documents/algo_gaze_project/install/op3_online_walking_module/share/ament_index/resource_index/parent_prefix_path/op3_online_walking_module
-- Symlinking: /home/evan/Documents/algo_gaze_project/install/op3_online_walking_module/share/op3_online_walking_module/environment/ament_prefix_path.sh
-- Symlinking: /home/evan/Documents/algo_gaze_project/install/op3_online_walking_module/share/op3_online_walking_module/environment/ament_prefix_path.dsv
-- Symlinking: /home/evan/Documents/algo_gaze_project/install/op3_online_walking_module/share/op3_online_walking_module/environment/path.sh
-- Symlinking: /home/evan/Documents/algo_gaze_project/install/op3_online_walking_module/share/op3_online_walking_module/environment/path.dsv
-- Symlinking: /home/evan/Documents/algo_gaze_project/install/op3_online_walking_module/share/op3_online_walking_module/local_setup.bash
-- Symlinking: /home/evan/Documents/algo_gaze_project/install/op3_online_walking_module/share/op3_online_walking_module/local_setup.sh
-- Symlinking: /home/evan/Documents/algo_gaze_project/install/op3_online_walking_module/share/op3_online_walking_module/local_setup.zsh
-- Symlinking: /home/evan/Documents/algo_gaze_project/install/op3_online_walking_module/share/op3_online_walking_module/local_setup.dsv
-- Symlinking: /home/evan/Documents/algo_gaze_project/install/op3_online_walking_module/share/op3_online_walking_module/package.dsv
-- Symlinking: /home/evan/Documents/algo_gaze_project/install/op3_online_walking_module/share/ament_index/resource_index/packages/op3_online_walking_module
-- Symlinking: /home/evan/Documents/algo_gaze_project/install/op3_online_walking_module/share/op3_online_walking_module/cmake/ament_cmake_export_include_directories-extras.cmake
-- Symlinking: /home/evan/Documents/algo_gaze_project/install/op3_online_walking_module/share/op3_online_walking_module/cmake/ament_cmake_export_libraries-extras.cmake
-- Symlinking: /home/evan/Documents/algo_gaze_project/install/op3_online_walking_module/share/op3_online_walking_module/cmake/ament_cmake_export_dependencies-extras.cmake
-- Symlinking: /home/evan/Documents/algo_gaze_project/install/op3_online_walking_module/share/op3_online_walking_module/cmake/op3_online_walking_moduleConfig.cmake
-- Symlinking: /home/evan/Documents/algo_gaze_project/install/op3_online_walking_module/share/op3_online_walking_module/cmake/op3_online_walking_moduleConfig-version.cmake
-- Symlinking: /home/evan/Documents/algo_gaze_project/install/op3_online_walking_module/share/op3_online_walking_module/package.xml
