[0.034s] Invoking command in '/home/evan/Documents/algo_gaze_project/build/op3_online_walking_module_msgs': CMAKE_PREFIX_PATH=/opt/ros/humble /usr/bin/cmake /home/evan/Documents/algo_gaze_project/ROBOTIS-OP3-msgs/op3_online_walking_module_msgs -DAMENT_CMAKE_SYMLINK_INSTALL=1 -DCMAKE_INSTALL_PREFIX=/home/evan/Documents/algo_gaze_project/install/op3_online_walking_module_msgs
[0.101s] -- The C compiler identification is GNU 11.4.0
[0.182s] -- The CXX compiler identification is GNU 11.4.0
[0.194s] -- Detecting C compiler ABI info
[0.285s] -- Detecting C compiler ABI info - done
[0.303s] -- Check for working C compiler: /usr/bin/cc - skipped
[0.303s] -- Detecting C compile features
[0.303s] -- Detecting C compile features - done
[0.312s] -- Detecting CXX compiler ABI info
[0.436s] -- Detecting CXX compiler ABI info - done
[0.442s] -- Check for working CXX compiler: /usr/bin/c++ - skipped
[0.442s] -- Detecting CXX compile features
[0.442s] -- Detecting CXX compile features - done
[0.445s] -- Found ament_cmake: 1.3.14 (/opt/ros/humble/share/ament_cmake/cmake)
[0.667s] -- Found Python3: /usr/bin/python3 (found version "3.10.12") found components: Interpreter 
[0.767s] -- Override CMake install command with custom implementation using symlinks instead of copying resources
[0.796s] -- Found std_msgs: 4.9.1 (/opt/ros/humble/share/std_msgs/cmake)
[0.836s] -- Found rosidl_generator_c: 3.1.8 (/opt/ros/humble/share/rosidl_generator_c/cmake)
[0.845s] -- Found rosidl_adapter: 3.1.8 (/opt/ros/humble/share/rosidl_adapter/cmake)
[0.861s] -- Found rosidl_generator_cpp: 3.1.8 (/opt/ros/humble/share/rosidl_generator_cpp/cmake)
[0.880s] -- Using all available rosidl_typesupport_c: rosidl_typesupport_fastrtps_c;rosidl_typesupport_introspection_c
[0.900s] -- Using all available rosidl_typesupport_cpp: rosidl_typesupport_fastrtps_cpp;rosidl_typesupport_introspection_cpp
[0.930s] -- Found sensor_msgs: 4.9.1 (/opt/ros/humble/share/sensor_msgs/cmake)
[0.966s] -- Found rosidl_default_generators: 1.2.1 (/opt/ros/humble/share/rosidl_default_generators/cmake)
[1.977s] -- Found ament_cmake_ros: 0.10.0 (/opt/ros/humble/share/ament_cmake_ros/cmake)
[3.369s] -- Using all available rosidl_typesupport_c: rosidl_typesupport_fastrtps_c;rosidl_typesupport_introspection_c
[4.226s] -- Using all available rosidl_typesupport_cpp: rosidl_typesupport_fastrtps_cpp;rosidl_typesupport_introspection_cpp
[4.372s] -- Found PythonInterp: /usr/bin/python3 (found suitable version "3.10.12", minimum required is "3.6") 
[4.374s] -- Found python_cmake_module: 0.10.0 (/opt/ros/humble/share/python_cmake_module/cmake)
[4.549s] -- Found PythonLibs: /usr/lib/x86_64-linux-gnu/libpython3.10.so (found suitable version "3.10.12", minimum required is "3.5") 
[4.549s] -- Using PYTHON_EXECUTABLE: /usr/bin/python3
[4.549s] -- Using PYTHON_INCLUDE_DIRS: /usr/include/python3.10
[4.549s] -- Using PYTHON_LIBRARIES: /usr/lib/x86_64-linux-gnu/libpython3.10.so
[4.717s] -- Found PythonExtra: .so  
[5.947s] -- Configuring done
[6.155s] -- Generating done
[6.209s] -- Build files have been written to: /home/evan/Documents/algo_gaze_project/build/op3_online_walking_module_msgs
[6.269s] Invoked command in '/home/evan/Documents/algo_gaze_project/build/op3_online_walking_module_msgs' returned '0': CMAKE_PREFIX_PATH=/opt/ros/humble /usr/bin/cmake /home/evan/Documents/algo_gaze_project/ROBOTIS-OP3-msgs/op3_online_walking_module_msgs -DAMENT_CMAKE_SYMLINK_INSTALL=1 -DCMAKE_INSTALL_PREFIX=/home/evan/Documents/algo_gaze_project/install/op3_online_walking_module_msgs
[6.270s] Invoking command in '/home/evan/Documents/algo_gaze_project/build/op3_online_walking_module_msgs': CMAKE_PREFIX_PATH=/opt/ros/humble /usr/bin/cmake --build /home/evan/Documents/algo_gaze_project/build/op3_online_walking_module_msgs -- -j12 -l12
[22.016s] [  1%] [34m[1mGenerating Rust code for ROS interfaces[0m
[22.016s] [  2%] [34m[1mGenerating C code for ROS interfaces[0m
[22.016s] [  2%] [34m[1mGenerating C++ code for ROS interfaces[0m
[22.016s] [  2%] Built target ament_cmake_python_symlink_op3_online_walking_module_msgs
[22.016s] running egg_info
[22.016s] creating op3_online_walking_module_msgs.egg-info
[22.017s] writing op3_online_walking_module_msgs.egg-info/PKG-INFO
[22.017s] writing dependency_links to op3_online_walking_module_msgs.egg-info/dependency_links.txt
[22.017s] writing top-level names to op3_online_walking_module_msgs.egg-info/top_level.txt
[22.017s] writing manifest file 'op3_online_walking_module_msgs.egg-info/SOURCES.txt'
[22.017s] reading manifest file 'op3_online_walking_module_msgs.egg-info/SOURCES.txt'
[22.017s] writing manifest file 'op3_online_walking_module_msgs.egg-info/SOURCES.txt'
[22.017s] [  2%] Built target ament_cmake_python_build_op3_online_walking_module_msgs_egg
[22.017s] [  2%] Built target op3_online_walking_module_msgs__cpp
[22.017s] [  3%] [34m[1mGenerating C++ type support for eProsima Fast-RTPS[0m
[22.017s] [  4%] [34m[1mGenerating C++ introspection for ROS interfaces[0m
[22.017s] [  5%] [34m[1mGenerating C++ type support dispatch for ROS interfaces[0m
[22.017s] [  5%] Built target op3_online_walking_module_msgs__rs
[22.017s] [  6%] [32mBuilding CXX object CMakeFiles/op3_online_walking_module_msgs__rosidl_typesupport_introspection_cpp.dir/rosidl_typesupport_introspection_cpp/op3_online_walking_module_msgs/msg/detail/joint_pose__type_support.cpp.o[0m
[22.017s] [  7%] [32mBuilding CXX object CMakeFiles/op3_online_walking_module_msgs__rosidl_typesupport_cpp.dir/rosidl_typesupport_cpp/op3_online_walking_module_msgs/msg/joint_pose__type_support.cpp.o[0m
[22.018s] [  8%] [32mBuilding C object CMakeFiles/op3_online_walking_module_msgs__rosidl_generator_c.dir/rosidl_generator_c/op3_online_walking_module_msgs/msg/detail/joint_pose__functions.c.o[0m
[22.018s] [  9%] [32mBuilding C object CMakeFiles/op3_online_walking_module_msgs__rosidl_generator_c.dir/rosidl_generator_c/op3_online_walking_module_msgs/msg/detail/kinematics_pose__functions.c.o[0m
[22.018s] [ 10%] [32mBuilding C object CMakeFiles/op3_online_walking_module_msgs__rosidl_generator_c.dir/rosidl_generator_c/op3_online_walking_module_msgs/msg/detail/foot_step_command__functions.c.o[0m
[22.018s] [ 10%] [32mBuilding C object CMakeFiles/op3_online_walking_module_msgs__rosidl_generator_c.dir/rosidl_generator_c/op3_online_walking_module_msgs/msg/detail/foot_step_array__functions.c.o[0m
[22.018s] [ 11%] [32mBuilding CXX object CMakeFiles/op3_online_walking_module_msgs__rosidl_typesupport_fastrtps_cpp.dir/rosidl_typesupport_fastrtps_cpp/op3_online_walking_module_msgs/msg/detail/dds_fastrtps/joint_pose__type_support.cpp.o[0m
[22.018s] [ 11%] [32mBuilding CXX object CMakeFiles/op3_online_walking_module_msgs__rosidl_typesupport_introspection_cpp.dir/rosidl_typesupport_introspection_cpp/op3_online_walking_module_msgs/msg/detail/step2_d_array__type_support.cpp.o[0m
[22.018s] [ 12%] [32mBuilding C object CMakeFiles/op3_online_walking_module_msgs__rosidl_generator_c.dir/rosidl_generator_c/op3_online_walking_module_msgs/msg/detail/preview_request__functions.c.o[0m
[22.018s] [ 13%] [32mBuilding C object CMakeFiles/op3_online_walking_module_msgs__rosidl_generator_c.dir/rosidl_generator_c/op3_online_walking_module_msgs/msg/detail/preview_response__functions.c.o[0m
[22.018s] [ 14%] [32mBuilding CXX object CMakeFiles/op3_online_walking_module_msgs__rosidl_typesupport_cpp.dir/rosidl_typesupport_cpp/op3_online_walking_module_msgs/msg/kinematics_pose__type_support.cpp.o[0m
[22.018s] [ 15%] [32mBuilding C object CMakeFiles/op3_online_walking_module_msgs__rosidl_generator_c.dir/rosidl_generator_c/op3_online_walking_module_msgs/msg/detail/walking_param__functions.c.o[0m
[22.018s] [ 16%] [32mBuilding C object CMakeFiles/op3_online_walking_module_msgs__rosidl_generator_c.dir/rosidl_generator_c/op3_online_walking_module_msgs/msg/detail/step2_d__functions.c.o[0m
[22.018s] [ 17%] [32mBuilding C object CMakeFiles/op3_online_walking_module_msgs__rosidl_generator_c.dir/rosidl_generator_c/op3_online_walking_module_msgs/msg/detail/step2_d_array__functions.c.o[0m
[22.018s] [ 17%] [32mBuilding C object CMakeFiles/op3_online_walking_module_msgs__rosidl_generator_c.dir/rosidl_generator_c/op3_online_walking_module_msgs/srv/detail/get_joint_pose__functions.c.o[0m
[22.018s] [ 18%] [32mBuilding C object CMakeFiles/op3_online_walking_module_msgs__rosidl_generator_c.dir/rosidl_generator_c/op3_online_walking_module_msgs/srv/detail/get_kinematics_pose__functions.c.o[0m
[22.018s] [ 18%] [32mBuilding CXX object CMakeFiles/op3_online_walking_module_msgs__rosidl_typesupport_cpp.dir/rosidl_typesupport_cpp/op3_online_walking_module_msgs/msg/foot_step_command__type_support.cpp.o[0m
[22.019s] [ 19%] [32mBuilding CXX object CMakeFiles/op3_online_walking_module_msgs__rosidl_typesupport_fastrtps_cpp.dir/rosidl_typesupport_fastrtps_cpp/op3_online_walking_module_msgs/msg/detail/dds_fastrtps/kinematics_pose__type_support.cpp.o[0m
[22.019s] [ 20%] [32mBuilding C object CMakeFiles/op3_online_walking_module_msgs__rosidl_generator_c.dir/rosidl_generator_c/op3_online_walking_module_msgs/srv/detail/get_preview_matrix__functions.c.o[0m
[22.019s] [ 21%] [32m[1mLinking C shared library libop3_online_walking_module_msgs__rosidl_generator_c.so[0m
[22.019s] [ 22%] [32mBuilding CXX object CMakeFiles/op3_online_walking_module_msgs__rosidl_typesupport_introspection_cpp.dir/rosidl_typesupport_introspection_cpp/op3_online_walking_module_msgs/srv/detail/get_joint_pose__type_support.cpp.o[0m
[22.019s] [ 22%] Built target op3_online_walking_module_msgs__rosidl_generator_c
[22.024s] [ 23%] [32mBuilding CXX object CMakeFiles/op3_online_walking_module_msgs__rosidl_typesupport_cpp.dir/rosidl_typesupport_cpp/op3_online_walking_module_msgs/msg/foot_step_array__type_support.cpp.o[0m
[22.024s] [ 24%] [32mBuilding CXX object CMakeFiles/op3_online_walking_module_msgs__rosidl_typesupport_fastrtps_cpp.dir/rosidl_typesupport_fastrtps_cpp/op3_online_walking_module_msgs/msg/detail/dds_fastrtps/foot_step_array__type_support.cpp.o[0m
[22.024s] [ 25%] [32mBuilding CXX object CMakeFiles/op3_online_walking_module_msgs__rosidl_typesupport_cpp.dir/rosidl_typesupport_cpp/op3_online_walking_module_msgs/msg/preview_request__type_support.cpp.o[0m
[22.024s] [ 26%] [32mBuilding CXX object CMakeFiles/op3_online_walking_module_msgs__rosidl_typesupport_introspection_cpp.dir/rosidl_typesupport_introspection_cpp/op3_online_walking_module_msgs/srv/detail/get_kinematics_pose__type_support.cpp.o[0m
[22.024s] [ 26%] [32mBuilding CXX object CMakeFiles/op3_online_walking_module_msgs__rosidl_typesupport_fastrtps_cpp.dir/rosidl_typesupport_fastrtps_cpp/op3_online_walking_module_msgs/msg/detail/dds_fastrtps/foot_step_command__type_support.cpp.o[0m
[22.024s] [ 27%] [32mBuilding CXX object CMakeFiles/op3_online_walking_module_msgs__rosidl_typesupport_cpp.dir/rosidl_typesupport_cpp/op3_online_walking_module_msgs/msg/preview_response__type_support.cpp.o[0m
[22.024s] [ 28%] [32mBuilding CXX object CMakeFiles/op3_online_walking_module_msgs__rosidl_typesupport_introspection_cpp.dir/rosidl_typesupport_introspection_cpp/op3_online_walking_module_msgs/msg/detail/step2_d__type_support.cpp.o[0m
[22.025s] [ 29%] [32mBuilding CXX object CMakeFiles/op3_online_walking_module_msgs__rosidl_typesupport_cpp.dir/rosidl_typesupport_cpp/op3_online_walking_module_msgs/msg/walking_param__type_support.cpp.o[0m
[22.025s] [ 30%] [32mBuilding CXX object CMakeFiles/op3_online_walking_module_msgs__rosidl_typesupport_fastrtps_cpp.dir/rosidl_typesupport_fastrtps_cpp/op3_online_walking_module_msgs/msg/detail/dds_fastrtps/preview_request__type_support.cpp.o[0m
[22.025s] [ 31%] [32mBuilding CXX object CMakeFiles/op3_online_walking_module_msgs__rosidl_typesupport_introspection_cpp.dir/rosidl_typesupport_introspection_cpp/op3_online_walking_module_msgs/msg/detail/walking_param__type_support.cpp.o[0m
[22.025s] [ 32%] [32mBuilding CXX object CMakeFiles/op3_online_walking_module_msgs__rosidl_typesupport_cpp.dir/rosidl_typesupport_cpp/op3_online_walking_module_msgs/msg/step2_d__type_support.cpp.o[0m
[22.025s] [ 33%] [32mBuilding CXX object CMakeFiles/op3_online_walking_module_msgs__rosidl_typesupport_fastrtps_cpp.dir/rosidl_typesupport_fastrtps_cpp/op3_online_walking_module_msgs/msg/detail/dds_fastrtps/preview_response__type_support.cpp.o[0m
[22.025s] [ 34%] [32mBuilding CXX object CMakeFiles/op3_online_walking_module_msgs__rosidl_typesupport_introspection_cpp.dir/rosidl_typesupport_introspection_cpp/op3_online_walking_module_msgs/msg/detail/preview_response__type_support.cpp.o[0m
[22.025s] [ 35%] [32mBuilding CXX object CMakeFiles/op3_online_walking_module_msgs__rosidl_typesupport_cpp.dir/rosidl_typesupport_cpp/op3_online_walking_module_msgs/srv/get_joint_pose__type_support.cpp.o[0m
[22.080s] [ 35%] [32mBuilding CXX object CMakeFiles/op3_online_walking_module_msgs__rosidl_typesupport_cpp.dir/rosidl_typesupport_cpp/op3_online_walking_module_msgs/msg/step2_d_array__type_support.cpp.o[0m
[22.423s] [ 36%] [32mBuilding CXX object CMakeFiles/op3_online_walking_module_msgs__rosidl_typesupport_fastrtps_cpp.dir/rosidl_typesupport_fastrtps_cpp/op3_online_walking_module_msgs/msg/detail/dds_fastrtps/step2_d__type_support.cpp.o[0m
[22.450s] [ 37%] [32mBuilding CXX object CMakeFiles/op3_online_walking_module_msgs__rosidl_typesupport_introspection_cpp.dir/rosidl_typesupport_introspection_cpp/op3_online_walking_module_msgs/srv/detail/get_preview_matrix__type_support.cpp.o[0m
[22.767s] [ 38%] [32mBuilding CXX object CMakeFiles/op3_online_walking_module_msgs__rosidl_typesupport_cpp.dir/rosidl_typesupport_cpp/op3_online_walking_module_msgs/srv/get_kinematics_pose__type_support.cpp.o[0m
[23.048s] [ 38%] [32mBuilding CXX object CMakeFiles/op3_online_walking_module_msgs__rosidl_typesupport_fastrtps_cpp.dir/rosidl_typesupport_fastrtps_cpp/op3_online_walking_module_msgs/msg/detail/dds_fastrtps/step2_d_array__type_support.cpp.o[0m
[23.196s] [ 39%] [32mBuilding CXX object CMakeFiles/op3_online_walking_module_msgs__rosidl_typesupport_cpp.dir/rosidl_typesupport_cpp/op3_online_walking_module_msgs/srv/get_preview_matrix__type_support.cpp.o[0m
[23.374s] [ 40%] [32mBuilding CXX object CMakeFiles/op3_online_walking_module_msgs__rosidl_typesupport_introspection_cpp.dir/rosidl_typesupport_introspection_cpp/op3_online_walking_module_msgs/msg/detail/preview_request__type_support.cpp.o[0m
[23.564s] [ 41%] [32m[1mLinking CXX shared library libop3_online_walking_module_msgs__rosidl_typesupport_cpp.so[0m
[23.661s] [ 41%] Built target op3_online_walking_module_msgs__rosidl_typesupport_cpp
[23.737s] [ 42%] [32mBuilding CXX object CMakeFiles/op3_online_walking_module_msgs__rosidl_typesupport_fastrtps_cpp.dir/rosidl_typesupport_fastrtps_cpp/op3_online_walking_module_msgs/srv/detail/dds_fastrtps/get_preview_matrix__type_support.cpp.o[0m
[23.934s] [ 43%] [32mBuilding CXX object CMakeFiles/op3_online_walking_module_msgs__rosidl_typesupport_introspection_cpp.dir/rosidl_typesupport_introspection_cpp/op3_online_walking_module_msgs/msg/detail/foot_step_array__type_support.cpp.o[0m
[24.466s] [ 44%] [32mBuilding CXX object CMakeFiles/op3_online_walking_module_msgs__rosidl_typesupport_fastrtps_cpp.dir/rosidl_typesupport_fastrtps_cpp/op3_online_walking_module_msgs/srv/detail/dds_fastrtps/get_kinematics_pose__type_support.cpp.o[0m
[24.903s] [ 44%] [32mBuilding CXX object CMakeFiles/op3_online_walking_module_msgs__rosidl_typesupport_introspection_cpp.dir/rosidl_typesupport_introspection_cpp/op3_online_walking_module_msgs/msg/detail/foot_step_command__type_support.cpp.o[0m
[25.171s] [ 45%] [32mBuilding CXX object CMakeFiles/op3_online_walking_module_msgs__rosidl_typesupport_fastrtps_cpp.dir/rosidl_typesupport_fastrtps_cpp/op3_online_walking_module_msgs/srv/detail/dds_fastrtps/get_joint_pose__type_support.cpp.o[0m
[25.659s] [ 46%] [32mBuilding CXX object CMakeFiles/op3_online_walking_module_msgs__rosidl_typesupport_introspection_cpp.dir/rosidl_typesupport_introspection_cpp/op3_online_walking_module_msgs/msg/detail/kinematics_pose__type_support.cpp.o[0m
[25.753s] [ 47%] [32mBuilding CXX object CMakeFiles/op3_online_walking_module_msgs__rosidl_typesupport_fastrtps_cpp.dir/rosidl_typesupport_fastrtps_cpp/op3_online_walking_module_msgs/msg/detail/dds_fastrtps/walking_param__type_support.cpp.o[0m
[26.235s] [ 48%] [32m[1mLinking CXX shared library libop3_online_walking_module_msgs__rosidl_typesupport_introspection_cpp.so[0m
[26.317s] [ 49%] [32m[1mLinking CXX shared library libop3_online_walking_module_msgs__rosidl_typesupport_fastrtps_cpp.so[0m
[26.375s] [ 49%] Built target op3_online_walking_module_msgs__rosidl_typesupport_introspection_cpp
[26.444s] [ 49%] Built target op3_online_walking_module_msgs__rosidl_typesupport_fastrtps_cpp
[26.456s] [ 50%] [34m[1mGenerating C type support dispatch for ROS interfaces[0m
[27.189s] [ 50%] [32mBuilding CXX object CMakeFiles/op3_online_walking_module_msgs__rosidl_typesupport_c.dir/rosidl_typesupport_c/op3_online_walking_module_msgs/msg/joint_pose__type_support.cpp.o[0m
[27.228s] [ 51%] [32mBuilding CXX object CMakeFiles/op3_online_walking_module_msgs__rosidl_typesupport_c.dir/rosidl_typesupport_c/op3_online_walking_module_msgs/srv/get_joint_pose__type_support.cpp.o[0m
[27.270s] [ 52%] [32mBuilding CXX object CMakeFiles/op3_online_walking_module_msgs__rosidl_typesupport_c.dir/rosidl_typesupport_c/op3_online_walking_module_msgs/srv/get_kinematics_pose__type_support.cpp.o[0m
[27.326s] [ 53%] [32mBuilding CXX object CMakeFiles/op3_online_walking_module_msgs__rosidl_typesupport_c.dir/rosidl_typesupport_c/op3_online_walking_module_msgs/srv/get_preview_matrix__type_support.cpp.o[0m
[27.397s] [ 54%] [32mBuilding CXX object CMakeFiles/op3_online_walking_module_msgs__rosidl_typesupport_c.dir/rosidl_typesupport_c/op3_online_walking_module_msgs/msg/step2_d_array__type_support.cpp.o[0m
[27.441s] [ 55%] [32mBuilding CXX object CMakeFiles/op3_online_walking_module_msgs__rosidl_typesupport_c.dir/rosidl_typesupport_c/op3_online_walking_module_msgs/msg/step2_d__type_support.cpp.o[0m
[27.476s] [ 55%] [32mBuilding CXX object CMakeFiles/op3_online_walking_module_msgs__rosidl_typesupport_c.dir/rosidl_typesupport_c/op3_online_walking_module_msgs/msg/walking_param__type_support.cpp.o[0m
[27.512s] [ 56%] [32mBuilding CXX object CMakeFiles/op3_online_walking_module_msgs__rosidl_typesupport_c.dir/rosidl_typesupport_c/op3_online_walking_module_msgs/msg/preview_response__type_support.cpp.o[0m
[27.548s] [ 57%] [32mBuilding CXX object CMakeFiles/op3_online_walking_module_msgs__rosidl_typesupport_c.dir/rosidl_typesupport_c/op3_online_walking_module_msgs/msg/preview_request__type_support.cpp.o[0m
[27.583s] [ 58%] [32mBuilding CXX object CMakeFiles/op3_online_walking_module_msgs__rosidl_typesupport_c.dir/rosidl_typesupport_c/op3_online_walking_module_msgs/msg/foot_step_array__type_support.cpp.o[0m
[27.630s] [ 59%] [32mBuilding CXX object CMakeFiles/op3_online_walking_module_msgs__rosidl_typesupport_c.dir/rosidl_typesupport_c/op3_online_walking_module_msgs/msg/foot_step_command__type_support.cpp.o[0m
[27.669s] [ 60%] [32mBuilding CXX object CMakeFiles/op3_online_walking_module_msgs__rosidl_typesupport_c.dir/rosidl_typesupport_c/op3_online_walking_module_msgs/msg/kinematics_pose__type_support.cpp.o[0m
[27.707s] [ 60%] [32m[1mLinking CXX shared library libop3_online_walking_module_msgs__rosidl_typesupport_c.so[0m
[27.759s] [ 60%] Built target op3_online_walking_module_msgs__rosidl_typesupport_c
[27.772s] [ 61%] [34m[1mGenerating C introspection for ROS interfaces[0m
[29.015s] [ 61%] [32mBuilding C object CMakeFiles/op3_online_walking_module_msgs__rosidl_typesupport_introspection_c.dir/rosidl_typesupport_introspection_c/op3_online_walking_module_msgs/msg/detail/joint_pose__type_support.c.o[0m
[29.058s] [ 62%] [32mBuilding C object CMakeFiles/op3_online_walking_module_msgs__rosidl_typesupport_introspection_c.dir/rosidl_typesupport_introspection_c/op3_online_walking_module_msgs/srv/detail/get_kinematics_pose__type_support.c.o[0m
[29.105s] [ 63%] [32mBuilding C object CMakeFiles/op3_online_walking_module_msgs__rosidl_typesupport_introspection_c.dir/rosidl_typesupport_introspection_c/op3_online_walking_module_msgs/srv/detail/get_preview_matrix__type_support.c.o[0m
[29.157s] [ 64%] [32mBuilding C object CMakeFiles/op3_online_walking_module_msgs__rosidl_typesupport_introspection_c.dir/rosidl_typesupport_introspection_c/op3_online_walking_module_msgs/srv/detail/get_joint_pose__type_support.c.o[0m
[29.201s] [ 65%] [32mBuilding C object CMakeFiles/op3_online_walking_module_msgs__rosidl_typesupport_introspection_c.dir/rosidl_typesupport_introspection_c/op3_online_walking_module_msgs/msg/detail/step2_d_array__type_support.c.o[0m
[29.250s] [ 66%] [32mBuilding C object CMakeFiles/op3_online_walking_module_msgs__rosidl_typesupport_introspection_c.dir/rosidl_typesupport_introspection_c/op3_online_walking_module_msgs/msg/detail/step2_d__type_support.c.o[0m
[29.313s] [ 66%] [32mBuilding C object CMakeFiles/op3_online_walking_module_msgs__rosidl_typesupport_introspection_c.dir/rosidl_typesupport_introspection_c/op3_online_walking_module_msgs/msg/detail/walking_param__type_support.c.o[0m
[29.356s] [ 67%] [32mBuilding C object CMakeFiles/op3_online_walking_module_msgs__rosidl_typesupport_introspection_c.dir/rosidl_typesupport_introspection_c/op3_online_walking_module_msgs/msg/detail/preview_response__type_support.c.o[0m
[29.413s] [ 68%] [32mBuilding C object CMakeFiles/op3_online_walking_module_msgs__rosidl_typesupport_introspection_c.dir/rosidl_typesupport_introspection_c/op3_online_walking_module_msgs/msg/detail/preview_request__type_support.c.o[0m
[29.462s] [ 69%] [32mBuilding C object CMakeFiles/op3_online_walking_module_msgs__rosidl_typesupport_introspection_c.dir/rosidl_typesupport_introspection_c/op3_online_walking_module_msgs/msg/detail/foot_step_array__type_support.c.o[0m
[29.530s] [ 70%] [32mBuilding C object CMakeFiles/op3_online_walking_module_msgs__rosidl_typesupport_introspection_c.dir/rosidl_typesupport_introspection_c/op3_online_walking_module_msgs/msg/detail/foot_step_command__type_support.c.o[0m
[29.571s] [ 71%] [32mBuilding C object CMakeFiles/op3_online_walking_module_msgs__rosidl_typesupport_introspection_c.dir/rosidl_typesupport_introspection_c/op3_online_walking_module_msgs/msg/detail/kinematics_pose__type_support.c.o[0m
[29.624s] [ 71%] [32m[1mLinking C shared library libop3_online_walking_module_msgs__rosidl_typesupport_introspection_c.so[0m
[29.700s] [ 71%] Built target op3_online_walking_module_msgs__rosidl_typesupport_introspection_c
[29.702s] [ 72%] [34m[1mGenerating C type support for eProsima Fast-RTPS[0m
[30.884s] [ 72%] [32mBuilding CXX object CMakeFiles/op3_online_walking_module_msgs__rosidl_typesupport_fastrtps_c.dir/rosidl_typesupport_fastrtps_c/op3_online_walking_module_msgs/msg/detail/joint_pose__type_support_c.cpp.o[0m
[31.176s] [ 73%] [32mBuilding CXX object CMakeFiles/op3_online_walking_module_msgs__rosidl_typesupport_fastrtps_c.dir/rosidl_typesupport_fastrtps_c/op3_online_walking_module_msgs/srv/detail/get_preview_matrix__type_support_c.cpp.o[0m
[31.599s] [ 74%] [32mBuilding CXX object CMakeFiles/op3_online_walking_module_msgs__rosidl_typesupport_fastrtps_c.dir/rosidl_typesupport_fastrtps_c/op3_online_walking_module_msgs/srv/detail/get_kinematics_pose__type_support_c.cpp.o[0m
[32.067s] [ 75%] [32mBuilding CXX object CMakeFiles/op3_online_walking_module_msgs__rosidl_typesupport_fastrtps_c.dir/rosidl_typesupport_fastrtps_c/op3_online_walking_module_msgs/srv/detail/get_joint_pose__type_support_c.cpp.o[0m
[32.375s] [ 76%] [32mBuilding CXX object CMakeFiles/op3_online_walking_module_msgs__rosidl_typesupport_fastrtps_c.dir/rosidl_typesupport_fastrtps_c/op3_online_walking_module_msgs/msg/detail/step2_d_array__type_support_c.cpp.o[0m
[32.675s] [ 77%] [32mBuilding CXX object CMakeFiles/op3_online_walking_module_msgs__rosidl_typesupport_fastrtps_c.dir/rosidl_typesupport_fastrtps_c/op3_online_walking_module_msgs/msg/detail/step2_d__type_support_c.cpp.o[0m
[33.109s] [ 77%] [32mBuilding CXX object CMakeFiles/op3_online_walking_module_msgs__rosidl_typesupport_fastrtps_c.dir/rosidl_typesupport_fastrtps_c/op3_online_walking_module_msgs/msg/detail/walking_param__type_support_c.cpp.o[0m
[33.533s] [ 78%] [32mBuilding CXX object CMakeFiles/op3_online_walking_module_msgs__rosidl_typesupport_fastrtps_c.dir/rosidl_typesupport_fastrtps_c/op3_online_walking_module_msgs/msg/detail/preview_response__type_support_c.cpp.o[0m
[33.950s] [ 79%] [32mBuilding CXX object CMakeFiles/op3_online_walking_module_msgs__rosidl_typesupport_fastrtps_c.dir/rosidl_typesupport_fastrtps_c/op3_online_walking_module_msgs/msg/detail/preview_request__type_support_c.cpp.o[0m
[34.199s] [ 80%] [32mBuilding CXX object CMakeFiles/op3_online_walking_module_msgs__rosidl_typesupport_fastrtps_c.dir/rosidl_typesupport_fastrtps_c/op3_online_walking_module_msgs/msg/detail/foot_step_array__type_support_c.cpp.o[0m
[34.435s] [ 81%] [32mBuilding CXX object CMakeFiles/op3_online_walking_module_msgs__rosidl_typesupport_fastrtps_c.dir/rosidl_typesupport_fastrtps_c/op3_online_walking_module_msgs/msg/detail/foot_step_command__type_support_c.cpp.o[0m
[34.702s] [ 82%] [32mBuilding CXX object CMakeFiles/op3_online_walking_module_msgs__rosidl_typesupport_fastrtps_c.dir/rosidl_typesupport_fastrtps_c/op3_online_walking_module_msgs/msg/detail/kinematics_pose__type_support_c.cpp.o[0m
[34.978s] [ 82%] [32m[1mLinking CXX shared library libop3_online_walking_module_msgs__rosidl_typesupport_fastrtps_c.so[0m
[35.053s] [ 82%] Built target op3_online_walking_module_msgs__rosidl_typesupport_fastrtps_c
[35.073s] [ 82%] Built target op3_online_walking_module_msgs
[35.098s] [ 83%] [34m[1mGenerating Python code for ROS interfaces[0m
[36.319s] [ 83%] Built target op3_online_walking_module_msgs__py
[36.338s] [ 84%] [32mBuilding C object CMakeFiles/op3_online_walking_module_msgs__rosidl_generator_py.dir/rosidl_generator_py/op3_online_walking_module_msgs/msg/_joint_pose_s.c.o[0m
[36.407s] [ 85%] [32mBuilding C object CMakeFiles/op3_online_walking_module_msgs__rosidl_generator_py.dir/rosidl_generator_py/op3_online_walking_module_msgs/srv/_get_preview_matrix_s.c.o[0m
[36.474s] [ 86%] [32mBuilding C object CMakeFiles/op3_online_walking_module_msgs__rosidl_generator_py.dir/rosidl_generator_py/op3_online_walking_module_msgs/srv/_get_kinematics_pose_s.c.o[0m
[36.546s] [ 87%] [32mBuilding C object CMakeFiles/op3_online_walking_module_msgs__rosidl_generator_py.dir/rosidl_generator_py/op3_online_walking_module_msgs/srv/_get_joint_pose_s.c.o[0m
[36.615s] [ 87%] [32mBuilding C object CMakeFiles/op3_online_walking_module_msgs__rosidl_generator_py.dir/rosidl_generator_py/op3_online_walking_module_msgs/msg/_step2_d_array_s.c.o[0m
[36.686s] [ 88%] [32mBuilding C object CMakeFiles/op3_online_walking_module_msgs__rosidl_generator_py.dir/rosidl_generator_py/op3_online_walking_module_msgs/msg/_step2_d_s.c.o[0m
[36.765s] [ 89%] [32mBuilding C object CMakeFiles/op3_online_walking_module_msgs__rosidl_generator_py.dir/rosidl_generator_py/op3_online_walking_module_msgs/msg/_walking_param_s.c.o[0m
[36.835s] [ 90%] [32mBuilding C object CMakeFiles/op3_online_walking_module_msgs__rosidl_generator_py.dir/rosidl_generator_py/op3_online_walking_module_msgs/msg/_preview_response_s.c.o[0m
[36.909s] [ 91%] [32mBuilding C object CMakeFiles/op3_online_walking_module_msgs__rosidl_generator_py.dir/rosidl_generator_py/op3_online_walking_module_msgs/msg/_preview_request_s.c.o[0m
[36.971s] [ 92%] [32mBuilding C object CMakeFiles/op3_online_walking_module_msgs__rosidl_generator_py.dir/rosidl_generator_py/op3_online_walking_module_msgs/msg/_foot_step_array_s.c.o[0m
[37.039s] [ 92%] [32mBuilding C object CMakeFiles/op3_online_walking_module_msgs__rosidl_generator_py.dir/rosidl_generator_py/op3_online_walking_module_msgs/msg/_foot_step_command_s.c.o[0m
[37.109s] [ 93%] [32mBuilding C object CMakeFiles/op3_online_walking_module_msgs__rosidl_generator_py.dir/rosidl_generator_py/op3_online_walking_module_msgs/msg/_kinematics_pose_s.c.o[0m
[37.185s] [ 94%] [32m[1mLinking C shared library rosidl_generator_py/op3_online_walking_module_msgs/libop3_online_walking_module_msgs__rosidl_generator_py.so[0m
[37.222s] [ 94%] Built target op3_online_walking_module_msgs__rosidl_generator_py
[37.239s] [ 95%] [32mBuilding C object CMakeFiles/op3_online_walking_module_msgs__rosidl_typesupport_fastrtps_c__pyext.dir/rosidl_generator_py/op3_online_walking_module_msgs/_op3_online_walking_module_msgs_s.ep.rosidl_typesupport_fastrtps_c.c.o[0m
[37.333s] [ 96%] [32m[1mLinking C shared library rosidl_generator_py/op3_online_walking_module_msgs/op3_online_walking_module_msgs_s__rosidl_typesupport_fastrtps_c.cpython-310-x86_64-linux-gnu.so[0m
[37.368s] [ 96%] Built target op3_online_walking_module_msgs__rosidl_typesupport_fastrtps_c__pyext
[37.382s] [ 97%] [32mBuilding C object CMakeFiles/op3_online_walking_module_msgs__rosidl_typesupport_c__pyext.dir/rosidl_generator_py/op3_online_walking_module_msgs/_op3_online_walking_module_msgs_s.ep.rosidl_typesupport_c.c.o[0m
[37.466s] [ 98%] [32m[1mLinking C shared library rosidl_generator_py/op3_online_walking_module_msgs/op3_online_walking_module_msgs_s__rosidl_typesupport_c.cpython-310-x86_64-linux-gnu.so[0m
[37.500s] [ 98%] Built target op3_online_walking_module_msgs__rosidl_typesupport_c__pyext
[37.515s] [ 99%] [32mBuilding C object CMakeFiles/op3_online_walking_module_msgs__rosidl_typesupport_introspection_c__pyext.dir/rosidl_generator_py/op3_online_walking_module_msgs/_op3_online_walking_module_msgs_s.ep.rosidl_typesupport_introspection_c.c.o[0m
[37.608s] [100%] [32m[1mLinking C shared library rosidl_generator_py/op3_online_walking_module_msgs/op3_online_walking_module_msgs_s__rosidl_typesupport_introspection_c.cpython-310-x86_64-linux-gnu.so[0m
[37.642s] [100%] Built target op3_online_walking_module_msgs__rosidl_typesupport_introspection_c__pyext
