[35m[1mConsolidate compiler generated dependencies of target op3_ball_detector_msgs__rosidl_generator_c[0m
[  1%] Built target op3_ball_detector_msgs__rs
[ 12%] Built target op3_ball_detector_msgs__rosidl_generator_c
[ 14%] Built target op3_ball_detector_msgs__cpp
[35m[1mConsolidate compiler generated dependencies of target op3_ball_detector_msgs__rosidl_typesupport_c[0m
[35m[1mConsolidate compiler generated dependencies of target op3_ball_detector_msgs__rosidl_typesupport_fastrtps_c[0m
[35m[1mConsolidate compiler generated dependencies of target op3_ball_detector_msgs__rosidl_typesupport_cpp[0m
[ 14%] Built target ament_cmake_python_symlink_op3_ball_detector_msgs
[35m[1mConsolidate compiler generated dependencies of target op3_ball_detector_msgs__rosidl_typesupport_introspection_cpp[0m
[35m[1mConsolidate compiler generated dependencies of target op3_ball_detector_msgs__rosidl_typesupport_introspection_c[0m
[ 25%] Built target op3_ball_detector_msgs__rosidl_typesupport_c
[35m[1mConsolidate compiler generated dependencies of target op3_ball_detector_msgs__rosidl_typesupport_fastrtps_cpp[0m
[ 35%] Built target op3_ball_detector_msgs__rosidl_typesupport_introspection_cpp
[ 46%] Built target op3_ball_detector_msgs__rosidl_typesupport_cpp
[ 57%] Built target op3_ball_detector_msgs__rosidl_typesupport_introspection_c
[ 67%] Built target op3_ball_detector_msgs__rosidl_typesupport_fastrtps_c
[ 78%] Built target op3_ball_detector_msgs__rosidl_typesupport_fastrtps_cpp
[ 78%] Built target op3_ball_detector_msgs
[ 80%] Built target op3_ball_detector_msgs__py
[35m[1mConsolidate compiler generated dependencies of target op3_ball_detector_msgs__rosidl_generator_py[0m
[ 89%] Built target op3_ball_detector_msgs__rosidl_generator_py
[35m[1mConsolidate compiler generated dependencies of target op3_ball_detector_msgs__rosidl_typesupport_fastrtps_c__pyext[0m
[35m[1mConsolidate compiler generated dependencies of target op3_ball_detector_msgs__rosidl_typesupport_introspection_c__pyext[0m
[35m[1mConsolidate compiler generated dependencies of target op3_ball_detector_msgs__rosidl_typesupport_c__pyext[0m
[ 96%] Built target op3_ball_detector_msgs__rosidl_typesupport_introspection_c__pyext
[ 96%] Built target op3_ball_detector_msgs__rosidl_typesupport_fastrtps_c__pyext
[100%] Built target op3_ball_detector_msgs__rosidl_typesupport_c__pyext
running egg_info
writing op3_ball_detector_msgs.egg-info/PKG-INFO
writing dependency_links to op3_ball_detector_msgs.egg-info/dependency_links.txt
writing top-level names to op3_ball_detector_msgs.egg-info/top_level.txt
reading manifest file 'op3_ball_detector_msgs.egg-info/SOURCES.txt'
writing manifest file 'op3_ball_detector_msgs.egg-info/SOURCES.txt'
[100%] Built target ament_cmake_python_build_op3_ball_detector_msgs_egg
-- Install configuration: ""
-- Execute custom install script
-- Symlinking: /home/evan/Documents/algo_gaze_project/install/op3_ball_detector_msgs/share/ament_index/resource_index/rosidl_interfaces/op3_ball_detector_msgs
-- Symlinking: /home/evan/Documents/algo_gaze_project/install/op3_ball_detector_msgs/include/op3_ball_detector_msgs/op3_ball_detector_msgs/msg/ball_detector_params.h
-- Symlinking: /home/evan/Documents/algo_gaze_project/install/op3_ball_detector_msgs/include/op3_ball_detector_msgs/op3_ball_detector_msgs/msg/circle_set_stamped.h
-- Symlinking: /home/evan/Documents/algo_gaze_project/install/op3_ball_detector_msgs/include/op3_ball_detector_msgs/op3_ball_detector_msgs/msg/detail/ball_detector_params__functions.h
-- Symlinking: /home/evan/Documents/algo_gaze_project/install/op3_ball_detector_msgs/include/op3_ball_detector_msgs/op3_ball_detector_msgs/msg/detail/ball_detector_params__struct.h
-- Symlinking: /home/evan/Documents/algo_gaze_project/install/op3_ball_detector_msgs/include/op3_ball_detector_msgs/op3_ball_detector_msgs/msg/detail/ball_detector_params__type_support.h
-- Symlinking: /home/evan/Documents/algo_gaze_project/install/op3_ball_detector_msgs/include/op3_ball_detector_msgs/op3_ball_detector_msgs/msg/detail/circle_set_stamped__functions.h
-- Symlinking: /home/evan/Documents/algo_gaze_project/install/op3_ball_detector_msgs/include/op3_ball_detector_msgs/op3_ball_detector_msgs/msg/detail/circle_set_stamped__struct.h
-- Symlinking: /home/evan/Documents/algo_gaze_project/install/op3_ball_detector_msgs/include/op3_ball_detector_msgs/op3_ball_detector_msgs/msg/detail/circle_set_stamped__type_support.h
-- Symlinking: /home/evan/Documents/algo_gaze_project/install/op3_ball_detector_msgs/include/op3_ball_detector_msgs/op3_ball_detector_msgs/msg/rosidl_generator_c__visibility_control.h
-- Symlinking: /home/evan/Documents/algo_gaze_project/install/op3_ball_detector_msgs/include/op3_ball_detector_msgs/op3_ball_detector_msgs/srv/detail/get_parameters__functions.h
-- Symlinking: /home/evan/Documents/algo_gaze_project/install/op3_ball_detector_msgs/include/op3_ball_detector_msgs/op3_ball_detector_msgs/srv/detail/get_parameters__struct.h
-- Symlinking: /home/evan/Documents/algo_gaze_project/install/op3_ball_detector_msgs/include/op3_ball_detector_msgs/op3_ball_detector_msgs/srv/detail/get_parameters__type_support.h
-- Symlinking: /home/evan/Documents/algo_gaze_project/install/op3_ball_detector_msgs/include/op3_ball_detector_msgs/op3_ball_detector_msgs/srv/detail/set_parameters__functions.h
-- Symlinking: /home/evan/Documents/algo_gaze_project/install/op3_ball_detector_msgs/include/op3_ball_detector_msgs/op3_ball_detector_msgs/srv/detail/set_parameters__struct.h
-- Symlinking: /home/evan/Documents/algo_gaze_project/install/op3_ball_detector_msgs/include/op3_ball_detector_msgs/op3_ball_detector_msgs/srv/detail/set_parameters__type_support.h
-- Symlinking: /home/evan/Documents/algo_gaze_project/install/op3_ball_detector_msgs/include/op3_ball_detector_msgs/op3_ball_detector_msgs/srv/get_parameters.h
-- Symlinking: /home/evan/Documents/algo_gaze_project/install/op3_ball_detector_msgs/include/op3_ball_detector_msgs/op3_ball_detector_msgs/srv/set_parameters.h
-- Symlinking: /home/evan/Documents/algo_gaze_project/install/op3_ball_detector_msgs/share/op3_ball_detector_msgs/environment/library_path.sh
-- Symlinking: /home/evan/Documents/algo_gaze_project/install/op3_ball_detector_msgs/share/op3_ball_detector_msgs/environment/library_path.dsv
-- Symlinking: /home/evan/Documents/algo_gaze_project/install/op3_ball_detector_msgs/include/op3_ball_detector_msgs/op3_ball_detector_msgs/msg/detail/ball_detector_params__rosidl_typesupport_fastrtps_c.h
-- Symlinking: /home/evan/Documents/algo_gaze_project/install/op3_ball_detector_msgs/include/op3_ball_detector_msgs/op3_ball_detector_msgs/msg/detail/circle_set_stamped__rosidl_typesupport_fastrtps_c.h
-- Symlinking: /home/evan/Documents/algo_gaze_project/install/op3_ball_detector_msgs/include/op3_ball_detector_msgs/op3_ball_detector_msgs/msg/rosidl_typesupport_fastrtps_c__visibility_control.h
-- Symlinking: /home/evan/Documents/algo_gaze_project/install/op3_ball_detector_msgs/include/op3_ball_detector_msgs/op3_ball_detector_msgs/srv/detail/get_parameters__rosidl_typesupport_fastrtps_c.h
-- Symlinking: /home/evan/Documents/algo_gaze_project/install/op3_ball_detector_msgs/include/op3_ball_detector_msgs/op3_ball_detector_msgs/srv/detail/set_parameters__rosidl_typesupport_fastrtps_c.h
-- Symlinking: /home/evan/Documents/algo_gaze_project/install/op3_ball_detector_msgs/include/op3_ball_detector_msgs/op3_ball_detector_msgs/msg/ball_detector_params.hpp
-- Symlinking: /home/evan/Documents/algo_gaze_project/install/op3_ball_detector_msgs/include/op3_ball_detector_msgs/op3_ball_detector_msgs/msg/circle_set_stamped.hpp
-- Symlinking: /home/evan/Documents/algo_gaze_project/install/op3_ball_detector_msgs/include/op3_ball_detector_msgs/op3_ball_detector_msgs/msg/detail/ball_detector_params__builder.hpp
-- Symlinking: /home/evan/Documents/algo_gaze_project/install/op3_ball_detector_msgs/include/op3_ball_detector_msgs/op3_ball_detector_msgs/msg/detail/ball_detector_params__struct.hpp
-- Symlinking: /home/evan/Documents/algo_gaze_project/install/op3_ball_detector_msgs/include/op3_ball_detector_msgs/op3_ball_detector_msgs/msg/detail/ball_detector_params__traits.hpp
-- Symlinking: /home/evan/Documents/algo_gaze_project/install/op3_ball_detector_msgs/include/op3_ball_detector_msgs/op3_ball_detector_msgs/msg/detail/ball_detector_params__type_support.hpp
-- Symlinking: /home/evan/Documents/algo_gaze_project/install/op3_ball_detector_msgs/include/op3_ball_detector_msgs/op3_ball_detector_msgs/msg/detail/circle_set_stamped__builder.hpp
-- Symlinking: /home/evan/Documents/algo_gaze_project/install/op3_ball_detector_msgs/include/op3_ball_detector_msgs/op3_ball_detector_msgs/msg/detail/circle_set_stamped__struct.hpp
-- Symlinking: /home/evan/Documents/algo_gaze_project/install/op3_ball_detector_msgs/include/op3_ball_detector_msgs/op3_ball_detector_msgs/msg/detail/circle_set_stamped__traits.hpp
-- Symlinking: /home/evan/Documents/algo_gaze_project/install/op3_ball_detector_msgs/include/op3_ball_detector_msgs/op3_ball_detector_msgs/msg/detail/circle_set_stamped__type_support.hpp
-- Symlinking: /home/evan/Documents/algo_gaze_project/install/op3_ball_detector_msgs/include/op3_ball_detector_msgs/op3_ball_detector_msgs/msg/rosidl_generator_cpp__visibility_control.hpp
-- Symlinking: /home/evan/Documents/algo_gaze_project/install/op3_ball_detector_msgs/include/op3_ball_detector_msgs/op3_ball_detector_msgs/srv/detail/get_parameters__builder.hpp
-- Symlinking: /home/evan/Documents/algo_gaze_project/install/op3_ball_detector_msgs/include/op3_ball_detector_msgs/op3_ball_detector_msgs/srv/detail/get_parameters__struct.hpp
-- Symlinking: /home/evan/Documents/algo_gaze_project/install/op3_ball_detector_msgs/include/op3_ball_detector_msgs/op3_ball_detector_msgs/srv/detail/get_parameters__traits.hpp
-- Symlinking: /home/evan/Documents/algo_gaze_project/install/op3_ball_detector_msgs/include/op3_ball_detector_msgs/op3_ball_detector_msgs/srv/detail/get_parameters__type_support.hpp
-- Symlinking: /home/evan/Documents/algo_gaze_project/install/op3_ball_detector_msgs/include/op3_ball_detector_msgs/op3_ball_detector_msgs/srv/detail/set_parameters__builder.hpp
-- Symlinking: /home/evan/Documents/algo_gaze_project/install/op3_ball_detector_msgs/include/op3_ball_detector_msgs/op3_ball_detector_msgs/srv/detail/set_parameters__struct.hpp
-- Symlinking: /home/evan/Documents/algo_gaze_project/install/op3_ball_detector_msgs/include/op3_ball_detector_msgs/op3_ball_detector_msgs/srv/detail/set_parameters__traits.hpp
-- Symlinking: /home/evan/Documents/algo_gaze_project/install/op3_ball_detector_msgs/include/op3_ball_detector_msgs/op3_ball_detector_msgs/srv/detail/set_parameters__type_support.hpp
-- Symlinking: /home/evan/Documents/algo_gaze_project/install/op3_ball_detector_msgs/include/op3_ball_detector_msgs/op3_ball_detector_msgs/srv/get_parameters.hpp
-- Symlinking: /home/evan/Documents/algo_gaze_project/install/op3_ball_detector_msgs/include/op3_ball_detector_msgs/op3_ball_detector_msgs/srv/set_parameters.hpp
-- Symlinking: /home/evan/Documents/algo_gaze_project/install/op3_ball_detector_msgs/include/op3_ball_detector_msgs/op3_ball_detector_msgs/msg/detail/ball_detector_params__rosidl_typesupport_fastrtps_cpp.hpp
-- Symlinking: /home/evan/Documents/algo_gaze_project/install/op3_ball_detector_msgs/include/op3_ball_detector_msgs/op3_ball_detector_msgs/msg/detail/circle_set_stamped__rosidl_typesupport_fastrtps_cpp.hpp
-- Symlinking: /home/evan/Documents/algo_gaze_project/install/op3_ball_detector_msgs/include/op3_ball_detector_msgs/op3_ball_detector_msgs/msg/rosidl_typesupport_fastrtps_cpp__visibility_control.h
-- Symlinking: /home/evan/Documents/algo_gaze_project/install/op3_ball_detector_msgs/include/op3_ball_detector_msgs/op3_ball_detector_msgs/srv/detail/get_parameters__rosidl_typesupport_fastrtps_cpp.hpp
-- Symlinking: /home/evan/Documents/algo_gaze_project/install/op3_ball_detector_msgs/include/op3_ball_detector_msgs/op3_ball_detector_msgs/srv/detail/set_parameters__rosidl_typesupport_fastrtps_cpp.hpp
-- Symlinking: /home/evan/Documents/algo_gaze_project/install/op3_ball_detector_msgs/include/op3_ball_detector_msgs/op3_ball_detector_msgs/msg/detail/ball_detector_params__rosidl_typesupport_introspection_c.h
-- Symlinking: /home/evan/Documents/algo_gaze_project/install/op3_ball_detector_msgs/include/op3_ball_detector_msgs/op3_ball_detector_msgs/msg/detail/circle_set_stamped__rosidl_typesupport_introspection_c.h
-- Symlinking: /home/evan/Documents/algo_gaze_project/install/op3_ball_detector_msgs/include/op3_ball_detector_msgs/op3_ball_detector_msgs/msg/rosidl_typesupport_introspection_c__visibility_control.h
-- Symlinking: /home/evan/Documents/algo_gaze_project/install/op3_ball_detector_msgs/include/op3_ball_detector_msgs/op3_ball_detector_msgs/srv/detail/get_parameters__rosidl_typesupport_introspection_c.h
-- Symlinking: /home/evan/Documents/algo_gaze_project/install/op3_ball_detector_msgs/include/op3_ball_detector_msgs/op3_ball_detector_msgs/srv/detail/set_parameters__rosidl_typesupport_introspection_c.h
-- Symlinking: /home/evan/Documents/algo_gaze_project/install/op3_ball_detector_msgs/include/op3_ball_detector_msgs/op3_ball_detector_msgs/msg/detail/ball_detector_params__rosidl_typesupport_introspection_cpp.hpp
-- Symlinking: /home/evan/Documents/algo_gaze_project/install/op3_ball_detector_msgs/include/op3_ball_detector_msgs/op3_ball_detector_msgs/msg/detail/circle_set_stamped__rosidl_typesupport_introspection_cpp.hpp
-- Symlinking: /home/evan/Documents/algo_gaze_project/install/op3_ball_detector_msgs/include/op3_ball_detector_msgs/op3_ball_detector_msgs/srv/detail/get_parameters__rosidl_typesupport_introspection_cpp.hpp
-- Symlinking: /home/evan/Documents/algo_gaze_project/install/op3_ball_detector_msgs/include/op3_ball_detector_msgs/op3_ball_detector_msgs/srv/detail/set_parameters__rosidl_typesupport_introspection_cpp.hpp
-- Symlinking: /home/evan/Documents/algo_gaze_project/install/op3_ball_detector_msgs/share/op3_ball_detector_msgs/environment/pythonpath.sh
-- Symlinking: /home/evan/Documents/algo_gaze_project/install/op3_ball_detector_msgs/share/op3_ball_detector_msgs/environment/pythonpath.dsv
-- Symlinking: /home/evan/Documents/algo_gaze_project/install/op3_ball_detector_msgs/local/lib/python3.10/dist-packages/op3_ball_detector_msgs-0.1.0-py3.10.egg-info/PKG-INFO
-- Symlinking: /home/evan/Documents/algo_gaze_project/install/op3_ball_detector_msgs/local/lib/python3.10/dist-packages/op3_ball_detector_msgs-0.1.0-py3.10.egg-info/SOURCES.txt
-- Symlinking: /home/evan/Documents/algo_gaze_project/install/op3_ball_detector_msgs/local/lib/python3.10/dist-packages/op3_ball_detector_msgs-0.1.0-py3.10.egg-info/dependency_links.txt
-- Symlinking: /home/evan/Documents/algo_gaze_project/install/op3_ball_detector_msgs/local/lib/python3.10/dist-packages/op3_ball_detector_msgs-0.1.0-py3.10.egg-info/top_level.txt
-- Symlinking: /home/evan/Documents/algo_gaze_project/install/op3_ball_detector_msgs/local/lib/python3.10/dist-packages/op3_ball_detector_msgs/__init__.py
-- Symlinking: /home/evan/Documents/algo_gaze_project/install/op3_ball_detector_msgs/local/lib/python3.10/dist-packages/op3_ball_detector_msgs/_op3_ball_detector_msgs_s.ep.rosidl_typesupport_c.c
-- Symlinking: /home/evan/Documents/algo_gaze_project/install/op3_ball_detector_msgs/local/lib/python3.10/dist-packages/op3_ball_detector_msgs/_op3_ball_detector_msgs_s.ep.rosidl_typesupport_fastrtps_c.c
-- Symlinking: /home/evan/Documents/algo_gaze_project/install/op3_ball_detector_msgs/local/lib/python3.10/dist-packages/op3_ball_detector_msgs/_op3_ball_detector_msgs_s.ep.rosidl_typesupport_introspection_c.c
-- Symlinking: /home/evan/Documents/algo_gaze_project/install/op3_ball_detector_msgs/local/lib/python3.10/dist-packages/op3_ball_detector_msgs/libop3_ball_detector_msgs__rosidl_generator_py.so
-- Symlinking: /home/evan/Documents/algo_gaze_project/install/op3_ball_detector_msgs/local/lib/python3.10/dist-packages/op3_ball_detector_msgs/msg/__init__.py
-- Symlinking: /home/evan/Documents/algo_gaze_project/install/op3_ball_detector_msgs/local/lib/python3.10/dist-packages/op3_ball_detector_msgs/msg/_ball_detector_params.py
-- Symlinking: /home/evan/Documents/algo_gaze_project/install/op3_ball_detector_msgs/local/lib/python3.10/dist-packages/op3_ball_detector_msgs/msg/_ball_detector_params_s.c
-- Symlinking: /home/evan/Documents/algo_gaze_project/install/op3_ball_detector_msgs/local/lib/python3.10/dist-packages/op3_ball_detector_msgs/msg/_circle_set_stamped.py
-- Symlinking: /home/evan/Documents/algo_gaze_project/install/op3_ball_detector_msgs/local/lib/python3.10/dist-packages/op3_ball_detector_msgs/msg/_circle_set_stamped_s.c
-- Symlinking: /home/evan/Documents/algo_gaze_project/install/op3_ball_detector_msgs/local/lib/python3.10/dist-packages/op3_ball_detector_msgs/op3_ball_detector_msgs_s__rosidl_typesupport_c.cpython-310-x86_64-linux-gnu.so
-- Symlinking: /home/evan/Documents/algo_gaze_project/install/op3_ball_detector_msgs/local/lib/python3.10/dist-packages/op3_ball_detector_msgs/op3_ball_detector_msgs_s__rosidl_typesupport_fastrtps_c.cpython-310-x86_64-linux-gnu.so
-- Symlinking: /home/evan/Documents/algo_gaze_project/install/op3_ball_detector_msgs/local/lib/python3.10/dist-packages/op3_ball_detector_msgs/op3_ball_detector_msgs_s__rosidl_typesupport_introspection_c.cpython-310-x86_64-linux-gnu.so
-- Symlinking: /home/evan/Documents/algo_gaze_project/install/op3_ball_detector_msgs/local/lib/python3.10/dist-packages/op3_ball_detector_msgs/srv/__init__.py
-- Symlinking: /home/evan/Documents/algo_gaze_project/install/op3_ball_detector_msgs/local/lib/python3.10/dist-packages/op3_ball_detector_msgs/srv/_get_parameters.py
-- Symlinking: /home/evan/Documents/algo_gaze_project/install/op3_ball_detector_msgs/local/lib/python3.10/dist-packages/op3_ball_detector_msgs/srv/_get_parameters_s.c
-- Symlinking: /home/evan/Documents/algo_gaze_project/install/op3_ball_detector_msgs/local/lib/python3.10/dist-packages/op3_ball_detector_msgs/srv/_set_parameters.py
-- Symlinking: /home/evan/Documents/algo_gaze_project/install/op3_ball_detector_msgs/local/lib/python3.10/dist-packages/op3_ball_detector_msgs/srv/_set_parameters_s.c
-- Up-to-date symlink: /home/evan/Documents/algo_gaze_project/install/op3_ball_detector_msgs/local/lib/python3.10/dist-packages/op3_ball_detector_msgs/op3_ball_detector_msgs_s__rosidl_typesupport_fastrtps_c.cpython-310-x86_64-linux-gnu.so
-- Up-to-date symlink: /home/evan/Documents/algo_gaze_project/install/op3_ball_detector_msgs/local/lib/python3.10/dist-packages/op3_ball_detector_msgs/op3_ball_detector_msgs_s__rosidl_typesupport_introspection_c.cpython-310-x86_64-linux-gnu.so
-- Up-to-date symlink: /home/evan/Documents/algo_gaze_project/install/op3_ball_detector_msgs/local/lib/python3.10/dist-packages/op3_ball_detector_msgs/op3_ball_detector_msgs_s__rosidl_typesupport_c.cpython-310-x86_64-linux-gnu.so
-- Symlinking: /home/evan/Documents/algo_gaze_project/install/op3_ball_detector_msgs/share/ament_index/resource_index/rust_packages/op3_ball_detector_msgs
-- Symlinking: /home/evan/Documents/algo_gaze_project/install/op3_ball_detector_msgs/share/op3_ball_detector_msgs/rust/Cargo.toml
-- Symlinking: /home/evan/Documents/algo_gaze_project/install/op3_ball_detector_msgs/share/op3_ball_detector_msgs/rust/build.rs
-- Symlinking: /home/evan/Documents/algo_gaze_project/install/op3_ball_detector_msgs/share/op3_ball_detector_msgs/rust/src/lib.rs
-- Symlinking: /home/evan/Documents/algo_gaze_project/install/op3_ball_detector_msgs/share/op3_ball_detector_msgs/rust/src/msg.rs
-- Symlinking: /home/evan/Documents/algo_gaze_project/install/op3_ball_detector_msgs/share/op3_ball_detector_msgs/rust/src/msg/rmw.rs
-- Symlinking: /home/evan/Documents/algo_gaze_project/install/op3_ball_detector_msgs/share/op3_ball_detector_msgs/rust/src/srv.rs
-- Symlinking: /home/evan/Documents/algo_gaze_project/install/op3_ball_detector_msgs/share/op3_ball_detector_msgs/rust/src/srv/rmw.rs
-- Symlinking: /home/evan/Documents/algo_gaze_project/install/op3_ball_detector_msgs/share/op3_ball_detector_msgs/msg/BallDetectorParams.idl
-- Symlinking: /home/evan/Documents/algo_gaze_project/install/op3_ball_detector_msgs/share/op3_ball_detector_msgs/msg/CircleSetStamped.idl
-- Symlinking: /home/evan/Documents/algo_gaze_project/install/op3_ball_detector_msgs/share/op3_ball_detector_msgs/srv/GetParameters.idl
-- Symlinking: /home/evan/Documents/algo_gaze_project/install/op3_ball_detector_msgs/share/op3_ball_detector_msgs/srv/SetParameters.idl
-- Symlinking: /home/evan/Documents/algo_gaze_project/install/op3_ball_detector_msgs/share/op3_ball_detector_msgs/msg/BallDetectorParams.msg
-- Symlinking: /home/evan/Documents/algo_gaze_project/install/op3_ball_detector_msgs/share/op3_ball_detector_msgs/msg/CircleSetStamped.msg
-- Symlinking: /home/evan/Documents/algo_gaze_project/install/op3_ball_detector_msgs/share/op3_ball_detector_msgs/srv/GetParameters.srv
-- Symlinking: /home/evan/Documents/algo_gaze_project/install/op3_ball_detector_msgs/share/op3_ball_detector_msgs/srv/GetParameters_Request.msg
-- Symlinking: /home/evan/Documents/algo_gaze_project/install/op3_ball_detector_msgs/share/op3_ball_detector_msgs/srv/GetParameters_Response.msg
-- Symlinking: /home/evan/Documents/algo_gaze_project/install/op3_ball_detector_msgs/share/op3_ball_detector_msgs/srv/SetParameters.srv
-- Symlinking: /home/evan/Documents/algo_gaze_project/install/op3_ball_detector_msgs/share/op3_ball_detector_msgs/srv/SetParameters_Request.msg
-- Symlinking: /home/evan/Documents/algo_gaze_project/install/op3_ball_detector_msgs/share/op3_ball_detector_msgs/srv/SetParameters_Response.msg
-- Symlinking: /home/evan/Documents/algo_gaze_project/install/op3_ball_detector_msgs/share/ament_index/resource_index/package_run_dependencies/op3_ball_detector_msgs
-- Symlinking: /home/evan/Documents/algo_gaze_project/install/op3_ball_detector_msgs/share/ament_index/resource_index/parent_prefix_path/op3_ball_detector_msgs
-- Symlinking: /home/evan/Documents/algo_gaze_project/install/op3_ball_detector_msgs/share/op3_ball_detector_msgs/environment/ament_prefix_path.sh
-- Symlinking: /home/evan/Documents/algo_gaze_project/install/op3_ball_detector_msgs/share/op3_ball_detector_msgs/environment/ament_prefix_path.dsv
-- Symlinking: /home/evan/Documents/algo_gaze_project/install/op3_ball_detector_msgs/share/op3_ball_detector_msgs/environment/path.sh
-- Symlinking: /home/evan/Documents/algo_gaze_project/install/op3_ball_detector_msgs/share/op3_ball_detector_msgs/environment/path.dsv
-- Symlinking: /home/evan/Documents/algo_gaze_project/install/op3_ball_detector_msgs/share/op3_ball_detector_msgs/local_setup.bash
-- Symlinking: /home/evan/Documents/algo_gaze_project/install/op3_ball_detector_msgs/share/op3_ball_detector_msgs/local_setup.sh
-- Symlinking: /home/evan/Documents/algo_gaze_project/install/op3_ball_detector_msgs/share/op3_ball_detector_msgs/local_setup.zsh
-- Symlinking: /home/evan/Documents/algo_gaze_project/install/op3_ball_detector_msgs/share/op3_ball_detector_msgs/local_setup.dsv
-- Symlinking: /home/evan/Documents/algo_gaze_project/install/op3_ball_detector_msgs/share/op3_ball_detector_msgs/package.dsv
-- Symlinking: /home/evan/Documents/algo_gaze_project/install/op3_ball_detector_msgs/share/ament_index/resource_index/packages/op3_ball_detector_msgs
-- Symlinking: /home/evan/Documents/algo_gaze_project/install/op3_ball_detector_msgs/share/op3_ball_detector_msgs/cmake/rosidl_cmake-extras.cmake
-- Symlinking: /home/evan/Documents/algo_gaze_project/install/op3_ball_detector_msgs/share/op3_ball_detector_msgs/cmake/ament_cmake_export_dependencies-extras.cmake
-- Symlinking: /home/evan/Documents/algo_gaze_project/install/op3_ball_detector_msgs/share/op3_ball_detector_msgs/cmake/ament_cmake_export_include_directories-extras.cmake
-- Symlinking: /home/evan/Documents/algo_gaze_project/install/op3_ball_detector_msgs/share/op3_ball_detector_msgs/cmake/ament_cmake_export_libraries-extras.cmake
-- Symlinking: /home/evan/Documents/algo_gaze_project/install/op3_ball_detector_msgs/share/op3_ball_detector_msgs/cmake/ament_cmake_export_targets-extras.cmake
-- Symlinking: /home/evan/Documents/algo_gaze_project/install/op3_ball_detector_msgs/share/op3_ball_detector_msgs/cmake/rosidl_cmake_export_typesupport_targets-extras.cmake
-- Symlinking: /home/evan/Documents/algo_gaze_project/install/op3_ball_detector_msgs/share/op3_ball_detector_msgs/cmake/rosidl_cmake_export_typesupport_libraries-extras.cmake
-- Symlinking: /home/evan/Documents/algo_gaze_project/install/op3_ball_detector_msgs/share/op3_ball_detector_msgs/cmake/op3_ball_detector_msgsConfig.cmake
-- Symlinking: /home/evan/Documents/algo_gaze_project/install/op3_ball_detector_msgs/share/op3_ball_detector_msgs/cmake/op3_ball_detector_msgsConfig-version.cmake
-- Symlinking: /home/evan/Documents/algo_gaze_project/install/op3_ball_detector_msgs/share/op3_ball_detector_msgs/package.xml
-- Installing: /home/evan/Documents/algo_gaze_project/install/op3_ball_detector_msgs/lib/libop3_ball_detector_msgs__rosidl_generator_c.so
-- Set runtime path of "/home/evan/Documents/algo_gaze_project/install/op3_ball_detector_msgs/lib/libop3_ball_detector_msgs__rosidl_generator_c.so" to ""
-- Installing: /home/evan/Documents/algo_gaze_project/install/op3_ball_detector_msgs/lib/libop3_ball_detector_msgs__rosidl_typesupport_fastrtps_c.so
-- Set runtime path of "/home/evan/Documents/algo_gaze_project/install/op3_ball_detector_msgs/lib/libop3_ball_detector_msgs__rosidl_typesupport_fastrtps_c.so" to ""
-- Installing: /home/evan/Documents/algo_gaze_project/install/op3_ball_detector_msgs/lib/libop3_ball_detector_msgs__rosidl_typesupport_fastrtps_cpp.so
-- Set runtime path of "/home/evan/Documents/algo_gaze_project/install/op3_ball_detector_msgs/lib/libop3_ball_detector_msgs__rosidl_typesupport_fastrtps_cpp.so" to ""
-- Installing: /home/evan/Documents/algo_gaze_project/install/op3_ball_detector_msgs/lib/libop3_ball_detector_msgs__rosidl_typesupport_introspection_c.so
-- Set runtime path of "/home/evan/Documents/algo_gaze_project/install/op3_ball_detector_msgs/lib/libop3_ball_detector_msgs__rosidl_typesupport_introspection_c.so" to ""
-- Installing: /home/evan/Documents/algo_gaze_project/install/op3_ball_detector_msgs/lib/libop3_ball_detector_msgs__rosidl_typesupport_c.so
-- Set runtime path of "/home/evan/Documents/algo_gaze_project/install/op3_ball_detector_msgs/lib/libop3_ball_detector_msgs__rosidl_typesupport_c.so" to ""
-- Installing: /home/evan/Documents/algo_gaze_project/install/op3_ball_detector_msgs/lib/libop3_ball_detector_msgs__rosidl_typesupport_introspection_cpp.so
-- Set runtime path of "/home/evan/Documents/algo_gaze_project/install/op3_ball_detector_msgs/lib/libop3_ball_detector_msgs__rosidl_typesupport_introspection_cpp.so" to ""
-- Installing: /home/evan/Documents/algo_gaze_project/install/op3_ball_detector_msgs/lib/libop3_ball_detector_msgs__rosidl_typesupport_cpp.so
-- Set runtime path of "/home/evan/Documents/algo_gaze_project/install/op3_ball_detector_msgs/lib/libop3_ball_detector_msgs__rosidl_typesupport_cpp.so" to ""
Listing '/home/evan/Documents/algo_gaze_project/install/op3_ball_detector_msgs/local/lib/python3.10/dist-packages/op3_ball_detector_msgs'...
Compiling '/home/evan/Documents/algo_gaze_project/install/op3_ball_detector_msgs/local/lib/python3.10/dist-packages/op3_ball_detector_msgs/__init__.py'...
Listing '/home/evan/Documents/algo_gaze_project/install/op3_ball_detector_msgs/local/lib/python3.10/dist-packages/op3_ball_detector_msgs/msg'...
Compiling '/home/evan/Documents/algo_gaze_project/install/op3_ball_detector_msgs/local/lib/python3.10/dist-packages/op3_ball_detector_msgs/msg/__init__.py'...
Compiling '/home/evan/Documents/algo_gaze_project/install/op3_ball_detector_msgs/local/lib/python3.10/dist-packages/op3_ball_detector_msgs/msg/_ball_detector_params.py'...
Compiling '/home/evan/Documents/algo_gaze_project/install/op3_ball_detector_msgs/local/lib/python3.10/dist-packages/op3_ball_detector_msgs/msg/_circle_set_stamped.py'...
Listing '/home/evan/Documents/algo_gaze_project/install/op3_ball_detector_msgs/local/lib/python3.10/dist-packages/op3_ball_detector_msgs/srv'...
Compiling '/home/evan/Documents/algo_gaze_project/install/op3_ball_detector_msgs/local/lib/python3.10/dist-packages/op3_ball_detector_msgs/srv/__init__.py'...
Compiling '/home/evan/Documents/algo_gaze_project/install/op3_ball_detector_msgs/local/lib/python3.10/dist-packages/op3_ball_detector_msgs/srv/_get_parameters.py'...
Compiling '/home/evan/Documents/algo_gaze_project/install/op3_ball_detector_msgs/local/lib/python3.10/dist-packages/op3_ball_detector_msgs/srv/_set_parameters.py'...
-- Installing: /home/evan/Documents/algo_gaze_project/install/op3_ball_detector_msgs/lib/libop3_ball_detector_msgs__rosidl_generator_py.so
-- Set runtime path of "/home/evan/Documents/algo_gaze_project/install/op3_ball_detector_msgs/lib/libop3_ball_detector_msgs__rosidl_generator_py.so" to ""
-- Installing: /home/evan/Documents/algo_gaze_project/install/op3_ball_detector_msgs/share/op3_ball_detector_msgs/cmake/export_op3_ball_detector_msgs__rosidl_generator_cExport.cmake
-- Installing: /home/evan/Documents/algo_gaze_project/install/op3_ball_detector_msgs/share/op3_ball_detector_msgs/cmake/export_op3_ball_detector_msgs__rosidl_generator_cExport-noconfig.cmake
-- Installing: /home/evan/Documents/algo_gaze_project/install/op3_ball_detector_msgs/share/op3_ball_detector_msgs/cmake/export_op3_ball_detector_msgs__rosidl_typesupport_fastrtps_cExport.cmake
-- Installing: /home/evan/Documents/algo_gaze_project/install/op3_ball_detector_msgs/share/op3_ball_detector_msgs/cmake/export_op3_ball_detector_msgs__rosidl_typesupport_fastrtps_cExport-noconfig.cmake
-- Installing: /home/evan/Documents/algo_gaze_project/install/op3_ball_detector_msgs/share/op3_ball_detector_msgs/cmake/export_op3_ball_detector_msgs__rosidl_generator_cppExport.cmake
-- Installing: /home/evan/Documents/algo_gaze_project/install/op3_ball_detector_msgs/share/op3_ball_detector_msgs/cmake/export_op3_ball_detector_msgs__rosidl_typesupport_fastrtps_cppExport.cmake
-- Installing: /home/evan/Documents/algo_gaze_project/install/op3_ball_detector_msgs/share/op3_ball_detector_msgs/cmake/export_op3_ball_detector_msgs__rosidl_typesupport_fastrtps_cppExport-noconfig.cmake
-- Installing: /home/evan/Documents/algo_gaze_project/install/op3_ball_detector_msgs/share/op3_ball_detector_msgs/cmake/op3_ball_detector_msgs__rosidl_typesupport_introspection_cExport.cmake
-- Installing: /home/evan/Documents/algo_gaze_project/install/op3_ball_detector_msgs/share/op3_ball_detector_msgs/cmake/op3_ball_detector_msgs__rosidl_typesupport_introspection_cExport-noconfig.cmake
-- Installing: /home/evan/Documents/algo_gaze_project/install/op3_ball_detector_msgs/share/op3_ball_detector_msgs/cmake/op3_ball_detector_msgs__rosidl_typesupport_cExport.cmake
-- Installing: /home/evan/Documents/algo_gaze_project/install/op3_ball_detector_msgs/share/op3_ball_detector_msgs/cmake/op3_ball_detector_msgs__rosidl_typesupport_cExport-noconfig.cmake
-- Installing: /home/evan/Documents/algo_gaze_project/install/op3_ball_detector_msgs/share/op3_ball_detector_msgs/cmake/op3_ball_detector_msgs__rosidl_typesupport_introspection_cppExport.cmake
-- Installing: /home/evan/Documents/algo_gaze_project/install/op3_ball_detector_msgs/share/op3_ball_detector_msgs/cmake/op3_ball_detector_msgs__rosidl_typesupport_introspection_cppExport-noconfig.cmake
-- Installing: /home/evan/Documents/algo_gaze_project/install/op3_ball_detector_msgs/share/op3_ball_detector_msgs/cmake/op3_ball_detector_msgs__rosidl_typesupport_cppExport.cmake
-- Installing: /home/evan/Documents/algo_gaze_project/install/op3_ball_detector_msgs/share/op3_ball_detector_msgs/cmake/op3_ball_detector_msgs__rosidl_typesupport_cppExport-noconfig.cmake
-- Installing: /home/evan/Documents/algo_gaze_project/install/op3_ball_detector_msgs/share/op3_ball_detector_msgs/cmake/export_op3_ball_detector_msgs__rosidl_generator_pyExport.cmake
-- Installing: /home/evan/Documents/algo_gaze_project/install/op3_ball_detector_msgs/share/op3_ball_detector_msgs/cmake/export_op3_ball_detector_msgs__rosidl_generator_pyExport-noconfig.cmake
