[0.032s] Invoking command in '/home/evan/Documents/algo_gaze_project/build/op3_ball_detector_msgs': CMAKE_PREFIX_PATH=/opt/ros/humble /usr/bin/cmake --build /home/evan/Documents/algo_gaze_project/build/op3_ball_detector_msgs -- -j12 -l12
[0.088s] [35m[1mConsolidate compiler generated dependencies of target op3_ball_detector_msgs__rosidl_generator_c[0m
[0.101s] [  1%] Built target op3_ball_detector_msgs__rs
[0.113s] [ 12%] Built target op3_ball_detector_msgs__rosidl_generator_c
[0.118s] [ 14%] Built target op3_ball_detector_msgs__cpp
[0.138s] [35m[1mConsolidate compiler generated dependencies of target op3_ball_detector_msgs__rosidl_typesupport_c[0m
[0.143s] [35m[1mConsolidate compiler generated dependencies of target op3_ball_detector_msgs__rosidl_typesupport_fastrtps_c[0m
[0.143s] [35m[1mConsolidate compiler generated dependencies of target op3_ball_detector_msgs__rosidl_typesupport_cpp[0m
[0.143s] [ 14%] Built target ament_cmake_python_symlink_op3_ball_detector_msgs
[0.143s] [35m[1mConsolidate compiler generated dependencies of target op3_ball_detector_msgs__rosidl_typesupport_introspection_cpp[0m
[0.163s] [35m[1mConsolidate compiler generated dependencies of target op3_ball_detector_msgs__rosidl_typesupport_introspection_c[0m
[0.178s] [ 25%] Built target op3_ball_detector_msgs__rosidl_typesupport_c
[0.182s] [35m[1mConsolidate compiler generated dependencies of target op3_ball_detector_msgs__rosidl_typesupport_fastrtps_cpp[0m
[0.185s] [ 35%] Built target op3_ball_detector_msgs__rosidl_typesupport_introspection_cpp
[0.204s] [ 46%] Built target op3_ball_detector_msgs__rosidl_typesupport_cpp
[0.204s] [ 57%] Built target op3_ball_detector_msgs__rosidl_typesupport_introspection_c
[0.210s] [ 67%] Built target op3_ball_detector_msgs__rosidl_typesupport_fastrtps_c
[0.216s] [ 78%] Built target op3_ball_detector_msgs__rosidl_typesupport_fastrtps_cpp
[0.265s] [ 78%] Built target op3_ball_detector_msgs
[0.303s] [ 80%] Built target op3_ball_detector_msgs__py
[0.321s] [35m[1mConsolidate compiler generated dependencies of target op3_ball_detector_msgs__rosidl_generator_py[0m
[0.354s] [ 89%] Built target op3_ball_detector_msgs__rosidl_generator_py
[0.370s] [35m[1mConsolidate compiler generated dependencies of target op3_ball_detector_msgs__rosidl_typesupport_fastrtps_c__pyext[0m
[0.377s] [35m[1mConsolidate compiler generated dependencies of target op3_ball_detector_msgs__rosidl_typesupport_introspection_c__pyext[0m
[0.378s] [35m[1mConsolidate compiler generated dependencies of target op3_ball_detector_msgs__rosidl_typesupport_c__pyext[0m
[0.409s] [ 96%] Built target op3_ball_detector_msgs__rosidl_typesupport_introspection_c__pyext
[0.412s] [ 96%] Built target op3_ball_detector_msgs__rosidl_typesupport_fastrtps_c__pyext
[0.414s] [100%] Built target op3_ball_detector_msgs__rosidl_typesupport_c__pyext
[0.587s] running egg_info
[0.590s] writing op3_ball_detector_msgs.egg-info/PKG-INFO
[0.590s] writing dependency_links to op3_ball_detector_msgs.egg-info/dependency_links.txt
[0.590s] writing top-level names to op3_ball_detector_msgs.egg-info/top_level.txt
[0.596s] reading manifest file 'op3_ball_detector_msgs.egg-info/SOURCES.txt'
[0.596s] writing manifest file 'op3_ball_detector_msgs.egg-info/SOURCES.txt'
[0.645s] [100%] Built target ament_cmake_python_build_op3_ball_detector_msgs_egg
[0.709s] Invoked command in '/home/evan/Documents/algo_gaze_project/build/op3_ball_detector_msgs' returned '0': CMAKE_PREFIX_PATH=/opt/ros/humble /usr/bin/cmake --build /home/evan/Documents/algo_gaze_project/build/op3_ball_detector_msgs -- -j12 -l12
[0.711s] Invoking command in '/home/evan/Documents/algo_gaze_project/build/op3_ball_detector_msgs': CMAKE_PREFIX_PATH=/opt/ros/humble /usr/bin/cmake --install /home/evan/Documents/algo_gaze_project/build/op3_ball_detector_msgs
[0.730s] -- Install configuration: ""
[0.731s] -- Execute custom install script
[0.731s] -- Symlinking: /home/evan/Documents/algo_gaze_project/install/op3_ball_detector_msgs/share/ament_index/resource_index/rosidl_interfaces/op3_ball_detector_msgs
[0.735s] -- Symlinking: /home/evan/Documents/algo_gaze_project/install/op3_ball_detector_msgs/include/op3_ball_detector_msgs/op3_ball_detector_msgs/msg/ball_detector_params.h
[0.742s] -- Symlinking: /home/evan/Documents/algo_gaze_project/install/op3_ball_detector_msgs/include/op3_ball_detector_msgs/op3_ball_detector_msgs/msg/circle_set_stamped.h
[0.756s] -- Symlinking: /home/evan/Documents/algo_gaze_project/install/op3_ball_detector_msgs/include/op3_ball_detector_msgs/op3_ball_detector_msgs/msg/detail/ball_detector_params__functions.h
[0.782s] -- Symlinking: /home/evan/Documents/algo_gaze_project/install/op3_ball_detector_msgs/include/op3_ball_detector_msgs/op3_ball_detector_msgs/msg/detail/ball_detector_params__struct.h
[0.812s] -- Symlinking: /home/evan/Documents/algo_gaze_project/install/op3_ball_detector_msgs/include/op3_ball_detector_msgs/op3_ball_detector_msgs/msg/detail/ball_detector_params__type_support.h
[0.817s] -- Symlinking: /home/evan/Documents/algo_gaze_project/install/op3_ball_detector_msgs/include/op3_ball_detector_msgs/op3_ball_detector_msgs/msg/detail/circle_set_stamped__functions.h
[0.849s] -- Symlinking: /home/evan/Documents/algo_gaze_project/install/op3_ball_detector_msgs/include/op3_ball_detector_msgs/op3_ball_detector_msgs/msg/detail/circle_set_stamped__struct.h
[0.875s] -- Symlinking: /home/evan/Documents/algo_gaze_project/install/op3_ball_detector_msgs/include/op3_ball_detector_msgs/op3_ball_detector_msgs/msg/detail/circle_set_stamped__type_support.h
[0.885s] -- Symlinking: /home/evan/Documents/algo_gaze_project/install/op3_ball_detector_msgs/include/op3_ball_detector_msgs/op3_ball_detector_msgs/msg/rosidl_generator_c__visibility_control.h
[0.908s] -- Symlinking: /home/evan/Documents/algo_gaze_project/install/op3_ball_detector_msgs/include/op3_ball_detector_msgs/op3_ball_detector_msgs/srv/detail/get_parameters__functions.h
[0.935s] -- Symlinking: /home/evan/Documents/algo_gaze_project/install/op3_ball_detector_msgs/include/op3_ball_detector_msgs/op3_ball_detector_msgs/srv/detail/get_parameters__struct.h
[0.945s] -- Symlinking: /home/evan/Documents/algo_gaze_project/install/op3_ball_detector_msgs/include/op3_ball_detector_msgs/op3_ball_detector_msgs/srv/detail/get_parameters__type_support.h
[0.966s] -- Symlinking: /home/evan/Documents/algo_gaze_project/install/op3_ball_detector_msgs/include/op3_ball_detector_msgs/op3_ball_detector_msgs/srv/detail/set_parameters__functions.h
[0.982s] -- Symlinking: /home/evan/Documents/algo_gaze_project/install/op3_ball_detector_msgs/include/op3_ball_detector_msgs/op3_ball_detector_msgs/srv/detail/set_parameters__struct.h
[0.992s] -- Symlinking: /home/evan/Documents/algo_gaze_project/install/op3_ball_detector_msgs/include/op3_ball_detector_msgs/op3_ball_detector_msgs/srv/detail/set_parameters__type_support.h
[1.026s] -- Symlinking: /home/evan/Documents/algo_gaze_project/install/op3_ball_detector_msgs/include/op3_ball_detector_msgs/op3_ball_detector_msgs/srv/get_parameters.h
[1.028s] -- Symlinking: /home/evan/Documents/algo_gaze_project/install/op3_ball_detector_msgs/include/op3_ball_detector_msgs/op3_ball_detector_msgs/srv/set_parameters.h
[1.037s] -- Symlinking: /home/evan/Documents/algo_gaze_project/install/op3_ball_detector_msgs/share/op3_ball_detector_msgs/environment/library_path.sh
[1.059s] -- Symlinking: /home/evan/Documents/algo_gaze_project/install/op3_ball_detector_msgs/share/op3_ball_detector_msgs/environment/library_path.dsv
[1.067s] -- Symlinking: /home/evan/Documents/algo_gaze_project/install/op3_ball_detector_msgs/include/op3_ball_detector_msgs/op3_ball_detector_msgs/msg/detail/ball_detector_params__rosidl_typesupport_fastrtps_c.h
[1.094s] -- Symlinking: /home/evan/Documents/algo_gaze_project/install/op3_ball_detector_msgs/include/op3_ball_detector_msgs/op3_ball_detector_msgs/msg/detail/circle_set_stamped__rosidl_typesupport_fastrtps_c.h
[1.107s] -- Symlinking: /home/evan/Documents/algo_gaze_project/install/op3_ball_detector_msgs/include/op3_ball_detector_msgs/op3_ball_detector_msgs/msg/rosidl_typesupport_fastrtps_c__visibility_control.h
[1.114s] -- Symlinking: /home/evan/Documents/algo_gaze_project/install/op3_ball_detector_msgs/include/op3_ball_detector_msgs/op3_ball_detector_msgs/srv/detail/get_parameters__rosidl_typesupport_fastrtps_c.h
[1.132s] -- Symlinking: /home/evan/Documents/algo_gaze_project/install/op3_ball_detector_msgs/include/op3_ball_detector_msgs/op3_ball_detector_msgs/srv/detail/set_parameters__rosidl_typesupport_fastrtps_c.h
[1.142s] -- Symlinking: /home/evan/Documents/algo_gaze_project/install/op3_ball_detector_msgs/include/op3_ball_detector_msgs/op3_ball_detector_msgs/msg/ball_detector_params.hpp
[1.162s] -- Symlinking: /home/evan/Documents/algo_gaze_project/install/op3_ball_detector_msgs/include/op3_ball_detector_msgs/op3_ball_detector_msgs/msg/circle_set_stamped.hpp
[1.176s] -- Symlinking: /home/evan/Documents/algo_gaze_project/install/op3_ball_detector_msgs/include/op3_ball_detector_msgs/op3_ball_detector_msgs/msg/detail/ball_detector_params__builder.hpp
[1.189s] -- Symlinking: /home/evan/Documents/algo_gaze_project/install/op3_ball_detector_msgs/include/op3_ball_detector_msgs/op3_ball_detector_msgs/msg/detail/ball_detector_params__struct.hpp
[1.203s] -- Symlinking: /home/evan/Documents/algo_gaze_project/install/op3_ball_detector_msgs/include/op3_ball_detector_msgs/op3_ball_detector_msgs/msg/detail/ball_detector_params__traits.hpp
[1.218s] -- Symlinking: /home/evan/Documents/algo_gaze_project/install/op3_ball_detector_msgs/include/op3_ball_detector_msgs/op3_ball_detector_msgs/msg/detail/ball_detector_params__type_support.hpp
[1.235s] -- Symlinking: /home/evan/Documents/algo_gaze_project/install/op3_ball_detector_msgs/include/op3_ball_detector_msgs/op3_ball_detector_msgs/msg/detail/circle_set_stamped__builder.hpp
[1.256s] -- Symlinking: /home/evan/Documents/algo_gaze_project/install/op3_ball_detector_msgs/include/op3_ball_detector_msgs/op3_ball_detector_msgs/msg/detail/circle_set_stamped__struct.hpp
[1.276s] -- Symlinking: /home/evan/Documents/algo_gaze_project/install/op3_ball_detector_msgs/include/op3_ball_detector_msgs/op3_ball_detector_msgs/msg/detail/circle_set_stamped__traits.hpp
[1.292s] -- Symlinking: /home/evan/Documents/algo_gaze_project/install/op3_ball_detector_msgs/include/op3_ball_detector_msgs/op3_ball_detector_msgs/msg/detail/circle_set_stamped__type_support.hpp
[1.310s] -- Symlinking: /home/evan/Documents/algo_gaze_project/install/op3_ball_detector_msgs/include/op3_ball_detector_msgs/op3_ball_detector_msgs/msg/rosidl_generator_cpp__visibility_control.hpp
[1.332s] -- Symlinking: /home/evan/Documents/algo_gaze_project/install/op3_ball_detector_msgs/include/op3_ball_detector_msgs/op3_ball_detector_msgs/srv/detail/get_parameters__builder.hpp
[1.353s] -- Symlinking: /home/evan/Documents/algo_gaze_project/install/op3_ball_detector_msgs/include/op3_ball_detector_msgs/op3_ball_detector_msgs/srv/detail/get_parameters__struct.hpp
[1.367s] -- Symlinking: /home/evan/Documents/algo_gaze_project/install/op3_ball_detector_msgs/include/op3_ball_detector_msgs/op3_ball_detector_msgs/srv/detail/get_parameters__traits.hpp
[1.384s] -- Symlinking: /home/evan/Documents/algo_gaze_project/install/op3_ball_detector_msgs/include/op3_ball_detector_msgs/op3_ball_detector_msgs/srv/detail/get_parameters__type_support.hpp
[1.401s] -- Symlinking: /home/evan/Documents/algo_gaze_project/install/op3_ball_detector_msgs/include/op3_ball_detector_msgs/op3_ball_detector_msgs/srv/detail/set_parameters__builder.hpp
[1.414s] -- Symlinking: /home/evan/Documents/algo_gaze_project/install/op3_ball_detector_msgs/include/op3_ball_detector_msgs/op3_ball_detector_msgs/srv/detail/set_parameters__struct.hpp
[1.427s] -- Symlinking: /home/evan/Documents/algo_gaze_project/install/op3_ball_detector_msgs/include/op3_ball_detector_msgs/op3_ball_detector_msgs/srv/detail/set_parameters__traits.hpp
[1.442s] -- Symlinking: /home/evan/Documents/algo_gaze_project/install/op3_ball_detector_msgs/include/op3_ball_detector_msgs/op3_ball_detector_msgs/srv/detail/set_parameters__type_support.hpp
[1.455s] -- Symlinking: /home/evan/Documents/algo_gaze_project/install/op3_ball_detector_msgs/include/op3_ball_detector_msgs/op3_ball_detector_msgs/srv/get_parameters.hpp
[1.465s] -- Symlinking: /home/evan/Documents/algo_gaze_project/install/op3_ball_detector_msgs/include/op3_ball_detector_msgs/op3_ball_detector_msgs/srv/set_parameters.hpp
[1.476s] -- Symlinking: /home/evan/Documents/algo_gaze_project/install/op3_ball_detector_msgs/include/op3_ball_detector_msgs/op3_ball_detector_msgs/msg/detail/ball_detector_params__rosidl_typesupport_fastrtps_cpp.hpp
[1.487s] -- Symlinking: /home/evan/Documents/algo_gaze_project/install/op3_ball_detector_msgs/include/op3_ball_detector_msgs/op3_ball_detector_msgs/msg/detail/circle_set_stamped__rosidl_typesupport_fastrtps_cpp.hpp
[1.507s] -- Symlinking: /home/evan/Documents/algo_gaze_project/install/op3_ball_detector_msgs/include/op3_ball_detector_msgs/op3_ball_detector_msgs/msg/rosidl_typesupport_fastrtps_cpp__visibility_control.h
[1.524s] -- Symlinking: /home/evan/Documents/algo_gaze_project/install/op3_ball_detector_msgs/include/op3_ball_detector_msgs/op3_ball_detector_msgs/srv/detail/get_parameters__rosidl_typesupport_fastrtps_cpp.hpp
[1.538s] -- Symlinking: /home/evan/Documents/algo_gaze_project/install/op3_ball_detector_msgs/include/op3_ball_detector_msgs/op3_ball_detector_msgs/srv/detail/set_parameters__rosidl_typesupport_fastrtps_cpp.hpp
[1.552s] -- Symlinking: /home/evan/Documents/algo_gaze_project/install/op3_ball_detector_msgs/include/op3_ball_detector_msgs/op3_ball_detector_msgs/msg/detail/ball_detector_params__rosidl_typesupport_introspection_c.h
[1.563s] -- Symlinking: /home/evan/Documents/algo_gaze_project/install/op3_ball_detector_msgs/include/op3_ball_detector_msgs/op3_ball_detector_msgs/msg/detail/circle_set_stamped__rosidl_typesupport_introspection_c.h
[1.574s] -- Symlinking: /home/evan/Documents/algo_gaze_project/install/op3_ball_detector_msgs/include/op3_ball_detector_msgs/op3_ball_detector_msgs/msg/rosidl_typesupport_introspection_c__visibility_control.h
[1.598s] -- Symlinking: /home/evan/Documents/algo_gaze_project/install/op3_ball_detector_msgs/include/op3_ball_detector_msgs/op3_ball_detector_msgs/srv/detail/get_parameters__rosidl_typesupport_introspection_c.h
[1.614s] -- Symlinking: /home/evan/Documents/algo_gaze_project/install/op3_ball_detector_msgs/include/op3_ball_detector_msgs/op3_ball_detector_msgs/srv/detail/set_parameters__rosidl_typesupport_introspection_c.h
[1.628s] -- Symlinking: /home/evan/Documents/algo_gaze_project/install/op3_ball_detector_msgs/include/op3_ball_detector_msgs/op3_ball_detector_msgs/msg/detail/ball_detector_params__rosidl_typesupport_introspection_cpp.hpp
[1.639s] -- Symlinking: /home/evan/Documents/algo_gaze_project/install/op3_ball_detector_msgs/include/op3_ball_detector_msgs/op3_ball_detector_msgs/msg/detail/circle_set_stamped__rosidl_typesupport_introspection_cpp.hpp
[1.651s] -- Symlinking: /home/evan/Documents/algo_gaze_project/install/op3_ball_detector_msgs/include/op3_ball_detector_msgs/op3_ball_detector_msgs/srv/detail/get_parameters__rosidl_typesupport_introspection_cpp.hpp
[1.674s] -- Symlinking: /home/evan/Documents/algo_gaze_project/install/op3_ball_detector_msgs/include/op3_ball_detector_msgs/op3_ball_detector_msgs/srv/detail/set_parameters__rosidl_typesupport_introspection_cpp.hpp
[1.693s] -- Symlinking: /home/evan/Documents/algo_gaze_project/install/op3_ball_detector_msgs/share/op3_ball_detector_msgs/environment/pythonpath.sh
[1.711s] -- Symlinking: /home/evan/Documents/algo_gaze_project/install/op3_ball_detector_msgs/share/op3_ball_detector_msgs/environment/pythonpath.dsv
[1.730s] -- Symlinking: /home/evan/Documents/algo_gaze_project/install/op3_ball_detector_msgs/local/lib/python3.10/dist-packages/op3_ball_detector_msgs-0.1.0-py3.10.egg-info/PKG-INFO
[1.749s] -- Symlinking: /home/evan/Documents/algo_gaze_project/install/op3_ball_detector_msgs/local/lib/python3.10/dist-packages/op3_ball_detector_msgs-0.1.0-py3.10.egg-info/SOURCES.txt
[1.770s] -- Symlinking: /home/evan/Documents/algo_gaze_project/install/op3_ball_detector_msgs/local/lib/python3.10/dist-packages/op3_ball_detector_msgs-0.1.0-py3.10.egg-info/dependency_links.txt
[1.788s] -- Symlinking: /home/evan/Documents/algo_gaze_project/install/op3_ball_detector_msgs/local/lib/python3.10/dist-packages/op3_ball_detector_msgs-0.1.0-py3.10.egg-info/top_level.txt
[1.812s] -- Symlinking: /home/evan/Documents/algo_gaze_project/install/op3_ball_detector_msgs/local/lib/python3.10/dist-packages/op3_ball_detector_msgs/__init__.py
[1.832s] -- Symlinking: /home/evan/Documents/algo_gaze_project/install/op3_ball_detector_msgs/local/lib/python3.10/dist-packages/op3_ball_detector_msgs/_op3_ball_detector_msgs_s.ep.rosidl_typesupport_c.c
[1.859s] -- Symlinking: /home/evan/Documents/algo_gaze_project/install/op3_ball_detector_msgs/local/lib/python3.10/dist-packages/op3_ball_detector_msgs/_op3_ball_detector_msgs_s.ep.rosidl_typesupport_fastrtps_c.c
[1.879s] -- Symlinking: /home/evan/Documents/algo_gaze_project/install/op3_ball_detector_msgs/local/lib/python3.10/dist-packages/op3_ball_detector_msgs/_op3_ball_detector_msgs_s.ep.rosidl_typesupport_introspection_c.c
[1.896s] -- Symlinking: /home/evan/Documents/algo_gaze_project/install/op3_ball_detector_msgs/local/lib/python3.10/dist-packages/op3_ball_detector_msgs/libop3_ball_detector_msgs__rosidl_generator_py.so
[1.914s] -- Symlinking: /home/evan/Documents/algo_gaze_project/install/op3_ball_detector_msgs/local/lib/python3.10/dist-packages/op3_ball_detector_msgs/msg/__init__.py
[1.932s] -- Symlinking: /home/evan/Documents/algo_gaze_project/install/op3_ball_detector_msgs/local/lib/python3.10/dist-packages/op3_ball_detector_msgs/msg/_ball_detector_params.py
[1.946s] -- Symlinking: /home/evan/Documents/algo_gaze_project/install/op3_ball_detector_msgs/local/lib/python3.10/dist-packages/op3_ball_detector_msgs/msg/_ball_detector_params_s.c
[1.959s] -- Symlinking: /home/evan/Documents/algo_gaze_project/install/op3_ball_detector_msgs/local/lib/python3.10/dist-packages/op3_ball_detector_msgs/msg/_circle_set_stamped.py
[1.978s] -- Symlinking: /home/evan/Documents/algo_gaze_project/install/op3_ball_detector_msgs/local/lib/python3.10/dist-packages/op3_ball_detector_msgs/msg/_circle_set_stamped_s.c
[1.996s] -- Symlinking: /home/evan/Documents/algo_gaze_project/install/op3_ball_detector_msgs/local/lib/python3.10/dist-packages/op3_ball_detector_msgs/op3_ball_detector_msgs_s__rosidl_typesupport_c.cpython-310-x86_64-linux-gnu.so
[2.018s] -- Symlinking: /home/evan/Documents/algo_gaze_project/install/op3_ball_detector_msgs/local/lib/python3.10/dist-packages/op3_ball_detector_msgs/op3_ball_detector_msgs_s__rosidl_typesupport_fastrtps_c.cpython-310-x86_64-linux-gnu.so
[2.042s] -- Symlinking: /home/evan/Documents/algo_gaze_project/install/op3_ball_detector_msgs/local/lib/python3.10/dist-packages/op3_ball_detector_msgs/op3_ball_detector_msgs_s__rosidl_typesupport_introspection_c.cpython-310-x86_64-linux-gnu.so
[2.081s] -- Symlinking: /home/evan/Documents/algo_gaze_project/install/op3_ball_detector_msgs/local/lib/python3.10/dist-packages/op3_ball_detector_msgs/srv/__init__.py
[2.100s] -- Symlinking: /home/evan/Documents/algo_gaze_project/install/op3_ball_detector_msgs/local/lib/python3.10/dist-packages/op3_ball_detector_msgs/srv/_get_parameters.py
[2.122s] -- Symlinking: /home/evan/Documents/algo_gaze_project/install/op3_ball_detector_msgs/local/lib/python3.10/dist-packages/op3_ball_detector_msgs/srv/_get_parameters_s.c
[2.147s] -- Symlinking: /home/evan/Documents/algo_gaze_project/install/op3_ball_detector_msgs/local/lib/python3.10/dist-packages/op3_ball_detector_msgs/srv/_set_parameters.py
[2.169s] -- Symlinking: /home/evan/Documents/algo_gaze_project/install/op3_ball_detector_msgs/local/lib/python3.10/dist-packages/op3_ball_detector_msgs/srv/_set_parameters_s.c
[2.185s] -- Up-to-date symlink: /home/evan/Documents/algo_gaze_project/install/op3_ball_detector_msgs/local/lib/python3.10/dist-packages/op3_ball_detector_msgs/op3_ball_detector_msgs_s__rosidl_typesupport_fastrtps_c.cpython-310-x86_64-linux-gnu.so
[2.185s] -- Up-to-date symlink: /home/evan/Documents/algo_gaze_project/install/op3_ball_detector_msgs/local/lib/python3.10/dist-packages/op3_ball_detector_msgs/op3_ball_detector_msgs_s__rosidl_typesupport_introspection_c.cpython-310-x86_64-linux-gnu.so
[2.185s] -- Up-to-date symlink: /home/evan/Documents/algo_gaze_project/install/op3_ball_detector_msgs/local/lib/python3.10/dist-packages/op3_ball_detector_msgs/op3_ball_detector_msgs_s__rosidl_typesupport_c.cpython-310-x86_64-linux-gnu.so
[2.186s] -- Symlinking: /home/evan/Documents/algo_gaze_project/install/op3_ball_detector_msgs/share/ament_index/resource_index/rust_packages/op3_ball_detector_msgs
[2.204s] -- Symlinking: /home/evan/Documents/algo_gaze_project/install/op3_ball_detector_msgs/share/op3_ball_detector_msgs/rust/Cargo.toml
[2.220s] -- Symlinking: /home/evan/Documents/algo_gaze_project/install/op3_ball_detector_msgs/share/op3_ball_detector_msgs/rust/build.rs
[2.235s] -- Symlinking: /home/evan/Documents/algo_gaze_project/install/op3_ball_detector_msgs/share/op3_ball_detector_msgs/rust/src/lib.rs
[2.246s] -- Symlinking: /home/evan/Documents/algo_gaze_project/install/op3_ball_detector_msgs/share/op3_ball_detector_msgs/rust/src/msg.rs
[2.263s] -- Symlinking: /home/evan/Documents/algo_gaze_project/install/op3_ball_detector_msgs/share/op3_ball_detector_msgs/rust/src/msg/rmw.rs
[2.275s] -- Symlinking: /home/evan/Documents/algo_gaze_project/install/op3_ball_detector_msgs/share/op3_ball_detector_msgs/rust/src/srv.rs
[2.287s] -- Symlinking: /home/evan/Documents/algo_gaze_project/install/op3_ball_detector_msgs/share/op3_ball_detector_msgs/rust/src/srv/rmw.rs
[2.302s] -- Symlinking: /home/evan/Documents/algo_gaze_project/install/op3_ball_detector_msgs/share/op3_ball_detector_msgs/msg/BallDetectorParams.idl
[2.332s] -- Symlinking: /home/evan/Documents/algo_gaze_project/install/op3_ball_detector_msgs/share/op3_ball_detector_msgs/msg/CircleSetStamped.idl
[2.344s] -- Symlinking: /home/evan/Documents/algo_gaze_project/install/op3_ball_detector_msgs/share/op3_ball_detector_msgs/srv/GetParameters.idl
[2.366s] -- Symlinking: /home/evan/Documents/algo_gaze_project/install/op3_ball_detector_msgs/share/op3_ball_detector_msgs/srv/SetParameters.idl
[2.380s] -- Symlinking: /home/evan/Documents/algo_gaze_project/install/op3_ball_detector_msgs/share/op3_ball_detector_msgs/msg/BallDetectorParams.msg
[2.388s] -- Symlinking: /home/evan/Documents/algo_gaze_project/install/op3_ball_detector_msgs/share/op3_ball_detector_msgs/msg/CircleSetStamped.msg
[2.406s] -- Symlinking: /home/evan/Documents/algo_gaze_project/install/op3_ball_detector_msgs/share/op3_ball_detector_msgs/srv/GetParameters.srv
[2.427s] -- Symlinking: /home/evan/Documents/algo_gaze_project/install/op3_ball_detector_msgs/share/op3_ball_detector_msgs/srv/GetParameters_Request.msg
[2.450s] -- Symlinking: /home/evan/Documents/algo_gaze_project/install/op3_ball_detector_msgs/share/op3_ball_detector_msgs/srv/GetParameters_Response.msg
[2.473s] -- Symlinking: /home/evan/Documents/algo_gaze_project/install/op3_ball_detector_msgs/share/op3_ball_detector_msgs/srv/SetParameters.srv
[2.495s] -- Symlinking: /home/evan/Documents/algo_gaze_project/install/op3_ball_detector_msgs/share/op3_ball_detector_msgs/srv/SetParameters_Request.msg
[2.512s] -- Symlinking: /home/evan/Documents/algo_gaze_project/install/op3_ball_detector_msgs/share/op3_ball_detector_msgs/srv/SetParameters_Response.msg
[2.522s] -- Symlinking: /home/evan/Documents/algo_gaze_project/install/op3_ball_detector_msgs/share/ament_index/resource_index/package_run_dependencies/op3_ball_detector_msgs
[2.546s] -- Symlinking: /home/evan/Documents/algo_gaze_project/install/op3_ball_detector_msgs/share/ament_index/resource_index/parent_prefix_path/op3_ball_detector_msgs
[2.561s] -- Symlinking: /home/evan/Documents/algo_gaze_project/install/op3_ball_detector_msgs/share/op3_ball_detector_msgs/environment/ament_prefix_path.sh
[2.575s] -- Symlinking: /home/evan/Documents/algo_gaze_project/install/op3_ball_detector_msgs/share/op3_ball_detector_msgs/environment/ament_prefix_path.dsv
[2.601s] -- Symlinking: /home/evan/Documents/algo_gaze_project/install/op3_ball_detector_msgs/share/op3_ball_detector_msgs/environment/path.sh
[2.625s] -- Symlinking: /home/evan/Documents/algo_gaze_project/install/op3_ball_detector_msgs/share/op3_ball_detector_msgs/environment/path.dsv
[2.649s] -- Symlinking: /home/evan/Documents/algo_gaze_project/install/op3_ball_detector_msgs/share/op3_ball_detector_msgs/local_setup.bash
[2.666s] -- Symlinking: /home/evan/Documents/algo_gaze_project/install/op3_ball_detector_msgs/share/op3_ball_detector_msgs/local_setup.sh
[2.673s] -- Symlinking: /home/evan/Documents/algo_gaze_project/install/op3_ball_detector_msgs/share/op3_ball_detector_msgs/local_setup.zsh
[2.702s] -- Symlinking: /home/evan/Documents/algo_gaze_project/install/op3_ball_detector_msgs/share/op3_ball_detector_msgs/local_setup.dsv
[2.723s] -- Symlinking: /home/evan/Documents/algo_gaze_project/install/op3_ball_detector_msgs/share/op3_ball_detector_msgs/package.dsv
[2.736s] -- Symlinking: /home/evan/Documents/algo_gaze_project/install/op3_ball_detector_msgs/share/ament_index/resource_index/packages/op3_ball_detector_msgs
[2.747s] -- Symlinking: /home/evan/Documents/algo_gaze_project/install/op3_ball_detector_msgs/share/op3_ball_detector_msgs/cmake/rosidl_cmake-extras.cmake
[2.773s] -- Symlinking: /home/evan/Documents/algo_gaze_project/install/op3_ball_detector_msgs/share/op3_ball_detector_msgs/cmake/ament_cmake_export_dependencies-extras.cmake
[2.789s] -- Symlinking: /home/evan/Documents/algo_gaze_project/install/op3_ball_detector_msgs/share/op3_ball_detector_msgs/cmake/ament_cmake_export_include_directories-extras.cmake
[2.800s] -- Symlinking: /home/evan/Documents/algo_gaze_project/install/op3_ball_detector_msgs/share/op3_ball_detector_msgs/cmake/ament_cmake_export_libraries-extras.cmake
[2.811s] -- Symlinking: /home/evan/Documents/algo_gaze_project/install/op3_ball_detector_msgs/share/op3_ball_detector_msgs/cmake/ament_cmake_export_targets-extras.cmake
[2.832s] -- Symlinking: /home/evan/Documents/algo_gaze_project/install/op3_ball_detector_msgs/share/op3_ball_detector_msgs/cmake/rosidl_cmake_export_typesupport_targets-extras.cmake
[2.851s] -- Symlinking: /home/evan/Documents/algo_gaze_project/install/op3_ball_detector_msgs/share/op3_ball_detector_msgs/cmake/rosidl_cmake_export_typesupport_libraries-extras.cmake
[2.870s] -- Symlinking: /home/evan/Documents/algo_gaze_project/install/op3_ball_detector_msgs/share/op3_ball_detector_msgs/cmake/op3_ball_detector_msgsConfig.cmake
[2.890s] -- Symlinking: /home/evan/Documents/algo_gaze_project/install/op3_ball_detector_msgs/share/op3_ball_detector_msgs/cmake/op3_ball_detector_msgsConfig-version.cmake
[2.914s] -- Symlinking: /home/evan/Documents/algo_gaze_project/install/op3_ball_detector_msgs/share/op3_ball_detector_msgs/package.xml
[2.942s] -- Installing: /home/evan/Documents/algo_gaze_project/install/op3_ball_detector_msgs/lib/libop3_ball_detector_msgs__rosidl_generator_c.so
[2.943s] -- Set runtime path of "/home/evan/Documents/algo_gaze_project/install/op3_ball_detector_msgs/lib/libop3_ball_detector_msgs__rosidl_generator_c.so" to ""
[2.943s] -- Installing: /home/evan/Documents/algo_gaze_project/install/op3_ball_detector_msgs/lib/libop3_ball_detector_msgs__rosidl_typesupport_fastrtps_c.so
[2.943s] -- Set runtime path of "/home/evan/Documents/algo_gaze_project/install/op3_ball_detector_msgs/lib/libop3_ball_detector_msgs__rosidl_typesupport_fastrtps_c.so" to ""
[2.943s] -- Installing: /home/evan/Documents/algo_gaze_project/install/op3_ball_detector_msgs/lib/libop3_ball_detector_msgs__rosidl_typesupport_fastrtps_cpp.so
[2.943s] -- Set runtime path of "/home/evan/Documents/algo_gaze_project/install/op3_ball_detector_msgs/lib/libop3_ball_detector_msgs__rosidl_typesupport_fastrtps_cpp.so" to ""
[2.943s] -- Installing: /home/evan/Documents/algo_gaze_project/install/op3_ball_detector_msgs/lib/libop3_ball_detector_msgs__rosidl_typesupport_introspection_c.so
[2.944s] -- Set runtime path of "/home/evan/Documents/algo_gaze_project/install/op3_ball_detector_msgs/lib/libop3_ball_detector_msgs__rosidl_typesupport_introspection_c.so" to ""
[2.944s] -- Installing: /home/evan/Documents/algo_gaze_project/install/op3_ball_detector_msgs/lib/libop3_ball_detector_msgs__rosidl_typesupport_c.so
[2.944s] -- Set runtime path of "/home/evan/Documents/algo_gaze_project/install/op3_ball_detector_msgs/lib/libop3_ball_detector_msgs__rosidl_typesupport_c.so" to ""
[2.944s] -- Installing: /home/evan/Documents/algo_gaze_project/install/op3_ball_detector_msgs/lib/libop3_ball_detector_msgs__rosidl_typesupport_introspection_cpp.so
[2.949s] -- Set runtime path of "/home/evan/Documents/algo_gaze_project/install/op3_ball_detector_msgs/lib/libop3_ball_detector_msgs__rosidl_typesupport_introspection_cpp.so" to ""
[2.949s] -- Installing: /home/evan/Documents/algo_gaze_project/install/op3_ball_detector_msgs/lib/libop3_ball_detector_msgs__rosidl_typesupport_cpp.so
[2.952s] -- Set runtime path of "/home/evan/Documents/algo_gaze_project/install/op3_ball_detector_msgs/lib/libop3_ball_detector_msgs__rosidl_typesupport_cpp.so" to ""
[3.049s] Listing '/home/evan/Documents/algo_gaze_project/install/op3_ball_detector_msgs/local/lib/python3.10/dist-packages/op3_ball_detector_msgs'...
[3.049s] Compiling '/home/evan/Documents/algo_gaze_project/install/op3_ball_detector_msgs/local/lib/python3.10/dist-packages/op3_ball_detector_msgs/__init__.py'...
[3.049s] Listing '/home/evan/Documents/algo_gaze_project/install/op3_ball_detector_msgs/local/lib/python3.10/dist-packages/op3_ball_detector_msgs/msg'...
[3.049s] Compiling '/home/evan/Documents/algo_gaze_project/install/op3_ball_detector_msgs/local/lib/python3.10/dist-packages/op3_ball_detector_msgs/msg/__init__.py'...
[3.049s] Compiling '/home/evan/Documents/algo_gaze_project/install/op3_ball_detector_msgs/local/lib/python3.10/dist-packages/op3_ball_detector_msgs/msg/_ball_detector_params.py'...
[3.049s] Compiling '/home/evan/Documents/algo_gaze_project/install/op3_ball_detector_msgs/local/lib/python3.10/dist-packages/op3_ball_detector_msgs/msg/_circle_set_stamped.py'...
[3.049s] Listing '/home/evan/Documents/algo_gaze_project/install/op3_ball_detector_msgs/local/lib/python3.10/dist-packages/op3_ball_detector_msgs/srv'...
[3.049s] Compiling '/home/evan/Documents/algo_gaze_project/install/op3_ball_detector_msgs/local/lib/python3.10/dist-packages/op3_ball_detector_msgs/srv/__init__.py'...
[3.049s] Compiling '/home/evan/Documents/algo_gaze_project/install/op3_ball_detector_msgs/local/lib/python3.10/dist-packages/op3_ball_detector_msgs/srv/_get_parameters.py'...
[3.049s] Compiling '/home/evan/Documents/algo_gaze_project/install/op3_ball_detector_msgs/local/lib/python3.10/dist-packages/op3_ball_detector_msgs/srv/_set_parameters.py'...
[3.055s] -- Installing: /home/evan/Documents/algo_gaze_project/install/op3_ball_detector_msgs/lib/libop3_ball_detector_msgs__rosidl_generator_py.so
[3.056s] -- Set runtime path of "/home/evan/Documents/algo_gaze_project/install/op3_ball_detector_msgs/lib/libop3_ball_detector_msgs__rosidl_generator_py.so" to ""
[3.056s] -- Installing: /home/evan/Documents/algo_gaze_project/install/op3_ball_detector_msgs/share/op3_ball_detector_msgs/cmake/export_op3_ball_detector_msgs__rosidl_generator_cExport.cmake
[3.056s] -- Installing: /home/evan/Documents/algo_gaze_project/install/op3_ball_detector_msgs/share/op3_ball_detector_msgs/cmake/export_op3_ball_detector_msgs__rosidl_generator_cExport-noconfig.cmake
[3.057s] -- Installing: /home/evan/Documents/algo_gaze_project/install/op3_ball_detector_msgs/share/op3_ball_detector_msgs/cmake/export_op3_ball_detector_msgs__rosidl_typesupport_fastrtps_cExport.cmake
[3.057s] -- Installing: /home/evan/Documents/algo_gaze_project/install/op3_ball_detector_msgs/share/op3_ball_detector_msgs/cmake/export_op3_ball_detector_msgs__rosidl_typesupport_fastrtps_cExport-noconfig.cmake
[3.060s] -- Installing: /home/evan/Documents/algo_gaze_project/install/op3_ball_detector_msgs/share/op3_ball_detector_msgs/cmake/export_op3_ball_detector_msgs__rosidl_generator_cppExport.cmake
[3.060s] -- Installing: /home/evan/Documents/algo_gaze_project/install/op3_ball_detector_msgs/share/op3_ball_detector_msgs/cmake/export_op3_ball_detector_msgs__rosidl_typesupport_fastrtps_cppExport.cmake
[3.061s] -- Installing: /home/evan/Documents/algo_gaze_project/install/op3_ball_detector_msgs/share/op3_ball_detector_msgs/cmake/export_op3_ball_detector_msgs__rosidl_typesupport_fastrtps_cppExport-noconfig.cmake
[3.067s] -- Installing: /home/evan/Documents/algo_gaze_project/install/op3_ball_detector_msgs/share/op3_ball_detector_msgs/cmake/op3_ball_detector_msgs__rosidl_typesupport_introspection_cExport.cmake
[3.067s] -- Installing: /home/evan/Documents/algo_gaze_project/install/op3_ball_detector_msgs/share/op3_ball_detector_msgs/cmake/op3_ball_detector_msgs__rosidl_typesupport_introspection_cExport-noconfig.cmake
[3.067s] -- Installing: /home/evan/Documents/algo_gaze_project/install/op3_ball_detector_msgs/share/op3_ball_detector_msgs/cmake/op3_ball_detector_msgs__rosidl_typesupport_cExport.cmake
[3.067s] -- Installing: /home/evan/Documents/algo_gaze_project/install/op3_ball_detector_msgs/share/op3_ball_detector_msgs/cmake/op3_ball_detector_msgs__rosidl_typesupport_cExport-noconfig.cmake
[3.067s] -- Installing: /home/evan/Documents/algo_gaze_project/install/op3_ball_detector_msgs/share/op3_ball_detector_msgs/cmake/op3_ball_detector_msgs__rosidl_typesupport_introspection_cppExport.cmake
[3.067s] -- Installing: /home/evan/Documents/algo_gaze_project/install/op3_ball_detector_msgs/share/op3_ball_detector_msgs/cmake/op3_ball_detector_msgs__rosidl_typesupport_introspection_cppExport-noconfig.cmake
[3.067s] -- Installing: /home/evan/Documents/algo_gaze_project/install/op3_ball_detector_msgs/share/op3_ball_detector_msgs/cmake/op3_ball_detector_msgs__rosidl_typesupport_cppExport.cmake
[3.067s] -- Installing: /home/evan/Documents/algo_gaze_project/install/op3_ball_detector_msgs/share/op3_ball_detector_msgs/cmake/op3_ball_detector_msgs__rosidl_typesupport_cppExport-noconfig.cmake
[3.068s] -- Installing: /home/evan/Documents/algo_gaze_project/install/op3_ball_detector_msgs/share/op3_ball_detector_msgs/cmake/export_op3_ball_detector_msgs__rosidl_generator_pyExport.cmake
[3.068s] -- Installing: /home/evan/Documents/algo_gaze_project/install/op3_ball_detector_msgs/share/op3_ball_detector_msgs/cmake/export_op3_ball_detector_msgs__rosidl_generator_pyExport-noconfig.cmake
[3.075s] Invoked command in '/home/evan/Documents/algo_gaze_project/build/op3_ball_detector_msgs' returned '0': CMAKE_PREFIX_PATH=/opt/ros/humble /usr/bin/cmake --install /home/evan/Documents/algo_gaze_project/build/op3_ball_detector_msgs
