[0.043s] Invoking command in '/home/evan/Documents/algo_gaze_project/build/op3_tuning_module': AMENT_PREFIX_PATH=/home/evan/Documents/algo_gaze_project/install/robotis_framework_common:/home/evan/Documents/algo_gaze_project/install/robotis_device:/home/evan/Documents/algo_gaze_project/install/op3_kinematics_dynamics:/home/evan/Documents/algo_gaze_project/install/robotis_math:/home/evan/Documents/algo_gaze_project/install/robotis_controller_msgs:/home/evan/Documents/algo_gaze_project/install/op3_tuning_module_msgs:/home/evan/Documents/algo_gaze_project/install/dynamixel_sdk:${AMENT_PREFIX_PATH} CMAKE_PREFIX_PATH=/home/evan/Documents/algo_gaze_project/install/robotis_framework_common:/home/evan/Documents/algo_gaze_project/install/robotis_device:/home/evan/Documents/algo_gaze_project/install/op3_kinematics_dynamics:/home/evan/Documents/algo_gaze_project/install/robotis_math:/home/evan/Documents/algo_gaze_project/install/robotis_controller_msgs:/home/evan/Documents/algo_gaze_project/install/op3_tuning_module_msgs:/home/evan/Documents/algo_gaze_project/install/dynamixel_sdk:/opt/ros/humble LD_LIBRARY_PATH=/home/evan/Documents/algo_gaze_project/install/robotis_device/lib:/home/evan/Documents/algo_gaze_project/install/op3_kinematics_dynamics/lib:/home/evan/Documents/algo_gaze_project/install/robotis_math/lib:/home/evan/Documents/algo_gaze_project/install/robotis_controller_msgs/lib:/home/evan/Documents/algo_gaze_project/install/op3_tuning_module_msgs/lib:/home/evan/Documents/algo_gaze_project/install/dynamixel_sdk/lib:${LD_LIBRARY_PATH} PYTHONPATH=/home/evan/Documents/algo_gaze_project/install/robotis_controller_msgs/local/lib/python3.10/dist-packages:/home/evan/Documents/algo_gaze_project/install/op3_tuning_module_msgs/local/lib/python3.10/dist-packages:/home/evan/Documents/algo_gaze_project/install/dynamixel_sdk/local/lib/python3.10/dist-packages:${PYTHONPATH} /usr/bin/cmake /home/evan/Documents/algo_gaze_project/ROBOTIS-OP3/op3_tuning_module -DAMENT_CMAKE_SYMLINK_INSTALL=1 -DCMAKE_INSTALL_PREFIX=/home/evan/Documents/algo_gaze_project/install/op3_tuning_module
[1.976s] -- The C compiler identification is GNU 11.4.0
[1.976s] -- The CXX compiler identification is GNU 11.4.0
[1.976s] -- Detecting C compiler ABI info
[1.976s] -- Detecting C compiler ABI info - done
[1.976s] -- Check for working C compiler: /usr/bin/cc - skipped
[1.976s] -- Detecting C compile features
[1.976s] -- Detecting C compile features - done
[1.976s] -- Detecting CXX compiler ABI info
[1.976s] -- Detecting CXX compiler ABI info - done
[1.976s] -- Check for working CXX compiler: /usr/bin/c++ - skipped
[1.977s] -- Detecting CXX compile features
[1.977s] -- Detecting CXX compile features - done
[1.977s] -- Found ament_cmake: 1.3.14 (/opt/ros/humble/share/ament_cmake/cmake)
[1.977s] -- Found Python3: /usr/bin/python3 (found version "3.10.12") found components: Interpreter 
[1.977s] -- Override CMake install command with custom implementation using symlinks instead of copying resources
[1.977s] -- Found ament_index_cpp: 1.4.1 (/opt/ros/humble/share/ament_index_cpp/cmake)
[1.977s] -- Found rclcpp: 16.0.19 (/opt/ros/humble/share/rclcpp/cmake)
[1.977s] -- Found rosidl_generator_c: 3.1.8 (/opt/ros/humble/share/rosidl_generator_c/cmake)
[1.977s] -- Found rosidl_adapter: 3.1.8 (/opt/ros/humble/share/rosidl_adapter/cmake)
[1.977s] -- Found rosidl_generator_cpp: 3.1.8 (/opt/ros/humble/share/rosidl_generator_cpp/cmake)
[1.977s] -- Using all available rosidl_typesupport_c: rosidl_typesupport_fastrtps_c;rosidl_typesupport_introspection_c
[1.977s] -- Using all available rosidl_typesupport_cpp: rosidl_typesupport_fastrtps_cpp;rosidl_typesupport_introspection_cpp
[1.977s] -- Found rmw_implementation_cmake: 6.1.2 (/opt/ros/humble/share/rmw_implementation_cmake/cmake)
[1.977s] -- Found rmw_fastrtps_cpp: 6.2.10 (/opt/ros/humble/share/rmw_fastrtps_cpp/cmake)
[1.977s] -- Found OpenSSL: /usr/lib/x86_64-linux-gnu/libcrypto.so (found version "3.0.2")  
[1.977s] -- Found FastRTPS: /opt/ros/humble/include  
[1.977s] -- Using RMW implementation 'rmw_fastrtps_cpp' as default
[1.977s] -- Looking for pthread.h
[1.978s] -- Looking for pthread.h - found
[1.978s] -- Performing Test CMAKE_HAVE_LIBC_PTHREAD
[2.066s] -- Performing Test CMAKE_HAVE_LIBC_PTHREAD - Success
[2.068s] -- Found Threads: TRUE  
[2.171s] -- Found geometry_msgs: 4.9.1 (/opt/ros/humble/share/geometry_msgs/cmake)
[2.189s] -- Found robotis_controller_msgs: 0.1.4 (/home/evan/Documents/algo_gaze_project/install/robotis_controller_msgs/share/robotis_controller_msgs/cmake)
[2.240s] -- Found op3_tuning_module_msgs: 0.0.1 (/home/evan/Documents/algo_gaze_project/install/op3_tuning_module_msgs/share/op3_tuning_module_msgs/cmake)
[2.281s] -- Found dynamixel_sdk: 3.8.4 (/home/evan/Documents/algo_gaze_project/install/dynamixel_sdk/share/dynamixel_sdk/cmake)
[2.288s] -- Found robotis_device: 0.2.9 (/home/evan/Documents/algo_gaze_project/install/robotis_device/share/robotis_device/cmake)
[2.294s] -- Found robotis_math: 0.2.6 (/home/evan/Documents/algo_gaze_project/install/robotis_math/share/robotis_math/cmake)
[2.319s] -- Found op3_kinematics_dynamics: 0.2.1 (/home/evan/Documents/algo_gaze_project/install/op3_kinematics_dynamics/share/op3_kinematics_dynamics/cmake)
[2.327s] -- Found robotis_framework_common: 0.2.9 (/home/evan/Documents/algo_gaze_project/install/robotis_framework_common/share/robotis_framework_common/cmake)
[2.342s] -- Found PkgConfig: /usr/bin/pkg-config (found version "0.29.2") 
[2.347s] -- Checking for module 'yaml-cpp'
[2.379s] --   Found yaml-cpp, version 0.7.0
[2.753s] -- Configuring done
[2.780s] -- Generating done
[2.790s] -- Build files have been written to: /home/evan/Documents/algo_gaze_project/build/op3_tuning_module
[2.829s] Invoked command in '/home/evan/Documents/algo_gaze_project/build/op3_tuning_module' returned '0': AMENT_PREFIX_PATH=/home/evan/Documents/algo_gaze_project/install/robotis_framework_common:/home/evan/Documents/algo_gaze_project/install/robotis_device:/home/evan/Documents/algo_gaze_project/install/op3_kinematics_dynamics:/home/evan/Documents/algo_gaze_project/install/robotis_math:/home/evan/Documents/algo_gaze_project/install/robotis_controller_msgs:/home/evan/Documents/algo_gaze_project/install/op3_tuning_module_msgs:/home/evan/Documents/algo_gaze_project/install/dynamixel_sdk:${AMENT_PREFIX_PATH} CMAKE_PREFIX_PATH=/home/evan/Documents/algo_gaze_project/install/robotis_framework_common:/home/evan/Documents/algo_gaze_project/install/robotis_device:/home/evan/Documents/algo_gaze_project/install/op3_kinematics_dynamics:/home/evan/Documents/algo_gaze_project/install/robotis_math:/home/evan/Documents/algo_gaze_project/install/robotis_controller_msgs:/home/evan/Documents/algo_gaze_project/install/op3_tuning_module_msgs:/home/evan/Documents/algo_gaze_project/install/dynamixel_sdk:/opt/ros/humble LD_LIBRARY_PATH=/home/evan/Documents/algo_gaze_project/install/robotis_device/lib:/home/evan/Documents/algo_gaze_project/install/op3_kinematics_dynamics/lib:/home/evan/Documents/algo_gaze_project/install/robotis_math/lib:/home/evan/Documents/algo_gaze_project/install/robotis_controller_msgs/lib:/home/evan/Documents/algo_gaze_project/install/op3_tuning_module_msgs/lib:/home/evan/Documents/algo_gaze_project/install/dynamixel_sdk/lib:${LD_LIBRARY_PATH} PYTHONPATH=/home/evan/Documents/algo_gaze_project/install/robotis_controller_msgs/local/lib/python3.10/dist-packages:/home/evan/Documents/algo_gaze_project/install/op3_tuning_module_msgs/local/lib/python3.10/dist-packages:/home/evan/Documents/algo_gaze_project/install/dynamixel_sdk/local/lib/python3.10/dist-packages:${PYTHONPATH} /usr/bin/cmake /home/evan/Documents/algo_gaze_project/ROBOTIS-OP3/op3_tuning_module -DAMENT_CMAKE_SYMLINK_INSTALL=1 -DCMAKE_INSTALL_PREFIX=/home/evan/Documents/algo_gaze_project/install/op3_tuning_module
[2.830s] Invoking command in '/home/evan/Documents/algo_gaze_project/build/op3_tuning_module': AMENT_PREFIX_PATH=/home/evan/Documents/algo_gaze_project/install/robotis_framework_common:/home/evan/Documents/algo_gaze_project/install/robotis_device:/home/evan/Documents/algo_gaze_project/install/op3_kinematics_dynamics:/home/evan/Documents/algo_gaze_project/install/robotis_math:/home/evan/Documents/algo_gaze_project/install/robotis_controller_msgs:/home/evan/Documents/algo_gaze_project/install/op3_tuning_module_msgs:/home/evan/Documents/algo_gaze_project/install/dynamixel_sdk:${AMENT_PREFIX_PATH} CMAKE_PREFIX_PATH=/home/evan/Documents/algo_gaze_project/install/robotis_framework_common:/home/evan/Documents/algo_gaze_project/install/robotis_device:/home/evan/Documents/algo_gaze_project/install/op3_kinematics_dynamics:/home/evan/Documents/algo_gaze_project/install/robotis_math:/home/evan/Documents/algo_gaze_project/install/robotis_controller_msgs:/home/evan/Documents/algo_gaze_project/install/op3_tuning_module_msgs:/home/evan/Documents/algo_gaze_project/install/dynamixel_sdk:/opt/ros/humble LD_LIBRARY_PATH=/home/evan/Documents/algo_gaze_project/install/robotis_device/lib:/home/evan/Documents/algo_gaze_project/install/op3_kinematics_dynamics/lib:/home/evan/Documents/algo_gaze_project/install/robotis_math/lib:/home/evan/Documents/algo_gaze_project/install/robotis_controller_msgs/lib:/home/evan/Documents/algo_gaze_project/install/op3_tuning_module_msgs/lib:/home/evan/Documents/algo_gaze_project/install/dynamixel_sdk/lib:${LD_LIBRARY_PATH} PYTHONPATH=/home/evan/Documents/algo_gaze_project/install/robotis_controller_msgs/local/lib/python3.10/dist-packages:/home/evan/Documents/algo_gaze_project/install/op3_tuning_module_msgs/local/lib/python3.10/dist-packages:/home/evan/Documents/algo_gaze_project/install/dynamixel_sdk/local/lib/python3.10/dist-packages:${PYTHONPATH} /usr/bin/cmake --build /home/evan/Documents/algo_gaze_project/build/op3_tuning_module -- -j12 -l12
[4.552s] [ 25%] [32mBuilding CXX object CMakeFiles/op3_tuning_module.dir/src/tuning_module.cpp.o[0m
[4.554s] [ 50%] [32mBuilding CXX object CMakeFiles/op3_tuning_module.dir/src/tuning_module_state.cpp.o[0m
[4.554s] [ 75%] [32mBuilding CXX object CMakeFiles/op3_tuning_module.dir/src/tuning_data.cpp.o[0m
[33.170s] [100%] [32m[1mLinking CXX static library libop3_tuning_module.a[0m
[33.496s] [100%] Built target op3_tuning_module
