[0.009s] Invoking command in '/home/evan/Documents/BRONE_audio_gaze_project/build/ros_mpg321_player': CMAKE_PREFIX_PATH=${CMAKE_PREFIX_PATH}:/home/evan/Documents/BRONE_audio_gaze_project/install/algo_gaze:/home/evan/Documents/BRONE_audio_gaze_project/install/brone_gaze:/opt/ros/humble /usr/bin/cmake /home/evan/Documents/BRONE_audio_gaze_project/ROBOTIS-Utility/ros_mpg321_player -DAMENT_CMAKE_SYMLINK_INSTALL=1 -DCMAKE_INSTALL_PREFIX=/home/evan/Documents/BRONE_audio_gaze_project/install/ros_mpg321_player
[0.566s] -- The C compiler identification is GNU 11.4.0
[0.567s] -- The CXX compiler identification is GNU 11.4.0
[0.570s] -- Detecting C compiler ABI info
[0.570s] -- Detecting C compiler ABI info - done
[0.570s] -- Check for working C compiler: /usr/bin/cc - skipped
[0.570s] -- Detecting C compile features
[0.570s] -- Detecting C compile features - done
[0.570s] -- Detecting CXX compiler ABI info
[0.570s] -- Detecting CXX compiler ABI info - done
[0.571s] -- Check for working CXX compiler: /usr/bin/c++ - skipped
[0.571s] -- Detecting CXX compile features
[0.571s] -- Detecting CXX compile features - done
[0.571s] -- Found ament_cmake: 1.3.14 (/opt/ros/humble/share/ament_cmake/cmake)
[0.617s] -- Found Python3: /usr/bin/python3 (found version "3.10.12") found components: Interpreter 
[0.730s] -- Override CMake install command with custom implementation using symlinks instead of copying resources
[0.798s] -- Found rclcpp: 16.0.19 (/opt/ros/humble/share/rclcpp/cmake)
[0.858s] -- Found rosidl_generator_c: 3.1.8 (/opt/ros/humble/share/rosidl_generator_c/cmake)
[0.864s] -- Found rosidl_adapter: 3.1.8 (/opt/ros/humble/share/rosidl_adapter/cmake)
[0.874s] -- Found rosidl_generator_cpp: 3.1.8 (/opt/ros/humble/share/rosidl_generator_cpp/cmake)
[0.888s] -- Using all available rosidl_typesupport_c: rosidl_typesupport_fastrtps_c;rosidl_typesupport_introspection_c
[0.910s] -- Using all available rosidl_typesupport_cpp: rosidl_typesupport_fastrtps_cpp;rosidl_typesupport_introspection_cpp
[0.975s] -- Found rmw_implementation_cmake: 6.1.2 (/opt/ros/humble/share/rmw_implementation_cmake/cmake)
[0.977s] -- Found rmw_fastrtps_cpp: 6.2.10 (/opt/ros/humble/share/rmw_fastrtps_cpp/cmake)
[1.110s] -- Found OpenSSL: /usr/lib/x86_64-linux-gnu/libcrypto.so (found version "3.0.2")  
[1.154s] -- Found FastRTPS: /opt/ros/humble/include  
[1.234s] -- Using RMW implementation 'rmw_fastrtps_cpp' as default
[1.249s] -- Looking for pthread.h
[1.378s] -- Looking for pthread.h - found
[1.379s] -- Performing Test CMAKE_HAVE_LIBC_PTHREAD
[1.476s] -- Performing Test CMAKE_HAVE_LIBC_PTHREAD - Success
[1.477s] -- Found Threads: TRUE  
[1.665s] -- Configuring done
[1.679s] -- Generating done
[1.682s] -- Build files have been written to: /home/evan/Documents/BRONE_audio_gaze_project/build/ros_mpg321_player
[1.697s] Invoked command in '/home/evan/Documents/BRONE_audio_gaze_project/build/ros_mpg321_player' returned '0': CMAKE_PREFIX_PATH=${CMAKE_PREFIX_PATH}:/home/evan/Documents/BRONE_audio_gaze_project/install/algo_gaze:/home/evan/Documents/BRONE_audio_gaze_project/install/brone_gaze:/opt/ros/humble /usr/bin/cmake /home/evan/Documents/BRONE_audio_gaze_project/ROBOTIS-Utility/ros_mpg321_player -DAMENT_CMAKE_SYMLINK_INSTALL=1 -DCMAKE_INSTALL_PREFIX=/home/evan/Documents/BRONE_audio_gaze_project/install/ros_mpg321_player
[1.698s] Invoking command in '/home/evan/Documents/BRONE_audio_gaze_project/build/ros_mpg321_player': CMAKE_PREFIX_PATH=${CMAKE_PREFIX_PATH}:/home/evan/Documents/BRONE_audio_gaze_project/install/algo_gaze:/home/evan/Documents/BRONE_audio_gaze_project/install/brone_gaze:/opt/ros/humble /usr/bin/cmake --build /home/evan/Documents/BRONE_audio_gaze_project/build/ros_mpg321_player -- -j12 -l12
[2.320s] [ 50%] [32mBuilding CXX object CMakeFiles/ros_mpg321_player.dir/src/ros_mpg321_player.cpp.o[0m
[13.072s] [100%] [32m[1mLinking CXX executable ros_mpg321_player[0m
[13.635s] [100%] Built target ros_mpg321_player
[13.656s] Invoked command in '/home/evan/Documents/BRONE_audio_gaze_project/build/ros_mpg321_player' returned '0': CMAKE_PREFIX_PATH=${CMAKE_PREFIX_PATH}:/home/evan/Documents/BRONE_audio_gaze_project/install/algo_gaze:/home/evan/Documents/BRONE_audio_gaze_project/install/brone_gaze:/opt/ros/humble /usr/bin/cmake --build /home/evan/Documents/BRONE_audio_gaze_project/build/ros_mpg321_player -- -j12 -l12
[13.664s] Invoking command in '/home/evan/Documents/BRONE_audio_gaze_project/build/ros_mpg321_player': CMAKE_PREFIX_PATH=${CMAKE_PREFIX_PATH}:/home/evan/Documents/BRONE_audio_gaze_project/install/algo_gaze:/home/evan/Documents/BRONE_audio_gaze_project/install/brone_gaze:/opt/ros/humble /usr/bin/cmake --install /home/evan/Documents/BRONE_audio_gaze_project/build/ros_mpg321_player
[14.279s] -- Install configuration: ""
[14.279s] -- Execute custom install script
[14.279s] -- Symlinking: /home/evan/Documents/BRONE_audio_gaze_project/install/ros_mpg321_player/lib/ros_mpg321_player/ros_mpg321_player
[14.279s] -- Symlinking: /home/evan/Documents/BRONE_audio_gaze_project/install/ros_mpg321_player/include/ros_mpg321_player/ros_mpg321_player.h
[14.279s] -- Symlinking: /home/evan/Documents/BRONE_audio_gaze_project/install/ros_mpg321_player/share/ament_index/resource_index/package_run_dependencies/ros_mpg321_player
[14.279s] -- Symlinking: /home/evan/Documents/BRONE_audio_gaze_project/install/ros_mpg321_player/share/ament_index/resource_index/parent_prefix_path/ros_mpg321_player
[14.279s] -- Symlinking: /home/evan/Documents/BRONE_audio_gaze_project/install/ros_mpg321_player/share/ros_mpg321_player/environment/ament_prefix_path.sh
[14.279s] -- Symlinking: /home/evan/Documents/BRONE_audio_gaze_project/install/ros_mpg321_player/share/ros_mpg321_player/environment/ament_prefix_path.dsv
[14.280s] -- Symlinking: /home/evan/Documents/BRONE_audio_gaze_project/install/ros_mpg321_player/share/ros_mpg321_player/environment/path.sh
[14.280s] -- Symlinking: /home/evan/Documents/BRONE_audio_gaze_project/install/ros_mpg321_player/share/ros_mpg321_player/environment/path.dsv
[14.280s] -- Symlinking: /home/evan/Documents/BRONE_audio_gaze_project/install/ros_mpg321_player/share/ros_mpg321_player/local_setup.bash
[14.280s] -- Symlinking: /home/evan/Documents/BRONE_audio_gaze_project/install/ros_mpg321_player/share/ros_mpg321_player/local_setup.sh
[14.280s] -- Symlinking: /home/evan/Documents/BRONE_audio_gaze_project/install/ros_mpg321_player/share/ros_mpg321_player/local_setup.zsh
[14.280s] -- Symlinking: /home/evan/Documents/BRONE_audio_gaze_project/install/ros_mpg321_player/share/ros_mpg321_player/local_setup.dsv
[14.280s] -- Symlinking: /home/evan/Documents/BRONE_audio_gaze_project/install/ros_mpg321_player/share/ros_mpg321_player/package.dsv
[14.280s] -- Symlinking: /home/evan/Documents/BRONE_audio_gaze_project/install/ros_mpg321_player/share/ament_index/resource_index/packages/ros_mpg321_player
[14.280s] -- Symlinking: /home/evan/Documents/BRONE_audio_gaze_project/install/ros_mpg321_player/share/ros_mpg321_player/cmake/ros_mpg321_playerConfig.cmake
[14.280s] -- Symlinking: /home/evan/Documents/BRONE_audio_gaze_project/install/ros_mpg321_player/share/ros_mpg321_player/cmake/ros_mpg321_playerConfig-version.cmake
[14.280s] -- Symlinking: /home/evan/Documents/BRONE_audio_gaze_project/install/ros_mpg321_player/share/ros_mpg321_player/package.xml
[14.281s] Invoked command in '/home/evan/Documents/BRONE_audio_gaze_project/build/ros_mpg321_player' returned '0': CMAKE_PREFIX_PATH=${CMAKE_PREFIX_PATH}:/home/evan/Documents/BRONE_audio_gaze_project/install/algo_gaze:/home/evan/Documents/BRONE_audio_gaze_project/install/brone_gaze:/opt/ros/humble /usr/bin/cmake --install /home/evan/Documents/BRONE_audio_gaze_project/build/ros_mpg321_player
