-- The C compiler identification is GNU 11.4.0
-- The CXX compiler identification is GNU 11.4.0
-- Detecting C compiler ABI info
-- Detecting C compiler ABI info - done
-- Check for working C compiler: /usr/bin/cc - skipped
-- Detecting C compile features
-- Detecting C compile features - done
-- Detecting CXX compiler ABI info
-- Detecting CXX compiler ABI info - done
-- Check for working CXX compiler: /usr/bin/c++ - skipped
-- Detecting CXX compile features
-- Detecting CXX compile features - done
-- Found ament_cmake: 1.3.14 (/opt/ros/humble/share/ament_cmake/cmake)
-- Found Python3: /usr/bin/python3 (found version "3.10.12") found components: Interpreter 
-- Override CMake install command with custom implementation using symlinks instead of copying resources
-- Found std_msgs: 4.9.1 (/opt/ros/humble/share/std_msgs/cmake)
-- Found rosidl_generator_c: 3.1.8 (/opt/ros/humble/share/rosidl_generator_c/cmake)
-- Found rosidl_adapter: 3.1.8 (/opt/ros/humble/share/rosidl_adapter/cmake)
-- Found rosidl_generator_cpp: 3.1.8 (/opt/ros/humble/share/rosidl_generator_cpp/cmake)
-- Using all available rosidl_typesupport_c: rosidl_typesupport_fastrtps_c;rosidl_typesupport_introspection_c
-- Using all available rosidl_typesupport_cpp: rosidl_typesupport_fastrtps_cpp;rosidl_typesupport_introspection_cpp
-- Found rosidl_default_generators: 1.2.1 (/opt/ros/humble/share/rosidl_default_generators/cmake)
-- Found ament_cmake_ros: 0.10.0 (/opt/ros/humble/share/ament_cmake_ros/cmake)
-- Using all available rosidl_typesupport_c: rosidl_typesupport_fastrtps_c;rosidl_typesupport_introspection_c
-- Using all available rosidl_typesupport_cpp: rosidl_typesupport_fastrtps_cpp;rosidl_typesupport_introspection_cpp
-- Found PythonInterp: /usr/bin/python3 (found suitable version "3.10.12", minimum required is "3.6") 
-- Found python_cmake_module: 0.10.0 (/opt/ros/humble/share/python_cmake_module/cmake)
-- Found PythonLibs: /usr/lib/x86_64-linux-gnu/libpython3.10.so (found suitable version "3.10.12", minimum required is "3.5") 
-- Using PYTHON_EXECUTABLE: /usr/bin/python3
-- Using PYTHON_INCLUDE_DIRS: /usr/include/python3.10
-- Using PYTHON_LIBRARIES: /usr/lib/x86_64-linux-gnu/libpython3.10.so
-- Found PythonExtra: .so  
-- Configuring done
-- Generating done
-- Build files have been written to: /home/evan/Documents/algo_gaze_project/build/op3_tuning_module_msgs
[  1%] [34m[1mGenerating C code for ROS interfaces[0m
[  3%] [34m[1mGenerating C++ code for ROS interfaces[0m
[  4%] [34m[1mGenerating Rust code for ROS interfaces[0m
[  4%] Built target ament_cmake_python_symlink_op3_tuning_module_msgs
running egg_info
creating op3_tuning_module_msgs.egg-info
writing op3_tuning_module_msgs.egg-info/PKG-INFO
writing dependency_links to op3_tuning_module_msgs.egg-info/dependency_links.txt
writing top-level names to op3_tuning_module_msgs.egg-info/top_level.txt
writing manifest file 'op3_tuning_module_msgs.egg-info/SOURCES.txt'
reading manifest file 'op3_tuning_module_msgs.egg-info/SOURCES.txt'
writing manifest file 'op3_tuning_module_msgs.egg-info/SOURCES.txt'
[  4%] Built target ament_cmake_python_build_op3_tuning_module_msgs_egg
[  4%] Built target op3_tuning_module_msgs__rs
[  4%] Built target op3_tuning_module_msgs__cpp
[  6%] [34m[1mGenerating C++ type support for eProsima Fast-RTPS[0m
[  7%] [34m[1mGenerating C++ introspection for ROS interfaces[0m
[  9%] [34m[1mGenerating C++ type support dispatch for ROS interfaces[0m
[ 10%] [32mBuilding C object CMakeFiles/op3_tuning_module_msgs__rosidl_generator_c.dir/rosidl_generator_c/op3_tuning_module_msgs/msg/detail/joint_offset_data__functions.c.o[0m
[ 12%] [32mBuilding C object CMakeFiles/op3_tuning_module_msgs__rosidl_generator_c.dir/rosidl_generator_c/op3_tuning_module_msgs/msg/detail/joint_offset_position_data__functions.c.o[0m
[ 14%] [32mBuilding C object CMakeFiles/op3_tuning_module_msgs__rosidl_generator_c.dir/rosidl_generator_c/op3_tuning_module_msgs/msg/detail/joint_torque_on_off__functions.c.o[0m
[ 15%] [32mBuilding C object CMakeFiles/op3_tuning_module_msgs__rosidl_generator_c.dir/rosidl_generator_c/op3_tuning_module_msgs/srv/detail/get_present_joint_offset_data__functions.c.o[0m
[ 17%] [32mBuilding C object CMakeFiles/op3_tuning_module_msgs__rosidl_generator_c.dir/rosidl_generator_c/op3_tuning_module_msgs/msg/detail/joint_torque_on_off_array__functions.c.o[0m
[ 18%] [32m[1mLinking C shared library libop3_tuning_module_msgs__rosidl_generator_c.so[0m
[ 18%] Built target op3_tuning_module_msgs__rosidl_generator_c
[ 20%] [34m[1mGenerating C introspection for ROS interfaces[0m
[ 21%] [34m[1mGenerating C type support dispatch for ROS interfaces[0m
[ 23%] [34m[1mGenerating C type support for eProsima Fast-RTPS[0m
[ 25%] [32mBuilding CXX object CMakeFiles/op3_tuning_module_msgs__rosidl_typesupport_cpp.dir/rosidl_typesupport_cpp/op3_tuning_module_msgs/msg/joint_offset_data__type_support.cpp.o[0m
[ 26%] [32mBuilding CXX object CMakeFiles/op3_tuning_module_msgs__rosidl_typesupport_fastrtps_c.dir/rosidl_typesupport_fastrtps_c/op3_tuning_module_msgs/msg/detail/joint_offset_data__type_support_c.cpp.o[0m
[ 28%] [32mBuilding CXX object CMakeFiles/op3_tuning_module_msgs__rosidl_typesupport_fastrtps_c.dir/rosidl_typesupport_fastrtps_c/op3_tuning_module_msgs/msg/detail/joint_offset_position_data__type_support_c.cpp.o[0m
[ 29%] [32mBuilding CXX object CMakeFiles/op3_tuning_module_msgs__rosidl_typesupport_fastrtps_c.dir/rosidl_typesupport_fastrtps_c/op3_tuning_module_msgs/msg/detail/joint_torque_on_off__type_support_c.cpp.o[0m
[ 31%] [32mBuilding CXX object CMakeFiles/op3_tuning_module_msgs__rosidl_typesupport_fastrtps_c.dir/rosidl_typesupport_fastrtps_c/op3_tuning_module_msgs/msg/detail/joint_torque_on_off_array__type_support_c.cpp.o[0m
[ 32%] [32mBuilding CXX object CMakeFiles/op3_tuning_module_msgs__rosidl_typesupport_cpp.dir/rosidl_typesupport_cpp/op3_tuning_module_msgs/msg/joint_offset_position_data__type_support.cpp.o[0m
[ 34%] [32mBuilding CXX object CMakeFiles/op3_tuning_module_msgs__rosidl_typesupport_fastrtps_c.dir/rosidl_typesupport_fastrtps_c/op3_tuning_module_msgs/srv/detail/get_present_joint_offset_data__type_support_c.cpp.o[0m
[ 35%] [32mBuilding CXX object CMakeFiles/op3_tuning_module_msgs__rosidl_typesupport_cpp.dir/rosidl_typesupport_cpp/op3_tuning_module_msgs/msg/joint_torque_on_off__type_support.cpp.o[0m
[ 37%] [32mBuilding CXX object CMakeFiles/op3_tuning_module_msgs__rosidl_typesupport_introspection_cpp.dir/rosidl_typesupport_introspection_cpp/op3_tuning_module_msgs/msg/detail/joint_offset_data__type_support.cpp.o[0m
[ 39%] [32mBuilding CXX object CMakeFiles/op3_tuning_module_msgs__rosidl_typesupport_fastrtps_cpp.dir/rosidl_typesupport_fastrtps_cpp/op3_tuning_module_msgs/msg/detail/dds_fastrtps/joint_offset_data__type_support.cpp.o[0m
[ 40%] [32mBuilding CXX object CMakeFiles/op3_tuning_module_msgs__rosidl_typesupport_c.dir/rosidl_typesupport_c/op3_tuning_module_msgs/msg/joint_offset_data__type_support.cpp.o[0m
[ 42%] [32mBuilding CXX object CMakeFiles/op3_tuning_module_msgs__rosidl_typesupport_c.dir/rosidl_typesupport_c/op3_tuning_module_msgs/msg/joint_offset_position_data__type_support.cpp.o[0m
[ 43%] [32mBuilding C object CMakeFiles/op3_tuning_module_msgs__rosidl_typesupport_introspection_c.dir/rosidl_typesupport_introspection_c/op3_tuning_module_msgs/msg/detail/joint_offset_data__type_support.c.o[0m
[ 45%] [32mBuilding CXX object CMakeFiles/op3_tuning_module_msgs__rosidl_typesupport_c.dir/rosidl_typesupport_c/op3_tuning_module_msgs/msg/joint_torque_on_off__type_support.cpp.o[0m
[ 46%] [32mBuilding CXX object CMakeFiles/op3_tuning_module_msgs__rosidl_typesupport_introspection_cpp.dir/rosidl_typesupport_introspection_cpp/op3_tuning_module_msgs/msg/detail/joint_offset_position_data__type_support.cpp.o[0m
[ 48%] [32mBuilding CXX object CMakeFiles/op3_tuning_module_msgs__rosidl_typesupport_cpp.dir/rosidl_typesupport_cpp/op3_tuning_module_msgs/srv/get_present_joint_offset_data__type_support.cpp.o[0m
[ 50%] [32mBuilding CXX object CMakeFiles/op3_tuning_module_msgs__rosidl_typesupport_c.dir/rosidl_typesupport_c/op3_tuning_module_msgs/msg/joint_torque_on_off_array__type_support.cpp.o[0m
[ 51%] [32mBuilding C object CMakeFiles/op3_tuning_module_msgs__rosidl_typesupport_introspection_c.dir/rosidl_typesupport_introspection_c/op3_tuning_module_msgs/msg/detail/joint_offset_position_data__type_support.c.o[0m
[ 53%] [32mBuilding CXX object CMakeFiles/op3_tuning_module_msgs__rosidl_typesupport_c.dir/rosidl_typesupport_c/op3_tuning_module_msgs/srv/get_present_joint_offset_data__type_support.cpp.o[0m
[ 54%] [32mBuilding C object CMakeFiles/op3_tuning_module_msgs__rosidl_typesupport_introspection_c.dir/rosidl_typesupport_introspection_c/op3_tuning_module_msgs/msg/detail/joint_torque_on_off__type_support.c.o[0m
[ 56%] [32m[1mLinking CXX shared library libop3_tuning_module_msgs__rosidl_typesupport_c.so[0m
[ 57%] [32mBuilding C object CMakeFiles/op3_tuning_module_msgs__rosidl_typesupport_introspection_c.dir/rosidl_typesupport_introspection_c/op3_tuning_module_msgs/msg/detail/joint_torque_on_off_array__type_support.c.o[0m
[ 59%] [32m[1mLinking CXX shared library libop3_tuning_module_msgs__rosidl_typesupport_fastrtps_c.so[0m
[ 60%] [32mBuilding C object CMakeFiles/op3_tuning_module_msgs__rosidl_typesupport_introspection_c.dir/rosidl_typesupport_introspection_c/op3_tuning_module_msgs/srv/detail/get_present_joint_offset_data__type_support.c.o[0m
[ 60%] Built target op3_tuning_module_msgs__rosidl_typesupport_c
[ 62%] [32m[1mLinking C shared library libop3_tuning_module_msgs__rosidl_typesupport_introspection_c.so[0m
[ 62%] Built target op3_tuning_module_msgs__rosidl_typesupport_introspection_c
[ 62%] Built target op3_tuning_module_msgs__rosidl_typesupport_fastrtps_c
[ 64%] [32mBuilding CXX object CMakeFiles/op3_tuning_module_msgs__rosidl_typesupport_cpp.dir/rosidl_typesupport_cpp/op3_tuning_module_msgs/msg/joint_torque_on_off_array__type_support.cpp.o[0m
[ 65%] [32mBuilding CXX object CMakeFiles/op3_tuning_module_msgs__rosidl_typesupport_fastrtps_cpp.dir/rosidl_typesupport_fastrtps_cpp/op3_tuning_module_msgs/srv/detail/dds_fastrtps/get_present_joint_offset_data__type_support.cpp.o[0m
[ 67%] [32mBuilding CXX object CMakeFiles/op3_tuning_module_msgs__rosidl_typesupport_introspection_cpp.dir/rosidl_typesupport_introspection_cpp/op3_tuning_module_msgs/srv/detail/get_present_joint_offset_data__type_support.cpp.o[0m
[ 68%] [32m[1mLinking CXX shared library libop3_tuning_module_msgs__rosidl_typesupport_cpp.so[0m
[ 68%] Built target op3_tuning_module_msgs__rosidl_typesupport_cpp
[ 70%] [32mBuilding CXX object CMakeFiles/op3_tuning_module_msgs__rosidl_typesupport_fastrtps_cpp.dir/rosidl_typesupport_fastrtps_cpp/op3_tuning_module_msgs/msg/detail/dds_fastrtps/joint_torque_on_off_array__type_support.cpp.o[0m
[ 71%] [32mBuilding CXX object CMakeFiles/op3_tuning_module_msgs__rosidl_typesupport_introspection_cpp.dir/rosidl_typesupport_introspection_cpp/op3_tuning_module_msgs/msg/detail/joint_torque_on_off_array__type_support.cpp.o[0m
[ 73%] [32mBuilding CXX object CMakeFiles/op3_tuning_module_msgs__rosidl_typesupport_fastrtps_cpp.dir/rosidl_typesupport_fastrtps_cpp/op3_tuning_module_msgs/msg/detail/dds_fastrtps/joint_torque_on_off__type_support.cpp.o[0m
[ 75%] [32mBuilding CXX object CMakeFiles/op3_tuning_module_msgs__rosidl_typesupport_introspection_cpp.dir/rosidl_typesupport_introspection_cpp/op3_tuning_module_msgs/msg/detail/joint_torque_on_off__type_support.cpp.o[0m
[ 76%] [32mBuilding CXX object CMakeFiles/op3_tuning_module_msgs__rosidl_typesupport_fastrtps_cpp.dir/rosidl_typesupport_fastrtps_cpp/op3_tuning_module_msgs/msg/detail/dds_fastrtps/joint_offset_position_data__type_support.cpp.o[0m
[ 78%] [32m[1mLinking CXX shared library libop3_tuning_module_msgs__rosidl_typesupport_introspection_cpp.so[0m
[ 78%] Built target op3_tuning_module_msgs__rosidl_typesupport_introspection_cpp
[ 79%] [32m[1mLinking CXX shared library libop3_tuning_module_msgs__rosidl_typesupport_fastrtps_cpp.so[0m
[ 79%] Built target op3_tuning_module_msgs__rosidl_typesupport_fastrtps_cpp
[ 79%] Built target op3_tuning_module_msgs
[ 81%] [34m[1mGenerating Python code for ROS interfaces[0m
[ 81%] Built target op3_tuning_module_msgs__py
[ 82%] [32mBuilding C object CMakeFiles/op3_tuning_module_msgs__rosidl_generator_py.dir/rosidl_generator_py/op3_tuning_module_msgs/msg/_joint_offset_data_s.c.o[0m
[ 84%] [32mBuilding C object CMakeFiles/op3_tuning_module_msgs__rosidl_generator_py.dir/rosidl_generator_py/op3_tuning_module_msgs/srv/_get_present_joint_offset_data_s.c.o[0m
[ 85%] [32mBuilding C object CMakeFiles/op3_tuning_module_msgs__rosidl_generator_py.dir/rosidl_generator_py/op3_tuning_module_msgs/msg/_joint_torque_on_off_array_s.c.o[0m
[ 87%] [32mBuilding C object CMakeFiles/op3_tuning_module_msgs__rosidl_generator_py.dir/rosidl_generator_py/op3_tuning_module_msgs/msg/_joint_torque_on_off_s.c.o[0m
[ 89%] [32mBuilding C object CMakeFiles/op3_tuning_module_msgs__rosidl_generator_py.dir/rosidl_generator_py/op3_tuning_module_msgs/msg/_joint_offset_position_data_s.c.o[0m
[ 90%] [32m[1mLinking C shared library rosidl_generator_py/op3_tuning_module_msgs/libop3_tuning_module_msgs__rosidl_generator_py.so[0m
[ 90%] Built target op3_tuning_module_msgs__rosidl_generator_py
[ 92%] [32mBuilding C object CMakeFiles/op3_tuning_module_msgs__rosidl_typesupport_fastrtps_c__pyext.dir/rosidl_generator_py/op3_tuning_module_msgs/_op3_tuning_module_msgs_s.ep.rosidl_typesupport_fastrtps_c.c.o[0m
[ 93%] [32m[1mLinking C shared library rosidl_generator_py/op3_tuning_module_msgs/op3_tuning_module_msgs_s__rosidl_typesupport_fastrtps_c.cpython-310-x86_64-linux-gnu.so[0m
[ 93%] Built target op3_tuning_module_msgs__rosidl_typesupport_fastrtps_c__pyext
[ 95%] [32mBuilding C object CMakeFiles/op3_tuning_module_msgs__rosidl_typesupport_c__pyext.dir/rosidl_generator_py/op3_tuning_module_msgs/_op3_tuning_module_msgs_s.ep.rosidl_typesupport_c.c.o[0m
[ 96%] [32m[1mLinking C shared library rosidl_generator_py/op3_tuning_module_msgs/op3_tuning_module_msgs_s__rosidl_typesupport_c.cpython-310-x86_64-linux-gnu.so[0m
[ 96%] Built target op3_tuning_module_msgs__rosidl_typesupport_c__pyext
[ 98%] [32mBuilding C object CMakeFiles/op3_tuning_module_msgs__rosidl_typesupport_introspection_c__pyext.dir/rosidl_generator_py/op3_tuning_module_msgs/_op3_tuning_module_msgs_s.ep.rosidl_typesupport_introspection_c.c.o[0m
[100%] [32m[1mLinking C shared library rosidl_generator_py/op3_tuning_module_msgs/op3_tuning_module_msgs_s__rosidl_typesupport_introspection_c.cpython-310-x86_64-linux-gnu.so[0m
[100%] Built target op3_tuning_module_msgs__rosidl_typesupport_introspection_c__pyext
-- Install configuration: ""
-- Execute custom install script
-- Symlinking: /home/evan/Documents/algo_gaze_project/install/op3_tuning_module_msgs/share/ament_index/resource_index/rosidl_interfaces/op3_tuning_module_msgs
-- Symlinking: /home/evan/Documents/algo_gaze_project/install/op3_tuning_module_msgs/include/op3_tuning_module_msgs/op3_tuning_module_msgs/msg/detail/joint_offset_data__functions.h
-- Symlinking: /home/evan/Documents/algo_gaze_project/install/op3_tuning_module_msgs/include/op3_tuning_module_msgs/op3_tuning_module_msgs/msg/detail/joint_offset_data__struct.h
-- Symlinking: /home/evan/Documents/algo_gaze_project/install/op3_tuning_module_msgs/include/op3_tuning_module_msgs/op3_tuning_module_msgs/msg/detail/joint_offset_data__type_support.h
-- Symlinking: /home/evan/Documents/algo_gaze_project/install/op3_tuning_module_msgs/include/op3_tuning_module_msgs/op3_tuning_module_msgs/msg/detail/joint_offset_position_data__functions.h
-- Symlinking: /home/evan/Documents/algo_gaze_project/install/op3_tuning_module_msgs/include/op3_tuning_module_msgs/op3_tuning_module_msgs/msg/detail/joint_offset_position_data__struct.h
-- Symlinking: /home/evan/Documents/algo_gaze_project/install/op3_tuning_module_msgs/include/op3_tuning_module_msgs/op3_tuning_module_msgs/msg/detail/joint_offset_position_data__type_support.h
-- Symlinking: /home/evan/Documents/algo_gaze_project/install/op3_tuning_module_msgs/include/op3_tuning_module_msgs/op3_tuning_module_msgs/msg/detail/joint_torque_on_off__functions.h
-- Symlinking: /home/evan/Documents/algo_gaze_project/install/op3_tuning_module_msgs/include/op3_tuning_module_msgs/op3_tuning_module_msgs/msg/detail/joint_torque_on_off__struct.h
-- Symlinking: /home/evan/Documents/algo_gaze_project/install/op3_tuning_module_msgs/include/op3_tuning_module_msgs/op3_tuning_module_msgs/msg/detail/joint_torque_on_off__type_support.h
-- Symlinking: /home/evan/Documents/algo_gaze_project/install/op3_tuning_module_msgs/include/op3_tuning_module_msgs/op3_tuning_module_msgs/msg/detail/joint_torque_on_off_array__functions.h
-- Symlinking: /home/evan/Documents/algo_gaze_project/install/op3_tuning_module_msgs/include/op3_tuning_module_msgs/op3_tuning_module_msgs/msg/detail/joint_torque_on_off_array__struct.h
-- Symlinking: /home/evan/Documents/algo_gaze_project/install/op3_tuning_module_msgs/include/op3_tuning_module_msgs/op3_tuning_module_msgs/msg/detail/joint_torque_on_off_array__type_support.h
-- Symlinking: /home/evan/Documents/algo_gaze_project/install/op3_tuning_module_msgs/include/op3_tuning_module_msgs/op3_tuning_module_msgs/msg/joint_offset_data.h
-- Symlinking: /home/evan/Documents/algo_gaze_project/install/op3_tuning_module_msgs/include/op3_tuning_module_msgs/op3_tuning_module_msgs/msg/joint_offset_position_data.h
-- Symlinking: /home/evan/Documents/algo_gaze_project/install/op3_tuning_module_msgs/include/op3_tuning_module_msgs/op3_tuning_module_msgs/msg/joint_torque_on_off.h
-- Symlinking: /home/evan/Documents/algo_gaze_project/install/op3_tuning_module_msgs/include/op3_tuning_module_msgs/op3_tuning_module_msgs/msg/joint_torque_on_off_array.h
-- Symlinking: /home/evan/Documents/algo_gaze_project/install/op3_tuning_module_msgs/include/op3_tuning_module_msgs/op3_tuning_module_msgs/msg/rosidl_generator_c__visibility_control.h
-- Symlinking: /home/evan/Documents/algo_gaze_project/install/op3_tuning_module_msgs/include/op3_tuning_module_msgs/op3_tuning_module_msgs/srv/detail/get_present_joint_offset_data__functions.h
-- Symlinking: /home/evan/Documents/algo_gaze_project/install/op3_tuning_module_msgs/include/op3_tuning_module_msgs/op3_tuning_module_msgs/srv/detail/get_present_joint_offset_data__struct.h
-- Symlinking: /home/evan/Documents/algo_gaze_project/install/op3_tuning_module_msgs/include/op3_tuning_module_msgs/op3_tuning_module_msgs/srv/detail/get_present_joint_offset_data__type_support.h
-- Symlinking: /home/evan/Documents/algo_gaze_project/install/op3_tuning_module_msgs/include/op3_tuning_module_msgs/op3_tuning_module_msgs/srv/get_present_joint_offset_data.h
-- Symlinking: /home/evan/Documents/algo_gaze_project/install/op3_tuning_module_msgs/share/op3_tuning_module_msgs/environment/library_path.sh
-- Symlinking: /home/evan/Documents/algo_gaze_project/install/op3_tuning_module_msgs/share/op3_tuning_module_msgs/environment/library_path.dsv
-- Symlinking: /home/evan/Documents/algo_gaze_project/install/op3_tuning_module_msgs/include/op3_tuning_module_msgs/op3_tuning_module_msgs/msg/detail/joint_offset_data__rosidl_typesupport_fastrtps_c.h
-- Symlinking: /home/evan/Documents/algo_gaze_project/install/op3_tuning_module_msgs/include/op3_tuning_module_msgs/op3_tuning_module_msgs/msg/detail/joint_offset_position_data__rosidl_typesupport_fastrtps_c.h
-- Symlinking: /home/evan/Documents/algo_gaze_project/install/op3_tuning_module_msgs/include/op3_tuning_module_msgs/op3_tuning_module_msgs/msg/detail/joint_torque_on_off__rosidl_typesupport_fastrtps_c.h
-- Symlinking: /home/evan/Documents/algo_gaze_project/install/op3_tuning_module_msgs/include/op3_tuning_module_msgs/op3_tuning_module_msgs/msg/detail/joint_torque_on_off_array__rosidl_typesupport_fastrtps_c.h
-- Symlinking: /home/evan/Documents/algo_gaze_project/install/op3_tuning_module_msgs/include/op3_tuning_module_msgs/op3_tuning_module_msgs/msg/rosidl_typesupport_fastrtps_c__visibility_control.h
-- Symlinking: /home/evan/Documents/algo_gaze_project/install/op3_tuning_module_msgs/include/op3_tuning_module_msgs/op3_tuning_module_msgs/srv/detail/get_present_joint_offset_data__rosidl_typesupport_fastrtps_c.h
-- Symlinking: /home/evan/Documents/algo_gaze_project/install/op3_tuning_module_msgs/include/op3_tuning_module_msgs/op3_tuning_module_msgs/msg/detail/joint_offset_data__builder.hpp
-- Symlinking: /home/evan/Documents/algo_gaze_project/install/op3_tuning_module_msgs/include/op3_tuning_module_msgs/op3_tuning_module_msgs/msg/detail/joint_offset_data__struct.hpp
-- Symlinking: /home/evan/Documents/algo_gaze_project/install/op3_tuning_module_msgs/include/op3_tuning_module_msgs/op3_tuning_module_msgs/msg/detail/joint_offset_data__traits.hpp
-- Symlinking: /home/evan/Documents/algo_gaze_project/install/op3_tuning_module_msgs/include/op3_tuning_module_msgs/op3_tuning_module_msgs/msg/detail/joint_offset_data__type_support.hpp
-- Symlinking: /home/evan/Documents/algo_gaze_project/install/op3_tuning_module_msgs/include/op3_tuning_module_msgs/op3_tuning_module_msgs/msg/detail/joint_offset_position_data__builder.hpp
-- Symlinking: /home/evan/Documents/algo_gaze_project/install/op3_tuning_module_msgs/include/op3_tuning_module_msgs/op3_tuning_module_msgs/msg/detail/joint_offset_position_data__struct.hpp
-- Symlinking: /home/evan/Documents/algo_gaze_project/install/op3_tuning_module_msgs/include/op3_tuning_module_msgs/op3_tuning_module_msgs/msg/detail/joint_offset_position_data__traits.hpp
-- Symlinking: /home/evan/Documents/algo_gaze_project/install/op3_tuning_module_msgs/include/op3_tuning_module_msgs/op3_tuning_module_msgs/msg/detail/joint_offset_position_data__type_support.hpp
-- Symlinking: /home/evan/Documents/algo_gaze_project/install/op3_tuning_module_msgs/include/op3_tuning_module_msgs/op3_tuning_module_msgs/msg/detail/joint_torque_on_off__builder.hpp
-- Symlinking: /home/evan/Documents/algo_gaze_project/install/op3_tuning_module_msgs/include/op3_tuning_module_msgs/op3_tuning_module_msgs/msg/detail/joint_torque_on_off__struct.hpp
-- Symlinking: /home/evan/Documents/algo_gaze_project/install/op3_tuning_module_msgs/include/op3_tuning_module_msgs/op3_tuning_module_msgs/msg/detail/joint_torque_on_off__traits.hpp
-- Symlinking: /home/evan/Documents/algo_gaze_project/install/op3_tuning_module_msgs/include/op3_tuning_module_msgs/op3_tuning_module_msgs/msg/detail/joint_torque_on_off__type_support.hpp
-- Symlinking: /home/evan/Documents/algo_gaze_project/install/op3_tuning_module_msgs/include/op3_tuning_module_msgs/op3_tuning_module_msgs/msg/detail/joint_torque_on_off_array__builder.hpp
-- Symlinking: /home/evan/Documents/algo_gaze_project/install/op3_tuning_module_msgs/include/op3_tuning_module_msgs/op3_tuning_module_msgs/msg/detail/joint_torque_on_off_array__struct.hpp
-- Symlinking: /home/evan/Documents/algo_gaze_project/install/op3_tuning_module_msgs/include/op3_tuning_module_msgs/op3_tuning_module_msgs/msg/detail/joint_torque_on_off_array__traits.hpp
-- Symlinking: /home/evan/Documents/algo_gaze_project/install/op3_tuning_module_msgs/include/op3_tuning_module_msgs/op3_tuning_module_msgs/msg/detail/joint_torque_on_off_array__type_support.hpp
-- Symlinking: /home/evan/Documents/algo_gaze_project/install/op3_tuning_module_msgs/include/op3_tuning_module_msgs/op3_tuning_module_msgs/msg/joint_offset_data.hpp
-- Symlinking: /home/evan/Documents/algo_gaze_project/install/op3_tuning_module_msgs/include/op3_tuning_module_msgs/op3_tuning_module_msgs/msg/joint_offset_position_data.hpp
-- Symlinking: /home/evan/Documents/algo_gaze_project/install/op3_tuning_module_msgs/include/op3_tuning_module_msgs/op3_tuning_module_msgs/msg/joint_torque_on_off.hpp
-- Symlinking: /home/evan/Documents/algo_gaze_project/install/op3_tuning_module_msgs/include/op3_tuning_module_msgs/op3_tuning_module_msgs/msg/joint_torque_on_off_array.hpp
-- Symlinking: /home/evan/Documents/algo_gaze_project/install/op3_tuning_module_msgs/include/op3_tuning_module_msgs/op3_tuning_module_msgs/msg/rosidl_generator_cpp__visibility_control.hpp
-- Symlinking: /home/evan/Documents/algo_gaze_project/install/op3_tuning_module_msgs/include/op3_tuning_module_msgs/op3_tuning_module_msgs/srv/detail/get_present_joint_offset_data__builder.hpp
-- Symlinking: /home/evan/Documents/algo_gaze_project/install/op3_tuning_module_msgs/include/op3_tuning_module_msgs/op3_tuning_module_msgs/srv/detail/get_present_joint_offset_data__struct.hpp
-- Symlinking: /home/evan/Documents/algo_gaze_project/install/op3_tuning_module_msgs/include/op3_tuning_module_msgs/op3_tuning_module_msgs/srv/detail/get_present_joint_offset_data__traits.hpp
-- Symlinking: /home/evan/Documents/algo_gaze_project/install/op3_tuning_module_msgs/include/op3_tuning_module_msgs/op3_tuning_module_msgs/srv/detail/get_present_joint_offset_data__type_support.hpp
-- Symlinking: /home/evan/Documents/algo_gaze_project/install/op3_tuning_module_msgs/include/op3_tuning_module_msgs/op3_tuning_module_msgs/srv/get_present_joint_offset_data.hpp
-- Symlinking: /home/evan/Documents/algo_gaze_project/install/op3_tuning_module_msgs/include/op3_tuning_module_msgs/op3_tuning_module_msgs/msg/detail/joint_offset_data__rosidl_typesupport_fastrtps_cpp.hpp
-- Symlinking: /home/evan/Documents/algo_gaze_project/install/op3_tuning_module_msgs/include/op3_tuning_module_msgs/op3_tuning_module_msgs/msg/detail/joint_offset_position_data__rosidl_typesupport_fastrtps_cpp.hpp
-- Symlinking: /home/evan/Documents/algo_gaze_project/install/op3_tuning_module_msgs/include/op3_tuning_module_msgs/op3_tuning_module_msgs/msg/detail/joint_torque_on_off__rosidl_typesupport_fastrtps_cpp.hpp
-- Symlinking: /home/evan/Documents/algo_gaze_project/install/op3_tuning_module_msgs/include/op3_tuning_module_msgs/op3_tuning_module_msgs/msg/detail/joint_torque_on_off_array__rosidl_typesupport_fastrtps_cpp.hpp
-- Symlinking: /home/evan/Documents/algo_gaze_project/install/op3_tuning_module_msgs/include/op3_tuning_module_msgs/op3_tuning_module_msgs/msg/rosidl_typesupport_fastrtps_cpp__visibility_control.h
-- Symlinking: /home/evan/Documents/algo_gaze_project/install/op3_tuning_module_msgs/include/op3_tuning_module_msgs/op3_tuning_module_msgs/srv/detail/get_present_joint_offset_data__rosidl_typesupport_fastrtps_cpp.hpp
-- Symlinking: /home/evan/Documents/algo_gaze_project/install/op3_tuning_module_msgs/include/op3_tuning_module_msgs/op3_tuning_module_msgs/msg/detail/joint_offset_data__rosidl_typesupport_introspection_c.h
-- Symlinking: /home/evan/Documents/algo_gaze_project/install/op3_tuning_module_msgs/include/op3_tuning_module_msgs/op3_tuning_module_msgs/msg/detail/joint_offset_position_data__rosidl_typesupport_introspection_c.h
-- Symlinking: /home/evan/Documents/algo_gaze_project/install/op3_tuning_module_msgs/include/op3_tuning_module_msgs/op3_tuning_module_msgs/msg/detail/joint_torque_on_off__rosidl_typesupport_introspection_c.h
-- Symlinking: /home/evan/Documents/algo_gaze_project/install/op3_tuning_module_msgs/include/op3_tuning_module_msgs/op3_tuning_module_msgs/msg/detail/joint_torque_on_off_array__rosidl_typesupport_introspection_c.h
-- Symlinking: /home/evan/Documents/algo_gaze_project/install/op3_tuning_module_msgs/include/op3_tuning_module_msgs/op3_tuning_module_msgs/msg/rosidl_typesupport_introspection_c__visibility_control.h
-- Symlinking: /home/evan/Documents/algo_gaze_project/install/op3_tuning_module_msgs/include/op3_tuning_module_msgs/op3_tuning_module_msgs/srv/detail/get_present_joint_offset_data__rosidl_typesupport_introspection_c.h
-- Symlinking: /home/evan/Documents/algo_gaze_project/install/op3_tuning_module_msgs/include/op3_tuning_module_msgs/op3_tuning_module_msgs/msg/detail/joint_offset_data__rosidl_typesupport_introspection_cpp.hpp
-- Symlinking: /home/evan/Documents/algo_gaze_project/install/op3_tuning_module_msgs/include/op3_tuning_module_msgs/op3_tuning_module_msgs/msg/detail/joint_offset_position_data__rosidl_typesupport_introspection_cpp.hpp
-- Symlinking: /home/evan/Documents/algo_gaze_project/install/op3_tuning_module_msgs/include/op3_tuning_module_msgs/op3_tuning_module_msgs/msg/detail/joint_torque_on_off__rosidl_typesupport_introspection_cpp.hpp
-- Symlinking: /home/evan/Documents/algo_gaze_project/install/op3_tuning_module_msgs/include/op3_tuning_module_msgs/op3_tuning_module_msgs/msg/detail/joint_torque_on_off_array__rosidl_typesupport_introspection_cpp.hpp
-- Symlinking: /home/evan/Documents/algo_gaze_project/install/op3_tuning_module_msgs/include/op3_tuning_module_msgs/op3_tuning_module_msgs/srv/detail/get_present_joint_offset_data__rosidl_typesupport_introspection_cpp.hpp
-- Symlinking: /home/evan/Documents/algo_gaze_project/install/op3_tuning_module_msgs/share/op3_tuning_module_msgs/environment/pythonpath.sh
-- Symlinking: /home/evan/Documents/algo_gaze_project/install/op3_tuning_module_msgs/share/op3_tuning_module_msgs/environment/pythonpath.dsv
-- Symlinking: /home/evan/Documents/algo_gaze_project/install/op3_tuning_module_msgs/local/lib/python3.10/dist-packages/op3_tuning_module_msgs-0.0.1-py3.10.egg-info/PKG-INFO
-- Symlinking: /home/evan/Documents/algo_gaze_project/install/op3_tuning_module_msgs/local/lib/python3.10/dist-packages/op3_tuning_module_msgs-0.0.1-py3.10.egg-info/SOURCES.txt
-- Symlinking: /home/evan/Documents/algo_gaze_project/install/op3_tuning_module_msgs/local/lib/python3.10/dist-packages/op3_tuning_module_msgs-0.0.1-py3.10.egg-info/dependency_links.txt
-- Symlinking: /home/evan/Documents/algo_gaze_project/install/op3_tuning_module_msgs/local/lib/python3.10/dist-packages/op3_tuning_module_msgs-0.0.1-py3.10.egg-info/top_level.txt
-- Symlinking: /home/evan/Documents/algo_gaze_project/install/op3_tuning_module_msgs/local/lib/python3.10/dist-packages/op3_tuning_module_msgs/__init__.py
-- Symlinking: /home/evan/Documents/algo_gaze_project/install/op3_tuning_module_msgs/local/lib/python3.10/dist-packages/op3_tuning_module_msgs/_op3_tuning_module_msgs_s.ep.rosidl_typesupport_c.c
-- Symlinking: /home/evan/Documents/algo_gaze_project/install/op3_tuning_module_msgs/local/lib/python3.10/dist-packages/op3_tuning_module_msgs/_op3_tuning_module_msgs_s.ep.rosidl_typesupport_fastrtps_c.c
-- Symlinking: /home/evan/Documents/algo_gaze_project/install/op3_tuning_module_msgs/local/lib/python3.10/dist-packages/op3_tuning_module_msgs/_op3_tuning_module_msgs_s.ep.rosidl_typesupport_introspection_c.c
-- Symlinking: /home/evan/Documents/algo_gaze_project/install/op3_tuning_module_msgs/local/lib/python3.10/dist-packages/op3_tuning_module_msgs/libop3_tuning_module_msgs__rosidl_generator_py.so
-- Symlinking: /home/evan/Documents/algo_gaze_project/install/op3_tuning_module_msgs/local/lib/python3.10/dist-packages/op3_tuning_module_msgs/msg/__init__.py
-- Symlinking: /home/evan/Documents/algo_gaze_project/install/op3_tuning_module_msgs/local/lib/python3.10/dist-packages/op3_tuning_module_msgs/msg/_joint_offset_data.py
-- Symlinking: /home/evan/Documents/algo_gaze_project/install/op3_tuning_module_msgs/local/lib/python3.10/dist-packages/op3_tuning_module_msgs/msg/_joint_offset_data_s.c
-- Symlinking: /home/evan/Documents/algo_gaze_project/install/op3_tuning_module_msgs/local/lib/python3.10/dist-packages/op3_tuning_module_msgs/msg/_joint_offset_position_data.py
-- Symlinking: /home/evan/Documents/algo_gaze_project/install/op3_tuning_module_msgs/local/lib/python3.10/dist-packages/op3_tuning_module_msgs/msg/_joint_offset_position_data_s.c
-- Symlinking: /home/evan/Documents/algo_gaze_project/install/op3_tuning_module_msgs/local/lib/python3.10/dist-packages/op3_tuning_module_msgs/msg/_joint_torque_on_off.py
-- Symlinking: /home/evan/Documents/algo_gaze_project/install/op3_tuning_module_msgs/local/lib/python3.10/dist-packages/op3_tuning_module_msgs/msg/_joint_torque_on_off_array.py
-- Symlinking: /home/evan/Documents/algo_gaze_project/install/op3_tuning_module_msgs/local/lib/python3.10/dist-packages/op3_tuning_module_msgs/msg/_joint_torque_on_off_array_s.c
-- Symlinking: /home/evan/Documents/algo_gaze_project/install/op3_tuning_module_msgs/local/lib/python3.10/dist-packages/op3_tuning_module_msgs/msg/_joint_torque_on_off_s.c
-- Symlinking: /home/evan/Documents/algo_gaze_project/install/op3_tuning_module_msgs/local/lib/python3.10/dist-packages/op3_tuning_module_msgs/op3_tuning_module_msgs_s__rosidl_typesupport_c.cpython-310-x86_64-linux-gnu.so
-- Symlinking: /home/evan/Documents/algo_gaze_project/install/op3_tuning_module_msgs/local/lib/python3.10/dist-packages/op3_tuning_module_msgs/op3_tuning_module_msgs_s__rosidl_typesupport_fastrtps_c.cpython-310-x86_64-linux-gnu.so
-- Symlinking: /home/evan/Documents/algo_gaze_project/install/op3_tuning_module_msgs/local/lib/python3.10/dist-packages/op3_tuning_module_msgs/op3_tuning_module_msgs_s__rosidl_typesupport_introspection_c.cpython-310-x86_64-linux-gnu.so
-- Symlinking: /home/evan/Documents/algo_gaze_project/install/op3_tuning_module_msgs/local/lib/python3.10/dist-packages/op3_tuning_module_msgs/srv/__init__.py
-- Symlinking: /home/evan/Documents/algo_gaze_project/install/op3_tuning_module_msgs/local/lib/python3.10/dist-packages/op3_tuning_module_msgs/srv/_get_present_joint_offset_data.py
-- Symlinking: /home/evan/Documents/algo_gaze_project/install/op3_tuning_module_msgs/local/lib/python3.10/dist-packages/op3_tuning_module_msgs/srv/_get_present_joint_offset_data_s.c
-- Up-to-date symlink: /home/evan/Documents/algo_gaze_project/install/op3_tuning_module_msgs/local/lib/python3.10/dist-packages/op3_tuning_module_msgs/op3_tuning_module_msgs_s__rosidl_typesupport_fastrtps_c.cpython-310-x86_64-linux-gnu.so
-- Up-to-date symlink: /home/evan/Documents/algo_gaze_project/install/op3_tuning_module_msgs/local/lib/python3.10/dist-packages/op3_tuning_module_msgs/op3_tuning_module_msgs_s__rosidl_typesupport_introspection_c.cpython-310-x86_64-linux-gnu.so
-- Up-to-date symlink: /home/evan/Documents/algo_gaze_project/install/op3_tuning_module_msgs/local/lib/python3.10/dist-packages/op3_tuning_module_msgs/op3_tuning_module_msgs_s__rosidl_typesupport_c.cpython-310-x86_64-linux-gnu.so
-- Symlinking: /home/evan/Documents/algo_gaze_project/install/op3_tuning_module_msgs/share/ament_index/resource_index/rust_packages/op3_tuning_module_msgs
-- Symlinking: /home/evan/Documents/algo_gaze_project/install/op3_tuning_module_msgs/share/op3_tuning_module_msgs/rust/Cargo.toml
-- Symlinking: /home/evan/Documents/algo_gaze_project/install/op3_tuning_module_msgs/share/op3_tuning_module_msgs/rust/build.rs
-- Symlinking: /home/evan/Documents/algo_gaze_project/install/op3_tuning_module_msgs/share/op3_tuning_module_msgs/rust/src/lib.rs
-- Symlinking: /home/evan/Documents/algo_gaze_project/install/op3_tuning_module_msgs/share/op3_tuning_module_msgs/rust/src/msg.rs
-- Symlinking: /home/evan/Documents/algo_gaze_project/install/op3_tuning_module_msgs/share/op3_tuning_module_msgs/rust/src/msg/rmw.rs
-- Symlinking: /home/evan/Documents/algo_gaze_project/install/op3_tuning_module_msgs/share/op3_tuning_module_msgs/rust/src/srv.rs
-- Symlinking: /home/evan/Documents/algo_gaze_project/install/op3_tuning_module_msgs/share/op3_tuning_module_msgs/rust/src/srv/rmw.rs
-- Symlinking: /home/evan/Documents/algo_gaze_project/install/op3_tuning_module_msgs/share/op3_tuning_module_msgs/msg/JointOffsetData.idl
-- Symlinking: /home/evan/Documents/algo_gaze_project/install/op3_tuning_module_msgs/share/op3_tuning_module_msgs/msg/JointOffsetPositionData.idl
-- Symlinking: /home/evan/Documents/algo_gaze_project/install/op3_tuning_module_msgs/share/op3_tuning_module_msgs/msg/JointTorqueOnOff.idl
-- Symlinking: /home/evan/Documents/algo_gaze_project/install/op3_tuning_module_msgs/share/op3_tuning_module_msgs/msg/JointTorqueOnOffArray.idl
-- Symlinking: /home/evan/Documents/algo_gaze_project/install/op3_tuning_module_msgs/share/op3_tuning_module_msgs/srv/GetPresentJointOffsetData.idl
-- Symlinking: /home/evan/Documents/algo_gaze_project/install/op3_tuning_module_msgs/share/op3_tuning_module_msgs/msg/JointOffsetData.msg
-- Symlinking: /home/evan/Documents/algo_gaze_project/install/op3_tuning_module_msgs/share/op3_tuning_module_msgs/msg/JointOffsetPositionData.msg
-- Symlinking: /home/evan/Documents/algo_gaze_project/install/op3_tuning_module_msgs/share/op3_tuning_module_msgs/msg/JointTorqueOnOff.msg
-- Symlinking: /home/evan/Documents/algo_gaze_project/install/op3_tuning_module_msgs/share/op3_tuning_module_msgs/msg/JointTorqueOnOffArray.msg
-- Symlinking: /home/evan/Documents/algo_gaze_project/install/op3_tuning_module_msgs/share/op3_tuning_module_msgs/srv/GetPresentJointOffsetData.srv
-- Symlinking: /home/evan/Documents/algo_gaze_project/install/op3_tuning_module_msgs/share/op3_tuning_module_msgs/srv/GetPresentJointOffsetData_Request.msg
-- Symlinking: /home/evan/Documents/algo_gaze_project/install/op3_tuning_module_msgs/share/op3_tuning_module_msgs/srv/GetPresentJointOffsetData_Response.msg
-- Symlinking: /home/evan/Documents/algo_gaze_project/install/op3_tuning_module_msgs/share/ament_index/resource_index/package_run_dependencies/op3_tuning_module_msgs
-- Symlinking: /home/evan/Documents/algo_gaze_project/install/op3_tuning_module_msgs/share/ament_index/resource_index/parent_prefix_path/op3_tuning_module_msgs
-- Symlinking: /home/evan/Documents/algo_gaze_project/install/op3_tuning_module_msgs/share/op3_tuning_module_msgs/environment/ament_prefix_path.sh
-- Symlinking: /home/evan/Documents/algo_gaze_project/install/op3_tuning_module_msgs/share/op3_tuning_module_msgs/environment/ament_prefix_path.dsv
-- Symlinking: /home/evan/Documents/algo_gaze_project/install/op3_tuning_module_msgs/share/op3_tuning_module_msgs/environment/path.sh
-- Symlinking: /home/evan/Documents/algo_gaze_project/install/op3_tuning_module_msgs/share/op3_tuning_module_msgs/environment/path.dsv
-- Symlinking: /home/evan/Documents/algo_gaze_project/install/op3_tuning_module_msgs/share/op3_tuning_module_msgs/local_setup.bash
-- Symlinking: /home/evan/Documents/algo_gaze_project/install/op3_tuning_module_msgs/share/op3_tuning_module_msgs/local_setup.sh
-- Symlinking: /home/evan/Documents/algo_gaze_project/install/op3_tuning_module_msgs/share/op3_tuning_module_msgs/local_setup.zsh
-- Symlinking: /home/evan/Documents/algo_gaze_project/install/op3_tuning_module_msgs/share/op3_tuning_module_msgs/local_setup.dsv
-- Symlinking: /home/evan/Documents/algo_gaze_project/install/op3_tuning_module_msgs/share/op3_tuning_module_msgs/package.dsv
-- Symlinking: /home/evan/Documents/algo_gaze_project/install/op3_tuning_module_msgs/share/ament_index/resource_index/packages/op3_tuning_module_msgs
-- Symlinking: /home/evan/Documents/algo_gaze_project/install/op3_tuning_module_msgs/share/op3_tuning_module_msgs/cmake/rosidl_cmake-extras.cmake
-- Symlinking: /home/evan/Documents/algo_gaze_project/install/op3_tuning_module_msgs/share/op3_tuning_module_msgs/cmake/ament_cmake_export_dependencies-extras.cmake
-- Symlinking: /home/evan/Documents/algo_gaze_project/install/op3_tuning_module_msgs/share/op3_tuning_module_msgs/cmake/ament_cmake_export_include_directories-extras.cmake
-- Symlinking: /home/evan/Documents/algo_gaze_project/install/op3_tuning_module_msgs/share/op3_tuning_module_msgs/cmake/ament_cmake_export_libraries-extras.cmake
-- Symlinking: /home/evan/Documents/algo_gaze_project/install/op3_tuning_module_msgs/share/op3_tuning_module_msgs/cmake/ament_cmake_export_targets-extras.cmake
-- Symlinking: /home/evan/Documents/algo_gaze_project/install/op3_tuning_module_msgs/share/op3_tuning_module_msgs/cmake/rosidl_cmake_export_typesupport_targets-extras.cmake
-- Symlinking: /home/evan/Documents/algo_gaze_project/install/op3_tuning_module_msgs/share/op3_tuning_module_msgs/cmake/rosidl_cmake_export_typesupport_libraries-extras.cmake
-- Symlinking: /home/evan/Documents/algo_gaze_project/install/op3_tuning_module_msgs/share/op3_tuning_module_msgs/cmake/op3_tuning_module_msgsConfig.cmake
-- Symlinking: /home/evan/Documents/algo_gaze_project/install/op3_tuning_module_msgs/share/op3_tuning_module_msgs/cmake/op3_tuning_module_msgsConfig-version.cmake
-- Symlinking: /home/evan/Documents/algo_gaze_project/install/op3_tuning_module_msgs/share/op3_tuning_module_msgs/package.xml
-- Installing: /home/evan/Documents/algo_gaze_project/install/op3_tuning_module_msgs/lib/libop3_tuning_module_msgs__rosidl_generator_c.so
-- Set runtime path of "/home/evan/Documents/algo_gaze_project/install/op3_tuning_module_msgs/lib/libop3_tuning_module_msgs__rosidl_generator_c.so" to ""
-- Installing: /home/evan/Documents/algo_gaze_project/install/op3_tuning_module_msgs/lib/libop3_tuning_module_msgs__rosidl_typesupport_fastrtps_c.so
-- Set runtime path of "/home/evan/Documents/algo_gaze_project/install/op3_tuning_module_msgs/lib/libop3_tuning_module_msgs__rosidl_typesupport_fastrtps_c.so" to ""
-- Installing: /home/evan/Documents/algo_gaze_project/install/op3_tuning_module_msgs/lib/libop3_tuning_module_msgs__rosidl_typesupport_fastrtps_cpp.so
-- Set runtime path of "/home/evan/Documents/algo_gaze_project/install/op3_tuning_module_msgs/lib/libop3_tuning_module_msgs__rosidl_typesupport_fastrtps_cpp.so" to ""
-- Installing: /home/evan/Documents/algo_gaze_project/install/op3_tuning_module_msgs/lib/libop3_tuning_module_msgs__rosidl_typesupport_introspection_c.so
-- Set runtime path of "/home/evan/Documents/algo_gaze_project/install/op3_tuning_module_msgs/lib/libop3_tuning_module_msgs__rosidl_typesupport_introspection_c.so" to ""
-- Installing: /home/evan/Documents/algo_gaze_project/install/op3_tuning_module_msgs/lib/libop3_tuning_module_msgs__rosidl_typesupport_c.so
-- Set runtime path of "/home/evan/Documents/algo_gaze_project/install/op3_tuning_module_msgs/lib/libop3_tuning_module_msgs__rosidl_typesupport_c.so" to ""
-- Installing: /home/evan/Documents/algo_gaze_project/install/op3_tuning_module_msgs/lib/libop3_tuning_module_msgs__rosidl_typesupport_introspection_cpp.so
-- Set runtime path of "/home/evan/Documents/algo_gaze_project/install/op3_tuning_module_msgs/lib/libop3_tuning_module_msgs__rosidl_typesupport_introspection_cpp.so" to ""
-- Installing: /home/evan/Documents/algo_gaze_project/install/op3_tuning_module_msgs/lib/libop3_tuning_module_msgs__rosidl_typesupport_cpp.so
-- Set runtime path of "/home/evan/Documents/algo_gaze_project/install/op3_tuning_module_msgs/lib/libop3_tuning_module_msgs__rosidl_typesupport_cpp.so" to ""
Listing '/home/evan/Documents/algo_gaze_project/install/op3_tuning_module_msgs/local/lib/python3.10/dist-packages/op3_tuning_module_msgs'...
Compiling '/home/evan/Documents/algo_gaze_project/install/op3_tuning_module_msgs/local/lib/python3.10/dist-packages/op3_tuning_module_msgs/__init__.py'...
Listing '/home/evan/Documents/algo_gaze_project/install/op3_tuning_module_msgs/local/lib/python3.10/dist-packages/op3_tuning_module_msgs/msg'...
Compiling '/home/evan/Documents/algo_gaze_project/install/op3_tuning_module_msgs/local/lib/python3.10/dist-packages/op3_tuning_module_msgs/msg/__init__.py'...
Compiling '/home/evan/Documents/algo_gaze_project/install/op3_tuning_module_msgs/local/lib/python3.10/dist-packages/op3_tuning_module_msgs/msg/_joint_offset_data.py'...
Compiling '/home/evan/Documents/algo_gaze_project/install/op3_tuning_module_msgs/local/lib/python3.10/dist-packages/op3_tuning_module_msgs/msg/_joint_offset_position_data.py'...
Compiling '/home/evan/Documents/algo_gaze_project/install/op3_tuning_module_msgs/local/lib/python3.10/dist-packages/op3_tuning_module_msgs/msg/_joint_torque_on_off.py'...
Compiling '/home/evan/Documents/algo_gaze_project/install/op3_tuning_module_msgs/local/lib/python3.10/dist-packages/op3_tuning_module_msgs/msg/_joint_torque_on_off_array.py'...
Listing '/home/evan/Documents/algo_gaze_project/install/op3_tuning_module_msgs/local/lib/python3.10/dist-packages/op3_tuning_module_msgs/srv'...
Compiling '/home/evan/Documents/algo_gaze_project/install/op3_tuning_module_msgs/local/lib/python3.10/dist-packages/op3_tuning_module_msgs/srv/__init__.py'...
Compiling '/home/evan/Documents/algo_gaze_project/install/op3_tuning_module_msgs/local/lib/python3.10/dist-packages/op3_tuning_module_msgs/srv/_get_present_joint_offset_data.py'...
-- Installing: /home/evan/Documents/algo_gaze_project/install/op3_tuning_module_msgs/lib/libop3_tuning_module_msgs__rosidl_generator_py.so
-- Set runtime path of "/home/evan/Documents/algo_gaze_project/install/op3_tuning_module_msgs/lib/libop3_tuning_module_msgs__rosidl_generator_py.so" to ""
-- Installing: /home/evan/Documents/algo_gaze_project/install/op3_tuning_module_msgs/share/op3_tuning_module_msgs/cmake/export_op3_tuning_module_msgs__rosidl_generator_cExport.cmake
-- Installing: /home/evan/Documents/algo_gaze_project/install/op3_tuning_module_msgs/share/op3_tuning_module_msgs/cmake/export_op3_tuning_module_msgs__rosidl_generator_cExport-noconfig.cmake
-- Installing: /home/evan/Documents/algo_gaze_project/install/op3_tuning_module_msgs/share/op3_tuning_module_msgs/cmake/export_op3_tuning_module_msgs__rosidl_typesupport_fastrtps_cExport.cmake
-- Installing: /home/evan/Documents/algo_gaze_project/install/op3_tuning_module_msgs/share/op3_tuning_module_msgs/cmake/export_op3_tuning_module_msgs__rosidl_typesupport_fastrtps_cExport-noconfig.cmake
-- Installing: /home/evan/Documents/algo_gaze_project/install/op3_tuning_module_msgs/share/op3_tuning_module_msgs/cmake/export_op3_tuning_module_msgs__rosidl_generator_cppExport.cmake
-- Installing: /home/evan/Documents/algo_gaze_project/install/op3_tuning_module_msgs/share/op3_tuning_module_msgs/cmake/export_op3_tuning_module_msgs__rosidl_typesupport_fastrtps_cppExport.cmake
-- Installing: /home/evan/Documents/algo_gaze_project/install/op3_tuning_module_msgs/share/op3_tuning_module_msgs/cmake/export_op3_tuning_module_msgs__rosidl_typesupport_fastrtps_cppExport-noconfig.cmake
-- Installing: /home/evan/Documents/algo_gaze_project/install/op3_tuning_module_msgs/share/op3_tuning_module_msgs/cmake/op3_tuning_module_msgs__rosidl_typesupport_introspection_cExport.cmake
-- Installing: /home/evan/Documents/algo_gaze_project/install/op3_tuning_module_msgs/share/op3_tuning_module_msgs/cmake/op3_tuning_module_msgs__rosidl_typesupport_introspection_cExport-noconfig.cmake
-- Installing: /home/evan/Documents/algo_gaze_project/install/op3_tuning_module_msgs/share/op3_tuning_module_msgs/cmake/op3_tuning_module_msgs__rosidl_typesupport_cExport.cmake
-- Installing: /home/evan/Documents/algo_gaze_project/install/op3_tuning_module_msgs/share/op3_tuning_module_msgs/cmake/op3_tuning_module_msgs__rosidl_typesupport_cExport-noconfig.cmake
-- Installing: /home/evan/Documents/algo_gaze_project/install/op3_tuning_module_msgs/share/op3_tuning_module_msgs/cmake/op3_tuning_module_msgs__rosidl_typesupport_introspection_cppExport.cmake
-- Installing: /home/evan/Documents/algo_gaze_project/install/op3_tuning_module_msgs/share/op3_tuning_module_msgs/cmake/op3_tuning_module_msgs__rosidl_typesupport_introspection_cppExport-noconfig.cmake
-- Installing: /home/evan/Documents/algo_gaze_project/install/op3_tuning_module_msgs/share/op3_tuning_module_msgs/cmake/op3_tuning_module_msgs__rosidl_typesupport_cppExport.cmake
-- Installing: /home/evan/Documents/algo_gaze_project/install/op3_tuning_module_msgs/share/op3_tuning_module_msgs/cmake/op3_tuning_module_msgs__rosidl_typesupport_cppExport-noconfig.cmake
-- Installing: /home/evan/Documents/algo_gaze_project/install/op3_tuning_module_msgs/share/op3_tuning_module_msgs/cmake/export_op3_tuning_module_msgs__rosidl_generator_pyExport.cmake
-- Installing: /home/evan/Documents/algo_gaze_project/install/op3_tuning_module_msgs/share/op3_tuning_module_msgs/cmake/export_op3_tuning_module_msgs__rosidl_generator_pyExport-noconfig.cmake
