[0.034s] Invoking command in '/home/evan/Documents/algo_gaze_project/build/op3_tuning_module_msgs': CMAKE_PREFIX_PATH=/opt/ros/humble /usr/bin/cmake /home/evan/Documents/algo_gaze_project/ROBOTIS-OP3-msgs/op3_tuning_module_msgs -DAMENT_CMAKE_SYMLINK_INSTALL=1 -DCMAKE_INSTALL_PREFIX=/home/evan/Documents/algo_gaze_project/install/op3_tuning_module_msgs
[0.096s] -- The C compiler identification is GNU 11.4.0
[0.192s] -- The CXX compiler identification is GNU 11.4.0
[0.201s] -- Detecting C compiler ABI info
[0.295s] -- Detecting C compiler ABI info - done
[0.316s] -- Check for working C compiler: /usr/bin/cc - skipped
[0.316s] -- Detecting C compile features
[0.316s] -- Detecting C compile features - done
[0.319s] -- Detecting CXX compiler ABI info
[0.440s] -- Detecting CXX compiler ABI info - done
[0.450s] -- Check for working CXX compiler: /usr/bin/c++ - skipped
[0.454s] -- Detecting CXX compile features
[0.454s] -- Detecting CXX compile features - done
[0.454s] -- Found ament_cmake: 1.3.14 (/opt/ros/humble/share/ament_cmake/cmake)
[0.631s] -- Found Python3: /usr/bin/python3 (found version "3.10.12") found components: Interpreter 
[0.711s] -- Override CMake install command with custom implementation using symlinks instead of copying resources
[0.735s] -- Found std_msgs: 4.9.1 (/opt/ros/humble/share/std_msgs/cmake)
[0.771s] -- Found rosidl_generator_c: 3.1.8 (/opt/ros/humble/share/rosidl_generator_c/cmake)
[0.776s] -- Found rosidl_adapter: 3.1.8 (/opt/ros/humble/share/rosidl_adapter/cmake)
[0.787s] -- Found rosidl_generator_cpp: 3.1.8 (/opt/ros/humble/share/rosidl_generator_cpp/cmake)
[0.799s] -- Using all available rosidl_typesupport_c: rosidl_typesupport_fastrtps_c;rosidl_typesupport_introspection_c
[0.818s] -- Using all available rosidl_typesupport_cpp: rosidl_typesupport_fastrtps_cpp;rosidl_typesupport_introspection_cpp
[0.850s] -- Found rosidl_default_generators: 1.2.1 (/opt/ros/humble/share/rosidl_default_generators/cmake)
[1.351s] -- Found ament_cmake_ros: 0.10.0 (/opt/ros/humble/share/ament_cmake_ros/cmake)
[2.357s] -- Using all available rosidl_typesupport_c: rosidl_typesupport_fastrtps_c;rosidl_typesupport_introspection_c
[3.121s] -- Using all available rosidl_typesupport_cpp: rosidl_typesupport_fastrtps_cpp;rosidl_typesupport_introspection_cpp
[3.221s] -- Found PythonInterp: /usr/bin/python3 (found suitable version "3.10.12", minimum required is "3.6") 
[3.230s] -- Found python_cmake_module: 0.10.0 (/opt/ros/humble/share/python_cmake_module/cmake)
[3.307s] -- Found PythonLibs: /usr/lib/x86_64-linux-gnu/libpython3.10.so (found suitable version "3.10.12", minimum required is "3.5") 
[3.307s] -- Using PYTHON_EXECUTABLE: /usr/bin/python3
[3.307s] -- Using PYTHON_INCLUDE_DIRS: /usr/include/python3.10
[3.307s] -- Using PYTHON_LIBRARIES: /usr/lib/x86_64-linux-gnu/libpython3.10.so
[3.366s] -- Found PythonExtra: .so  
[3.767s] -- Configuring done
[3.916s] -- Generating done
[3.939s] -- Build files have been written to: /home/evan/Documents/algo_gaze_project/build/op3_tuning_module_msgs
[3.964s] Invoked command in '/home/evan/Documents/algo_gaze_project/build/op3_tuning_module_msgs' returned '0': CMAKE_PREFIX_PATH=/opt/ros/humble /usr/bin/cmake /home/evan/Documents/algo_gaze_project/ROBOTIS-OP3-msgs/op3_tuning_module_msgs -DAMENT_CMAKE_SYMLINK_INSTALL=1 -DCMAKE_INSTALL_PREFIX=/home/evan/Documents/algo_gaze_project/install/op3_tuning_module_msgs
[3.966s] Invoking command in '/home/evan/Documents/algo_gaze_project/build/op3_tuning_module_msgs': CMAKE_PREFIX_PATH=/opt/ros/humble /usr/bin/cmake --build /home/evan/Documents/algo_gaze_project/build/op3_tuning_module_msgs -- -j12 -l12
[5.875s] [  1%] [34m[1mGenerating C code for ROS interfaces[0m
[5.876s] [  3%] [34m[1mGenerating C++ code for ROS interfaces[0m
[5.876s] [  4%] [34m[1mGenerating Rust code for ROS interfaces[0m
[5.876s] [  4%] Built target ament_cmake_python_symlink_op3_tuning_module_msgs
[5.876s] running egg_info
[5.876s] creating op3_tuning_module_msgs.egg-info
[5.876s] writing op3_tuning_module_msgs.egg-info/PKG-INFO
[5.876s] writing dependency_links to op3_tuning_module_msgs.egg-info/dependency_links.txt
[5.876s] writing top-level names to op3_tuning_module_msgs.egg-info/top_level.txt
[5.876s] writing manifest file 'op3_tuning_module_msgs.egg-info/SOURCES.txt'
[5.876s] reading manifest file 'op3_tuning_module_msgs.egg-info/SOURCES.txt'
[5.877s] writing manifest file 'op3_tuning_module_msgs.egg-info/SOURCES.txt'
[6.035s] [  4%] Built target ament_cmake_python_build_op3_tuning_module_msgs_egg
[6.119s] [  4%] Built target op3_tuning_module_msgs__rs
[6.154s] [  4%] Built target op3_tuning_module_msgs__cpp
[6.188s] [  6%] [34m[1mGenerating C++ type support for eProsima Fast-RTPS[0m
[6.190s] [  7%] [34m[1mGenerating C++ introspection for ROS interfaces[0m
[6.197s] [  9%] [34m[1mGenerating C++ type support dispatch for ROS interfaces[0m
[7.299s] [ 10%] [32mBuilding C object CMakeFiles/op3_tuning_module_msgs__rosidl_generator_c.dir/rosidl_generator_c/op3_tuning_module_msgs/msg/detail/joint_offset_data__functions.c.o[0m
[7.335s] [ 12%] [32mBuilding C object CMakeFiles/op3_tuning_module_msgs__rosidl_generator_c.dir/rosidl_generator_c/op3_tuning_module_msgs/msg/detail/joint_offset_position_data__functions.c.o[0m
[7.337s] [ 14%] [32mBuilding C object CMakeFiles/op3_tuning_module_msgs__rosidl_generator_c.dir/rosidl_generator_c/op3_tuning_module_msgs/msg/detail/joint_torque_on_off__functions.c.o[0m
[7.356s] [ 15%] [32mBuilding C object CMakeFiles/op3_tuning_module_msgs__rosidl_generator_c.dir/rosidl_generator_c/op3_tuning_module_msgs/srv/detail/get_present_joint_offset_data__functions.c.o[0m
[7.360s] [ 17%] [32mBuilding C object CMakeFiles/op3_tuning_module_msgs__rosidl_generator_c.dir/rosidl_generator_c/op3_tuning_module_msgs/msg/detail/joint_torque_on_off_array__functions.c.o[0m
[7.858s] [ 18%] [32m[1mLinking C shared library libop3_tuning_module_msgs__rosidl_generator_c.so[0m
[8.071s] [ 18%] Built target op3_tuning_module_msgs__rosidl_generator_c
[8.142s] [ 20%] [34m[1mGenerating C introspection for ROS interfaces[0m
[8.174s] [ 21%] [34m[1mGenerating C type support dispatch for ROS interfaces[0m
[8.174s] [ 23%] [34m[1mGenerating C type support for eProsima Fast-RTPS[0m
[9.562s] [ 25%] [32mBuilding CXX object CMakeFiles/op3_tuning_module_msgs__rosidl_typesupport_cpp.dir/rosidl_typesupport_cpp/op3_tuning_module_msgs/msg/joint_offset_data__type_support.cpp.o[0m
[9.562s] [ 26%] [32mBuilding CXX object CMakeFiles/op3_tuning_module_msgs__rosidl_typesupport_fastrtps_c.dir/rosidl_typesupport_fastrtps_c/op3_tuning_module_msgs/msg/detail/joint_offset_data__type_support_c.cpp.o[0m
[9.579s] [ 28%] [32mBuilding CXX object CMakeFiles/op3_tuning_module_msgs__rosidl_typesupport_fastrtps_c.dir/rosidl_typesupport_fastrtps_c/op3_tuning_module_msgs/msg/detail/joint_offset_position_data__type_support_c.cpp.o[0m
[9.595s] [ 29%] [32mBuilding CXX object CMakeFiles/op3_tuning_module_msgs__rosidl_typesupport_fastrtps_c.dir/rosidl_typesupport_fastrtps_c/op3_tuning_module_msgs/msg/detail/joint_torque_on_off__type_support_c.cpp.o[0m
[9.620s] [ 31%] [32mBuilding CXX object CMakeFiles/op3_tuning_module_msgs__rosidl_typesupport_fastrtps_c.dir/rosidl_typesupport_fastrtps_c/op3_tuning_module_msgs/msg/detail/joint_torque_on_off_array__type_support_c.cpp.o[0m
[9.624s] [ 32%] [32mBuilding CXX object CMakeFiles/op3_tuning_module_msgs__rosidl_typesupport_cpp.dir/rosidl_typesupport_cpp/op3_tuning_module_msgs/msg/joint_offset_position_data__type_support.cpp.o[0m
[9.638s] [ 34%] [32mBuilding CXX object CMakeFiles/op3_tuning_module_msgs__rosidl_typesupport_fastrtps_c.dir/rosidl_typesupport_fastrtps_c/op3_tuning_module_msgs/srv/detail/get_present_joint_offset_data__type_support_c.cpp.o[0m
[9.643s] [ 35%] [32mBuilding CXX object CMakeFiles/op3_tuning_module_msgs__rosidl_typesupport_cpp.dir/rosidl_typesupport_cpp/op3_tuning_module_msgs/msg/joint_torque_on_off__type_support.cpp.o[0m
[10.456s] [ 37%] [32mBuilding CXX object CMakeFiles/op3_tuning_module_msgs__rosidl_typesupport_introspection_cpp.dir/rosidl_typesupport_introspection_cpp/op3_tuning_module_msgs/msg/detail/joint_offset_data__type_support.cpp.o[0m
[11.253s] [ 39%] [32mBuilding CXX object CMakeFiles/op3_tuning_module_msgs__rosidl_typesupport_fastrtps_cpp.dir/rosidl_typesupport_fastrtps_cpp/op3_tuning_module_msgs/msg/detail/dds_fastrtps/joint_offset_data__type_support.cpp.o[0m
[11.883s] [ 40%] [32mBuilding CXX object CMakeFiles/op3_tuning_module_msgs__rosidl_typesupport_c.dir/rosidl_typesupport_c/op3_tuning_module_msgs/msg/joint_offset_data__type_support.cpp.o[0m
[12.180s] [ 42%] [32mBuilding CXX object CMakeFiles/op3_tuning_module_msgs__rosidl_typesupport_c.dir/rosidl_typesupport_c/op3_tuning_module_msgs/msg/joint_offset_position_data__type_support.cpp.o[0m
[12.416s] [ 43%] [32mBuilding C object CMakeFiles/op3_tuning_module_msgs__rosidl_typesupport_introspection_c.dir/rosidl_typesupport_introspection_c/op3_tuning_module_msgs/msg/detail/joint_offset_data__type_support.c.o[0m
[12.442s] [ 45%] [32mBuilding CXX object CMakeFiles/op3_tuning_module_msgs__rosidl_typesupport_c.dir/rosidl_typesupport_c/op3_tuning_module_msgs/msg/joint_torque_on_off__type_support.cpp.o[0m
[12.455s] [ 46%] [32mBuilding CXX object CMakeFiles/op3_tuning_module_msgs__rosidl_typesupport_introspection_cpp.dir/rosidl_typesupport_introspection_cpp/op3_tuning_module_msgs/msg/detail/joint_offset_position_data__type_support.cpp.o[0m
[12.673s] [ 48%] [32mBuilding CXX object CMakeFiles/op3_tuning_module_msgs__rosidl_typesupport_cpp.dir/rosidl_typesupport_cpp/op3_tuning_module_msgs/srv/get_present_joint_offset_data__type_support.cpp.o[0m
[12.691s] [ 50%] [32mBuilding CXX object CMakeFiles/op3_tuning_module_msgs__rosidl_typesupport_c.dir/rosidl_typesupport_c/op3_tuning_module_msgs/msg/joint_torque_on_off_array__type_support.cpp.o[0m
[12.763s] [ 51%] [32mBuilding C object CMakeFiles/op3_tuning_module_msgs__rosidl_typesupport_introspection_c.dir/rosidl_typesupport_introspection_c/op3_tuning_module_msgs/msg/detail/joint_offset_position_data__type_support.c.o[0m
[12.923s] [ 53%] [32mBuilding CXX object CMakeFiles/op3_tuning_module_msgs__rosidl_typesupport_c.dir/rosidl_typesupport_c/op3_tuning_module_msgs/srv/get_present_joint_offset_data__type_support.cpp.o[0m
[12.997s] [ 54%] [32mBuilding C object CMakeFiles/op3_tuning_module_msgs__rosidl_typesupport_introspection_c.dir/rosidl_typesupport_introspection_c/op3_tuning_module_msgs/msg/detail/joint_torque_on_off__type_support.c.o[0m
[13.200s] [ 56%] [32m[1mLinking CXX shared library libop3_tuning_module_msgs__rosidl_typesupport_c.so[0m
[13.304s] [ 57%] [32mBuilding C object CMakeFiles/op3_tuning_module_msgs__rosidl_typesupport_introspection_c.dir/rosidl_typesupport_introspection_c/op3_tuning_module_msgs/msg/detail/joint_torque_on_off_array__type_support.c.o[0m
[13.502s] [ 59%] [32m[1mLinking CXX shared library libop3_tuning_module_msgs__rosidl_typesupport_fastrtps_c.so[0m
[13.553s] [ 60%] [32mBuilding C object CMakeFiles/op3_tuning_module_msgs__rosidl_typesupport_introspection_c.dir/rosidl_typesupport_introspection_c/op3_tuning_module_msgs/srv/detail/get_present_joint_offset_data__type_support.c.o[0m
[13.554s] [ 60%] Built target op3_tuning_module_msgs__rosidl_typesupport_c
[13.783s] [ 62%] [32m[1mLinking C shared library libop3_tuning_module_msgs__rosidl_typesupport_introspection_c.so[0m
[13.981s] [ 62%] Built target op3_tuning_module_msgs__rosidl_typesupport_introspection_c
[14.054s] [ 62%] Built target op3_tuning_module_msgs__rosidl_typesupport_fastrtps_c
[14.296s] [ 64%] [32mBuilding CXX object CMakeFiles/op3_tuning_module_msgs__rosidl_typesupport_cpp.dir/rosidl_typesupport_cpp/op3_tuning_module_msgs/msg/joint_torque_on_off_array__type_support.cpp.o[0m
[14.476s] [ 65%] [32mBuilding CXX object CMakeFiles/op3_tuning_module_msgs__rosidl_typesupport_fastrtps_cpp.dir/rosidl_typesupport_fastrtps_cpp/op3_tuning_module_msgs/srv/detail/dds_fastrtps/get_present_joint_offset_data__type_support.cpp.o[0m
[14.877s] [ 67%] [32mBuilding CXX object CMakeFiles/op3_tuning_module_msgs__rosidl_typesupport_introspection_cpp.dir/rosidl_typesupport_introspection_cpp/op3_tuning_module_msgs/srv/detail/get_present_joint_offset_data__type_support.cpp.o[0m
[15.389s] [ 68%] [32m[1mLinking CXX shared library libop3_tuning_module_msgs__rosidl_typesupport_cpp.so[0m
[15.533s] [ 68%] Built target op3_tuning_module_msgs__rosidl_typesupport_cpp
[16.138s] [ 70%] [32mBuilding CXX object CMakeFiles/op3_tuning_module_msgs__rosidl_typesupport_fastrtps_cpp.dir/rosidl_typesupport_fastrtps_cpp/op3_tuning_module_msgs/msg/detail/dds_fastrtps/joint_torque_on_off_array__type_support.cpp.o[0m
[16.856s] [ 71%] [32mBuilding CXX object CMakeFiles/op3_tuning_module_msgs__rosidl_typesupport_introspection_cpp.dir/rosidl_typesupport_introspection_cpp/op3_tuning_module_msgs/msg/detail/joint_torque_on_off_array__type_support.cpp.o[0m
[17.775s] [ 73%] [32mBuilding CXX object CMakeFiles/op3_tuning_module_msgs__rosidl_typesupport_fastrtps_cpp.dir/rosidl_typesupport_fastrtps_cpp/op3_tuning_module_msgs/msg/detail/dds_fastrtps/joint_torque_on_off__type_support.cpp.o[0m
[18.196s] [ 75%] [32mBuilding CXX object CMakeFiles/op3_tuning_module_msgs__rosidl_typesupport_introspection_cpp.dir/rosidl_typesupport_introspection_cpp/op3_tuning_module_msgs/msg/detail/joint_torque_on_off__type_support.cpp.o[0m
[18.880s] [ 76%] [32mBuilding CXX object CMakeFiles/op3_tuning_module_msgs__rosidl_typesupport_fastrtps_cpp.dir/rosidl_typesupport_fastrtps_cpp/op3_tuning_module_msgs/msg/detail/dds_fastrtps/joint_offset_position_data__type_support.cpp.o[0m
[19.209s] [ 78%] [32m[1mLinking CXX shared library libop3_tuning_module_msgs__rosidl_typesupport_introspection_cpp.so[0m
[19.381s] [ 78%] Built target op3_tuning_module_msgs__rosidl_typesupport_introspection_cpp
[19.965s] [ 79%] [32m[1mLinking CXX shared library libop3_tuning_module_msgs__rosidl_typesupport_fastrtps_cpp.so[0m
[20.306s] [ 79%] Built target op3_tuning_module_msgs__rosidl_typesupport_fastrtps_cpp
[20.364s] [ 79%] Built target op3_tuning_module_msgs
[20.422s] [ 81%] [34m[1mGenerating Python code for ROS interfaces[0m
[22.046s] [ 81%] Built target op3_tuning_module_msgs__py
[22.091s] [ 82%] [32mBuilding C object CMakeFiles/op3_tuning_module_msgs__rosidl_generator_py.dir/rosidl_generator_py/op3_tuning_module_msgs/msg/_joint_offset_data_s.c.o[0m
[22.315s] [ 84%] [32mBuilding C object CMakeFiles/op3_tuning_module_msgs__rosidl_generator_py.dir/rosidl_generator_py/op3_tuning_module_msgs/srv/_get_present_joint_offset_data_s.c.o[0m
[22.526s] [ 85%] [32mBuilding C object CMakeFiles/op3_tuning_module_msgs__rosidl_generator_py.dir/rosidl_generator_py/op3_tuning_module_msgs/msg/_joint_torque_on_off_array_s.c.o[0m
[22.766s] [ 87%] [32mBuilding C object CMakeFiles/op3_tuning_module_msgs__rosidl_generator_py.dir/rosidl_generator_py/op3_tuning_module_msgs/msg/_joint_torque_on_off_s.c.o[0m
[23.037s] [ 89%] [32mBuilding C object CMakeFiles/op3_tuning_module_msgs__rosidl_generator_py.dir/rosidl_generator_py/op3_tuning_module_msgs/msg/_joint_offset_position_data_s.c.o[0m
[23.288s] [ 90%] [32m[1mLinking C shared library rosidl_generator_py/op3_tuning_module_msgs/libop3_tuning_module_msgs__rosidl_generator_py.so[0m
[23.390s] [ 90%] Built target op3_tuning_module_msgs__rosidl_generator_py
[23.439s] [ 92%] [32mBuilding C object CMakeFiles/op3_tuning_module_msgs__rosidl_typesupport_fastrtps_c__pyext.dir/rosidl_generator_py/op3_tuning_module_msgs/_op3_tuning_module_msgs_s.ep.rosidl_typesupport_fastrtps_c.c.o[0m
[23.654s] [ 93%] [32m[1mLinking C shared library rosidl_generator_py/op3_tuning_module_msgs/op3_tuning_module_msgs_s__rosidl_typesupport_fastrtps_c.cpython-310-x86_64-linux-gnu.so[0m
[23.707s] [ 93%] Built target op3_tuning_module_msgs__rosidl_typesupport_fastrtps_c__pyext
[23.732s] [ 95%] [32mBuilding C object CMakeFiles/op3_tuning_module_msgs__rosidl_typesupport_c__pyext.dir/rosidl_generator_py/op3_tuning_module_msgs/_op3_tuning_module_msgs_s.ep.rosidl_typesupport_c.c.o[0m
[23.905s] [ 96%] [32m[1mLinking C shared library rosidl_generator_py/op3_tuning_module_msgs/op3_tuning_module_msgs_s__rosidl_typesupport_c.cpython-310-x86_64-linux-gnu.so[0m
[23.969s] [ 96%] Built target op3_tuning_module_msgs__rosidl_typesupport_c__pyext
[24.002s] [ 98%] [32mBuilding C object CMakeFiles/op3_tuning_module_msgs__rosidl_typesupport_introspection_c__pyext.dir/rosidl_generator_py/op3_tuning_module_msgs/_op3_tuning_module_msgs_s.ep.rosidl_typesupport_introspection_c.c.o[0m
[24.226s] [100%] [32m[1mLinking C shared library rosidl_generator_py/op3_tuning_module_msgs/op3_tuning_module_msgs_s__rosidl_typesupport_introspection_c.cpython-310-x86_64-linux-gnu.so[0m
[24.332s] [100%] Built target op3_tuning_module_msgs__rosidl_typesupport_introspection_c__pyext
[24.354s] Invoked command in '/home/evan/Documents/algo_gaze_project/build/op3_tuning_module_msgs' returned '0': CMAKE_PREFIX_PATH=/opt/ros/humble /usr/bin/cmake --build /home/evan/Documents/algo_gaze_project/build/op3_tuning_module_msgs -- -j12 -l12
[24.357s] Invoking command in '/home/evan/Documents/algo_gaze_project/build/op3_tuning_module_msgs': CMAKE_PREFIX_PATH=/opt/ros/humble /usr/bin/cmake --install /home/evan/Documents/algo_gaze_project/build/op3_tuning_module_msgs
[25.545s] -- Install configuration: ""
[25.545s] -- Execute custom install script
[25.545s] -- Symlinking: /home/evan/Documents/algo_gaze_project/install/op3_tuning_module_msgs/share/ament_index/resource_index/rosidl_interfaces/op3_tuning_module_msgs
[25.545s] -- Symlinking: /home/evan/Documents/algo_gaze_project/install/op3_tuning_module_msgs/include/op3_tuning_module_msgs/op3_tuning_module_msgs/msg/detail/joint_offset_data__functions.h
[25.546s] -- Symlinking: /home/evan/Documents/algo_gaze_project/install/op3_tuning_module_msgs/include/op3_tuning_module_msgs/op3_tuning_module_msgs/msg/detail/joint_offset_data__struct.h
[25.546s] -- Symlinking: /home/evan/Documents/algo_gaze_project/install/op3_tuning_module_msgs/include/op3_tuning_module_msgs/op3_tuning_module_msgs/msg/detail/joint_offset_data__type_support.h
[25.546s] -- Symlinking: /home/evan/Documents/algo_gaze_project/install/op3_tuning_module_msgs/include/op3_tuning_module_msgs/op3_tuning_module_msgs/msg/detail/joint_offset_position_data__functions.h
[25.546s] -- Symlinking: /home/evan/Documents/algo_gaze_project/install/op3_tuning_module_msgs/include/op3_tuning_module_msgs/op3_tuning_module_msgs/msg/detail/joint_offset_position_data__struct.h
[25.546s] -- Symlinking: /home/evan/Documents/algo_gaze_project/install/op3_tuning_module_msgs/include/op3_tuning_module_msgs/op3_tuning_module_msgs/msg/detail/joint_offset_position_data__type_support.h
[25.546s] -- Symlinking: /home/evan/Documents/algo_gaze_project/install/op3_tuning_module_msgs/include/op3_tuning_module_msgs/op3_tuning_module_msgs/msg/detail/joint_torque_on_off__functions.h
[25.546s] -- Symlinking: /home/evan/Documents/algo_gaze_project/install/op3_tuning_module_msgs/include/op3_tuning_module_msgs/op3_tuning_module_msgs/msg/detail/joint_torque_on_off__struct.h
[25.546s] -- Symlinking: /home/evan/Documents/algo_gaze_project/install/op3_tuning_module_msgs/include/op3_tuning_module_msgs/op3_tuning_module_msgs/msg/detail/joint_torque_on_off__type_support.h
[25.546s] -- Symlinking: /home/evan/Documents/algo_gaze_project/install/op3_tuning_module_msgs/include/op3_tuning_module_msgs/op3_tuning_module_msgs/msg/detail/joint_torque_on_off_array__functions.h
[25.547s] -- Symlinking: /home/evan/Documents/algo_gaze_project/install/op3_tuning_module_msgs/include/op3_tuning_module_msgs/op3_tuning_module_msgs/msg/detail/joint_torque_on_off_array__struct.h
[25.547s] -- Symlinking: /home/evan/Documents/algo_gaze_project/install/op3_tuning_module_msgs/include/op3_tuning_module_msgs/op3_tuning_module_msgs/msg/detail/joint_torque_on_off_array__type_support.h
[25.547s] -- Symlinking: /home/evan/Documents/algo_gaze_project/install/op3_tuning_module_msgs/include/op3_tuning_module_msgs/op3_tuning_module_msgs/msg/joint_offset_data.h
[25.547s] -- Symlinking: /home/evan/Documents/algo_gaze_project/install/op3_tuning_module_msgs/include/op3_tuning_module_msgs/op3_tuning_module_msgs/msg/joint_offset_position_data.h
[25.547s] -- Symlinking: /home/evan/Documents/algo_gaze_project/install/op3_tuning_module_msgs/include/op3_tuning_module_msgs/op3_tuning_module_msgs/msg/joint_torque_on_off.h
[25.547s] -- Symlinking: /home/evan/Documents/algo_gaze_project/install/op3_tuning_module_msgs/include/op3_tuning_module_msgs/op3_tuning_module_msgs/msg/joint_torque_on_off_array.h
[25.547s] -- Symlinking: /home/evan/Documents/algo_gaze_project/install/op3_tuning_module_msgs/include/op3_tuning_module_msgs/op3_tuning_module_msgs/msg/rosidl_generator_c__visibility_control.h
[25.547s] -- Symlinking: /home/evan/Documents/algo_gaze_project/install/op3_tuning_module_msgs/include/op3_tuning_module_msgs/op3_tuning_module_msgs/srv/detail/get_present_joint_offset_data__functions.h
[25.547s] -- Symlinking: /home/evan/Documents/algo_gaze_project/install/op3_tuning_module_msgs/include/op3_tuning_module_msgs/op3_tuning_module_msgs/srv/detail/get_present_joint_offset_data__struct.h
[25.547s] -- Symlinking: /home/evan/Documents/algo_gaze_project/install/op3_tuning_module_msgs/include/op3_tuning_module_msgs/op3_tuning_module_msgs/srv/detail/get_present_joint_offset_data__type_support.h
[25.547s] -- Symlinking: /home/evan/Documents/algo_gaze_project/install/op3_tuning_module_msgs/include/op3_tuning_module_msgs/op3_tuning_module_msgs/srv/get_present_joint_offset_data.h
[25.548s] -- Symlinking: /home/evan/Documents/algo_gaze_project/install/op3_tuning_module_msgs/share/op3_tuning_module_msgs/environment/library_path.sh
[25.548s] -- Symlinking: /home/evan/Documents/algo_gaze_project/install/op3_tuning_module_msgs/share/op3_tuning_module_msgs/environment/library_path.dsv
[25.556s] -- Symlinking: /home/evan/Documents/algo_gaze_project/install/op3_tuning_module_msgs/include/op3_tuning_module_msgs/op3_tuning_module_msgs/msg/detail/joint_offset_data__rosidl_typesupport_fastrtps_c.h
[25.556s] -- Symlinking: /home/evan/Documents/algo_gaze_project/install/op3_tuning_module_msgs/include/op3_tuning_module_msgs/op3_tuning_module_msgs/msg/detail/joint_offset_position_data__rosidl_typesupport_fastrtps_c.h
[25.556s] -- Symlinking: /home/evan/Documents/algo_gaze_project/install/op3_tuning_module_msgs/include/op3_tuning_module_msgs/op3_tuning_module_msgs/msg/detail/joint_torque_on_off__rosidl_typesupport_fastrtps_c.h
[25.556s] -- Symlinking: /home/evan/Documents/algo_gaze_project/install/op3_tuning_module_msgs/include/op3_tuning_module_msgs/op3_tuning_module_msgs/msg/detail/joint_torque_on_off_array__rosidl_typesupport_fastrtps_c.h
[25.556s] -- Symlinking: /home/evan/Documents/algo_gaze_project/install/op3_tuning_module_msgs/include/op3_tuning_module_msgs/op3_tuning_module_msgs/msg/rosidl_typesupport_fastrtps_c__visibility_control.h
[25.556s] -- Symlinking: /home/evan/Documents/algo_gaze_project/install/op3_tuning_module_msgs/include/op3_tuning_module_msgs/op3_tuning_module_msgs/srv/detail/get_present_joint_offset_data__rosidl_typesupport_fastrtps_c.h
[25.556s] -- Symlinking: /home/evan/Documents/algo_gaze_project/install/op3_tuning_module_msgs/include/op3_tuning_module_msgs/op3_tuning_module_msgs/msg/detail/joint_offset_data__builder.hpp
[25.556s] -- Symlinking: /home/evan/Documents/algo_gaze_project/install/op3_tuning_module_msgs/include/op3_tuning_module_msgs/op3_tuning_module_msgs/msg/detail/joint_offset_data__struct.hpp
[25.556s] -- Symlinking: /home/evan/Documents/algo_gaze_project/install/op3_tuning_module_msgs/include/op3_tuning_module_msgs/op3_tuning_module_msgs/msg/detail/joint_offset_data__traits.hpp
[25.556s] -- Symlinking: /home/evan/Documents/algo_gaze_project/install/op3_tuning_module_msgs/include/op3_tuning_module_msgs/op3_tuning_module_msgs/msg/detail/joint_offset_data__type_support.hpp
[25.556s] -- Symlinking: /home/evan/Documents/algo_gaze_project/install/op3_tuning_module_msgs/include/op3_tuning_module_msgs/op3_tuning_module_msgs/msg/detail/joint_offset_position_data__builder.hpp
[25.557s] -- Symlinking: /home/evan/Documents/algo_gaze_project/install/op3_tuning_module_msgs/include/op3_tuning_module_msgs/op3_tuning_module_msgs/msg/detail/joint_offset_position_data__struct.hpp
[25.557s] -- Symlinking: /home/evan/Documents/algo_gaze_project/install/op3_tuning_module_msgs/include/op3_tuning_module_msgs/op3_tuning_module_msgs/msg/detail/joint_offset_position_data__traits.hpp
[25.557s] -- Symlinking: /home/evan/Documents/algo_gaze_project/install/op3_tuning_module_msgs/include/op3_tuning_module_msgs/op3_tuning_module_msgs/msg/detail/joint_offset_position_data__type_support.hpp
[25.557s] -- Symlinking: /home/evan/Documents/algo_gaze_project/install/op3_tuning_module_msgs/include/op3_tuning_module_msgs/op3_tuning_module_msgs/msg/detail/joint_torque_on_off__builder.hpp
[25.557s] -- Symlinking: /home/evan/Documents/algo_gaze_project/install/op3_tuning_module_msgs/include/op3_tuning_module_msgs/op3_tuning_module_msgs/msg/detail/joint_torque_on_off__struct.hpp
[25.557s] -- Symlinking: /home/evan/Documents/algo_gaze_project/install/op3_tuning_module_msgs/include/op3_tuning_module_msgs/op3_tuning_module_msgs/msg/detail/joint_torque_on_off__traits.hpp
[25.557s] -- Symlinking: /home/evan/Documents/algo_gaze_project/install/op3_tuning_module_msgs/include/op3_tuning_module_msgs/op3_tuning_module_msgs/msg/detail/joint_torque_on_off__type_support.hpp
[25.557s] -- Symlinking: /home/evan/Documents/algo_gaze_project/install/op3_tuning_module_msgs/include/op3_tuning_module_msgs/op3_tuning_module_msgs/msg/detail/joint_torque_on_off_array__builder.hpp
[25.557s] -- Symlinking: /home/evan/Documents/algo_gaze_project/install/op3_tuning_module_msgs/include/op3_tuning_module_msgs/op3_tuning_module_msgs/msg/detail/joint_torque_on_off_array__struct.hpp
[25.557s] -- Symlinking: /home/evan/Documents/algo_gaze_project/install/op3_tuning_module_msgs/include/op3_tuning_module_msgs/op3_tuning_module_msgs/msg/detail/joint_torque_on_off_array__traits.hpp
[25.557s] -- Symlinking: /home/evan/Documents/algo_gaze_project/install/op3_tuning_module_msgs/include/op3_tuning_module_msgs/op3_tuning_module_msgs/msg/detail/joint_torque_on_off_array__type_support.hpp
[25.557s] -- Symlinking: /home/evan/Documents/algo_gaze_project/install/op3_tuning_module_msgs/include/op3_tuning_module_msgs/op3_tuning_module_msgs/msg/joint_offset_data.hpp
[25.557s] -- Symlinking: /home/evan/Documents/algo_gaze_project/install/op3_tuning_module_msgs/include/op3_tuning_module_msgs/op3_tuning_module_msgs/msg/joint_offset_position_data.hpp
[25.557s] -- Symlinking: /home/evan/Documents/algo_gaze_project/install/op3_tuning_module_msgs/include/op3_tuning_module_msgs/op3_tuning_module_msgs/msg/joint_torque_on_off.hpp
[25.557s] -- Symlinking: /home/evan/Documents/algo_gaze_project/install/op3_tuning_module_msgs/include/op3_tuning_module_msgs/op3_tuning_module_msgs/msg/joint_torque_on_off_array.hpp
[25.557s] -- Symlinking: /home/evan/Documents/algo_gaze_project/install/op3_tuning_module_msgs/include/op3_tuning_module_msgs/op3_tuning_module_msgs/msg/rosidl_generator_cpp__visibility_control.hpp
[25.557s] -- Symlinking: /home/evan/Documents/algo_gaze_project/install/op3_tuning_module_msgs/include/op3_tuning_module_msgs/op3_tuning_module_msgs/srv/detail/get_present_joint_offset_data__builder.hpp
[25.558s] -- Symlinking: /home/evan/Documents/algo_gaze_project/install/op3_tuning_module_msgs/include/op3_tuning_module_msgs/op3_tuning_module_msgs/srv/detail/get_present_joint_offset_data__struct.hpp
[25.558s] -- Symlinking: /home/evan/Documents/algo_gaze_project/install/op3_tuning_module_msgs/include/op3_tuning_module_msgs/op3_tuning_module_msgs/srv/detail/get_present_joint_offset_data__traits.hpp
[25.558s] -- Symlinking: /home/evan/Documents/algo_gaze_project/install/op3_tuning_module_msgs/include/op3_tuning_module_msgs/op3_tuning_module_msgs/srv/detail/get_present_joint_offset_data__type_support.hpp
[25.558s] -- Symlinking: /home/evan/Documents/algo_gaze_project/install/op3_tuning_module_msgs/include/op3_tuning_module_msgs/op3_tuning_module_msgs/srv/get_present_joint_offset_data.hpp
[25.558s] -- Symlinking: /home/evan/Documents/algo_gaze_project/install/op3_tuning_module_msgs/include/op3_tuning_module_msgs/op3_tuning_module_msgs/msg/detail/joint_offset_data__rosidl_typesupport_fastrtps_cpp.hpp
[25.558s] -- Symlinking: /home/evan/Documents/algo_gaze_project/install/op3_tuning_module_msgs/include/op3_tuning_module_msgs/op3_tuning_module_msgs/msg/detail/joint_offset_position_data__rosidl_typesupport_fastrtps_cpp.hpp
[25.558s] -- Symlinking: /home/evan/Documents/algo_gaze_project/install/op3_tuning_module_msgs/include/op3_tuning_module_msgs/op3_tuning_module_msgs/msg/detail/joint_torque_on_off__rosidl_typesupport_fastrtps_cpp.hpp
[25.558s] -- Symlinking: /home/evan/Documents/algo_gaze_project/install/op3_tuning_module_msgs/include/op3_tuning_module_msgs/op3_tuning_module_msgs/msg/detail/joint_torque_on_off_array__rosidl_typesupport_fastrtps_cpp.hpp
[25.558s] -- Symlinking: /home/evan/Documents/algo_gaze_project/install/op3_tuning_module_msgs/include/op3_tuning_module_msgs/op3_tuning_module_msgs/msg/rosidl_typesupport_fastrtps_cpp__visibility_control.h
[25.558s] -- Symlinking: /home/evan/Documents/algo_gaze_project/install/op3_tuning_module_msgs/include/op3_tuning_module_msgs/op3_tuning_module_msgs/srv/detail/get_present_joint_offset_data__rosidl_typesupport_fastrtps_cpp.hpp
[25.558s] -- Symlinking: /home/evan/Documents/algo_gaze_project/install/op3_tuning_module_msgs/include/op3_tuning_module_msgs/op3_tuning_module_msgs/msg/detail/joint_offset_data__rosidl_typesupport_introspection_c.h
[25.558s] -- Symlinking: /home/evan/Documents/algo_gaze_project/install/op3_tuning_module_msgs/include/op3_tuning_module_msgs/op3_tuning_module_msgs/msg/detail/joint_offset_position_data__rosidl_typesupport_introspection_c.h
[25.558s] -- Symlinking: /home/evan/Documents/algo_gaze_project/install/op3_tuning_module_msgs/include/op3_tuning_module_msgs/op3_tuning_module_msgs/msg/detail/joint_torque_on_off__rosidl_typesupport_introspection_c.h
[25.558s] -- Symlinking: /home/evan/Documents/algo_gaze_project/install/op3_tuning_module_msgs/include/op3_tuning_module_msgs/op3_tuning_module_msgs/msg/detail/joint_torque_on_off_array__rosidl_typesupport_introspection_c.h
[25.565s] -- Symlinking: /home/evan/Documents/algo_gaze_project/install/op3_tuning_module_msgs/include/op3_tuning_module_msgs/op3_tuning_module_msgs/msg/rosidl_typesupport_introspection_c__visibility_control.h
[25.581s] -- Symlinking: /home/evan/Documents/algo_gaze_project/install/op3_tuning_module_msgs/include/op3_tuning_module_msgs/op3_tuning_module_msgs/srv/detail/get_present_joint_offset_data__rosidl_typesupport_introspection_c.h
[25.601s] -- Symlinking: /home/evan/Documents/algo_gaze_project/install/op3_tuning_module_msgs/include/op3_tuning_module_msgs/op3_tuning_module_msgs/msg/detail/joint_offset_data__rosidl_typesupport_introspection_cpp.hpp
[25.624s] -- Symlinking: /home/evan/Documents/algo_gaze_project/install/op3_tuning_module_msgs/include/op3_tuning_module_msgs/op3_tuning_module_msgs/msg/detail/joint_offset_position_data__rosidl_typesupport_introspection_cpp.hpp
[25.646s] -- Symlinking: /home/evan/Documents/algo_gaze_project/install/op3_tuning_module_msgs/include/op3_tuning_module_msgs/op3_tuning_module_msgs/msg/detail/joint_torque_on_off__rosidl_typesupport_introspection_cpp.hpp
[25.668s] -- Symlinking: /home/evan/Documents/algo_gaze_project/install/op3_tuning_module_msgs/include/op3_tuning_module_msgs/op3_tuning_module_msgs/msg/detail/joint_torque_on_off_array__rosidl_typesupport_introspection_cpp.hpp
[25.680s] -- Symlinking: /home/evan/Documents/algo_gaze_project/install/op3_tuning_module_msgs/include/op3_tuning_module_msgs/op3_tuning_module_msgs/srv/detail/get_present_joint_offset_data__rosidl_typesupport_introspection_cpp.hpp
[25.698s] -- Symlinking: /home/evan/Documents/algo_gaze_project/install/op3_tuning_module_msgs/share/op3_tuning_module_msgs/environment/pythonpath.sh
[25.719s] -- Symlinking: /home/evan/Documents/algo_gaze_project/install/op3_tuning_module_msgs/share/op3_tuning_module_msgs/environment/pythonpath.dsv
[25.735s] -- Symlinking: /home/evan/Documents/algo_gaze_project/install/op3_tuning_module_msgs/local/lib/python3.10/dist-packages/op3_tuning_module_msgs-0.0.1-py3.10.egg-info/PKG-INFO
[25.753s] -- Symlinking: /home/evan/Documents/algo_gaze_project/install/op3_tuning_module_msgs/local/lib/python3.10/dist-packages/op3_tuning_module_msgs-0.0.1-py3.10.egg-info/SOURCES.txt
[25.767s] -- Symlinking: /home/evan/Documents/algo_gaze_project/install/op3_tuning_module_msgs/local/lib/python3.10/dist-packages/op3_tuning_module_msgs-0.0.1-py3.10.egg-info/dependency_links.txt
[25.784s] -- Symlinking: /home/evan/Documents/algo_gaze_project/install/op3_tuning_module_msgs/local/lib/python3.10/dist-packages/op3_tuning_module_msgs-0.0.1-py3.10.egg-info/top_level.txt
[25.806s] -- Symlinking: /home/evan/Documents/algo_gaze_project/install/op3_tuning_module_msgs/local/lib/python3.10/dist-packages/op3_tuning_module_msgs/__init__.py
[25.826s] -- Symlinking: /home/evan/Documents/algo_gaze_project/install/op3_tuning_module_msgs/local/lib/python3.10/dist-packages/op3_tuning_module_msgs/_op3_tuning_module_msgs_s.ep.rosidl_typesupport_c.c
[25.850s] -- Symlinking: /home/evan/Documents/algo_gaze_project/install/op3_tuning_module_msgs/local/lib/python3.10/dist-packages/op3_tuning_module_msgs/_op3_tuning_module_msgs_s.ep.rosidl_typesupport_fastrtps_c.c
[25.862s] -- Symlinking: /home/evan/Documents/algo_gaze_project/install/op3_tuning_module_msgs/local/lib/python3.10/dist-packages/op3_tuning_module_msgs/_op3_tuning_module_msgs_s.ep.rosidl_typesupport_introspection_c.c
[25.877s] -- Symlinking: /home/evan/Documents/algo_gaze_project/install/op3_tuning_module_msgs/local/lib/python3.10/dist-packages/op3_tuning_module_msgs/libop3_tuning_module_msgs__rosidl_generator_py.so
[25.889s] -- Symlinking: /home/evan/Documents/algo_gaze_project/install/op3_tuning_module_msgs/local/lib/python3.10/dist-packages/op3_tuning_module_msgs/msg/__init__.py
[25.900s] -- Symlinking: /home/evan/Documents/algo_gaze_project/install/op3_tuning_module_msgs/local/lib/python3.10/dist-packages/op3_tuning_module_msgs/msg/_joint_offset_data.py
[25.916s] -- Symlinking: /home/evan/Documents/algo_gaze_project/install/op3_tuning_module_msgs/local/lib/python3.10/dist-packages/op3_tuning_module_msgs/msg/_joint_offset_data_s.c
[25.928s] -- Symlinking: /home/evan/Documents/algo_gaze_project/install/op3_tuning_module_msgs/local/lib/python3.10/dist-packages/op3_tuning_module_msgs/msg/_joint_offset_position_data.py
[25.946s] -- Symlinking: /home/evan/Documents/algo_gaze_project/install/op3_tuning_module_msgs/local/lib/python3.10/dist-packages/op3_tuning_module_msgs/msg/_joint_offset_position_data_s.c
[25.964s] -- Symlinking: /home/evan/Documents/algo_gaze_project/install/op3_tuning_module_msgs/local/lib/python3.10/dist-packages/op3_tuning_module_msgs/msg/_joint_torque_on_off.py
[25.984s] -- Symlinking: /home/evan/Documents/algo_gaze_project/install/op3_tuning_module_msgs/local/lib/python3.10/dist-packages/op3_tuning_module_msgs/msg/_joint_torque_on_off_array.py
[26.008s] -- Symlinking: /home/evan/Documents/algo_gaze_project/install/op3_tuning_module_msgs/local/lib/python3.10/dist-packages/op3_tuning_module_msgs/msg/_joint_torque_on_off_array_s.c
[26.025s] -- Symlinking: /home/evan/Documents/algo_gaze_project/install/op3_tuning_module_msgs/local/lib/python3.10/dist-packages/op3_tuning_module_msgs/msg/_joint_torque_on_off_s.c
[26.044s] -- Symlinking: /home/evan/Documents/algo_gaze_project/install/op3_tuning_module_msgs/local/lib/python3.10/dist-packages/op3_tuning_module_msgs/op3_tuning_module_msgs_s__rosidl_typesupport_c.cpython-310-x86_64-linux-gnu.so
[26.056s] -- Symlinking: /home/evan/Documents/algo_gaze_project/install/op3_tuning_module_msgs/local/lib/python3.10/dist-packages/op3_tuning_module_msgs/op3_tuning_module_msgs_s__rosidl_typesupport_fastrtps_c.cpython-310-x86_64-linux-gnu.so
[26.067s] -- Symlinking: /home/evan/Documents/algo_gaze_project/install/op3_tuning_module_msgs/local/lib/python3.10/dist-packages/op3_tuning_module_msgs/op3_tuning_module_msgs_s__rosidl_typesupport_introspection_c.cpython-310-x86_64-linux-gnu.so
[26.092s] -- Symlinking: /home/evan/Documents/algo_gaze_project/install/op3_tuning_module_msgs/local/lib/python3.10/dist-packages/op3_tuning_module_msgs/srv/__init__.py
[26.112s] -- Symlinking: /home/evan/Documents/algo_gaze_project/install/op3_tuning_module_msgs/local/lib/python3.10/dist-packages/op3_tuning_module_msgs/srv/_get_present_joint_offset_data.py
[26.129s] -- Symlinking: /home/evan/Documents/algo_gaze_project/install/op3_tuning_module_msgs/local/lib/python3.10/dist-packages/op3_tuning_module_msgs/srv/_get_present_joint_offset_data_s.c
[26.141s] -- Up-to-date symlink: /home/evan/Documents/algo_gaze_project/install/op3_tuning_module_msgs/local/lib/python3.10/dist-packages/op3_tuning_module_msgs/op3_tuning_module_msgs_s__rosidl_typesupport_fastrtps_c.cpython-310-x86_64-linux-gnu.so
[26.143s] -- Up-to-date symlink: /home/evan/Documents/algo_gaze_project/install/op3_tuning_module_msgs/local/lib/python3.10/dist-packages/op3_tuning_module_msgs/op3_tuning_module_msgs_s__rosidl_typesupport_introspection_c.cpython-310-x86_64-linux-gnu.so
[26.143s] -- Up-to-date symlink: /home/evan/Documents/algo_gaze_project/install/op3_tuning_module_msgs/local/lib/python3.10/dist-packages/op3_tuning_module_msgs/op3_tuning_module_msgs_s__rosidl_typesupport_c.cpython-310-x86_64-linux-gnu.so
[26.144s] -- Symlinking: /home/evan/Documents/algo_gaze_project/install/op3_tuning_module_msgs/share/ament_index/resource_index/rust_packages/op3_tuning_module_msgs
[26.156s] -- Symlinking: /home/evan/Documents/algo_gaze_project/install/op3_tuning_module_msgs/share/op3_tuning_module_msgs/rust/Cargo.toml
[26.178s] -- Symlinking: /home/evan/Documents/algo_gaze_project/install/op3_tuning_module_msgs/share/op3_tuning_module_msgs/rust/build.rs
[26.192s] -- Symlinking: /home/evan/Documents/algo_gaze_project/install/op3_tuning_module_msgs/share/op3_tuning_module_msgs/rust/src/lib.rs
[26.208s] -- Symlinking: /home/evan/Documents/algo_gaze_project/install/op3_tuning_module_msgs/share/op3_tuning_module_msgs/rust/src/msg.rs
[26.220s] -- Symlinking: /home/evan/Documents/algo_gaze_project/install/op3_tuning_module_msgs/share/op3_tuning_module_msgs/rust/src/msg/rmw.rs
[26.232s] -- Symlinking: /home/evan/Documents/algo_gaze_project/install/op3_tuning_module_msgs/share/op3_tuning_module_msgs/rust/src/srv.rs
[26.247s] -- Symlinking: /home/evan/Documents/algo_gaze_project/install/op3_tuning_module_msgs/share/op3_tuning_module_msgs/rust/src/srv/rmw.rs
[26.254s] -- Symlinking: /home/evan/Documents/algo_gaze_project/install/op3_tuning_module_msgs/share/op3_tuning_module_msgs/msg/JointOffsetData.idl
[26.282s] -- Symlinking: /home/evan/Documents/algo_gaze_project/install/op3_tuning_module_msgs/share/op3_tuning_module_msgs/msg/JointOffsetPositionData.idl
[26.296s] -- Symlinking: /home/evan/Documents/algo_gaze_project/install/op3_tuning_module_msgs/share/op3_tuning_module_msgs/msg/JointTorqueOnOff.idl
[26.313s] -- Symlinking: /home/evan/Documents/algo_gaze_project/install/op3_tuning_module_msgs/share/op3_tuning_module_msgs/msg/JointTorqueOnOffArray.idl
[26.325s] -- Symlinking: /home/evan/Documents/algo_gaze_project/install/op3_tuning_module_msgs/share/op3_tuning_module_msgs/srv/GetPresentJointOffsetData.idl
[26.334s] -- Symlinking: /home/evan/Documents/algo_gaze_project/install/op3_tuning_module_msgs/share/op3_tuning_module_msgs/msg/JointOffsetData.msg
[26.347s] -- Symlinking: /home/evan/Documents/algo_gaze_project/install/op3_tuning_module_msgs/share/op3_tuning_module_msgs/msg/JointOffsetPositionData.msg
[26.355s] -- Symlinking: /home/evan/Documents/algo_gaze_project/install/op3_tuning_module_msgs/share/op3_tuning_module_msgs/msg/JointTorqueOnOff.msg
[26.371s] -- Symlinking: /home/evan/Documents/algo_gaze_project/install/op3_tuning_module_msgs/share/op3_tuning_module_msgs/msg/JointTorqueOnOffArray.msg
[26.377s] -- Symlinking: /home/evan/Documents/algo_gaze_project/install/op3_tuning_module_msgs/share/op3_tuning_module_msgs/srv/GetPresentJointOffsetData.srv
[26.388s] -- Symlinking: /home/evan/Documents/algo_gaze_project/install/op3_tuning_module_msgs/share/op3_tuning_module_msgs/srv/GetPresentJointOffsetData_Request.msg
[26.399s] -- Symlinking: /home/evan/Documents/algo_gaze_project/install/op3_tuning_module_msgs/share/op3_tuning_module_msgs/srv/GetPresentJointOffsetData_Response.msg
[26.409s] -- Symlinking: /home/evan/Documents/algo_gaze_project/install/op3_tuning_module_msgs/share/ament_index/resource_index/package_run_dependencies/op3_tuning_module_msgs
[26.419s] -- Symlinking: /home/evan/Documents/algo_gaze_project/install/op3_tuning_module_msgs/share/ament_index/resource_index/parent_prefix_path/op3_tuning_module_msgs
[26.428s] -- Symlinking: /home/evan/Documents/algo_gaze_project/install/op3_tuning_module_msgs/share/op3_tuning_module_msgs/environment/ament_prefix_path.sh
[26.438s] -- Symlinking: /home/evan/Documents/algo_gaze_project/install/op3_tuning_module_msgs/share/op3_tuning_module_msgs/environment/ament_prefix_path.dsv
[26.448s] -- Symlinking: /home/evan/Documents/algo_gaze_project/install/op3_tuning_module_msgs/share/op3_tuning_module_msgs/environment/path.sh
[26.460s] -- Symlinking: /home/evan/Documents/algo_gaze_project/install/op3_tuning_module_msgs/share/op3_tuning_module_msgs/environment/path.dsv
[26.470s] -- Symlinking: /home/evan/Documents/algo_gaze_project/install/op3_tuning_module_msgs/share/op3_tuning_module_msgs/local_setup.bash
[26.480s] -- Symlinking: /home/evan/Documents/algo_gaze_project/install/op3_tuning_module_msgs/share/op3_tuning_module_msgs/local_setup.sh
[26.489s] -- Symlinking: /home/evan/Documents/algo_gaze_project/install/op3_tuning_module_msgs/share/op3_tuning_module_msgs/local_setup.zsh
[26.501s] -- Symlinking: /home/evan/Documents/algo_gaze_project/install/op3_tuning_module_msgs/share/op3_tuning_module_msgs/local_setup.dsv
[26.511s] -- Symlinking: /home/evan/Documents/algo_gaze_project/install/op3_tuning_module_msgs/share/op3_tuning_module_msgs/package.dsv
[26.519s] -- Symlinking: /home/evan/Documents/algo_gaze_project/install/op3_tuning_module_msgs/share/ament_index/resource_index/packages/op3_tuning_module_msgs
[26.536s] -- Symlinking: /home/evan/Documents/algo_gaze_project/install/op3_tuning_module_msgs/share/op3_tuning_module_msgs/cmake/rosidl_cmake-extras.cmake
[26.549s] -- Symlinking: /home/evan/Documents/algo_gaze_project/install/op3_tuning_module_msgs/share/op3_tuning_module_msgs/cmake/ament_cmake_export_dependencies-extras.cmake
[26.558s] -- Symlinking: /home/evan/Documents/algo_gaze_project/install/op3_tuning_module_msgs/share/op3_tuning_module_msgs/cmake/ament_cmake_export_include_directories-extras.cmake
[26.568s] -- Symlinking: /home/evan/Documents/algo_gaze_project/install/op3_tuning_module_msgs/share/op3_tuning_module_msgs/cmake/ament_cmake_export_libraries-extras.cmake
[26.578s] -- Symlinking: /home/evan/Documents/algo_gaze_project/install/op3_tuning_module_msgs/share/op3_tuning_module_msgs/cmake/ament_cmake_export_targets-extras.cmake
[26.592s] -- Symlinking: /home/evan/Documents/algo_gaze_project/install/op3_tuning_module_msgs/share/op3_tuning_module_msgs/cmake/rosidl_cmake_export_typesupport_targets-extras.cmake
[26.604s] -- Symlinking: /home/evan/Documents/algo_gaze_project/install/op3_tuning_module_msgs/share/op3_tuning_module_msgs/cmake/rosidl_cmake_export_typesupport_libraries-extras.cmake
[26.612s] -- Symlinking: /home/evan/Documents/algo_gaze_project/install/op3_tuning_module_msgs/share/op3_tuning_module_msgs/cmake/op3_tuning_module_msgsConfig.cmake
[26.623s] -- Symlinking: /home/evan/Documents/algo_gaze_project/install/op3_tuning_module_msgs/share/op3_tuning_module_msgs/cmake/op3_tuning_module_msgsConfig-version.cmake
[26.635s] -- Symlinking: /home/evan/Documents/algo_gaze_project/install/op3_tuning_module_msgs/share/op3_tuning_module_msgs/package.xml
[26.645s] -- Installing: /home/evan/Documents/algo_gaze_project/install/op3_tuning_module_msgs/lib/libop3_tuning_module_msgs__rosidl_generator_c.so
[26.646s] -- Set runtime path of "/home/evan/Documents/algo_gaze_project/install/op3_tuning_module_msgs/lib/libop3_tuning_module_msgs__rosidl_generator_c.so" to ""
[26.646s] -- Installing: /home/evan/Documents/algo_gaze_project/install/op3_tuning_module_msgs/lib/libop3_tuning_module_msgs__rosidl_typesupport_fastrtps_c.so
[26.646s] -- Set runtime path of "/home/evan/Documents/algo_gaze_project/install/op3_tuning_module_msgs/lib/libop3_tuning_module_msgs__rosidl_typesupport_fastrtps_c.so" to ""
[26.646s] -- Installing: /home/evan/Documents/algo_gaze_project/install/op3_tuning_module_msgs/lib/libop3_tuning_module_msgs__rosidl_typesupport_fastrtps_cpp.so
[26.651s] -- Set runtime path of "/home/evan/Documents/algo_gaze_project/install/op3_tuning_module_msgs/lib/libop3_tuning_module_msgs__rosidl_typesupport_fastrtps_cpp.so" to ""
[26.651s] -- Installing: /home/evan/Documents/algo_gaze_project/install/op3_tuning_module_msgs/lib/libop3_tuning_module_msgs__rosidl_typesupport_introspection_c.so
[26.651s] -- Set runtime path of "/home/evan/Documents/algo_gaze_project/install/op3_tuning_module_msgs/lib/libop3_tuning_module_msgs__rosidl_typesupport_introspection_c.so" to ""
[26.651s] -- Installing: /home/evan/Documents/algo_gaze_project/install/op3_tuning_module_msgs/lib/libop3_tuning_module_msgs__rosidl_typesupport_c.so
[26.651s] -- Set runtime path of "/home/evan/Documents/algo_gaze_project/install/op3_tuning_module_msgs/lib/libop3_tuning_module_msgs__rosidl_typesupport_c.so" to ""
[26.651s] -- Installing: /home/evan/Documents/algo_gaze_project/install/op3_tuning_module_msgs/lib/libop3_tuning_module_msgs__rosidl_typesupport_introspection_cpp.so
[26.651s] -- Set runtime path of "/home/evan/Documents/algo_gaze_project/install/op3_tuning_module_msgs/lib/libop3_tuning_module_msgs__rosidl_typesupport_introspection_cpp.so" to ""
[26.651s] -- Installing: /home/evan/Documents/algo_gaze_project/install/op3_tuning_module_msgs/lib/libop3_tuning_module_msgs__rosidl_typesupport_cpp.so
[26.651s] -- Set runtime path of "/home/evan/Documents/algo_gaze_project/install/op3_tuning_module_msgs/lib/libop3_tuning_module_msgs__rosidl_typesupport_cpp.so" to ""
[26.722s] Listing '/home/evan/Documents/algo_gaze_project/install/op3_tuning_module_msgs/local/lib/python3.10/dist-packages/op3_tuning_module_msgs'...
[26.722s] Compiling '/home/evan/Documents/algo_gaze_project/install/op3_tuning_module_msgs/local/lib/python3.10/dist-packages/op3_tuning_module_msgs/__init__.py'...
[26.722s] Listing '/home/evan/Documents/algo_gaze_project/install/op3_tuning_module_msgs/local/lib/python3.10/dist-packages/op3_tuning_module_msgs/msg'...
[26.722s] Compiling '/home/evan/Documents/algo_gaze_project/install/op3_tuning_module_msgs/local/lib/python3.10/dist-packages/op3_tuning_module_msgs/msg/__init__.py'...
[26.722s] Compiling '/home/evan/Documents/algo_gaze_project/install/op3_tuning_module_msgs/local/lib/python3.10/dist-packages/op3_tuning_module_msgs/msg/_joint_offset_data.py'...
[26.722s] Compiling '/home/evan/Documents/algo_gaze_project/install/op3_tuning_module_msgs/local/lib/python3.10/dist-packages/op3_tuning_module_msgs/msg/_joint_offset_position_data.py'...
[26.722s] Compiling '/home/evan/Documents/algo_gaze_project/install/op3_tuning_module_msgs/local/lib/python3.10/dist-packages/op3_tuning_module_msgs/msg/_joint_torque_on_off.py'...
[26.723s] Compiling '/home/evan/Documents/algo_gaze_project/install/op3_tuning_module_msgs/local/lib/python3.10/dist-packages/op3_tuning_module_msgs/msg/_joint_torque_on_off_array.py'...
[26.723s] Listing '/home/evan/Documents/algo_gaze_project/install/op3_tuning_module_msgs/local/lib/python3.10/dist-packages/op3_tuning_module_msgs/srv'...
[26.723s] Compiling '/home/evan/Documents/algo_gaze_project/install/op3_tuning_module_msgs/local/lib/python3.10/dist-packages/op3_tuning_module_msgs/srv/__init__.py'...
[26.723s] Compiling '/home/evan/Documents/algo_gaze_project/install/op3_tuning_module_msgs/local/lib/python3.10/dist-packages/op3_tuning_module_msgs/srv/_get_present_joint_offset_data.py'...
[26.733s] -- Installing: /home/evan/Documents/algo_gaze_project/install/op3_tuning_module_msgs/lib/libop3_tuning_module_msgs__rosidl_generator_py.so
[26.733s] -- Set runtime path of "/home/evan/Documents/algo_gaze_project/install/op3_tuning_module_msgs/lib/libop3_tuning_module_msgs__rosidl_generator_py.so" to ""
[26.736s] -- Installing: /home/evan/Documents/algo_gaze_project/install/op3_tuning_module_msgs/share/op3_tuning_module_msgs/cmake/export_op3_tuning_module_msgs__rosidl_generator_cExport.cmake
[26.736s] -- Installing: /home/evan/Documents/algo_gaze_project/install/op3_tuning_module_msgs/share/op3_tuning_module_msgs/cmake/export_op3_tuning_module_msgs__rosidl_generator_cExport-noconfig.cmake
[26.736s] -- Installing: /home/evan/Documents/algo_gaze_project/install/op3_tuning_module_msgs/share/op3_tuning_module_msgs/cmake/export_op3_tuning_module_msgs__rosidl_typesupport_fastrtps_cExport.cmake
[26.737s] -- Installing: /home/evan/Documents/algo_gaze_project/install/op3_tuning_module_msgs/share/op3_tuning_module_msgs/cmake/export_op3_tuning_module_msgs__rosidl_typesupport_fastrtps_cExport-noconfig.cmake
[26.739s] -- Installing: /home/evan/Documents/algo_gaze_project/install/op3_tuning_module_msgs/share/op3_tuning_module_msgs/cmake/export_op3_tuning_module_msgs__rosidl_generator_cppExport.cmake
[26.740s] -- Installing: /home/evan/Documents/algo_gaze_project/install/op3_tuning_module_msgs/share/op3_tuning_module_msgs/cmake/export_op3_tuning_module_msgs__rosidl_typesupport_fastrtps_cppExport.cmake
[26.740s] -- Installing: /home/evan/Documents/algo_gaze_project/install/op3_tuning_module_msgs/share/op3_tuning_module_msgs/cmake/export_op3_tuning_module_msgs__rosidl_typesupport_fastrtps_cppExport-noconfig.cmake
[26.740s] -- Installing: /home/evan/Documents/algo_gaze_project/install/op3_tuning_module_msgs/share/op3_tuning_module_msgs/cmake/op3_tuning_module_msgs__rosidl_typesupport_introspection_cExport.cmake
[26.740s] -- Installing: /home/evan/Documents/algo_gaze_project/install/op3_tuning_module_msgs/share/op3_tuning_module_msgs/cmake/op3_tuning_module_msgs__rosidl_typesupport_introspection_cExport-noconfig.cmake
[26.740s] -- Installing: /home/evan/Documents/algo_gaze_project/install/op3_tuning_module_msgs/share/op3_tuning_module_msgs/cmake/op3_tuning_module_msgs__rosidl_typesupport_cExport.cmake
[26.740s] -- Installing: /home/evan/Documents/algo_gaze_project/install/op3_tuning_module_msgs/share/op3_tuning_module_msgs/cmake/op3_tuning_module_msgs__rosidl_typesupport_cExport-noconfig.cmake
[26.740s] -- Installing: /home/evan/Documents/algo_gaze_project/install/op3_tuning_module_msgs/share/op3_tuning_module_msgs/cmake/op3_tuning_module_msgs__rosidl_typesupport_introspection_cppExport.cmake
[26.741s] -- Installing: /home/evan/Documents/algo_gaze_project/install/op3_tuning_module_msgs/share/op3_tuning_module_msgs/cmake/op3_tuning_module_msgs__rosidl_typesupport_introspection_cppExport-noconfig.cmake
[26.741s] -- Installing: /home/evan/Documents/algo_gaze_project/install/op3_tuning_module_msgs/share/op3_tuning_module_msgs/cmake/op3_tuning_module_msgs__rosidl_typesupport_cppExport.cmake
[26.741s] -- Installing: /home/evan/Documents/algo_gaze_project/install/op3_tuning_module_msgs/share/op3_tuning_module_msgs/cmake/op3_tuning_module_msgs__rosidl_typesupport_cppExport-noconfig.cmake
[26.741s] -- Installing: /home/evan/Documents/algo_gaze_project/install/op3_tuning_module_msgs/share/op3_tuning_module_msgs/cmake/export_op3_tuning_module_msgs__rosidl_generator_pyExport.cmake
[26.741s] -- Installing: /home/evan/Documents/algo_gaze_project/install/op3_tuning_module_msgs/share/op3_tuning_module_msgs/cmake/export_op3_tuning_module_msgs__rosidl_generator_pyExport-noconfig.cmake
[26.745s] Invoked command in '/home/evan/Documents/algo_gaze_project/build/op3_tuning_module_msgs' returned '0': CMAKE_PREFIX_PATH=/opt/ros/humble /usr/bin/cmake --install /home/evan/Documents/algo_gaze_project/build/op3_tuning_module_msgs
