[35m[1mConsolidate compiler generated dependencies of target robotis_controller_msgs__rosidl_generator_c[0m
[  1%] Built target robotis_controller_msgs__rs
[ 13%] Built target robotis_controller_msgs__cpp
[ 12%] Built target robotis_controller_msgs__rosidl_generator_c
[35m[1mConsolidate compiler generated dependencies of target robotis_controller_msgs__rosidl_typesupport_introspection_c[0m
[35m[1mConsolidate compiler generated dependencies of target robotis_controller_msgs__rosidl_typesupport_c[0m
[35m[1mConsolidate compiler generated dependencies of target robotis_controller_msgs__rosidl_typesupport_fastrtps_c[0m
[35m[1mConsolidate compiler generated dependencies of target robotis_controller_msgs__rosidl_typesupport_fastrtps_cpp[0m
[ 13%] Built target ament_cmake_python_symlink_robotis_controller_msgs
[35m[1mConsolidate compiler generated dependencies of target robotis_controller_msgs__rosidl_typesupport_introspection_cpp[0m
[ 25%] Built target robotis_controller_msgs__rosidl_typesupport_introspection_c
[35m[1mConsolidate compiler generated dependencies of target robotis_controller_msgs__rosidl_typesupport_cpp[0m
[ 36%] Built target robotis_controller_msgs__rosidl_typesupport_c
[ 47%] Built target robotis_controller_msgs__rosidl_typesupport_fastrtps_cpp
[ 59%] Built target robotis_controller_msgs__rosidl_typesupport_cpp
[ 70%] Built target robotis_controller_msgs__rosidl_typesupport_fastrtps_c
[ 81%] Built target robotis_controller_msgs__rosidl_typesupport_introspection_cpp
[ 81%] Built target robotis_controller_msgs
[ 82%] Built target robotis_controller_msgs__py
[35m[1mConsolidate compiler generated dependencies of target robotis_controller_msgs__rosidl_generator_py[0m
[ 93%] Built target robotis_controller_msgs__rosidl_generator_py
[35m[1mConsolidate compiler generated dependencies of target robotis_controller_msgs__rosidl_typesupport_fastrtps_c__pyext[0m
[35m[1mConsolidate compiler generated dependencies of target robotis_controller_msgs__rosidl_typesupport_introspection_c__pyext[0m
[35m[1mConsolidate compiler generated dependencies of target robotis_controller_msgs__rosidl_typesupport_c__pyext[0m
[ 95%] Built target robotis_controller_msgs__rosidl_typesupport_introspection_c__pyext
[ 97%] Built target robotis_controller_msgs__rosidl_typesupport_fastrtps_c__pyext
[100%] Built target robotis_controller_msgs__rosidl_typesupport_c__pyext
running egg_info
writing robotis_controller_msgs.egg-info/PKG-INFO
writing dependency_links to robotis_controller_msgs.egg-info/dependency_links.txt
writing top-level names to robotis_controller_msgs.egg-info/top_level.txt
reading manifest file 'robotis_controller_msgs.egg-info/SOURCES.txt'
writing manifest file 'robotis_controller_msgs.egg-info/SOURCES.txt'
[100%] Built target ament_cmake_python_build_robotis_controller_msgs_egg
-- Install configuration: ""
-- Execute custom install script
-- Symlinking: /home/evan/Documents/algo_gaze_project/install/robotis_controller_msgs/share/ament_index/resource_index/rosidl_interfaces/robotis_controller_msgs
-- Symlinking: /home/evan/Documents/algo_gaze_project/install/robotis_controller_msgs/include/robotis_controller_msgs/robotis_controller_msgs/msg/detail/joint_ctrl_module__functions.h
-- Symlinking: /home/evan/Documents/algo_gaze_project/install/robotis_controller_msgs/include/robotis_controller_msgs/robotis_controller_msgs/msg/detail/joint_ctrl_module__struct.h
-- Symlinking: /home/evan/Documents/algo_gaze_project/install/robotis_controller_msgs/include/robotis_controller_msgs/robotis_controller_msgs/msg/detail/joint_ctrl_module__type_support.h
-- Symlinking: /home/evan/Documents/algo_gaze_project/install/robotis_controller_msgs/include/robotis_controller_msgs/robotis_controller_msgs/msg/detail/status_msg__functions.h
-- Symlinking: /home/evan/Documents/algo_gaze_project/install/robotis_controller_msgs/include/robotis_controller_msgs/robotis_controller_msgs/msg/detail/status_msg__struct.h
-- Symlinking: /home/evan/Documents/algo_gaze_project/install/robotis_controller_msgs/include/robotis_controller_msgs/robotis_controller_msgs/msg/detail/status_msg__type_support.h
-- Symlinking: /home/evan/Documents/algo_gaze_project/install/robotis_controller_msgs/include/robotis_controller_msgs/robotis_controller_msgs/msg/detail/sync_write_item__functions.h
-- Symlinking: /home/evan/Documents/algo_gaze_project/install/robotis_controller_msgs/include/robotis_controller_msgs/robotis_controller_msgs/msg/detail/sync_write_item__struct.h
-- Symlinking: /home/evan/Documents/algo_gaze_project/install/robotis_controller_msgs/include/robotis_controller_msgs/robotis_controller_msgs/msg/detail/sync_write_item__type_support.h
-- Symlinking: /home/evan/Documents/algo_gaze_project/install/robotis_controller_msgs/include/robotis_controller_msgs/robotis_controller_msgs/msg/detail/write_control_table__functions.h
-- Symlinking: /home/evan/Documents/algo_gaze_project/install/robotis_controller_msgs/include/robotis_controller_msgs/robotis_controller_msgs/msg/detail/write_control_table__struct.h
-- Symlinking: /home/evan/Documents/algo_gaze_project/install/robotis_controller_msgs/include/robotis_controller_msgs/robotis_controller_msgs/msg/detail/write_control_table__type_support.h
-- Symlinking: /home/evan/Documents/algo_gaze_project/install/robotis_controller_msgs/include/robotis_controller_msgs/robotis_controller_msgs/msg/joint_ctrl_module.h
-- Symlinking: /home/evan/Documents/algo_gaze_project/install/robotis_controller_msgs/include/robotis_controller_msgs/robotis_controller_msgs/msg/rosidl_generator_c__visibility_control.h
-- Symlinking: /home/evan/Documents/algo_gaze_project/install/robotis_controller_msgs/include/robotis_controller_msgs/robotis_controller_msgs/msg/status_msg.h
-- Symlinking: /home/evan/Documents/algo_gaze_project/install/robotis_controller_msgs/include/robotis_controller_msgs/robotis_controller_msgs/msg/sync_write_item.h
-- Symlinking: /home/evan/Documents/algo_gaze_project/install/robotis_controller_msgs/include/robotis_controller_msgs/robotis_controller_msgs/msg/write_control_table.h
-- Symlinking: /home/evan/Documents/algo_gaze_project/install/robotis_controller_msgs/include/robotis_controller_msgs/robotis_controller_msgs/srv/detail/get_joint_module__functions.h
-- Symlinking: /home/evan/Documents/algo_gaze_project/install/robotis_controller_msgs/include/robotis_controller_msgs/robotis_controller_msgs/srv/detail/get_joint_module__struct.h
-- Symlinking: /home/evan/Documents/algo_gaze_project/install/robotis_controller_msgs/include/robotis_controller_msgs/robotis_controller_msgs/srv/detail/get_joint_module__type_support.h
-- Symlinking: /home/evan/Documents/algo_gaze_project/install/robotis_controller_msgs/include/robotis_controller_msgs/robotis_controller_msgs/srv/detail/load_offset__functions.h
-- Symlinking: /home/evan/Documents/algo_gaze_project/install/robotis_controller_msgs/include/robotis_controller_msgs/robotis_controller_msgs/srv/detail/load_offset__struct.h
-- Symlinking: /home/evan/Documents/algo_gaze_project/install/robotis_controller_msgs/include/robotis_controller_msgs/robotis_controller_msgs/srv/detail/load_offset__type_support.h
-- Symlinking: /home/evan/Documents/algo_gaze_project/install/robotis_controller_msgs/include/robotis_controller_msgs/robotis_controller_msgs/srv/detail/set_joint_module__functions.h
-- Symlinking: /home/evan/Documents/algo_gaze_project/install/robotis_controller_msgs/include/robotis_controller_msgs/robotis_controller_msgs/srv/detail/set_joint_module__struct.h
-- Symlinking: /home/evan/Documents/algo_gaze_project/install/robotis_controller_msgs/include/robotis_controller_msgs/robotis_controller_msgs/srv/detail/set_joint_module__type_support.h
-- Symlinking: /home/evan/Documents/algo_gaze_project/install/robotis_controller_msgs/include/robotis_controller_msgs/robotis_controller_msgs/srv/detail/set_module__functions.h
-- Symlinking: /home/evan/Documents/algo_gaze_project/install/robotis_controller_msgs/include/robotis_controller_msgs/robotis_controller_msgs/srv/detail/set_module__struct.h
-- Symlinking: /home/evan/Documents/algo_gaze_project/install/robotis_controller_msgs/include/robotis_controller_msgs/robotis_controller_msgs/srv/detail/set_module__type_support.h
-- Symlinking: /home/evan/Documents/algo_gaze_project/install/robotis_controller_msgs/include/robotis_controller_msgs/robotis_controller_msgs/srv/get_joint_module.h
-- Symlinking: /home/evan/Documents/algo_gaze_project/install/robotis_controller_msgs/include/robotis_controller_msgs/robotis_controller_msgs/srv/load_offset.h
-- Symlinking: /home/evan/Documents/algo_gaze_project/install/robotis_controller_msgs/include/robotis_controller_msgs/robotis_controller_msgs/srv/set_joint_module.h
-- Symlinking: /home/evan/Documents/algo_gaze_project/install/robotis_controller_msgs/include/robotis_controller_msgs/robotis_controller_msgs/srv/set_module.h
-- Symlinking: /home/evan/Documents/algo_gaze_project/install/robotis_controller_msgs/share/robotis_controller_msgs/environment/library_path.sh
-- Symlinking: /home/evan/Documents/algo_gaze_project/install/robotis_controller_msgs/share/robotis_controller_msgs/environment/library_path.dsv
-- Symlinking: /home/evan/Documents/algo_gaze_project/install/robotis_controller_msgs/include/robotis_controller_msgs/robotis_controller_msgs/msg/detail/joint_ctrl_module__rosidl_typesupport_fastrtps_c.h
-- Symlinking: /home/evan/Documents/algo_gaze_project/install/robotis_controller_msgs/include/robotis_controller_msgs/robotis_controller_msgs/msg/detail/status_msg__rosidl_typesupport_fastrtps_c.h
-- Symlinking: /home/evan/Documents/algo_gaze_project/install/robotis_controller_msgs/include/robotis_controller_msgs/robotis_controller_msgs/msg/detail/sync_write_item__rosidl_typesupport_fastrtps_c.h
-- Symlinking: /home/evan/Documents/algo_gaze_project/install/robotis_controller_msgs/include/robotis_controller_msgs/robotis_controller_msgs/msg/detail/write_control_table__rosidl_typesupport_fastrtps_c.h
-- Symlinking: /home/evan/Documents/algo_gaze_project/install/robotis_controller_msgs/include/robotis_controller_msgs/robotis_controller_msgs/msg/rosidl_typesupport_fastrtps_c__visibility_control.h
-- Symlinking: /home/evan/Documents/algo_gaze_project/install/robotis_controller_msgs/include/robotis_controller_msgs/robotis_controller_msgs/srv/detail/get_joint_module__rosidl_typesupport_fastrtps_c.h
-- Symlinking: /home/evan/Documents/algo_gaze_project/install/robotis_controller_msgs/include/robotis_controller_msgs/robotis_controller_msgs/srv/detail/load_offset__rosidl_typesupport_fastrtps_c.h
-- Symlinking: /home/evan/Documents/algo_gaze_project/install/robotis_controller_msgs/include/robotis_controller_msgs/robotis_controller_msgs/srv/detail/set_joint_module__rosidl_typesupport_fastrtps_c.h
-- Symlinking: /home/evan/Documents/algo_gaze_project/install/robotis_controller_msgs/include/robotis_controller_msgs/robotis_controller_msgs/srv/detail/set_module__rosidl_typesupport_fastrtps_c.h
-- Symlinking: /home/evan/Documents/algo_gaze_project/install/robotis_controller_msgs/include/robotis_controller_msgs/robotis_controller_msgs/msg/detail/joint_ctrl_module__builder.hpp
-- Symlinking: /home/evan/Documents/algo_gaze_project/install/robotis_controller_msgs/include/robotis_controller_msgs/robotis_controller_msgs/msg/detail/joint_ctrl_module__struct.hpp
-- Symlinking: /home/evan/Documents/algo_gaze_project/install/robotis_controller_msgs/include/robotis_controller_msgs/robotis_controller_msgs/msg/detail/joint_ctrl_module__traits.hpp
-- Symlinking: /home/evan/Documents/algo_gaze_project/install/robotis_controller_msgs/include/robotis_controller_msgs/robotis_controller_msgs/msg/detail/joint_ctrl_module__type_support.hpp
-- Symlinking: /home/evan/Documents/algo_gaze_project/install/robotis_controller_msgs/include/robotis_controller_msgs/robotis_controller_msgs/msg/detail/status_msg__builder.hpp
-- Symlinking: /home/evan/Documents/algo_gaze_project/install/robotis_controller_msgs/include/robotis_controller_msgs/robotis_controller_msgs/msg/detail/status_msg__struct.hpp
-- Symlinking: /home/evan/Documents/algo_gaze_project/install/robotis_controller_msgs/include/robotis_controller_msgs/robotis_controller_msgs/msg/detail/status_msg__traits.hpp
-- Symlinking: /home/evan/Documents/algo_gaze_project/install/robotis_controller_msgs/include/robotis_controller_msgs/robotis_controller_msgs/msg/detail/status_msg__type_support.hpp
-- Symlinking: /home/evan/Documents/algo_gaze_project/install/robotis_controller_msgs/include/robotis_controller_msgs/robotis_controller_msgs/msg/detail/sync_write_item__builder.hpp
-- Symlinking: /home/evan/Documents/algo_gaze_project/install/robotis_controller_msgs/include/robotis_controller_msgs/robotis_controller_msgs/msg/detail/sync_write_item__struct.hpp
-- Symlinking: /home/evan/Documents/algo_gaze_project/install/robotis_controller_msgs/include/robotis_controller_msgs/robotis_controller_msgs/msg/detail/sync_write_item__traits.hpp
-- Symlinking: /home/evan/Documents/algo_gaze_project/install/robotis_controller_msgs/include/robotis_controller_msgs/robotis_controller_msgs/msg/detail/sync_write_item__type_support.hpp
-- Symlinking: /home/evan/Documents/algo_gaze_project/install/robotis_controller_msgs/include/robotis_controller_msgs/robotis_controller_msgs/msg/detail/write_control_table__builder.hpp
-- Symlinking: /home/evan/Documents/algo_gaze_project/install/robotis_controller_msgs/include/robotis_controller_msgs/robotis_controller_msgs/msg/detail/write_control_table__struct.hpp
-- Symlinking: /home/evan/Documents/algo_gaze_project/install/robotis_controller_msgs/include/robotis_controller_msgs/robotis_controller_msgs/msg/detail/write_control_table__traits.hpp
-- Symlinking: /home/evan/Documents/algo_gaze_project/install/robotis_controller_msgs/include/robotis_controller_msgs/robotis_controller_msgs/msg/detail/write_control_table__type_support.hpp
-- Symlinking: /home/evan/Documents/algo_gaze_project/install/robotis_controller_msgs/include/robotis_controller_msgs/robotis_controller_msgs/msg/joint_ctrl_module.hpp
-- Symlinking: /home/evan/Documents/algo_gaze_project/install/robotis_controller_msgs/include/robotis_controller_msgs/robotis_controller_msgs/msg/rosidl_generator_cpp__visibility_control.hpp
-- Symlinking: /home/evan/Documents/algo_gaze_project/install/robotis_controller_msgs/include/robotis_controller_msgs/robotis_controller_msgs/msg/status_msg.hpp
-- Symlinking: /home/evan/Documents/algo_gaze_project/install/robotis_controller_msgs/include/robotis_controller_msgs/robotis_controller_msgs/msg/sync_write_item.hpp
-- Symlinking: /home/evan/Documents/algo_gaze_project/install/robotis_controller_msgs/include/robotis_controller_msgs/robotis_controller_msgs/msg/write_control_table.hpp
-- Symlinking: /home/evan/Documents/algo_gaze_project/install/robotis_controller_msgs/include/robotis_controller_msgs/robotis_controller_msgs/srv/detail/get_joint_module__builder.hpp
-- Symlinking: /home/evan/Documents/algo_gaze_project/install/robotis_controller_msgs/include/robotis_controller_msgs/robotis_controller_msgs/srv/detail/get_joint_module__struct.hpp
-- Symlinking: /home/evan/Documents/algo_gaze_project/install/robotis_controller_msgs/include/robotis_controller_msgs/robotis_controller_msgs/srv/detail/get_joint_module__traits.hpp
-- Symlinking: /home/evan/Documents/algo_gaze_project/install/robotis_controller_msgs/include/robotis_controller_msgs/robotis_controller_msgs/srv/detail/get_joint_module__type_support.hpp
-- Symlinking: /home/evan/Documents/algo_gaze_project/install/robotis_controller_msgs/include/robotis_controller_msgs/robotis_controller_msgs/srv/detail/load_offset__builder.hpp
-- Symlinking: /home/evan/Documents/algo_gaze_project/install/robotis_controller_msgs/include/robotis_controller_msgs/robotis_controller_msgs/srv/detail/load_offset__struct.hpp
-- Symlinking: /home/evan/Documents/algo_gaze_project/install/robotis_controller_msgs/include/robotis_controller_msgs/robotis_controller_msgs/srv/detail/load_offset__traits.hpp
-- Symlinking: /home/evan/Documents/algo_gaze_project/install/robotis_controller_msgs/include/robotis_controller_msgs/robotis_controller_msgs/srv/detail/load_offset__type_support.hpp
-- Symlinking: /home/evan/Documents/algo_gaze_project/install/robotis_controller_msgs/include/robotis_controller_msgs/robotis_controller_msgs/srv/detail/set_joint_module__builder.hpp
-- Symlinking: /home/evan/Documents/algo_gaze_project/install/robotis_controller_msgs/include/robotis_controller_msgs/robotis_controller_msgs/srv/detail/set_joint_module__struct.hpp
-- Symlinking: /home/evan/Documents/algo_gaze_project/install/robotis_controller_msgs/include/robotis_controller_msgs/robotis_controller_msgs/srv/detail/set_joint_module__traits.hpp
-- Symlinking: /home/evan/Documents/algo_gaze_project/install/robotis_controller_msgs/include/robotis_controller_msgs/robotis_controller_msgs/srv/detail/set_joint_module__type_support.hpp
-- Symlinking: /home/evan/Documents/algo_gaze_project/install/robotis_controller_msgs/include/robotis_controller_msgs/robotis_controller_msgs/srv/detail/set_module__builder.hpp
-- Symlinking: /home/evan/Documents/algo_gaze_project/install/robotis_controller_msgs/include/robotis_controller_msgs/robotis_controller_msgs/srv/detail/set_module__struct.hpp
-- Symlinking: /home/evan/Documents/algo_gaze_project/install/robotis_controller_msgs/include/robotis_controller_msgs/robotis_controller_msgs/srv/detail/set_module__traits.hpp
-- Symlinking: /home/evan/Documents/algo_gaze_project/install/robotis_controller_msgs/include/robotis_controller_msgs/robotis_controller_msgs/srv/detail/set_module__type_support.hpp
-- Symlinking: /home/evan/Documents/algo_gaze_project/install/robotis_controller_msgs/include/robotis_controller_msgs/robotis_controller_msgs/srv/get_joint_module.hpp
-- Symlinking: /home/evan/Documents/algo_gaze_project/install/robotis_controller_msgs/include/robotis_controller_msgs/robotis_controller_msgs/srv/load_offset.hpp
-- Symlinking: /home/evan/Documents/algo_gaze_project/install/robotis_controller_msgs/include/robotis_controller_msgs/robotis_controller_msgs/srv/set_joint_module.hpp
-- Symlinking: /home/evan/Documents/algo_gaze_project/install/robotis_controller_msgs/include/robotis_controller_msgs/robotis_controller_msgs/srv/set_module.hpp
-- Symlinking: /home/evan/Documents/algo_gaze_project/install/robotis_controller_msgs/include/robotis_controller_msgs/robotis_controller_msgs/msg/detail/joint_ctrl_module__rosidl_typesupport_fastrtps_cpp.hpp
-- Symlinking: /home/evan/Documents/algo_gaze_project/install/robotis_controller_msgs/include/robotis_controller_msgs/robotis_controller_msgs/msg/detail/status_msg__rosidl_typesupport_fastrtps_cpp.hpp
-- Symlinking: /home/evan/Documents/algo_gaze_project/install/robotis_controller_msgs/include/robotis_controller_msgs/robotis_controller_msgs/msg/detail/sync_write_item__rosidl_typesupport_fastrtps_cpp.hpp
-- Symlinking: /home/evan/Documents/algo_gaze_project/install/robotis_controller_msgs/include/robotis_controller_msgs/robotis_controller_msgs/msg/detail/write_control_table__rosidl_typesupport_fastrtps_cpp.hpp
-- Symlinking: /home/evan/Documents/algo_gaze_project/install/robotis_controller_msgs/include/robotis_controller_msgs/robotis_controller_msgs/msg/rosidl_typesupport_fastrtps_cpp__visibility_control.h
-- Symlinking: /home/evan/Documents/algo_gaze_project/install/robotis_controller_msgs/include/robotis_controller_msgs/robotis_controller_msgs/srv/detail/get_joint_module__rosidl_typesupport_fastrtps_cpp.hpp
-- Symlinking: /home/evan/Documents/algo_gaze_project/install/robotis_controller_msgs/include/robotis_controller_msgs/robotis_controller_msgs/srv/detail/load_offset__rosidl_typesupport_fastrtps_cpp.hpp
-- Symlinking: /home/evan/Documents/algo_gaze_project/install/robotis_controller_msgs/include/robotis_controller_msgs/robotis_controller_msgs/srv/detail/set_joint_module__rosidl_typesupport_fastrtps_cpp.hpp
-- Symlinking: /home/evan/Documents/algo_gaze_project/install/robotis_controller_msgs/include/robotis_controller_msgs/robotis_controller_msgs/srv/detail/set_module__rosidl_typesupport_fastrtps_cpp.hpp
-- Symlinking: /home/evan/Documents/algo_gaze_project/install/robotis_controller_msgs/include/robotis_controller_msgs/robotis_controller_msgs/msg/detail/joint_ctrl_module__rosidl_typesupport_introspection_c.h
-- Symlinking: /home/evan/Documents/algo_gaze_project/install/robotis_controller_msgs/include/robotis_controller_msgs/robotis_controller_msgs/msg/detail/status_msg__rosidl_typesupport_introspection_c.h
-- Symlinking: /home/evan/Documents/algo_gaze_project/install/robotis_controller_msgs/include/robotis_controller_msgs/robotis_controller_msgs/msg/detail/sync_write_item__rosidl_typesupport_introspection_c.h
-- Symlinking: /home/evan/Documents/algo_gaze_project/install/robotis_controller_msgs/include/robotis_controller_msgs/robotis_controller_msgs/msg/detail/write_control_table__rosidl_typesupport_introspection_c.h
-- Symlinking: /home/evan/Documents/algo_gaze_project/install/robotis_controller_msgs/include/robotis_controller_msgs/robotis_controller_msgs/msg/rosidl_typesupport_introspection_c__visibility_control.h
-- Symlinking: /home/evan/Documents/algo_gaze_project/install/robotis_controller_msgs/include/robotis_controller_msgs/robotis_controller_msgs/srv/detail/get_joint_module__rosidl_typesupport_introspection_c.h
-- Symlinking: /home/evan/Documents/algo_gaze_project/install/robotis_controller_msgs/include/robotis_controller_msgs/robotis_controller_msgs/srv/detail/load_offset__rosidl_typesupport_introspection_c.h
-- Symlinking: /home/evan/Documents/algo_gaze_project/install/robotis_controller_msgs/include/robotis_controller_msgs/robotis_controller_msgs/srv/detail/set_joint_module__rosidl_typesupport_introspection_c.h
-- Symlinking: /home/evan/Documents/algo_gaze_project/install/robotis_controller_msgs/include/robotis_controller_msgs/robotis_controller_msgs/srv/detail/set_module__rosidl_typesupport_introspection_c.h
-- Symlinking: /home/evan/Documents/algo_gaze_project/install/robotis_controller_msgs/include/robotis_controller_msgs/robotis_controller_msgs/msg/detail/joint_ctrl_module__rosidl_typesupport_introspection_cpp.hpp
-- Symlinking: /home/evan/Documents/algo_gaze_project/install/robotis_controller_msgs/include/robotis_controller_msgs/robotis_controller_msgs/msg/detail/status_msg__rosidl_typesupport_introspection_cpp.hpp
-- Symlinking: /home/evan/Documents/algo_gaze_project/install/robotis_controller_msgs/include/robotis_controller_msgs/robotis_controller_msgs/msg/detail/sync_write_item__rosidl_typesupport_introspection_cpp.hpp
-- Symlinking: /home/evan/Documents/algo_gaze_project/install/robotis_controller_msgs/include/robotis_controller_msgs/robotis_controller_msgs/msg/detail/write_control_table__rosidl_typesupport_introspection_cpp.hpp
-- Symlinking: /home/evan/Documents/algo_gaze_project/install/robotis_controller_msgs/include/robotis_controller_msgs/robotis_controller_msgs/srv/detail/get_joint_module__rosidl_typesupport_introspection_cpp.hpp
-- Symlinking: /home/evan/Documents/algo_gaze_project/install/robotis_controller_msgs/include/robotis_controller_msgs/robotis_controller_msgs/srv/detail/load_offset__rosidl_typesupport_introspection_cpp.hpp
-- Symlinking: /home/evan/Documents/algo_gaze_project/install/robotis_controller_msgs/include/robotis_controller_msgs/robotis_controller_msgs/srv/detail/set_joint_module__rosidl_typesupport_introspection_cpp.hpp
-- Symlinking: /home/evan/Documents/algo_gaze_project/install/robotis_controller_msgs/include/robotis_controller_msgs/robotis_controller_msgs/srv/detail/set_module__rosidl_typesupport_introspection_cpp.hpp
-- Symlinking: /home/evan/Documents/algo_gaze_project/install/robotis_controller_msgs/share/robotis_controller_msgs/environment/pythonpath.sh
-- Symlinking: /home/evan/Documents/algo_gaze_project/install/robotis_controller_msgs/share/robotis_controller_msgs/environment/pythonpath.dsv
-- Symlinking: /home/evan/Documents/algo_gaze_project/install/robotis_controller_msgs/local/lib/python3.10/dist-packages/robotis_controller_msgs-0.1.4-py3.10.egg-info/PKG-INFO
-- Symlinking: /home/evan/Documents/algo_gaze_project/install/robotis_controller_msgs/local/lib/python3.10/dist-packages/robotis_controller_msgs-0.1.4-py3.10.egg-info/SOURCES.txt
-- Symlinking: /home/evan/Documents/algo_gaze_project/install/robotis_controller_msgs/local/lib/python3.10/dist-packages/robotis_controller_msgs-0.1.4-py3.10.egg-info/dependency_links.txt
-- Symlinking: /home/evan/Documents/algo_gaze_project/install/robotis_controller_msgs/local/lib/python3.10/dist-packages/robotis_controller_msgs-0.1.4-py3.10.egg-info/top_level.txt
-- Symlinking: /home/evan/Documents/algo_gaze_project/install/robotis_controller_msgs/local/lib/python3.10/dist-packages/robotis_controller_msgs/__init__.py
-- Symlinking: /home/evan/Documents/algo_gaze_project/install/robotis_controller_msgs/local/lib/python3.10/dist-packages/robotis_controller_msgs/_robotis_controller_msgs_s.ep.rosidl_typesupport_c.c
-- Symlinking: /home/evan/Documents/algo_gaze_project/install/robotis_controller_msgs/local/lib/python3.10/dist-packages/robotis_controller_msgs/_robotis_controller_msgs_s.ep.rosidl_typesupport_fastrtps_c.c
-- Symlinking: /home/evan/Documents/algo_gaze_project/install/robotis_controller_msgs/local/lib/python3.10/dist-packages/robotis_controller_msgs/_robotis_controller_msgs_s.ep.rosidl_typesupport_introspection_c.c
-- Symlinking: /home/evan/Documents/algo_gaze_project/install/robotis_controller_msgs/local/lib/python3.10/dist-packages/robotis_controller_msgs/librobotis_controller_msgs__rosidl_generator_py.so
-- Symlinking: /home/evan/Documents/algo_gaze_project/install/robotis_controller_msgs/local/lib/python3.10/dist-packages/robotis_controller_msgs/msg/__init__.py
-- Symlinking: /home/evan/Documents/algo_gaze_project/install/robotis_controller_msgs/local/lib/python3.10/dist-packages/robotis_controller_msgs/msg/_joint_ctrl_module.py
-- Symlinking: /home/evan/Documents/algo_gaze_project/install/robotis_controller_msgs/local/lib/python3.10/dist-packages/robotis_controller_msgs/msg/_joint_ctrl_module_s.c
-- Symlinking: /home/evan/Documents/algo_gaze_project/install/robotis_controller_msgs/local/lib/python3.10/dist-packages/robotis_controller_msgs/msg/_status_msg.py
-- Symlinking: /home/evan/Documents/algo_gaze_project/install/robotis_controller_msgs/local/lib/python3.10/dist-packages/robotis_controller_msgs/msg/_status_msg_s.c
-- Symlinking: /home/evan/Documents/algo_gaze_project/install/robotis_controller_msgs/local/lib/python3.10/dist-packages/robotis_controller_msgs/msg/_sync_write_item.py
-- Symlinking: /home/evan/Documents/algo_gaze_project/install/robotis_controller_msgs/local/lib/python3.10/dist-packages/robotis_controller_msgs/msg/_sync_write_item_s.c
-- Symlinking: /home/evan/Documents/algo_gaze_project/install/robotis_controller_msgs/local/lib/python3.10/dist-packages/robotis_controller_msgs/msg/_write_control_table.py
-- Symlinking: /home/evan/Documents/algo_gaze_project/install/robotis_controller_msgs/local/lib/python3.10/dist-packages/robotis_controller_msgs/msg/_write_control_table_s.c
-- Symlinking: /home/evan/Documents/algo_gaze_project/install/robotis_controller_msgs/local/lib/python3.10/dist-packages/robotis_controller_msgs/robotis_controller_msgs_s__rosidl_typesupport_c.cpython-310-x86_64-linux-gnu.so
-- Symlinking: /home/evan/Documents/algo_gaze_project/install/robotis_controller_msgs/local/lib/python3.10/dist-packages/robotis_controller_msgs/robotis_controller_msgs_s__rosidl_typesupport_fastrtps_c.cpython-310-x86_64-linux-gnu.so
-- Symlinking: /home/evan/Documents/algo_gaze_project/install/robotis_controller_msgs/local/lib/python3.10/dist-packages/robotis_controller_msgs/robotis_controller_msgs_s__rosidl_typesupport_introspection_c.cpython-310-x86_64-linux-gnu.so
-- Symlinking: /home/evan/Documents/algo_gaze_project/install/robotis_controller_msgs/local/lib/python3.10/dist-packages/robotis_controller_msgs/srv/__init__.py
-- Symlinking: /home/evan/Documents/algo_gaze_project/install/robotis_controller_msgs/local/lib/python3.10/dist-packages/robotis_controller_msgs/srv/_get_joint_module.py
-- Symlinking: /home/evan/Documents/algo_gaze_project/install/robotis_controller_msgs/local/lib/python3.10/dist-packages/robotis_controller_msgs/srv/_get_joint_module_s.c
-- Symlinking: /home/evan/Documents/algo_gaze_project/install/robotis_controller_msgs/local/lib/python3.10/dist-packages/robotis_controller_msgs/srv/_load_offset.py
-- Symlinking: /home/evan/Documents/algo_gaze_project/install/robotis_controller_msgs/local/lib/python3.10/dist-packages/robotis_controller_msgs/srv/_load_offset_s.c
-- Symlinking: /home/evan/Documents/algo_gaze_project/install/robotis_controller_msgs/local/lib/python3.10/dist-packages/robotis_controller_msgs/srv/_set_joint_module.py
-- Symlinking: /home/evan/Documents/algo_gaze_project/install/robotis_controller_msgs/local/lib/python3.10/dist-packages/robotis_controller_msgs/srv/_set_joint_module_s.c
-- Symlinking: /home/evan/Documents/algo_gaze_project/install/robotis_controller_msgs/local/lib/python3.10/dist-packages/robotis_controller_msgs/srv/_set_module.py
-- Symlinking: /home/evan/Documents/algo_gaze_project/install/robotis_controller_msgs/local/lib/python3.10/dist-packages/robotis_controller_msgs/srv/_set_module_s.c
-- Up-to-date symlink: /home/evan/Documents/algo_gaze_project/install/robotis_controller_msgs/local/lib/python3.10/dist-packages/robotis_controller_msgs/robotis_controller_msgs_s__rosidl_typesupport_fastrtps_c.cpython-310-x86_64-linux-gnu.so
-- Up-to-date symlink: /home/evan/Documents/algo_gaze_project/install/robotis_controller_msgs/local/lib/python3.10/dist-packages/robotis_controller_msgs/robotis_controller_msgs_s__rosidl_typesupport_introspection_c.cpython-310-x86_64-linux-gnu.so
-- Up-to-date symlink: /home/evan/Documents/algo_gaze_project/install/robotis_controller_msgs/local/lib/python3.10/dist-packages/robotis_controller_msgs/robotis_controller_msgs_s__rosidl_typesupport_c.cpython-310-x86_64-linux-gnu.so
-- Symlinking: /home/evan/Documents/algo_gaze_project/install/robotis_controller_msgs/share/ament_index/resource_index/rust_packages/robotis_controller_msgs
-- Symlinking: /home/evan/Documents/algo_gaze_project/install/robotis_controller_msgs/share/robotis_controller_msgs/rust/Cargo.toml
-- Symlinking: /home/evan/Documents/algo_gaze_project/install/robotis_controller_msgs/share/robotis_controller_msgs/rust/build.rs
-- Symlinking: /home/evan/Documents/algo_gaze_project/install/robotis_controller_msgs/share/robotis_controller_msgs/rust/src/lib.rs
-- Symlinking: /home/evan/Documents/algo_gaze_project/install/robotis_controller_msgs/share/robotis_controller_msgs/rust/src/msg.rs
-- Symlinking: /home/evan/Documents/algo_gaze_project/install/robotis_controller_msgs/share/robotis_controller_msgs/rust/src/msg/rmw.rs
-- Symlinking: /home/evan/Documents/algo_gaze_project/install/robotis_controller_msgs/share/robotis_controller_msgs/rust/src/srv.rs
-- Symlinking: /home/evan/Documents/algo_gaze_project/install/robotis_controller_msgs/share/robotis_controller_msgs/rust/src/srv/rmw.rs
-- Symlinking: /home/evan/Documents/algo_gaze_project/install/robotis_controller_msgs/share/robotis_controller_msgs/msg/SyncWriteItem.idl
-- Symlinking: /home/evan/Documents/algo_gaze_project/install/robotis_controller_msgs/share/robotis_controller_msgs/msg/JointCtrlModule.idl
-- Symlinking: /home/evan/Documents/algo_gaze_project/install/robotis_controller_msgs/share/robotis_controller_msgs/msg/StatusMsg.idl
-- Symlinking: /home/evan/Documents/algo_gaze_project/install/robotis_controller_msgs/share/robotis_controller_msgs/msg/WriteControlTable.idl
-- Symlinking: /home/evan/Documents/algo_gaze_project/install/robotis_controller_msgs/share/robotis_controller_msgs/srv/GetJointModule.idl
-- Symlinking: /home/evan/Documents/algo_gaze_project/install/robotis_controller_msgs/share/robotis_controller_msgs/srv/SetJointModule.idl
-- Symlinking: /home/evan/Documents/algo_gaze_project/install/robotis_controller_msgs/share/robotis_controller_msgs/srv/SetModule.idl
-- Symlinking: /home/evan/Documents/algo_gaze_project/install/robotis_controller_msgs/share/robotis_controller_msgs/srv/LoadOffset.idl
-- Symlinking: /home/evan/Documents/algo_gaze_project/install/robotis_controller_msgs/share/robotis_controller_msgs/msg/SyncWriteItem.msg
-- Symlinking: /home/evan/Documents/algo_gaze_project/install/robotis_controller_msgs/share/robotis_controller_msgs/msg/JointCtrlModule.msg
-- Symlinking: /home/evan/Documents/algo_gaze_project/install/robotis_controller_msgs/share/robotis_controller_msgs/msg/StatusMsg.msg
-- Symlinking: /home/evan/Documents/algo_gaze_project/install/robotis_controller_msgs/share/robotis_controller_msgs/msg/WriteControlTable.msg
-- Symlinking: /home/evan/Documents/algo_gaze_project/install/robotis_controller_msgs/share/robotis_controller_msgs/srv/GetJointModule.srv
-- Symlinking: /home/evan/Documents/algo_gaze_project/install/robotis_controller_msgs/share/robotis_controller_msgs/srv/GetJointModule_Request.msg
-- Symlinking: /home/evan/Documents/algo_gaze_project/install/robotis_controller_msgs/share/robotis_controller_msgs/srv/GetJointModule_Response.msg
-- Symlinking: /home/evan/Documents/algo_gaze_project/install/robotis_controller_msgs/share/robotis_controller_msgs/srv/SetJointModule.srv
-- Symlinking: /home/evan/Documents/algo_gaze_project/install/robotis_controller_msgs/share/robotis_controller_msgs/srv/SetJointModule_Request.msg
-- Symlinking: /home/evan/Documents/algo_gaze_project/install/robotis_controller_msgs/share/robotis_controller_msgs/srv/SetJointModule_Response.msg
-- Symlinking: /home/evan/Documents/algo_gaze_project/install/robotis_controller_msgs/share/robotis_controller_msgs/srv/SetModule.srv
-- Symlinking: /home/evan/Documents/algo_gaze_project/install/robotis_controller_msgs/share/robotis_controller_msgs/srv/SetModule_Request.msg
-- Symlinking: /home/evan/Documents/algo_gaze_project/install/robotis_controller_msgs/share/robotis_controller_msgs/srv/SetModule_Response.msg
-- Symlinking: /home/evan/Documents/algo_gaze_project/install/robotis_controller_msgs/share/robotis_controller_msgs/srv/LoadOffset.srv
-- Symlinking: /home/evan/Documents/algo_gaze_project/install/robotis_controller_msgs/share/robotis_controller_msgs/srv/LoadOffset_Request.msg
-- Symlinking: /home/evan/Documents/algo_gaze_project/install/robotis_controller_msgs/share/robotis_controller_msgs/srv/LoadOffset_Response.msg
-- Symlinking: /home/evan/Documents/algo_gaze_project/install/robotis_controller_msgs/share/ament_index/resource_index/package_run_dependencies/robotis_controller_msgs
-- Symlinking: /home/evan/Documents/algo_gaze_project/install/robotis_controller_msgs/share/ament_index/resource_index/parent_prefix_path/robotis_controller_msgs
-- Symlinking: /home/evan/Documents/algo_gaze_project/install/robotis_controller_msgs/share/robotis_controller_msgs/environment/ament_prefix_path.sh
-- Symlinking: /home/evan/Documents/algo_gaze_project/install/robotis_controller_msgs/share/robotis_controller_msgs/environment/ament_prefix_path.dsv
-- Symlinking: /home/evan/Documents/algo_gaze_project/install/robotis_controller_msgs/share/robotis_controller_msgs/environment/path.sh
-- Symlinking: /home/evan/Documents/algo_gaze_project/install/robotis_controller_msgs/share/robotis_controller_msgs/environment/path.dsv
-- Symlinking: /home/evan/Documents/algo_gaze_project/install/robotis_controller_msgs/share/robotis_controller_msgs/local_setup.bash
-- Symlinking: /home/evan/Documents/algo_gaze_project/install/robotis_controller_msgs/share/robotis_controller_msgs/local_setup.sh
-- Symlinking: /home/evan/Documents/algo_gaze_project/install/robotis_controller_msgs/share/robotis_controller_msgs/local_setup.zsh
-- Symlinking: /home/evan/Documents/algo_gaze_project/install/robotis_controller_msgs/share/robotis_controller_msgs/local_setup.dsv
-- Symlinking: /home/evan/Documents/algo_gaze_project/install/robotis_controller_msgs/share/robotis_controller_msgs/package.dsv
-- Symlinking: /home/evan/Documents/algo_gaze_project/install/robotis_controller_msgs/share/ament_index/resource_index/packages/robotis_controller_msgs
-- Symlinking: /home/evan/Documents/algo_gaze_project/install/robotis_controller_msgs/share/robotis_controller_msgs/cmake/rosidl_cmake-extras.cmake
-- Symlinking: /home/evan/Documents/algo_gaze_project/install/robotis_controller_msgs/share/robotis_controller_msgs/cmake/ament_cmake_export_dependencies-extras.cmake
-- Symlinking: /home/evan/Documents/algo_gaze_project/install/robotis_controller_msgs/share/robotis_controller_msgs/cmake/ament_cmake_export_include_directories-extras.cmake
-- Symlinking: /home/evan/Documents/algo_gaze_project/install/robotis_controller_msgs/share/robotis_controller_msgs/cmake/ament_cmake_export_libraries-extras.cmake
-- Symlinking: /home/evan/Documents/algo_gaze_project/install/robotis_controller_msgs/share/robotis_controller_msgs/cmake/ament_cmake_export_targets-extras.cmake
-- Symlinking: /home/evan/Documents/algo_gaze_project/install/robotis_controller_msgs/share/robotis_controller_msgs/cmake/rosidl_cmake_export_typesupport_targets-extras.cmake
-- Symlinking: /home/evan/Documents/algo_gaze_project/install/robotis_controller_msgs/share/robotis_controller_msgs/cmake/rosidl_cmake_export_typesupport_libraries-extras.cmake
-- Symlinking: /home/evan/Documents/algo_gaze_project/install/robotis_controller_msgs/share/robotis_controller_msgs/cmake/robotis_controller_msgsConfig.cmake
-- Symlinking: /home/evan/Documents/algo_gaze_project/install/robotis_controller_msgs/share/robotis_controller_msgs/cmake/robotis_controller_msgsConfig-version.cmake
-- Symlinking: /home/evan/Documents/algo_gaze_project/install/robotis_controller_msgs/share/robotis_controller_msgs/package.xml
-- Installing: /home/evan/Documents/algo_gaze_project/install/robotis_controller_msgs/lib/librobotis_controller_msgs__rosidl_generator_c.so
-- Set runtime path of "/home/evan/Documents/algo_gaze_project/install/robotis_controller_msgs/lib/librobotis_controller_msgs__rosidl_generator_c.so" to ""
-- Installing: /home/evan/Documents/algo_gaze_project/install/robotis_controller_msgs/lib/librobotis_controller_msgs__rosidl_typesupport_fastrtps_c.so
-- Set runtime path of "/home/evan/Documents/algo_gaze_project/install/robotis_controller_msgs/lib/librobotis_controller_msgs__rosidl_typesupport_fastrtps_c.so" to ""
-- Installing: /home/evan/Documents/algo_gaze_project/install/robotis_controller_msgs/lib/librobotis_controller_msgs__rosidl_typesupport_fastrtps_cpp.so
-- Set runtime path of "/home/evan/Documents/algo_gaze_project/install/robotis_controller_msgs/lib/librobotis_controller_msgs__rosidl_typesupport_fastrtps_cpp.so" to ""
-- Installing: /home/evan/Documents/algo_gaze_project/install/robotis_controller_msgs/lib/librobotis_controller_msgs__rosidl_typesupport_introspection_c.so
-- Set runtime path of "/home/evan/Documents/algo_gaze_project/install/robotis_controller_msgs/lib/librobotis_controller_msgs__rosidl_typesupport_introspection_c.so" to ""
-- Installing: /home/evan/Documents/algo_gaze_project/install/robotis_controller_msgs/lib/librobotis_controller_msgs__rosidl_typesupport_c.so
-- Set runtime path of "/home/evan/Documents/algo_gaze_project/install/robotis_controller_msgs/lib/librobotis_controller_msgs__rosidl_typesupport_c.so" to ""
-- Installing: /home/evan/Documents/algo_gaze_project/install/robotis_controller_msgs/lib/librobotis_controller_msgs__rosidl_typesupport_introspection_cpp.so
-- Set runtime path of "/home/evan/Documents/algo_gaze_project/install/robotis_controller_msgs/lib/librobotis_controller_msgs__rosidl_typesupport_introspection_cpp.so" to ""
-- Installing: /home/evan/Documents/algo_gaze_project/install/robotis_controller_msgs/lib/librobotis_controller_msgs__rosidl_typesupport_cpp.so
-- Set runtime path of "/home/evan/Documents/algo_gaze_project/install/robotis_controller_msgs/lib/librobotis_controller_msgs__rosidl_typesupport_cpp.so" to ""
Listing '/home/evan/Documents/algo_gaze_project/install/robotis_controller_msgs/local/lib/python3.10/dist-packages/robotis_controller_msgs'...
Compiling '/home/evan/Documents/algo_gaze_project/install/robotis_controller_msgs/local/lib/python3.10/dist-packages/robotis_controller_msgs/__init__.py'...
Listing '/home/evan/Documents/algo_gaze_project/install/robotis_controller_msgs/local/lib/python3.10/dist-packages/robotis_controller_msgs/msg'...
Compiling '/home/evan/Documents/algo_gaze_project/install/robotis_controller_msgs/local/lib/python3.10/dist-packages/robotis_controller_msgs/msg/__init__.py'...
Compiling '/home/evan/Documents/algo_gaze_project/install/robotis_controller_msgs/local/lib/python3.10/dist-packages/robotis_controller_msgs/msg/_joint_ctrl_module.py'...
Compiling '/home/evan/Documents/algo_gaze_project/install/robotis_controller_msgs/local/lib/python3.10/dist-packages/robotis_controller_msgs/msg/_status_msg.py'...
Compiling '/home/evan/Documents/algo_gaze_project/install/robotis_controller_msgs/local/lib/python3.10/dist-packages/robotis_controller_msgs/msg/_sync_write_item.py'...
Compiling '/home/evan/Documents/algo_gaze_project/install/robotis_controller_msgs/local/lib/python3.10/dist-packages/robotis_controller_msgs/msg/_write_control_table.py'...
Listing '/home/evan/Documents/algo_gaze_project/install/robotis_controller_msgs/local/lib/python3.10/dist-packages/robotis_controller_msgs/srv'...
Compiling '/home/evan/Documents/algo_gaze_project/install/robotis_controller_msgs/local/lib/python3.10/dist-packages/robotis_controller_msgs/srv/__init__.py'...
Compiling '/home/evan/Documents/algo_gaze_project/install/robotis_controller_msgs/local/lib/python3.10/dist-packages/robotis_controller_msgs/srv/_get_joint_module.py'...
Compiling '/home/evan/Documents/algo_gaze_project/install/robotis_controller_msgs/local/lib/python3.10/dist-packages/robotis_controller_msgs/srv/_load_offset.py'...
Compiling '/home/evan/Documents/algo_gaze_project/install/robotis_controller_msgs/local/lib/python3.10/dist-packages/robotis_controller_msgs/srv/_set_joint_module.py'...
Compiling '/home/evan/Documents/algo_gaze_project/install/robotis_controller_msgs/local/lib/python3.10/dist-packages/robotis_controller_msgs/srv/_set_module.py'...
-- Installing: /home/evan/Documents/algo_gaze_project/install/robotis_controller_msgs/lib/librobotis_controller_msgs__rosidl_generator_py.so
-- Set runtime path of "/home/evan/Documents/algo_gaze_project/install/robotis_controller_msgs/lib/librobotis_controller_msgs__rosidl_generator_py.so" to ""
-- Installing: /home/evan/Documents/algo_gaze_project/install/robotis_controller_msgs/share/robotis_controller_msgs/cmake/export_robotis_controller_msgs__rosidl_generator_cExport.cmake
-- Installing: /home/evan/Documents/algo_gaze_project/install/robotis_controller_msgs/share/robotis_controller_msgs/cmake/export_robotis_controller_msgs__rosidl_generator_cExport-noconfig.cmake
-- Installing: /home/evan/Documents/algo_gaze_project/install/robotis_controller_msgs/share/robotis_controller_msgs/cmake/export_robotis_controller_msgs__rosidl_typesupport_fastrtps_cExport.cmake
-- Installing: /home/evan/Documents/algo_gaze_project/install/robotis_controller_msgs/share/robotis_controller_msgs/cmake/export_robotis_controller_msgs__rosidl_typesupport_fastrtps_cExport-noconfig.cmake
-- Installing: /home/evan/Documents/algo_gaze_project/install/robotis_controller_msgs/share/robotis_controller_msgs/cmake/export_robotis_controller_msgs__rosidl_generator_cppExport.cmake
-- Installing: /home/evan/Documents/algo_gaze_project/install/robotis_controller_msgs/share/robotis_controller_msgs/cmake/export_robotis_controller_msgs__rosidl_typesupport_fastrtps_cppExport.cmake
-- Installing: /home/evan/Documents/algo_gaze_project/install/robotis_controller_msgs/share/robotis_controller_msgs/cmake/export_robotis_controller_msgs__rosidl_typesupport_fastrtps_cppExport-noconfig.cmake
-- Installing: /home/evan/Documents/algo_gaze_project/install/robotis_controller_msgs/share/robotis_controller_msgs/cmake/robotis_controller_msgs__rosidl_typesupport_introspection_cExport.cmake
-- Installing: /home/evan/Documents/algo_gaze_project/install/robotis_controller_msgs/share/robotis_controller_msgs/cmake/robotis_controller_msgs__rosidl_typesupport_introspection_cExport-noconfig.cmake
-- Installing: /home/evan/Documents/algo_gaze_project/install/robotis_controller_msgs/share/robotis_controller_msgs/cmake/robotis_controller_msgs__rosidl_typesupport_cExport.cmake
-- Installing: /home/evan/Documents/algo_gaze_project/install/robotis_controller_msgs/share/robotis_controller_msgs/cmake/robotis_controller_msgs__rosidl_typesupport_cExport-noconfig.cmake
-- Installing: /home/evan/Documents/algo_gaze_project/install/robotis_controller_msgs/share/robotis_controller_msgs/cmake/robotis_controller_msgs__rosidl_typesupport_introspection_cppExport.cmake
-- Installing: /home/evan/Documents/algo_gaze_project/install/robotis_controller_msgs/share/robotis_controller_msgs/cmake/robotis_controller_msgs__rosidl_typesupport_introspection_cppExport-noconfig.cmake
-- Installing: /home/evan/Documents/algo_gaze_project/install/robotis_controller_msgs/share/robotis_controller_msgs/cmake/robotis_controller_msgs__rosidl_typesupport_cppExport.cmake
-- Installing: /home/evan/Documents/algo_gaze_project/install/robotis_controller_msgs/share/robotis_controller_msgs/cmake/robotis_controller_msgs__rosidl_typesupport_cppExport-noconfig.cmake
-- Installing: /home/evan/Documents/algo_gaze_project/install/robotis_controller_msgs/share/robotis_controller_msgs/cmake/export_robotis_controller_msgs__rosidl_generator_pyExport.cmake
-- Installing: /home/evan/Documents/algo_gaze_project/install/robotis_controller_msgs/share/robotis_controller_msgs/cmake/export_robotis_controller_msgs__rosidl_generator_pyExport-noconfig.cmake
