[0.037s] Invoking command in '/home/evan/Documents/algo_gaze_project/build/dynamixel_sdk': CMAKE_PREFIX_PATH=/opt/ros/humble /usr/bin/cmake /home/evan/Documents/algo_gaze_project/DynamixelSDK/ros/dynamixel_sdk -DAMENT_CMAKE_SYMLINK_INSTALL=1 -DCMAKE_INSTALL_PREFIX=/home/evan/Documents/algo_gaze_project/install/dynamixel_sdk
[0.102s] -- The C compiler identification is GNU 11.4.0
[0.186s] -- The CXX compiler identification is GNU 11.4.0
[0.197s] -- Detecting C compiler ABI info
[0.313s] -- Detecting C compiler ABI info - done
[0.328s] -- Check for working C compiler: /usr/bin/cc - skipped
[0.328s] -- Detecting C compile features
[0.329s] -- Detecting C compile features - done
[0.334s] -- Detecting CXX compiler ABI info
[0.464s] -- Detecting CXX compiler ABI info - done
[0.467s] -- Check for working CXX compiler: /usr/bin/c++ - skipped
[0.467s] -- Detecting CXX compile features
[0.467s] -- Detecting CXX compile features - done
[0.471s] -- Found ament_cmake: 1.3.14 (/opt/ros/humble/share/ament_cmake/cmake)
[0.679s] -- Found Python3: /usr/bin/python3 (found version "3.10.12") found components: Interpreter 
[0.800s] -- Override CMake install command with custom implementation using symlinks instead of copying resources
[1.136s] -- Configuring done
[1.149s] -- Generating done
[1.153s] -- Build files have been written to: /home/evan/Documents/algo_gaze_project/build/dynamixel_sdk
[1.162s] Invoked command in '/home/evan/Documents/algo_gaze_project/build/dynamixel_sdk' returned '0': CMAKE_PREFIX_PATH=/opt/ros/humble /usr/bin/cmake /home/evan/Documents/algo_gaze_project/DynamixelSDK/ros/dynamixel_sdk -DAMENT_CMAKE_SYMLINK_INSTALL=1 -DCMAKE_INSTALL_PREFIX=/home/evan/Documents/algo_gaze_project/install/dynamixel_sdk
[1.163s] Invoking command in '/home/evan/Documents/algo_gaze_project/build/dynamixel_sdk': CMAKE_PREFIX_PATH=/opt/ros/humble /usr/bin/cmake --build /home/evan/Documents/algo_gaze_project/build/dynamixel_sdk -- -j12 -l12
[3.826s] [  7%] [32mBuilding CXX object CMakeFiles/dynamixel_sdk.dir/src/dynamixel_sdk/packet_handler.cpp.o[0m
[3.826s] [ 15%] [32mBuilding CXX object CMakeFiles/dynamixel_sdk.dir/src/dynamixel_sdk/protocol1_packet_handler.cpp.o[0m
[3.826s] [ 23%] [32mBuilding CXX object CMakeFiles/dynamixel_sdk.dir/src/dynamixel_sdk/protocol2_packet_handler.cpp.o[0m
[3.826s] [ 30%] [32mBuilding CXX object CMakeFiles/dynamixel_sdk.dir/src/dynamixel_sdk/group_sync_read.cpp.o[0m
[3.826s] [ 38%] [32mBuilding CXX object CMakeFiles/dynamixel_sdk.dir/src/dynamixel_sdk/group_sync_write.cpp.o[0m
[3.826s] [ 53%] [32mBuilding CXX object CMakeFiles/dynamixel_sdk.dir/src/dynamixel_sdk/group_fast_sync_read.cpp.o[0m
[3.826s] [ 53%] [32mBuilding CXX object CMakeFiles/dynamixel_sdk.dir/src/dynamixel_sdk/group_bulk_write.cpp.o[0m
[3.835s] [ 61%] [32mBuilding CXX object CMakeFiles/dynamixel_sdk.dir/src/dynamixel_sdk/group_bulk_read.cpp.o[0m
[3.835s] [ 69%] [32mBuilding CXX object CMakeFiles/dynamixel_sdk.dir/src/dynamixel_sdk/port_handler.cpp.o[0m
[3.835s] [ 69%] Built target ament_cmake_python_symlink_dynamixel_sdk
[3.836s] [ 76%] [32mBuilding CXX object CMakeFiles/dynamixel_sdk.dir/src/dynamixel_sdk/group_handler.cpp.o[0m
[3.836s] [ 84%] [32mBuilding CXX object CMakeFiles/dynamixel_sdk.dir/src/dynamixel_sdk/group_fast_bulk_read.cpp.o[0m
[3.836s] [ 92%] [32mBuilding CXX object CMakeFiles/dynamixel_sdk.dir/src/dynamixel_sdk/port_handler_linux.cpp.o[0m
[3.836s] running egg_info
[3.836s] creating dynamixel_sdk.egg-info
[3.836s] writing dynamixel_sdk.egg-info/PKG-INFO
[3.836s] writing dependency_links to dynamixel_sdk.egg-info/dependency_links.txt
[3.836s] writing top-level names to dynamixel_sdk.egg-info/top_level.txt
[3.836s] writing manifest file 'dynamixel_sdk.egg-info/SOURCES.txt'
[3.837s] reading manifest file 'dynamixel_sdk.egg-info/SOURCES.txt'
[3.837s] writing manifest file 'dynamixel_sdk.egg-info/SOURCES.txt'
[3.837s] [ 92%] Built target ament_cmake_python_build_dynamixel_sdk_egg
[3.837s] [100%] [32m[1mLinking CXX shared library libdynamixel_sdk.so[0m
[3.837s] [100%] Built target dynamixel_sdk
[3.838s] Invoked command in '/home/evan/Documents/algo_gaze_project/build/dynamixel_sdk' returned '0': CMAKE_PREFIX_PATH=/opt/ros/humble /usr/bin/cmake --build /home/evan/Documents/algo_gaze_project/build/dynamixel_sdk -- -j12 -l12
[3.869s] Invoking command in '/home/evan/Documents/algo_gaze_project/build/dynamixel_sdk': CMAKE_PREFIX_PATH=/opt/ros/humble /usr/bin/cmake --install /home/evan/Documents/algo_gaze_project/build/dynamixel_sdk
[4.089s] -- Install configuration: ""
[4.089s] -- Execute custom install script
[4.090s] -- Symlinking: /home/evan/Documents/algo_gaze_project/install/dynamixel_sdk/include//dynamixel_sdk/dynamixel_sdk.h
[4.090s] -- Symlinking: /home/evan/Documents/algo_gaze_project/install/dynamixel_sdk/include//dynamixel_sdk/group_bulk_read.h
[4.090s] -- Symlinking: /home/evan/Documents/algo_gaze_project/install/dynamixel_sdk/include//dynamixel_sdk/group_bulk_write.h
[4.090s] -- Symlinking: /home/evan/Documents/algo_gaze_project/install/dynamixel_sdk/include//dynamixel_sdk/group_fast_bulk_read.h
[4.090s] -- Symlinking: /home/evan/Documents/algo_gaze_project/install/dynamixel_sdk/include//dynamixel_sdk/group_fast_sync_read.h
[4.090s] -- Symlinking: /home/evan/Documents/algo_gaze_project/install/dynamixel_sdk/include//dynamixel_sdk/group_handler.h
[4.090s] -- Symlinking: /home/evan/Documents/algo_gaze_project/install/dynamixel_sdk/include//dynamixel_sdk/group_sync_read.h
[4.102s] -- Symlinking: /home/evan/Documents/algo_gaze_project/install/dynamixel_sdk/include//dynamixel_sdk/group_sync_write.h
[4.129s] -- Symlinking: /home/evan/Documents/algo_gaze_project/install/dynamixel_sdk/include//dynamixel_sdk/packet_handler.h
[4.160s] -- Symlinking: /home/evan/Documents/algo_gaze_project/install/dynamixel_sdk/include//dynamixel_sdk/port_handler.h
[4.191s] -- Symlinking: /home/evan/Documents/algo_gaze_project/install/dynamixel_sdk/include//dynamixel_sdk/port_handler_arduino.h
[4.233s] -- Symlinking: /home/evan/Documents/algo_gaze_project/install/dynamixel_sdk/include//dynamixel_sdk/port_handler_linux.h
[4.263s] -- Symlinking: /home/evan/Documents/algo_gaze_project/install/dynamixel_sdk/include//dynamixel_sdk/port_handler_mac.h
[4.294s] -- Symlinking: /home/evan/Documents/algo_gaze_project/install/dynamixel_sdk/include//dynamixel_sdk/port_handler_windows.h
[4.328s] -- Symlinking: /home/evan/Documents/algo_gaze_project/install/dynamixel_sdk/include//dynamixel_sdk/protocol1_packet_handler.h
[4.389s] -- Symlinking: /home/evan/Documents/algo_gaze_project/install/dynamixel_sdk/include//dynamixel_sdk/protocol2_packet_handler.h
[4.457s] -- Symlinking: /home/evan/Documents/algo_gaze_project/install/dynamixel_sdk/share/dynamixel_sdk/environment/pythonpath.sh
[4.509s] -- Symlinking: /home/evan/Documents/algo_gaze_project/install/dynamixel_sdk/share/dynamixel_sdk/environment/pythonpath.dsv
[4.555s] -- Symlinking: /home/evan/Documents/algo_gaze_project/install/dynamixel_sdk/local/lib/python3.10/dist-packages/dynamixel_sdk-3.8.4-py3.10.egg-info/PKG-INFO
[4.590s] -- Symlinking: /home/evan/Documents/algo_gaze_project/install/dynamixel_sdk/local/lib/python3.10/dist-packages/dynamixel_sdk-3.8.4-py3.10.egg-info/SOURCES.txt
[4.649s] -- Symlinking: /home/evan/Documents/algo_gaze_project/install/dynamixel_sdk/local/lib/python3.10/dist-packages/dynamixel_sdk-3.8.4-py3.10.egg-info/dependency_links.txt
[4.703s] -- Symlinking: /home/evan/Documents/algo_gaze_project/install/dynamixel_sdk/local/lib/python3.10/dist-packages/dynamixel_sdk-3.8.4-py3.10.egg-info/top_level.txt
[4.744s] -- Symlinking: /home/evan/Documents/algo_gaze_project/install/dynamixel_sdk/local/lib/python3.10/dist-packages/dynamixel_sdk/__init__.py
[4.808s] -- Symlinking: /home/evan/Documents/algo_gaze_project/install/dynamixel_sdk/local/lib/python3.10/dist-packages/dynamixel_sdk/group_bulk_read.cpp
[4.856s] -- Symlinking: /home/evan/Documents/algo_gaze_project/install/dynamixel_sdk/local/lib/python3.10/dist-packages/dynamixel_sdk/group_bulk_read.py
[4.913s] -- Symlinking: /home/evan/Documents/algo_gaze_project/install/dynamixel_sdk/local/lib/python3.10/dist-packages/dynamixel_sdk/group_bulk_write.cpp
[4.966s] -- Symlinking: /home/evan/Documents/algo_gaze_project/install/dynamixel_sdk/local/lib/python3.10/dist-packages/dynamixel_sdk/group_bulk_write.py
[4.995s] -- Symlinking: /home/evan/Documents/algo_gaze_project/install/dynamixel_sdk/local/lib/python3.10/dist-packages/dynamixel_sdk/group_fast_bulk_read.cpp
[5.042s] -- Symlinking: /home/evan/Documents/algo_gaze_project/install/dynamixel_sdk/local/lib/python3.10/dist-packages/dynamixel_sdk/group_fast_sync_read.cpp
[5.060s] -- Symlinking: /home/evan/Documents/algo_gaze_project/install/dynamixel_sdk/local/lib/python3.10/dist-packages/dynamixel_sdk/group_handler.cpp
[5.111s] -- Symlinking: /home/evan/Documents/algo_gaze_project/install/dynamixel_sdk/local/lib/python3.10/dist-packages/dynamixel_sdk/group_sync_read.cpp
[5.158s] -- Symlinking: /home/evan/Documents/algo_gaze_project/install/dynamixel_sdk/local/lib/python3.10/dist-packages/dynamixel_sdk/group_sync_read.py
[5.205s] -- Symlinking: /home/evan/Documents/algo_gaze_project/install/dynamixel_sdk/local/lib/python3.10/dist-packages/dynamixel_sdk/group_sync_write.cpp
[5.250s] -- Symlinking: /home/evan/Documents/algo_gaze_project/install/dynamixel_sdk/local/lib/python3.10/dist-packages/dynamixel_sdk/group_sync_write.py
[5.310s] -- Symlinking: /home/evan/Documents/algo_gaze_project/install/dynamixel_sdk/local/lib/python3.10/dist-packages/dynamixel_sdk/packet_handler.cpp
[5.368s] -- Symlinking: /home/evan/Documents/algo_gaze_project/install/dynamixel_sdk/local/lib/python3.10/dist-packages/dynamixel_sdk/packet_handler.py
[5.447s] -- Symlinking: /home/evan/Documents/algo_gaze_project/install/dynamixel_sdk/local/lib/python3.10/dist-packages/dynamixel_sdk/port_handler.cpp
[5.476s] -- Symlinking: /home/evan/Documents/algo_gaze_project/install/dynamixel_sdk/local/lib/python3.10/dist-packages/dynamixel_sdk/port_handler.py
[5.510s] -- Symlinking: /home/evan/Documents/algo_gaze_project/install/dynamixel_sdk/local/lib/python3.10/dist-packages/dynamixel_sdk/port_handler_arduino.cpp
[5.547s] -- Symlinking: /home/evan/Documents/algo_gaze_project/install/dynamixel_sdk/local/lib/python3.10/dist-packages/dynamixel_sdk/port_handler_linux.cpp
[5.587s] -- Symlinking: /home/evan/Documents/algo_gaze_project/install/dynamixel_sdk/local/lib/python3.10/dist-packages/dynamixel_sdk/port_handler_mac.cpp
[5.626s] -- Symlinking: /home/evan/Documents/algo_gaze_project/install/dynamixel_sdk/local/lib/python3.10/dist-packages/dynamixel_sdk/port_handler_windows.cpp
[5.641s] -- Symlinking: /home/evan/Documents/algo_gaze_project/install/dynamixel_sdk/local/lib/python3.10/dist-packages/dynamixel_sdk/protocol1_packet_handler.cpp
[5.682s] -- Symlinking: /home/evan/Documents/algo_gaze_project/install/dynamixel_sdk/local/lib/python3.10/dist-packages/dynamixel_sdk/protocol1_packet_handler.py
[5.726s] -- Symlinking: /home/evan/Documents/algo_gaze_project/install/dynamixel_sdk/local/lib/python3.10/dist-packages/dynamixel_sdk/protocol2_packet_handler.cpp
[5.806s] -- Symlinking: /home/evan/Documents/algo_gaze_project/install/dynamixel_sdk/local/lib/python3.10/dist-packages/dynamixel_sdk/protocol2_packet_handler.py
[5.848s] -- Symlinking: /home/evan/Documents/algo_gaze_project/install/dynamixel_sdk/local/lib/python3.10/dist-packages/dynamixel_sdk/robotis_def.py
[5.920s] -- Symlinking: /home/evan/Documents/algo_gaze_project/install/dynamixel_sdk/share/dynamixel_sdk/environment/library_path.sh
[5.952s] -- Symlinking: /home/evan/Documents/algo_gaze_project/install/dynamixel_sdk/share/dynamixel_sdk/environment/library_path.dsv
[5.986s] -- Symlinking: /home/evan/Documents/algo_gaze_project/install/dynamixel_sdk/share/ament_index/resource_index/package_run_dependencies/dynamixel_sdk
[6.036s] -- Symlinking: /home/evan/Documents/algo_gaze_project/install/dynamixel_sdk/share/ament_index/resource_index/parent_prefix_path/dynamixel_sdk
[6.079s] -- Symlinking: /home/evan/Documents/algo_gaze_project/install/dynamixel_sdk/share/dynamixel_sdk/environment/ament_prefix_path.sh
[6.130s] -- Symlinking: /home/evan/Documents/algo_gaze_project/install/dynamixel_sdk/share/dynamixel_sdk/environment/ament_prefix_path.dsv
[6.169s] -- Symlinking: /home/evan/Documents/algo_gaze_project/install/dynamixel_sdk/share/dynamixel_sdk/environment/path.sh
[6.229s] -- Symlinking: /home/evan/Documents/algo_gaze_project/install/dynamixel_sdk/share/dynamixel_sdk/environment/path.dsv
[6.278s] -- Symlinking: /home/evan/Documents/algo_gaze_project/install/dynamixel_sdk/share/dynamixel_sdk/local_setup.bash
[6.315s] -- Symlinking: /home/evan/Documents/algo_gaze_project/install/dynamixel_sdk/share/dynamixel_sdk/local_setup.sh
[6.353s] -- Symlinking: /home/evan/Documents/algo_gaze_project/install/dynamixel_sdk/share/dynamixel_sdk/local_setup.zsh
[6.398s] -- Symlinking: /home/evan/Documents/algo_gaze_project/install/dynamixel_sdk/share/dynamixel_sdk/local_setup.dsv
[6.443s] -- Symlinking: /home/evan/Documents/algo_gaze_project/install/dynamixel_sdk/share/dynamixel_sdk/package.dsv
[6.494s] -- Symlinking: /home/evan/Documents/algo_gaze_project/install/dynamixel_sdk/share/ament_index/resource_index/packages/dynamixel_sdk
[6.583s] -- Symlinking: /home/evan/Documents/algo_gaze_project/install/dynamixel_sdk/share/dynamixel_sdk/cmake/ament_cmake_export_targets-extras.cmake
[6.617s] -- Symlinking: /home/evan/Documents/algo_gaze_project/install/dynamixel_sdk/share/dynamixel_sdk/cmake/ament_cmake_export_include_directories-extras.cmake
[6.692s] -- Symlinking: /home/evan/Documents/algo_gaze_project/install/dynamixel_sdk/share/dynamixel_sdk/cmake/ament_cmake_export_libraries-extras.cmake
[6.753s] -- Symlinking: /home/evan/Documents/algo_gaze_project/install/dynamixel_sdk/share/dynamixel_sdk/cmake/dynamixel_sdkConfig.cmake
[6.819s] -- Symlinking: /home/evan/Documents/algo_gaze_project/install/dynamixel_sdk/share/dynamixel_sdk/cmake/dynamixel_sdkConfig-version.cmake
[6.877s] -- Symlinking: /home/evan/Documents/algo_gaze_project/install/dynamixel_sdk/share/dynamixel_sdk/package.xml
[6.936s] -- Installing: /home/evan/Documents/algo_gaze_project/install/dynamixel_sdk/lib/libdynamixel_sdk.so
[7.384s] Listing '/home/evan/Documents/algo_gaze_project/install/dynamixel_sdk/local/lib/python3.10/dist-packages/dynamixel_sdk'...
[7.384s] Compiling '/home/evan/Documents/algo_gaze_project/install/dynamixel_sdk/local/lib/python3.10/dist-packages/dynamixel_sdk/__init__.py'...
[7.384s] Compiling '/home/evan/Documents/algo_gaze_project/install/dynamixel_sdk/local/lib/python3.10/dist-packages/dynamixel_sdk/group_bulk_read.py'...
[7.384s] Compiling '/home/evan/Documents/algo_gaze_project/install/dynamixel_sdk/local/lib/python3.10/dist-packages/dynamixel_sdk/group_bulk_write.py'...
[7.384s] Compiling '/home/evan/Documents/algo_gaze_project/install/dynamixel_sdk/local/lib/python3.10/dist-packages/dynamixel_sdk/group_sync_read.py'...
[7.384s] Compiling '/home/evan/Documents/algo_gaze_project/install/dynamixel_sdk/local/lib/python3.10/dist-packages/dynamixel_sdk/group_sync_write.py'...
[7.385s] Compiling '/home/evan/Documents/algo_gaze_project/install/dynamixel_sdk/local/lib/python3.10/dist-packages/dynamixel_sdk/packet_handler.py'...
[7.385s] Compiling '/home/evan/Documents/algo_gaze_project/install/dynamixel_sdk/local/lib/python3.10/dist-packages/dynamixel_sdk/port_handler.py'...
[7.385s] Compiling '/home/evan/Documents/algo_gaze_project/install/dynamixel_sdk/local/lib/python3.10/dist-packages/dynamixel_sdk/protocol1_packet_handler.py'...
[7.385s] Compiling '/home/evan/Documents/algo_gaze_project/install/dynamixel_sdk/local/lib/python3.10/dist-packages/dynamixel_sdk/protocol2_packet_handler.py'...
[7.385s] Compiling '/home/evan/Documents/algo_gaze_project/install/dynamixel_sdk/local/lib/python3.10/dist-packages/dynamixel_sdk/robotis_def.py'...
[7.438s] -- Installing: /home/evan/Documents/algo_gaze_project/install/dynamixel_sdk/share/dynamixel_sdk/cmake/dynamixel_sdkExport.cmake
[7.438s] -- Installing: /home/evan/Documents/algo_gaze_project/install/dynamixel_sdk/share/dynamixel_sdk/cmake/dynamixel_sdkExport-noconfig.cmake
[7.456s] Invoked command in '/home/evan/Documents/algo_gaze_project/build/dynamixel_sdk' returned '0': CMAKE_PREFIX_PATH=/opt/ros/humble /usr/bin/cmake --install /home/evan/Documents/algo_gaze_project/build/dynamixel_sdk
