-- The C compiler identification is GNU 11.4.0
-- The CXX compiler identification is GNU 11.4.0
-- Detecting C compiler ABI info
-- Detecting C compiler ABI info - done
-- Check for working C compiler: /usr/bin/cc - skipped
-- Detecting C compile features
-- Detecting C compile features - done
-- Detecting CXX compiler ABI info
-- Detecting CXX compiler ABI info - done
-- Check for working CXX compiler: /usr/bin/c++ - skipped
-- Detecting CXX compile features
-- Detecting CXX compile features - done
-- Found ament_cmake: 1.3.14 (/opt/ros/humble/share/ament_cmake/cmake)
-- Found Python3: /usr/bin/python3 (found version "3.10.12") found components: Interpreter 
-- Override CMake install command with custom implementation using symlinks instead of copying resources
-- Found std_msgs: 4.9.1 (/opt/ros/humble/share/std_msgs/cmake)
-- Found rosidl_generator_c: 3.1.8 (/opt/ros/humble/share/rosidl_generator_c/cmake)
-- Found rosidl_adapter: 3.1.8 (/opt/ros/humble/share/rosidl_adapter/cmake)
-- Found rosidl_generator_cpp: 3.1.8 (/opt/ros/humble/share/rosidl_generator_cpp/cmake)
-- Using all available rosidl_typesupport_c: rosidl_typesupport_fastrtps_c;rosidl_typesupport_introspection_c
-- Using all available rosidl_typesupport_cpp: rosidl_typesupport_fastrtps_cpp;rosidl_typesupport_introspection_cpp
-- Found sensor_msgs: 4.9.1 (/opt/ros/humble/share/sensor_msgs/cmake)
-- Found rosidl_default_generators: 1.2.1 (/opt/ros/humble/share/rosidl_default_generators/cmake)
-- Found ament_cmake_ros: 0.10.0 (/opt/ros/humble/share/ament_cmake_ros/cmake)
-- Using all available rosidl_typesupport_c: rosidl_typesupport_fastrtps_c;rosidl_typesupport_introspection_c
-- Using all available rosidl_typesupport_cpp: rosidl_typesupport_fastrtps_cpp;rosidl_typesupport_introspection_cpp
-- Found PythonInterp: /usr/bin/python3 (found suitable version "3.10.12", minimum required is "3.6") 
-- Found python_cmake_module: 0.10.0 (/opt/ros/humble/share/python_cmake_module/cmake)
-- Found PythonLibs: /usr/lib/x86_64-linux-gnu/libpython3.10.so (found suitable version "3.10.12", minimum required is "3.5") 
-- Using PYTHON_EXECUTABLE: /usr/bin/python3
-- Using PYTHON_INCLUDE_DIRS: /usr/include/python3.10
-- Using PYTHON_LIBRARIES: /usr/lib/x86_64-linux-gnu/libpython3.10.so
-- Found PythonExtra: .so  
-- Configuring done
-- Generating done
-- Build files have been written to: /home/evan/Documents/algo_gaze_project/build/robotis_controller_msgs
[  1%] [34m[1mGenerating C code for ROS interfaces[0m
[  2%] [34m[1mGenerating Rust code for ROS interfaces[0m
[  3%] [34m[1mGenerating C++ code for ROS interfaces[0m
[  3%] Built target ament_cmake_python_symlink_robotis_controller_msgs
running egg_info
creating robotis_controller_msgs.egg-info
writing robotis_controller_msgs.egg-info/PKG-INFO
writing dependency_links to robotis_controller_msgs.egg-info/dependency_links.txt
writing top-level names to robotis_controller_msgs.egg-info/top_level.txt
writing manifest file 'robotis_controller_msgs.egg-info/SOURCES.txt'
reading manifest file 'robotis_controller_msgs.egg-info/SOURCES.txt'
writing manifest file 'robotis_controller_msgs.egg-info/SOURCES.txt'
[  3%] Built target ament_cmake_python_build_robotis_controller_msgs_egg
[  3%] Built target robotis_controller_msgs__cpp
[  4%] [34m[1mGenerating C++ introspection for ROS interfaces[0m
[  5%] [34m[1mGenerating C++ type support for eProsima Fast-RTPS[0m
[  6%] [34m[1mGenerating C++ type support dispatch for ROS interfaces[0m
[  6%] Built target robotis_controller_msgs__rs
[  7%] [32mBuilding CXX object CMakeFiles/robotis_controller_msgs__rosidl_typesupport_cpp.dir/rosidl_typesupport_cpp/robotis_controller_msgs/msg/sync_write_item__type_support.cpp.o[0m
[  9%] [32mBuilding CXX object CMakeFiles/robotis_controller_msgs__rosidl_typesupport_fastrtps_cpp.dir/rosidl_typesupport_fastrtps_cpp/robotis_controller_msgs/msg/detail/dds_fastrtps/sync_write_item__type_support.cpp.o[0m
[ 10%] [32mBuilding C object CMakeFiles/robotis_controller_msgs__rosidl_generator_c.dir/rosidl_generator_c/robotis_controller_msgs/msg/detail/sync_write_item__functions.c.o[0m
[ 11%] [32mBuilding C object CMakeFiles/robotis_controller_msgs__rosidl_generator_c.dir/rosidl_generator_c/robotis_controller_msgs/msg/detail/joint_ctrl_module__functions.c.o[0m
[ 12%] [32mBuilding CXX object CMakeFiles/robotis_controller_msgs__rosidl_typesupport_introspection_cpp.dir/rosidl_typesupport_introspection_cpp/robotis_controller_msgs/msg/detail/sync_write_item__type_support.cpp.o[0m
[ 13%] [32mBuilding C object CMakeFiles/robotis_controller_msgs__rosidl_generator_c.dir/rosidl_generator_c/robotis_controller_msgs/msg/detail/status_msg__functions.c.o[0m
[ 14%] [32mBuilding C object CMakeFiles/robotis_controller_msgs__rosidl_generator_c.dir/rosidl_generator_c/robotis_controller_msgs/msg/detail/write_control_table__functions.c.o[0m
[ 15%] [32mBuilding C object CMakeFiles/robotis_controller_msgs__rosidl_generator_c.dir/rosidl_generator_c/robotis_controller_msgs/srv/detail/get_joint_module__functions.c.o[0m
[ 17%] [32mBuilding C object CMakeFiles/robotis_controller_msgs__rosidl_generator_c.dir/rosidl_generator_c/robotis_controller_msgs/srv/detail/set_joint_module__functions.c.o[0m
[ 18%] [32mBuilding CXX object CMakeFiles/robotis_controller_msgs__rosidl_typesupport_cpp.dir/rosidl_typesupport_cpp/robotis_controller_msgs/srv/load_offset__type_support.cpp.o[0m
[ 19%] [32mBuilding C object CMakeFiles/robotis_controller_msgs__rosidl_generator_c.dir/rosidl_generator_c/robotis_controller_msgs/srv/detail/set_module__functions.c.o[0m
[ 20%] [32mBuilding C object CMakeFiles/robotis_controller_msgs__rosidl_generator_c.dir/rosidl_generator_c/robotis_controller_msgs/srv/detail/load_offset__functions.c.o[0m
[ 21%] [32m[1mLinking C shared library librobotis_controller_msgs__rosidl_generator_c.so[0m
[ 21%] Built target robotis_controller_msgs__rosidl_generator_c
[ 22%] [32mBuilding CXX object CMakeFiles/robotis_controller_msgs__rosidl_typesupport_introspection_cpp.dir/rosidl_typesupport_introspection_cpp/robotis_controller_msgs/msg/detail/joint_ctrl_module__type_support.cpp.o[0m
[ 23%] [32mBuilding CXX object CMakeFiles/robotis_controller_msgs__rosidl_typesupport_cpp.dir/rosidl_typesupport_cpp/robotis_controller_msgs/srv/set_module__type_support.cpp.o[0m
[ 25%] [32mBuilding CXX object CMakeFiles/robotis_controller_msgs__rosidl_typesupport_fastrtps_cpp.dir/rosidl_typesupport_fastrtps_cpp/robotis_controller_msgs/srv/detail/dds_fastrtps/get_joint_module__type_support.cpp.o[0m
[ 26%] [32mBuilding CXX object CMakeFiles/robotis_controller_msgs__rosidl_typesupport_cpp.dir/rosidl_typesupport_cpp/robotis_controller_msgs/srv/set_joint_module__type_support.cpp.o[0m
[ 27%] [32mBuilding CXX object CMakeFiles/robotis_controller_msgs__rosidl_typesupport_cpp.dir/rosidl_typesupport_cpp/robotis_controller_msgs/srv/get_joint_module__type_support.cpp.o[0m
[ 28%] [32mBuilding CXX object CMakeFiles/robotis_controller_msgs__rosidl_typesupport_introspection_cpp.dir/rosidl_typesupport_introspection_cpp/robotis_controller_msgs/msg/detail/write_control_table__type_support.cpp.o[0m
[ 29%] [32mBuilding CXX object CMakeFiles/robotis_controller_msgs__rosidl_typesupport_fastrtps_cpp.dir/rosidl_typesupport_fastrtps_cpp/robotis_controller_msgs/msg/detail/dds_fastrtps/write_control_table__type_support.cpp.o[0m
[ 30%] [32mBuilding CXX object CMakeFiles/robotis_controller_msgs__rosidl_typesupport_cpp.dir/rosidl_typesupport_cpp/robotis_controller_msgs/msg/write_control_table__type_support.cpp.o[0m
[ 31%] [32mBuilding CXX object CMakeFiles/robotis_controller_msgs__rosidl_typesupport_cpp.dir/rosidl_typesupport_cpp/robotis_controller_msgs/msg/status_msg__type_support.cpp.o[0m
[ 32%] [32mBuilding CXX object CMakeFiles/robotis_controller_msgs__rosidl_typesupport_introspection_cpp.dir/rosidl_typesupport_introspection_cpp/robotis_controller_msgs/srv/detail/get_joint_module__type_support.cpp.o[0m
[ 34%] [32mBuilding CXX object CMakeFiles/robotis_controller_msgs__rosidl_typesupport_fastrtps_cpp.dir/rosidl_typesupport_fastrtps_cpp/robotis_controller_msgs/srv/detail/dds_fastrtps/set_module__type_support.cpp.o[0m
[ 35%] [32mBuilding CXX object CMakeFiles/robotis_controller_msgs__rosidl_typesupport_cpp.dir/rosidl_typesupport_cpp/robotis_controller_msgs/msg/joint_ctrl_module__type_support.cpp.o[0m
[ 36%] [32mBuilding CXX object CMakeFiles/robotis_controller_msgs__rosidl_typesupport_fastrtps_cpp.dir/rosidl_typesupport_fastrtps_cpp/robotis_controller_msgs/srv/detail/dds_fastrtps/set_joint_module__type_support.cpp.o[0m
[ 37%] [32mBuilding CXX object CMakeFiles/robotis_controller_msgs__rosidl_typesupport_introspection_cpp.dir/rosidl_typesupport_introspection_cpp/robotis_controller_msgs/srv/detail/load_offset__type_support.cpp.o[0m
[ 38%] [32m[1mLinking CXX shared library librobotis_controller_msgs__rosidl_typesupport_cpp.so[0m
[ 38%] Built target robotis_controller_msgs__rosidl_typesupport_cpp
[ 39%] [32mBuilding CXX object CMakeFiles/robotis_controller_msgs__rosidl_typesupport_fastrtps_cpp.dir/rosidl_typesupport_fastrtps_cpp/robotis_controller_msgs/srv/detail/dds_fastrtps/load_offset__type_support.cpp.o[0m
[ 40%] [32mBuilding CXX object CMakeFiles/robotis_controller_msgs__rosidl_typesupport_introspection_cpp.dir/rosidl_typesupport_introspection_cpp/robotis_controller_msgs/srv/detail/set_module__type_support.cpp.o[0m
[ 42%] [32mBuilding CXX object CMakeFiles/robotis_controller_msgs__rosidl_typesupport_fastrtps_cpp.dir/rosidl_typesupport_fastrtps_cpp/robotis_controller_msgs/msg/detail/dds_fastrtps/status_msg__type_support.cpp.o[0m
[ 43%] [32mBuilding CXX object CMakeFiles/robotis_controller_msgs__rosidl_typesupport_introspection_cpp.dir/rosidl_typesupport_introspection_cpp/robotis_controller_msgs/srv/detail/set_joint_module__type_support.cpp.o[0m
[ 44%] [32mBuilding CXX object CMakeFiles/robotis_controller_msgs__rosidl_typesupport_fastrtps_cpp.dir/rosidl_typesupport_fastrtps_cpp/robotis_controller_msgs/msg/detail/dds_fastrtps/joint_ctrl_module__type_support.cpp.o[0m
[ 45%] [32mBuilding CXX object CMakeFiles/robotis_controller_msgs__rosidl_typesupport_introspection_cpp.dir/rosidl_typesupport_introspection_cpp/robotis_controller_msgs/msg/detail/status_msg__type_support.cpp.o[0m
[ 46%] [32m[1mLinking CXX shared library librobotis_controller_msgs__rosidl_typesupport_fastrtps_cpp.so[0m
[ 47%] [32m[1mLinking CXX shared library librobotis_controller_msgs__rosidl_typesupport_introspection_cpp.so[0m
[ 47%] Built target robotis_controller_msgs__rosidl_typesupport_fastrtps_cpp
[ 47%] Built target robotis_controller_msgs__rosidl_typesupport_introspection_cpp
[ 48%] [34m[1mGenerating C type support dispatch for ROS interfaces[0m
[ 50%] [32mBuilding CXX object CMakeFiles/robotis_controller_msgs__rosidl_typesupport_c.dir/rosidl_typesupport_c/robotis_controller_msgs/msg/sync_write_item__type_support.cpp.o[0m
[ 51%] [32mBuilding CXX object CMakeFiles/robotis_controller_msgs__rosidl_typesupport_c.dir/rosidl_typesupport_c/robotis_controller_msgs/srv/load_offset__type_support.cpp.o[0m
[ 52%] [32mBuilding CXX object CMakeFiles/robotis_controller_msgs__rosidl_typesupport_c.dir/rosidl_typesupport_c/robotis_controller_msgs/srv/set_module__type_support.cpp.o[0m
[ 53%] [32mBuilding CXX object CMakeFiles/robotis_controller_msgs__rosidl_typesupport_c.dir/rosidl_typesupport_c/robotis_controller_msgs/srv/set_joint_module__type_support.cpp.o[0m
[ 54%] [32mBuilding CXX object CMakeFiles/robotis_controller_msgs__rosidl_typesupport_c.dir/rosidl_typesupport_c/robotis_controller_msgs/srv/get_joint_module__type_support.cpp.o[0m
[ 55%] [32mBuilding CXX object CMakeFiles/robotis_controller_msgs__rosidl_typesupport_c.dir/rosidl_typesupport_c/robotis_controller_msgs/msg/write_control_table__type_support.cpp.o[0m
[ 56%] [32mBuilding CXX object CMakeFiles/robotis_controller_msgs__rosidl_typesupport_c.dir/rosidl_typesupport_c/robotis_controller_msgs/msg/status_msg__type_support.cpp.o[0m
[ 57%] [32mBuilding CXX object CMakeFiles/robotis_controller_msgs__rosidl_typesupport_c.dir/rosidl_typesupport_c/robotis_controller_msgs/msg/joint_ctrl_module__type_support.cpp.o[0m
[ 59%] [32m[1mLinking CXX shared library librobotis_controller_msgs__rosidl_typesupport_c.so[0m
[ 59%] Built target robotis_controller_msgs__rosidl_typesupport_c
[ 60%] [34m[1mGenerating C introspection for ROS interfaces[0m
[ 61%] [32mBuilding C object CMakeFiles/robotis_controller_msgs__rosidl_typesupport_introspection_c.dir/rosidl_typesupport_introspection_c/robotis_controller_msgs/msg/detail/sync_write_item__type_support.c.o[0m
[ 62%] [32mBuilding C object CMakeFiles/robotis_controller_msgs__rosidl_typesupport_introspection_c.dir/rosidl_typesupport_introspection_c/robotis_controller_msgs/srv/detail/load_offset__type_support.c.o[0m
[ 63%] [32mBuilding C object CMakeFiles/robotis_controller_msgs__rosidl_typesupport_introspection_c.dir/rosidl_typesupport_introspection_c/robotis_controller_msgs/srv/detail/set_module__type_support.c.o[0m
[ 64%] [32mBuilding C object CMakeFiles/robotis_controller_msgs__rosidl_typesupport_introspection_c.dir/rosidl_typesupport_introspection_c/robotis_controller_msgs/srv/detail/set_joint_module__type_support.c.o[0m
[ 65%] [32mBuilding C object CMakeFiles/robotis_controller_msgs__rosidl_typesupport_introspection_c.dir/rosidl_typesupport_introspection_c/robotis_controller_msgs/srv/detail/get_joint_module__type_support.c.o[0m
[ 67%] [32mBuilding C object CMakeFiles/robotis_controller_msgs__rosidl_typesupport_introspection_c.dir/rosidl_typesupport_introspection_c/robotis_controller_msgs/msg/detail/write_control_table__type_support.c.o[0m
[ 68%] [32mBuilding C object CMakeFiles/robotis_controller_msgs__rosidl_typesupport_introspection_c.dir/rosidl_typesupport_introspection_c/robotis_controller_msgs/msg/detail/status_msg__type_support.c.o[0m
[ 69%] [32mBuilding C object CMakeFiles/robotis_controller_msgs__rosidl_typesupport_introspection_c.dir/rosidl_typesupport_introspection_c/robotis_controller_msgs/msg/detail/joint_ctrl_module__type_support.c.o[0m
[ 70%] [32m[1mLinking C shared library librobotis_controller_msgs__rosidl_typesupport_introspection_c.so[0m
[ 70%] Built target robotis_controller_msgs__rosidl_typesupport_introspection_c
[ 71%] [34m[1mGenerating C type support for eProsima Fast-RTPS[0m
[ 72%] [32mBuilding CXX object CMakeFiles/robotis_controller_msgs__rosidl_typesupport_fastrtps_c.dir/rosidl_typesupport_fastrtps_c/robotis_controller_msgs/msg/detail/sync_write_item__type_support_c.cpp.o[0m
[ 73%] [32mBuilding CXX object CMakeFiles/robotis_controller_msgs__rosidl_typesupport_fastrtps_c.dir/rosidl_typesupport_fastrtps_c/robotis_controller_msgs/srv/detail/load_offset__type_support_c.cpp.o[0m
[ 75%] [32mBuilding CXX object CMakeFiles/robotis_controller_msgs__rosidl_typesupport_fastrtps_c.dir/rosidl_typesupport_fastrtps_c/robotis_controller_msgs/srv/detail/set_module__type_support_c.cpp.o[0m
[ 76%] [32mBuilding CXX object CMakeFiles/robotis_controller_msgs__rosidl_typesupport_fastrtps_c.dir/rosidl_typesupport_fastrtps_c/robotis_controller_msgs/srv/detail/set_joint_module__type_support_c.cpp.o[0m
[ 77%] [32mBuilding CXX object CMakeFiles/robotis_controller_msgs__rosidl_typesupport_fastrtps_c.dir/rosidl_typesupport_fastrtps_c/robotis_controller_msgs/srv/detail/get_joint_module__type_support_c.cpp.o[0m
[ 78%] [32mBuilding CXX object CMakeFiles/robotis_controller_msgs__rosidl_typesupport_fastrtps_c.dir/rosidl_typesupport_fastrtps_c/robotis_controller_msgs/msg/detail/write_control_table__type_support_c.cpp.o[0m
[ 79%] [32mBuilding CXX object CMakeFiles/robotis_controller_msgs__rosidl_typesupport_fastrtps_c.dir/rosidl_typesupport_fastrtps_c/robotis_controller_msgs/msg/detail/status_msg__type_support_c.cpp.o[0m
[ 80%] [32mBuilding CXX object CMakeFiles/robotis_controller_msgs__rosidl_typesupport_fastrtps_c.dir/rosidl_typesupport_fastrtps_c/robotis_controller_msgs/msg/detail/joint_ctrl_module__type_support_c.cpp.o[0m
[ 81%] [32m[1mLinking CXX shared library librobotis_controller_msgs__rosidl_typesupport_fastrtps_c.so[0m
[ 81%] Built target robotis_controller_msgs__rosidl_typesupport_fastrtps_c
[ 81%] Built target robotis_controller_msgs
[ 82%] [34m[1mGenerating Python code for ROS interfaces[0m
[ 82%] Built target robotis_controller_msgs__py
[ 84%] [32mBuilding C object CMakeFiles/robotis_controller_msgs__rosidl_generator_py.dir/rosidl_generator_py/robotis_controller_msgs/msg/_sync_write_item_s.c.o[0m
[ 85%] [32mBuilding C object CMakeFiles/robotis_controller_msgs__rosidl_generator_py.dir/rosidl_generator_py/robotis_controller_msgs/srv/_load_offset_s.c.o[0m
[ 86%] [32mBuilding C object CMakeFiles/robotis_controller_msgs__rosidl_generator_py.dir/rosidl_generator_py/robotis_controller_msgs/srv/_set_module_s.c.o[0m
[ 87%] [32mBuilding C object CMakeFiles/robotis_controller_msgs__rosidl_generator_py.dir/rosidl_generator_py/robotis_controller_msgs/srv/_set_joint_module_s.c.o[0m
[ 88%] [32mBuilding C object CMakeFiles/robotis_controller_msgs__rosidl_generator_py.dir/rosidl_generator_py/robotis_controller_msgs/srv/_get_joint_module_s.c.o[0m
[ 89%] [32mBuilding C object CMakeFiles/robotis_controller_msgs__rosidl_generator_py.dir/rosidl_generator_py/robotis_controller_msgs/msg/_write_control_table_s.c.o[0m
[ 90%] [32mBuilding C object CMakeFiles/robotis_controller_msgs__rosidl_generator_py.dir/rosidl_generator_py/robotis_controller_msgs/msg/_status_msg_s.c.o[0m
[ 92%] [32mBuilding C object CMakeFiles/robotis_controller_msgs__rosidl_generator_py.dir/rosidl_generator_py/robotis_controller_msgs/msg/_joint_ctrl_module_s.c.o[0m
[ 93%] [32m[1mLinking C shared library rosidl_generator_py/robotis_controller_msgs/librobotis_controller_msgs__rosidl_generator_py.so[0m
[ 93%] Built target robotis_controller_msgs__rosidl_generator_py
[ 94%] [32mBuilding C object CMakeFiles/robotis_controller_msgs__rosidl_typesupport_fastrtps_c__pyext.dir/rosidl_generator_py/robotis_controller_msgs/_robotis_controller_msgs_s.ep.rosidl_typesupport_fastrtps_c.c.o[0m
[ 95%] [32m[1mLinking C shared library rosidl_generator_py/robotis_controller_msgs/robotis_controller_msgs_s__rosidl_typesupport_fastrtps_c.cpython-310-x86_64-linux-gnu.so[0m
[ 95%] Built target robotis_controller_msgs__rosidl_typesupport_fastrtps_c__pyext
[ 96%] [32mBuilding C object CMakeFiles/robotis_controller_msgs__rosidl_typesupport_c__pyext.dir/rosidl_generator_py/robotis_controller_msgs/_robotis_controller_msgs_s.ep.rosidl_typesupport_c.c.o[0m
[ 97%] [32m[1mLinking C shared library rosidl_generator_py/robotis_controller_msgs/robotis_controller_msgs_s__rosidl_typesupport_c.cpython-310-x86_64-linux-gnu.so[0m
[ 97%] Built target robotis_controller_msgs__rosidl_typesupport_c__pyext
[ 98%] [32mBuilding C object CMakeFiles/robotis_controller_msgs__rosidl_typesupport_introspection_c__pyext.dir/rosidl_generator_py/robotis_controller_msgs/_robotis_controller_msgs_s.ep.rosidl_typesupport_introspection_c.c.o[0m
[100%] [32m[1mLinking C shared library rosidl_generator_py/robotis_controller_msgs/robotis_controller_msgs_s__rosidl_typesupport_introspection_c.cpython-310-x86_64-linux-gnu.so[0m
[100%] Built target robotis_controller_msgs__rosidl_typesupport_introspection_c__pyext
