[0.035s] Invoking command in '/home/evan/Documents/algo_gaze_project/build/robotis_controller_msgs': CMAKE_PREFIX_PATH=/opt/ros/humble /usr/bin/cmake /home/evan/Documents/algo_gaze_project/ROBOTIS-Framework-msgs/robotis_controller_msgs -DAMENT_CMAKE_SYMLINK_INSTALL=1 -DCMAKE_INSTALL_PREFIX=/home/evan/Documents/algo_gaze_project/install/robotis_controller_msgs
[0.095s] -- The C compiler identification is GNU 11.4.0
[0.182s] -- The CXX compiler identification is GNU 11.4.0
[0.190s] -- Detecting C compiler ABI info
[0.276s] -- Detecting C compiler ABI info - done
[0.295s] -- Check for working C compiler: /usr/bin/cc - skipped
[0.296s] -- Detecting C compile features
[0.297s] -- Detecting C compile features - done
[0.304s] -- Detecting CXX compiler ABI info
[0.403s] -- Detecting CXX compiler ABI info - done
[0.413s] -- Check for working CXX compiler: /usr/bin/c++ - skipped
[0.414s] -- Detecting CXX compile features
[0.414s] -- Detecting CXX compile features - done
[0.419s] -- Found ament_cmake: 1.3.14 (/opt/ros/humble/share/ament_cmake/cmake)
[0.637s] -- Found Python3: /usr/bin/python3 (found version "3.10.12") found components: Interpreter 
[0.725s] -- Override CMake install command with custom implementation using symlinks instead of copying resources
[0.754s] -- Found std_msgs: 4.9.1 (/opt/ros/humble/share/std_msgs/cmake)
[0.793s] -- Found rosidl_generator_c: 3.1.8 (/opt/ros/humble/share/rosidl_generator_c/cmake)
[0.800s] -- Found rosidl_adapter: 3.1.8 (/opt/ros/humble/share/rosidl_adapter/cmake)
[0.809s] -- Found rosidl_generator_cpp: 3.1.8 (/opt/ros/humble/share/rosidl_generator_cpp/cmake)
[0.823s] -- Using all available rosidl_typesupport_c: rosidl_typesupport_fastrtps_c;rosidl_typesupport_introspection_c
[0.842s] -- Using all available rosidl_typesupport_cpp: rosidl_typesupport_fastrtps_cpp;rosidl_typesupport_introspection_cpp
[0.873s] -- Found sensor_msgs: 4.9.1 (/opt/ros/humble/share/sensor_msgs/cmake)
[0.909s] -- Found rosidl_default_generators: 1.2.1 (/opt/ros/humble/share/rosidl_default_generators/cmake)
[1.519s] -- Found ament_cmake_ros: 0.10.0 (/opt/ros/humble/share/ament_cmake_ros/cmake)
[3.095s] -- Using all available rosidl_typesupport_c: rosidl_typesupport_fastrtps_c;rosidl_typesupport_introspection_c
[3.791s] -- Using all available rosidl_typesupport_cpp: rosidl_typesupport_fastrtps_cpp;rosidl_typesupport_introspection_cpp
[3.870s] -- Found PythonInterp: /usr/bin/python3 (found suitable version "3.10.12", minimum required is "3.6") 
[3.870s] -- Found python_cmake_module: 0.10.0 (/opt/ros/humble/share/python_cmake_module/cmake)
[3.920s] -- Found PythonLibs: /usr/lib/x86_64-linux-gnu/libpython3.10.so (found suitable version "3.10.12", minimum required is "3.5") 
[3.920s] -- Using PYTHON_EXECUTABLE: /usr/bin/python3
[3.920s] -- Using PYTHON_INCLUDE_DIRS: /usr/include/python3.10
[3.920s] -- Using PYTHON_LIBRARIES: /usr/lib/x86_64-linux-gnu/libpython3.10.so
[3.961s] -- Found PythonExtra: .so  
[4.910s] -- Configuring done
[5.117s] -- Generating done
[5.216s] -- Build files have been written to: /home/evan/Documents/algo_gaze_project/build/robotis_controller_msgs
[5.337s] Invoked command in '/home/evan/Documents/algo_gaze_project/build/robotis_controller_msgs' returned '0': CMAKE_PREFIX_PATH=/opt/ros/humble /usr/bin/cmake /home/evan/Documents/algo_gaze_project/ROBOTIS-Framework-msgs/robotis_controller_msgs -DAMENT_CMAKE_SYMLINK_INSTALL=1 -DCMAKE_INSTALL_PREFIX=/home/evan/Documents/algo_gaze_project/install/robotis_controller_msgs
[5.337s] Invoking command in '/home/evan/Documents/algo_gaze_project/build/robotis_controller_msgs': CMAKE_PREFIX_PATH=/opt/ros/humble /usr/bin/cmake --build /home/evan/Documents/algo_gaze_project/build/robotis_controller_msgs -- -j12 -l12
[18.859s] [  1%] [34m[1mGenerating C code for ROS interfaces[0m
[18.859s] [  2%] [34m[1mGenerating Rust code for ROS interfaces[0m
[18.859s] [  3%] [34m[1mGenerating C++ code for ROS interfaces[0m
[18.859s] [  3%] Built target ament_cmake_python_symlink_robotis_controller_msgs
[18.859s] running egg_info
[18.859s] creating robotis_controller_msgs.egg-info
[18.859s] writing robotis_controller_msgs.egg-info/PKG-INFO
[18.859s] writing dependency_links to robotis_controller_msgs.egg-info/dependency_links.txt
[18.859s] writing top-level names to robotis_controller_msgs.egg-info/top_level.txt
[18.859s] writing manifest file 'robotis_controller_msgs.egg-info/SOURCES.txt'
[18.860s] reading manifest file 'robotis_controller_msgs.egg-info/SOURCES.txt'
[18.860s] writing manifest file 'robotis_controller_msgs.egg-info/SOURCES.txt'
[18.860s] [  3%] Built target ament_cmake_python_build_robotis_controller_msgs_egg
[18.860s] [  3%] Built target robotis_controller_msgs__cpp
[18.860s] [  4%] [34m[1mGenerating C++ introspection for ROS interfaces[0m
[18.860s] [  5%] [34m[1mGenerating C++ type support for eProsima Fast-RTPS[0m
[18.860s] [  6%] [34m[1mGenerating C++ type support dispatch for ROS interfaces[0m
[18.860s] [  6%] Built target robotis_controller_msgs__rs
[18.860s] [  7%] [32mBuilding CXX object CMakeFiles/robotis_controller_msgs__rosidl_typesupport_cpp.dir/rosidl_typesupport_cpp/robotis_controller_msgs/msg/sync_write_item__type_support.cpp.o[0m
[18.860s] [  9%] [32mBuilding CXX object CMakeFiles/robotis_controller_msgs__rosidl_typesupport_fastrtps_cpp.dir/rosidl_typesupport_fastrtps_cpp/robotis_controller_msgs/msg/detail/dds_fastrtps/sync_write_item__type_support.cpp.o[0m
[18.860s] [ 10%] [32mBuilding C object CMakeFiles/robotis_controller_msgs__rosidl_generator_c.dir/rosidl_generator_c/robotis_controller_msgs/msg/detail/sync_write_item__functions.c.o[0m
[18.860s] [ 11%] [32mBuilding C object CMakeFiles/robotis_controller_msgs__rosidl_generator_c.dir/rosidl_generator_c/robotis_controller_msgs/msg/detail/joint_ctrl_module__functions.c.o[0m
[18.860s] [ 12%] [32mBuilding CXX object CMakeFiles/robotis_controller_msgs__rosidl_typesupport_introspection_cpp.dir/rosidl_typesupport_introspection_cpp/robotis_controller_msgs/msg/detail/sync_write_item__type_support.cpp.o[0m
[18.860s] [ 13%] [32mBuilding C object CMakeFiles/robotis_controller_msgs__rosidl_generator_c.dir/rosidl_generator_c/robotis_controller_msgs/msg/detail/status_msg__functions.c.o[0m
[18.860s] [ 14%] [32mBuilding C object CMakeFiles/robotis_controller_msgs__rosidl_generator_c.dir/rosidl_generator_c/robotis_controller_msgs/msg/detail/write_control_table__functions.c.o[0m
[18.860s] [ 15%] [32mBuilding C object CMakeFiles/robotis_controller_msgs__rosidl_generator_c.dir/rosidl_generator_c/robotis_controller_msgs/srv/detail/get_joint_module__functions.c.o[0m
[18.860s] [ 17%] [32mBuilding C object CMakeFiles/robotis_controller_msgs__rosidl_generator_c.dir/rosidl_generator_c/robotis_controller_msgs/srv/detail/set_joint_module__functions.c.o[0m
[18.861s] [ 18%] [32mBuilding CXX object CMakeFiles/robotis_controller_msgs__rosidl_typesupport_cpp.dir/rosidl_typesupport_cpp/robotis_controller_msgs/srv/load_offset__type_support.cpp.o[0m
[18.861s] [ 19%] [32mBuilding C object CMakeFiles/robotis_controller_msgs__rosidl_generator_c.dir/rosidl_generator_c/robotis_controller_msgs/srv/detail/set_module__functions.c.o[0m
[18.861s] [ 20%] [32mBuilding C object CMakeFiles/robotis_controller_msgs__rosidl_generator_c.dir/rosidl_generator_c/robotis_controller_msgs/srv/detail/load_offset__functions.c.o[0m
[18.861s] [ 21%] [32m[1mLinking C shared library librobotis_controller_msgs__rosidl_generator_c.so[0m
[18.861s] [ 21%] Built target robotis_controller_msgs__rosidl_generator_c
[18.861s] [ 22%] [32mBuilding CXX object CMakeFiles/robotis_controller_msgs__rosidl_typesupport_introspection_cpp.dir/rosidl_typesupport_introspection_cpp/robotis_controller_msgs/msg/detail/joint_ctrl_module__type_support.cpp.o[0m
[18.861s] [ 23%] [32mBuilding CXX object CMakeFiles/robotis_controller_msgs__rosidl_typesupport_cpp.dir/rosidl_typesupport_cpp/robotis_controller_msgs/srv/set_module__type_support.cpp.o[0m
[18.861s] [ 25%] [32mBuilding CXX object CMakeFiles/robotis_controller_msgs__rosidl_typesupport_fastrtps_cpp.dir/rosidl_typesupport_fastrtps_cpp/robotis_controller_msgs/srv/detail/dds_fastrtps/get_joint_module__type_support.cpp.o[0m
[18.861s] [ 26%] [32mBuilding CXX object CMakeFiles/robotis_controller_msgs__rosidl_typesupport_cpp.dir/rosidl_typesupport_cpp/robotis_controller_msgs/srv/set_joint_module__type_support.cpp.o[0m
[18.861s] [ 27%] [32mBuilding CXX object CMakeFiles/robotis_controller_msgs__rosidl_typesupport_cpp.dir/rosidl_typesupport_cpp/robotis_controller_msgs/srv/get_joint_module__type_support.cpp.o[0m
[18.861s] [ 28%] [32mBuilding CXX object CMakeFiles/robotis_controller_msgs__rosidl_typesupport_introspection_cpp.dir/rosidl_typesupport_introspection_cpp/robotis_controller_msgs/msg/detail/write_control_table__type_support.cpp.o[0m
[18.861s] [ 29%] [32mBuilding CXX object CMakeFiles/robotis_controller_msgs__rosidl_typesupport_fastrtps_cpp.dir/rosidl_typesupport_fastrtps_cpp/robotis_controller_msgs/msg/detail/dds_fastrtps/write_control_table__type_support.cpp.o[0m
[18.861s] [ 30%] [32mBuilding CXX object CMakeFiles/robotis_controller_msgs__rosidl_typesupport_cpp.dir/rosidl_typesupport_cpp/robotis_controller_msgs/msg/write_control_table__type_support.cpp.o[0m
[19.245s] [ 31%] [32mBuilding CXX object CMakeFiles/robotis_controller_msgs__rosidl_typesupport_cpp.dir/rosidl_typesupport_cpp/robotis_controller_msgs/msg/status_msg__type_support.cpp.o[0m
[19.338s] [ 32%] [32mBuilding CXX object CMakeFiles/robotis_controller_msgs__rosidl_typesupport_introspection_cpp.dir/rosidl_typesupport_introspection_cpp/robotis_controller_msgs/srv/detail/get_joint_module__type_support.cpp.o[0m
[19.359s] [ 34%] [32mBuilding CXX object CMakeFiles/robotis_controller_msgs__rosidl_typesupport_fastrtps_cpp.dir/rosidl_typesupport_fastrtps_cpp/robotis_controller_msgs/srv/detail/dds_fastrtps/set_module__type_support.cpp.o[0m
[19.885s] [ 35%] [32mBuilding CXX object CMakeFiles/robotis_controller_msgs__rosidl_typesupport_cpp.dir/rosidl_typesupport_cpp/robotis_controller_msgs/msg/joint_ctrl_module__type_support.cpp.o[0m
[20.289s] [ 36%] [32mBuilding CXX object CMakeFiles/robotis_controller_msgs__rosidl_typesupport_fastrtps_cpp.dir/rosidl_typesupport_fastrtps_cpp/robotis_controller_msgs/srv/detail/dds_fastrtps/set_joint_module__type_support.cpp.o[0m
[20.516s] [ 37%] [32mBuilding CXX object CMakeFiles/robotis_controller_msgs__rosidl_typesupport_introspection_cpp.dir/rosidl_typesupport_introspection_cpp/robotis_controller_msgs/srv/detail/load_offset__type_support.cpp.o[0m
[20.724s] [ 38%] [32m[1mLinking CXX shared library librobotis_controller_msgs__rosidl_typesupport_cpp.so[0m
[20.839s] [ 38%] Built target robotis_controller_msgs__rosidl_typesupport_cpp
[21.083s] [ 39%] [32mBuilding CXX object CMakeFiles/robotis_controller_msgs__rosidl_typesupport_fastrtps_cpp.dir/rosidl_typesupport_fastrtps_cpp/robotis_controller_msgs/srv/detail/dds_fastrtps/load_offset__type_support.cpp.o[0m
[21.339s] [ 40%] [32mBuilding CXX object CMakeFiles/robotis_controller_msgs__rosidl_typesupport_introspection_cpp.dir/rosidl_typesupport_introspection_cpp/robotis_controller_msgs/srv/detail/set_module__type_support.cpp.o[0m
[21.807s] [ 42%] [32mBuilding CXX object CMakeFiles/robotis_controller_msgs__rosidl_typesupport_fastrtps_cpp.dir/rosidl_typesupport_fastrtps_cpp/robotis_controller_msgs/msg/detail/dds_fastrtps/status_msg__type_support.cpp.o[0m
[22.041s] [ 43%] [32mBuilding CXX object CMakeFiles/robotis_controller_msgs__rosidl_typesupport_introspection_cpp.dir/rosidl_typesupport_introspection_cpp/robotis_controller_msgs/srv/detail/set_joint_module__type_support.cpp.o[0m
[22.464s] [ 44%] [32mBuilding CXX object CMakeFiles/robotis_controller_msgs__rosidl_typesupport_fastrtps_cpp.dir/rosidl_typesupport_fastrtps_cpp/robotis_controller_msgs/msg/detail/dds_fastrtps/joint_ctrl_module__type_support.cpp.o[0m
[22.772s] [ 45%] [32mBuilding CXX object CMakeFiles/robotis_controller_msgs__rosidl_typesupport_introspection_cpp.dir/rosidl_typesupport_introspection_cpp/robotis_controller_msgs/msg/detail/status_msg__type_support.cpp.o[0m
[23.216s] [ 46%] [32m[1mLinking CXX shared library librobotis_controller_msgs__rosidl_typesupport_fastrtps_cpp.so[0m
[23.326s] [ 47%] [32m[1mLinking CXX shared library librobotis_controller_msgs__rosidl_typesupport_introspection_cpp.so[0m
[23.406s] [ 47%] Built target robotis_controller_msgs__rosidl_typesupport_fastrtps_cpp
[23.512s] [ 47%] Built target robotis_controller_msgs__rosidl_typesupport_introspection_cpp
[23.532s] [ 48%] [34m[1mGenerating C type support dispatch for ROS interfaces[0m
[24.451s] [ 50%] [32mBuilding CXX object CMakeFiles/robotis_controller_msgs__rosidl_typesupport_c.dir/rosidl_typesupport_c/robotis_controller_msgs/msg/sync_write_item__type_support.cpp.o[0m
[24.496s] [ 51%] [32mBuilding CXX object CMakeFiles/robotis_controller_msgs__rosidl_typesupport_c.dir/rosidl_typesupport_c/robotis_controller_msgs/srv/load_offset__type_support.cpp.o[0m
[24.591s] [ 52%] [32mBuilding CXX object CMakeFiles/robotis_controller_msgs__rosidl_typesupport_c.dir/rosidl_typesupport_c/robotis_controller_msgs/srv/set_module__type_support.cpp.o[0m
[24.664s] [ 53%] [32mBuilding CXX object CMakeFiles/robotis_controller_msgs__rosidl_typesupport_c.dir/rosidl_typesupport_c/robotis_controller_msgs/srv/set_joint_module__type_support.cpp.o[0m
[24.719s] [ 54%] [32mBuilding CXX object CMakeFiles/robotis_controller_msgs__rosidl_typesupport_c.dir/rosidl_typesupport_c/robotis_controller_msgs/srv/get_joint_module__type_support.cpp.o[0m
[24.804s] [ 55%] [32mBuilding CXX object CMakeFiles/robotis_controller_msgs__rosidl_typesupport_c.dir/rosidl_typesupport_c/robotis_controller_msgs/msg/write_control_table__type_support.cpp.o[0m
[24.890s] [ 56%] [32mBuilding CXX object CMakeFiles/robotis_controller_msgs__rosidl_typesupport_c.dir/rosidl_typesupport_c/robotis_controller_msgs/msg/status_msg__type_support.cpp.o[0m
[24.964s] [ 57%] [32mBuilding CXX object CMakeFiles/robotis_controller_msgs__rosidl_typesupport_c.dir/rosidl_typesupport_c/robotis_controller_msgs/msg/joint_ctrl_module__type_support.cpp.o[0m
[25.034s] [ 59%] [32m[1mLinking CXX shared library librobotis_controller_msgs__rosidl_typesupport_c.so[0m
[25.154s] [ 59%] Built target robotis_controller_msgs__rosidl_typesupport_c
[25.180s] [ 60%] [34m[1mGenerating C introspection for ROS interfaces[0m
[26.245s] [ 61%] [32mBuilding C object CMakeFiles/robotis_controller_msgs__rosidl_typesupport_introspection_c.dir/rosidl_typesupport_introspection_c/robotis_controller_msgs/msg/detail/sync_write_item__type_support.c.o[0m
[26.305s] [ 62%] [32mBuilding C object CMakeFiles/robotis_controller_msgs__rosidl_typesupport_introspection_c.dir/rosidl_typesupport_introspection_c/robotis_controller_msgs/srv/detail/load_offset__type_support.c.o[0m
[26.368s] [ 63%] [32mBuilding C object CMakeFiles/robotis_controller_msgs__rosidl_typesupport_introspection_c.dir/rosidl_typesupport_introspection_c/robotis_controller_msgs/srv/detail/set_module__type_support.c.o[0m
[26.409s] [ 64%] [32mBuilding C object CMakeFiles/robotis_controller_msgs__rosidl_typesupport_introspection_c.dir/rosidl_typesupport_introspection_c/robotis_controller_msgs/srv/detail/set_joint_module__type_support.c.o[0m
[26.453s] [ 65%] [32mBuilding C object CMakeFiles/robotis_controller_msgs__rosidl_typesupport_introspection_c.dir/rosidl_typesupport_introspection_c/robotis_controller_msgs/srv/detail/get_joint_module__type_support.c.o[0m
[26.498s] [ 67%] [32mBuilding C object CMakeFiles/robotis_controller_msgs__rosidl_typesupport_introspection_c.dir/rosidl_typesupport_introspection_c/robotis_controller_msgs/msg/detail/write_control_table__type_support.c.o[0m
[26.552s] [ 68%] [32mBuilding C object CMakeFiles/robotis_controller_msgs__rosidl_typesupport_introspection_c.dir/rosidl_typesupport_introspection_c/robotis_controller_msgs/msg/detail/status_msg__type_support.c.o[0m
[26.593s] [ 69%] [32mBuilding C object CMakeFiles/robotis_controller_msgs__rosidl_typesupport_introspection_c.dir/rosidl_typesupport_introspection_c/robotis_controller_msgs/msg/detail/joint_ctrl_module__type_support.c.o[0m
[26.641s] [ 70%] [32m[1mLinking C shared library librobotis_controller_msgs__rosidl_typesupport_introspection_c.so[0m
[26.682s] [ 70%] Built target robotis_controller_msgs__rosidl_typesupport_introspection_c
[26.700s] [ 71%] [34m[1mGenerating C type support for eProsima Fast-RTPS[0m
[27.737s] [ 72%] [32mBuilding CXX object CMakeFiles/robotis_controller_msgs__rosidl_typesupport_fastrtps_c.dir/rosidl_typesupport_fastrtps_c/robotis_controller_msgs/msg/detail/sync_write_item__type_support_c.cpp.o[0m
[28.153s] [ 73%] [32mBuilding CXX object CMakeFiles/robotis_controller_msgs__rosidl_typesupport_fastrtps_c.dir/rosidl_typesupport_fastrtps_c/robotis_controller_msgs/srv/detail/load_offset__type_support_c.cpp.o[0m
[28.563s] [ 75%] [32mBuilding CXX object CMakeFiles/robotis_controller_msgs__rosidl_typesupport_fastrtps_c.dir/rosidl_typesupport_fastrtps_c/robotis_controller_msgs/srv/detail/set_module__type_support_c.cpp.o[0m
[28.973s] [ 76%] [32mBuilding CXX object CMakeFiles/robotis_controller_msgs__rosidl_typesupport_fastrtps_c.dir/rosidl_typesupport_fastrtps_c/robotis_controller_msgs/srv/detail/set_joint_module__type_support_c.cpp.o[0m
[29.527s] [ 77%] [32mBuilding CXX object CMakeFiles/robotis_controller_msgs__rosidl_typesupport_fastrtps_c.dir/rosidl_typesupport_fastrtps_c/robotis_controller_msgs/srv/detail/get_joint_module__type_support_c.cpp.o[0m
[30.030s] [ 78%] [32mBuilding CXX object CMakeFiles/robotis_controller_msgs__rosidl_typesupport_fastrtps_c.dir/rosidl_typesupport_fastrtps_c/robotis_controller_msgs/msg/detail/write_control_table__type_support_c.cpp.o[0m
[30.501s] [ 79%] [32mBuilding CXX object CMakeFiles/robotis_controller_msgs__rosidl_typesupport_fastrtps_c.dir/rosidl_typesupport_fastrtps_c/robotis_controller_msgs/msg/detail/status_msg__type_support_c.cpp.o[0m
[30.949s] [ 80%] [32mBuilding CXX object CMakeFiles/robotis_controller_msgs__rosidl_typesupport_fastrtps_c.dir/rosidl_typesupport_fastrtps_c/robotis_controller_msgs/msg/detail/joint_ctrl_module__type_support_c.cpp.o[0m
[31.418s] [ 81%] [32m[1mLinking CXX shared library librobotis_controller_msgs__rosidl_typesupport_fastrtps_c.so[0m
[31.520s] [ 81%] Built target robotis_controller_msgs__rosidl_typesupport_fastrtps_c
[31.542s] [ 81%] Built target robotis_controller_msgs
[31.564s] [ 82%] [34m[1mGenerating Python code for ROS interfaces[0m
[32.834s] [ 82%] Built target robotis_controller_msgs__py
[32.858s] [ 84%] [32mBuilding C object CMakeFiles/robotis_controller_msgs__rosidl_generator_py.dir/rosidl_generator_py/robotis_controller_msgs/msg/_sync_write_item_s.c.o[0m
[33.008s] [ 85%] [32mBuilding C object CMakeFiles/robotis_controller_msgs__rosidl_generator_py.dir/rosidl_generator_py/robotis_controller_msgs/srv/_load_offset_s.c.o[0m
[33.137s] [ 86%] [32mBuilding C object CMakeFiles/robotis_controller_msgs__rosidl_generator_py.dir/rosidl_generator_py/robotis_controller_msgs/srv/_set_module_s.c.o[0m
[33.217s] [ 87%] [32mBuilding C object CMakeFiles/robotis_controller_msgs__rosidl_generator_py.dir/rosidl_generator_py/robotis_controller_msgs/srv/_set_joint_module_s.c.o[0m
[33.307s] [ 88%] [32mBuilding C object CMakeFiles/robotis_controller_msgs__rosidl_generator_py.dir/rosidl_generator_py/robotis_controller_msgs/srv/_get_joint_module_s.c.o[0m
[33.451s] [ 89%] [32mBuilding C object CMakeFiles/robotis_controller_msgs__rosidl_generator_py.dir/rosidl_generator_py/robotis_controller_msgs/msg/_write_control_table_s.c.o[0m
[33.581s] [ 90%] [32mBuilding C object CMakeFiles/robotis_controller_msgs__rosidl_generator_py.dir/rosidl_generator_py/robotis_controller_msgs/msg/_status_msg_s.c.o[0m
[33.667s] [ 92%] [32mBuilding C object CMakeFiles/robotis_controller_msgs__rosidl_generator_py.dir/rosidl_generator_py/robotis_controller_msgs/msg/_joint_ctrl_module_s.c.o[0m
[33.791s] [ 93%] [32m[1mLinking C shared library rosidl_generator_py/robotis_controller_msgs/librobotis_controller_msgs__rosidl_generator_py.so[0m
[33.830s] [ 93%] Built target robotis_controller_msgs__rosidl_generator_py
[33.850s] [ 94%] [32mBuilding C object CMakeFiles/robotis_controller_msgs__rosidl_typesupport_fastrtps_c__pyext.dir/rosidl_generator_py/robotis_controller_msgs/_robotis_controller_msgs_s.ep.rosidl_typesupport_fastrtps_c.c.o[0m
[34.015s] [ 95%] [32m[1mLinking C shared library rosidl_generator_py/robotis_controller_msgs/robotis_controller_msgs_s__rosidl_typesupport_fastrtps_c.cpython-310-x86_64-linux-gnu.so[0m
[34.059s] [ 95%] Built target robotis_controller_msgs__rosidl_typesupport_fastrtps_c__pyext
[34.078s] [ 96%] [32mBuilding C object CMakeFiles/robotis_controller_msgs__rosidl_typesupport_c__pyext.dir/rosidl_generator_py/robotis_controller_msgs/_robotis_controller_msgs_s.ep.rosidl_typesupport_c.c.o[0m
[34.182s] [ 97%] [32m[1mLinking C shared library rosidl_generator_py/robotis_controller_msgs/robotis_controller_msgs_s__rosidl_typesupport_c.cpython-310-x86_64-linux-gnu.so[0m
[34.228s] [ 97%] Built target robotis_controller_msgs__rosidl_typesupport_c__pyext
[34.250s] [ 98%] [32mBuilding C object CMakeFiles/robotis_controller_msgs__rosidl_typesupport_introspection_c__pyext.dir/rosidl_generator_py/robotis_controller_msgs/_robotis_controller_msgs_s.ep.rosidl_typesupport_introspection_c.c.o[0m
[34.435s] [100%] [32m[1mLinking C shared library rosidl_generator_py/robotis_controller_msgs/robotis_controller_msgs_s__rosidl_typesupport_introspection_c.cpython-310-x86_64-linux-gnu.so[0m
[34.485s] [100%] Built target robotis_controller_msgs__rosidl_typesupport_introspection_c__pyext
