[35m[1mConsolidate compiler generated dependencies of target op3_camera_setting_tool[0m
[100%] Built target op3_camera_setting_tool
-- Install configuration: ""
-- Execute custom install script
-- Symlinking: /home/evan/Documents/algo_gaze_project/install/op3_camera_setting_tool/lib/op3_camera_setting_tool/op3_camera_setting_tool
-- Symlinking: /home/evan/Documents/algo_gaze_project/install/op3_camera_setting_tool/include/op3_camera_setting_tool/camera_params_config.h
-- Symlinking: /home/evan/Documents/algo_gaze_project/install/op3_camera_setting_tool/include/op3_camera_setting_tool/op3_camera_setting_tool.h
-- Symlinking: /home/evan/Documents/algo_gaze_project/install/op3_camera_setting_tool/share/op3_camera_setting_tool/config/camera_parameter.yaml
-- Symlinking: /home/evan/Documents/algo_gaze_project/install/op3_camera_setting_tool/share/op3_camera_setting_tool/config/camera_parameter_default.yaml
-- Symlinking: /home/evan/Documents/algo_gaze_project/install/op3_camera_setting_tool/share/op3_camera_setting_tool/launch/op3_camera_setting_tool.launch.xml
-- Symlinking: /home/evan/Documents/algo_gaze_project/install/op3_camera_setting_tool/share/ament_index/resource_index/package_run_dependencies/op3_camera_setting_tool
-- Symlinking: /home/evan/Documents/algo_gaze_project/install/op3_camera_setting_tool/share/ament_index/resource_index/parent_prefix_path/op3_camera_setting_tool
-- Symlinking: /home/evan/Documents/algo_gaze_project/install/op3_camera_setting_tool/share/op3_camera_setting_tool/environment/ament_prefix_path.sh
-- Symlinking: /home/evan/Documents/algo_gaze_project/install/op3_camera_setting_tool/share/op3_camera_setting_tool/environment/ament_prefix_path.dsv
-- Symlinking: /home/evan/Documents/algo_gaze_project/install/op3_camera_setting_tool/share/op3_camera_setting_tool/environment/path.sh
-- Symlinking: /home/evan/Documents/algo_gaze_project/install/op3_camera_setting_tool/share/op3_camera_setting_tool/environment/path.dsv
-- Symlinking: /home/evan/Documents/algo_gaze_project/install/op3_camera_setting_tool/share/op3_camera_setting_tool/local_setup.bash
-- Symlinking: /home/evan/Documents/algo_gaze_project/install/op3_camera_setting_tool/share/op3_camera_setting_tool/local_setup.sh
-- Symlinking: /home/evan/Documents/algo_gaze_project/install/op3_camera_setting_tool/share/op3_camera_setting_tool/local_setup.zsh
-- Symlinking: /home/evan/Documents/algo_gaze_project/install/op3_camera_setting_tool/share/op3_camera_setting_tool/local_setup.dsv
-- Symlinking: /home/evan/Documents/algo_gaze_project/install/op3_camera_setting_tool/share/op3_camera_setting_tool/package.dsv
-- Symlinking: /home/evan/Documents/algo_gaze_project/install/op3_camera_setting_tool/share/ament_index/resource_index/packages/op3_camera_setting_tool
-- Symlinking: /home/evan/Documents/algo_gaze_project/install/op3_camera_setting_tool/share/op3_camera_setting_tool/cmake/op3_camera_setting_toolConfig.cmake
-- Symlinking: /home/evan/Documents/algo_gaze_project/install/op3_camera_setting_tool/share/op3_camera_setting_tool/cmake/op3_camera_setting_toolConfig-version.cmake
-- Symlinking: /home/evan/Documents/algo_gaze_project/install/op3_camera_setting_tool/share/op3_camera_setting_tool/package.xml
