[0.038s] Invoking command in '/home/evan/Documents/algo_gaze_project/build/op3_camera_setting_tool': AMENT_PREFIX_PATH=/home/evan/Documents/algo_gaze_project/install/usb_cam:/home/evan/Documents/algo_gaze_project/install/op3_camera_setting_tool_msgs:${AMENT_PREFIX_PATH} CMAKE_PREFIX_PATH=/home/evan/Documents/algo_gaze_project/install/usb_cam:/home/evan/Documents/algo_gaze_project/install/op3_camera_setting_tool_msgs:/opt/ros/humble LD_LIBRARY_PATH=/home/evan/Documents/algo_gaze_project/install/usb_cam/lib:/home/evan/Documents/algo_gaze_project/install/op3_camera_setting_tool_msgs/lib:${LD_LIBRARY_PATH} PYTHONPATH=/home/evan/Documents/algo_gaze_project/install/op3_camera_setting_tool_msgs/local/lib/python3.10/dist-packages:${PYTHONPATH} /usr/bin/cmake --build /home/evan/Documents/algo_gaze_project/build/op3_camera_setting_tool -- -j12 -l12
[0.100s] [35m[1mConsolidate compiler generated dependencies of target op3_camera_setting_tool[0m
[0.102s] [100%] Built target op3_camera_setting_tool
[0.118s] Invoked command in '/home/evan/Documents/algo_gaze_project/build/op3_camera_setting_tool' returned '0': AMENT_PREFIX_PATH=/home/evan/Documents/algo_gaze_project/install/usb_cam:/home/evan/Documents/algo_gaze_project/install/op3_camera_setting_tool_msgs:${AMENT_PREFIX_PATH} CMAKE_PREFIX_PATH=/home/evan/Documents/algo_gaze_project/install/usb_cam:/home/evan/Documents/algo_gaze_project/install/op3_camera_setting_tool_msgs:/opt/ros/humble LD_LIBRARY_PATH=/home/evan/Documents/algo_gaze_project/install/usb_cam/lib:/home/evan/Documents/algo_gaze_project/install/op3_camera_setting_tool_msgs/lib:${LD_LIBRARY_PATH} PYTHONPATH=/home/evan/Documents/algo_gaze_project/install/op3_camera_setting_tool_msgs/local/lib/python3.10/dist-packages:${PYTHONPATH} /usr/bin/cmake --build /home/evan/Documents/algo_gaze_project/build/op3_camera_setting_tool -- -j12 -l12
[0.118s] Invoking command in '/home/evan/Documents/algo_gaze_project/build/op3_camera_setting_tool': AMENT_PREFIX_PATH=/home/evan/Documents/algo_gaze_project/install/usb_cam:/home/evan/Documents/algo_gaze_project/install/op3_camera_setting_tool_msgs:${AMENT_PREFIX_PATH} CMAKE_PREFIX_PATH=/home/evan/Documents/algo_gaze_project/install/usb_cam:/home/evan/Documents/algo_gaze_project/install/op3_camera_setting_tool_msgs:/opt/ros/humble LD_LIBRARY_PATH=/home/evan/Documents/algo_gaze_project/install/usb_cam/lib:/home/evan/Documents/algo_gaze_project/install/op3_camera_setting_tool_msgs/lib:${LD_LIBRARY_PATH} PYTHONPATH=/home/evan/Documents/algo_gaze_project/install/op3_camera_setting_tool_msgs/local/lib/python3.10/dist-packages:${PYTHONPATH} /usr/bin/cmake --install /home/evan/Documents/algo_gaze_project/build/op3_camera_setting_tool
[0.163s] -- Install configuration: ""
[0.163s] -- Execute custom install script
[0.163s] -- Symlinking: /home/evan/Documents/algo_gaze_project/install/op3_camera_setting_tool/lib/op3_camera_setting_tool/op3_camera_setting_tool
[0.163s] -- Symlinking: /home/evan/Documents/algo_gaze_project/install/op3_camera_setting_tool/include/op3_camera_setting_tool/camera_params_config.h
[0.163s] -- Symlinking: /home/evan/Documents/algo_gaze_project/install/op3_camera_setting_tool/include/op3_camera_setting_tool/op3_camera_setting_tool.h
[0.164s] -- Symlinking: /home/evan/Documents/algo_gaze_project/install/op3_camera_setting_tool/share/op3_camera_setting_tool/config/camera_parameter.yaml
[0.174s] -- Symlinking: /home/evan/Documents/algo_gaze_project/install/op3_camera_setting_tool/share/op3_camera_setting_tool/config/camera_parameter_default.yaml
[0.183s] -- Symlinking: /home/evan/Documents/algo_gaze_project/install/op3_camera_setting_tool/share/op3_camera_setting_tool/launch/op3_camera_setting_tool.launch.xml
[0.194s] -- Symlinking: /home/evan/Documents/algo_gaze_project/install/op3_camera_setting_tool/share/ament_index/resource_index/package_run_dependencies/op3_camera_setting_tool
[0.204s] -- Symlinking: /home/evan/Documents/algo_gaze_project/install/op3_camera_setting_tool/share/ament_index/resource_index/parent_prefix_path/op3_camera_setting_tool
[0.213s] -- Symlinking: /home/evan/Documents/algo_gaze_project/install/op3_camera_setting_tool/share/op3_camera_setting_tool/environment/ament_prefix_path.sh
[0.224s] -- Symlinking: /home/evan/Documents/algo_gaze_project/install/op3_camera_setting_tool/share/op3_camera_setting_tool/environment/ament_prefix_path.dsv
[0.235s] -- Symlinking: /home/evan/Documents/algo_gaze_project/install/op3_camera_setting_tool/share/op3_camera_setting_tool/environment/path.sh
[0.245s] -- Symlinking: /home/evan/Documents/algo_gaze_project/install/op3_camera_setting_tool/share/op3_camera_setting_tool/environment/path.dsv
[0.258s] -- Symlinking: /home/evan/Documents/algo_gaze_project/install/op3_camera_setting_tool/share/op3_camera_setting_tool/local_setup.bash
[0.268s] -- Symlinking: /home/evan/Documents/algo_gaze_project/install/op3_camera_setting_tool/share/op3_camera_setting_tool/local_setup.sh
[0.277s] -- Symlinking: /home/evan/Documents/algo_gaze_project/install/op3_camera_setting_tool/share/op3_camera_setting_tool/local_setup.zsh
[0.287s] -- Symlinking: /home/evan/Documents/algo_gaze_project/install/op3_camera_setting_tool/share/op3_camera_setting_tool/local_setup.dsv
[0.302s] -- Symlinking: /home/evan/Documents/algo_gaze_project/install/op3_camera_setting_tool/share/op3_camera_setting_tool/package.dsv
[0.313s] -- Symlinking: /home/evan/Documents/algo_gaze_project/install/op3_camera_setting_tool/share/ament_index/resource_index/packages/op3_camera_setting_tool
[0.323s] -- Symlinking: /home/evan/Documents/algo_gaze_project/install/op3_camera_setting_tool/share/op3_camera_setting_tool/cmake/op3_camera_setting_toolConfig.cmake
[0.337s] -- Symlinking: /home/evan/Documents/algo_gaze_project/install/op3_camera_setting_tool/share/op3_camera_setting_tool/cmake/op3_camera_setting_toolConfig-version.cmake
[0.343s] -- Symlinking: /home/evan/Documents/algo_gaze_project/install/op3_camera_setting_tool/share/op3_camera_setting_tool/package.xml
[0.356s] Invoked command in '/home/evan/Documents/algo_gaze_project/build/op3_camera_setting_tool' returned '0': AMENT_PREFIX_PATH=/home/evan/Documents/algo_gaze_project/install/usb_cam:/home/evan/Documents/algo_gaze_project/install/op3_camera_setting_tool_msgs:${AMENT_PREFIX_PATH} CMAKE_PREFIX_PATH=/home/evan/Documents/algo_gaze_project/install/usb_cam:/home/evan/Documents/algo_gaze_project/install/op3_camera_setting_tool_msgs:/opt/ros/humble LD_LIBRARY_PATH=/home/evan/Documents/algo_gaze_project/install/usb_cam/lib:/home/evan/Documents/algo_gaze_project/install/op3_camera_setting_tool_msgs/lib:${LD_LIBRARY_PATH} PYTHONPATH=/home/evan/Documents/algo_gaze_project/install/op3_camera_setting_tool_msgs/local/lib/python3.10/dist-packages:${PYTHONPATH} /usr/bin/cmake --install /home/evan/Documents/algo_gaze_project/build/op3_camera_setting_tool
