[35m[1mConsolidate compiler generated dependencies of target op3_action_module[0m
[100%] Built target op3_action_module
-- Install configuration: ""
-- Execute custom install script
-- Symlinking: /home/evan/Documents/algo_gaze_project/install/op3_action_module/lib/libop3_action_module.so
-- Symlinking: /home/evan/Documents/algo_gaze_project/install/op3_action_module/include/op3_action_module/action_file_define.h
-- Symlinking: /home/evan/Documents/algo_gaze_project/install/op3_action_module/include/op3_action_module/action_module.h
-- Symlinking: /home/evan/Documents/algo_gaze_project/install/op3_action_module/share/op3_action_module/data/motion_4095.bin
-- Symlinking: /home/evan/Documents/algo_gaze_project/install/op3_action_module/share/op3_action_module/data/motion_4095_bk.bin
-- Symlinking: /home/evan/Documents/algo_gaze_project/install/op3_action_module/share/op3_action_module/environment/library_path.sh
-- Symlinking: /home/evan/Documents/algo_gaze_project/install/op3_action_module/share/op3_action_module/environment/library_path.dsv
-- Symlinking: /home/evan/Documents/algo_gaze_project/install/op3_action_module/share/ament_index/resource_index/package_run_dependencies/op3_action_module
-- Symlinking: /home/evan/Documents/algo_gaze_project/install/op3_action_module/share/ament_index/resource_index/parent_prefix_path/op3_action_module
-- Symlinking: /home/evan/Documents/algo_gaze_project/install/op3_action_module/share/op3_action_module/environment/ament_prefix_path.sh
-- Symlinking: /home/evan/Documents/algo_gaze_project/install/op3_action_module/share/op3_action_module/environment/ament_prefix_path.dsv
-- Symlinking: /home/evan/Documents/algo_gaze_project/install/op3_action_module/share/op3_action_module/environment/path.sh
-- Symlinking: /home/evan/Documents/algo_gaze_project/install/op3_action_module/share/op3_action_module/environment/path.dsv
-- Symlinking: /home/evan/Documents/algo_gaze_project/install/op3_action_module/share/op3_action_module/local_setup.bash
-- Symlinking: /home/evan/Documents/algo_gaze_project/install/op3_action_module/share/op3_action_module/local_setup.sh
-- Symlinking: /home/evan/Documents/algo_gaze_project/install/op3_action_module/share/op3_action_module/local_setup.zsh
-- Symlinking: /home/evan/Documents/algo_gaze_project/install/op3_action_module/share/op3_action_module/local_setup.dsv
-- Symlinking: /home/evan/Documents/algo_gaze_project/install/op3_action_module/share/op3_action_module/package.dsv
-- Symlinking: /home/evan/Documents/algo_gaze_project/install/op3_action_module/share/ament_index/resource_index/packages/op3_action_module
-- Symlinking: /home/evan/Documents/algo_gaze_project/install/op3_action_module/share/op3_action_module/cmake/ament_cmake_export_include_directories-extras.cmake
-- Symlinking: /home/evan/Documents/algo_gaze_project/install/op3_action_module/share/op3_action_module/cmake/ament_cmake_export_libraries-extras.cmake
-- Symlinking: /home/evan/Documents/algo_gaze_project/install/op3_action_module/share/op3_action_module/cmake/ament_cmake_export_dependencies-extras.cmake
-- Symlinking: /home/evan/Documents/algo_gaze_project/install/op3_action_module/share/op3_action_module/cmake/op3_action_moduleConfig.cmake
-- Symlinking: /home/evan/Documents/algo_gaze_project/install/op3_action_module/share/op3_action_module/cmake/op3_action_moduleConfig-version.cmake
-- Symlinking: /home/evan/Documents/algo_gaze_project/install/op3_action_module/share/op3_action_module/package.xml
