-- The C compiler identification is GNU 11.4.0
-- The CXX compiler identification is GNU 11.4.0
-- Detecting C compiler ABI info
-- Detecting C compiler ABI info - done
-- Check for working C compiler: /usr/bin/cc - skipped
-- Detecting C compile features
-- Detecting C compile features - done
-- Detecting CXX compiler ABI info
-- Detecting CXX compiler ABI info - done
-- Check for working CXX compiler: /usr/bin/c++ - skipped
-- Detecting CXX compile features
-- Detecting CXX compile features - done
-- Found ament_cmake: 1.3.14 (/opt/ros/humble/share/ament_cmake/cmake)
-- Found Python3: /usr/bin/python3 (found version "3.10.12") found components: Interpreter 
-- Override CMake install command with custom implementation using symlinks instead of copying resources
-- Configuring done
-- Generating done
-- Build files have been written to: /home/evan/Documents/algo_gaze_project/build/op3_web_setting_tool
-- Install configuration: ""
-- Execute custom install script
-- Symlinking: /home/evan/Documents/algo_gaze_project/install/op3_web_setting_tool/share/op3_web_setting_tool/html/index.html
-- Symlinking: /home/evan/Documents/algo_gaze_project/install/op3_web_setting_tool/share/op3_web_setting_tool/html/js/EventEmitter2.js
-- Symlinking: /home/evan/Documents/algo_gaze_project/install/op3_web_setting_tool/share/op3_web_setting_tool/html/js/jquery-ui.css
-- Symlinking: /home/evan/Documents/algo_gaze_project/install/op3_web_setting_tool/share/op3_web_setting_tool/html/js/jquery-ui.js
-- Symlinking: /home/evan/Documents/algo_gaze_project/install/op3_web_setting_tool/share/op3_web_setting_tool/html/js/jquery.js
-- Symlinking: /home/evan/Documents/algo_gaze_project/install/op3_web_setting_tool/share/op3_web_setting_tool/html/js/mjpegcanvas.js
-- Symlinking: /home/evan/Documents/algo_gaze_project/install/op3_web_setting_tool/share/op3_web_setting_tool/html/js/roslib.js
-- Symlinking: /home/evan/Documents/algo_gaze_project/install/op3_web_setting_tool/share/op3_web_setting_tool/launch/web_setting_server.launch.xml
-- Symlinking: /home/evan/Documents/algo_gaze_project/install/op3_web_setting_tool/share/ament_index/resource_index/package_run_dependencies/op3_web_setting_tool
-- Symlinking: /home/evan/Documents/algo_gaze_project/install/op3_web_setting_tool/share/ament_index/resource_index/parent_prefix_path/op3_web_setting_tool
-- Symlinking: /home/evan/Documents/algo_gaze_project/install/op3_web_setting_tool/share/op3_web_setting_tool/environment/ament_prefix_path.sh
-- Symlinking: /home/evan/Documents/algo_gaze_project/install/op3_web_setting_tool/share/op3_web_setting_tool/environment/ament_prefix_path.dsv
-- Symlinking: /home/evan/Documents/algo_gaze_project/install/op3_web_setting_tool/share/op3_web_setting_tool/environment/path.sh
-- Symlinking: /home/evan/Documents/algo_gaze_project/install/op3_web_setting_tool/share/op3_web_setting_tool/environment/path.dsv
-- Symlinking: /home/evan/Documents/algo_gaze_project/install/op3_web_setting_tool/share/op3_web_setting_tool/local_setup.bash
-- Symlinking: /home/evan/Documents/algo_gaze_project/install/op3_web_setting_tool/share/op3_web_setting_tool/local_setup.sh
-- Symlinking: /home/evan/Documents/algo_gaze_project/install/op3_web_setting_tool/share/op3_web_setting_tool/local_setup.zsh
-- Symlinking: /home/evan/Documents/algo_gaze_project/install/op3_web_setting_tool/share/op3_web_setting_tool/local_setup.dsv
-- Symlinking: /home/evan/Documents/algo_gaze_project/install/op3_web_setting_tool/share/op3_web_setting_tool/package.dsv
-- Symlinking: /home/evan/Documents/algo_gaze_project/install/op3_web_setting_tool/share/ament_index/resource_index/packages/op3_web_setting_tool
-- Symlinking: /home/evan/Documents/algo_gaze_project/install/op3_web_setting_tool/share/op3_web_setting_tool/cmake/op3_web_setting_toolConfig.cmake
-- Symlinking: /home/evan/Documents/algo_gaze_project/install/op3_web_setting_tool/share/op3_web_setting_tool/cmake/op3_web_setting_toolConfig-version.cmake
-- Symlinking: /home/evan/Documents/algo_gaze_project/install/op3_web_setting_tool/share/op3_web_setting_tool/package.xml
