[0.020s] Invoking command in '/home/evan/Documents/algo_gaze_project/build/op3_web_setting_tool': CMAKE_PREFIX_PATH=/opt/ros/humble /usr/bin/cmake /home/evan/Documents/algo_gaze_project/ROBOTIS-OP3-Tools/op3_web_setting_tool -DAMENT_CMAKE_SYMLINK_INSTALL=1 -DCMAKE_INSTALL_PREFIX=/home/evan/Documents/algo_gaze_project/install/op3_web_setting_tool
[1.332s] -- The C compiler identification is GNU 11.4.0
[1.332s] -- The CXX compiler identification is GNU 11.4.0
[1.332s] -- Detecting C compiler ABI info
[1.332s] -- Detecting C compiler ABI info - done
[1.332s] -- Check for working C compiler: /usr/bin/cc - skipped
[1.332s] -- Detecting C compile features
[1.332s] -- Detecting C compile features - done
[1.333s] -- Detecting CXX compiler ABI info
[1.333s] -- Detecting CXX compiler ABI info - done
[1.333s] -- Check for working CXX compiler: /usr/bin/c++ - skipped
[1.333s] -- Detecting CXX compile features
[1.333s] -- Detecting CXX compile features - done
[1.333s] -- Found ament_cmake: 1.3.14 (/opt/ros/humble/share/ament_cmake/cmake)
[1.333s] -- Found Python3: /usr/bin/python3 (found version "3.10.12") found components: Interpreter 
[1.333s] -- Override CMake install command with custom implementation using symlinks instead of copying resources
[1.345s] -- Configuring done
[1.350s] -- Generating done
[1.357s] -- Build files have been written to: /home/evan/Documents/algo_gaze_project/build/op3_web_setting_tool
[1.376s] Invoked command in '/home/evan/Documents/algo_gaze_project/build/op3_web_setting_tool' returned '0': CMAKE_PREFIX_PATH=/opt/ros/humble /usr/bin/cmake /home/evan/Documents/algo_gaze_project/ROBOTIS-OP3-Tools/op3_web_setting_tool -DAMENT_CMAKE_SYMLINK_INSTALL=1 -DCMAKE_INSTALL_PREFIX=/home/evan/Documents/algo_gaze_project/install/op3_web_setting_tool
[1.383s] Invoking command in '/home/evan/Documents/algo_gaze_project/build/op3_web_setting_tool': CMAKE_PREFIX_PATH=/opt/ros/humble /usr/bin/cmake --build /home/evan/Documents/algo_gaze_project/build/op3_web_setting_tool -- -j12 -l12
[3.072s] Invoked command in '/home/evan/Documents/algo_gaze_project/build/op3_web_setting_tool' returned '0': CMAKE_PREFIX_PATH=/opt/ros/humble /usr/bin/cmake --build /home/evan/Documents/algo_gaze_project/build/op3_web_setting_tool -- -j12 -l12
[3.073s] Invoking command in '/home/evan/Documents/algo_gaze_project/build/op3_web_setting_tool': CMAKE_PREFIX_PATH=/opt/ros/humble /usr/bin/cmake --install /home/evan/Documents/algo_gaze_project/build/op3_web_setting_tool
[3.836s] -- Install configuration: ""
[3.836s] -- Execute custom install script
[3.836s] -- Symlinking: /home/evan/Documents/algo_gaze_project/install/op3_web_setting_tool/share/op3_web_setting_tool/html/index.html
[3.836s] -- Symlinking: /home/evan/Documents/algo_gaze_project/install/op3_web_setting_tool/share/op3_web_setting_tool/html/js/EventEmitter2.js
[3.836s] -- Symlinking: /home/evan/Documents/algo_gaze_project/install/op3_web_setting_tool/share/op3_web_setting_tool/html/js/jquery-ui.css
[3.836s] -- Symlinking: /home/evan/Documents/algo_gaze_project/install/op3_web_setting_tool/share/op3_web_setting_tool/html/js/jquery-ui.js
[3.837s] -- Symlinking: /home/evan/Documents/algo_gaze_project/install/op3_web_setting_tool/share/op3_web_setting_tool/html/js/jquery.js
[3.837s] -- Symlinking: /home/evan/Documents/algo_gaze_project/install/op3_web_setting_tool/share/op3_web_setting_tool/html/js/mjpegcanvas.js
[3.837s] -- Symlinking: /home/evan/Documents/algo_gaze_project/install/op3_web_setting_tool/share/op3_web_setting_tool/html/js/roslib.js
[3.837s] -- Symlinking: /home/evan/Documents/algo_gaze_project/install/op3_web_setting_tool/share/op3_web_setting_tool/launch/web_setting_server.launch.xml
[3.837s] -- Symlinking: /home/evan/Documents/algo_gaze_project/install/op3_web_setting_tool/share/ament_index/resource_index/package_run_dependencies/op3_web_setting_tool
[3.837s] -- Symlinking: /home/evan/Documents/algo_gaze_project/install/op3_web_setting_tool/share/ament_index/resource_index/parent_prefix_path/op3_web_setting_tool
[3.837s] -- Symlinking: /home/evan/Documents/algo_gaze_project/install/op3_web_setting_tool/share/op3_web_setting_tool/environment/ament_prefix_path.sh
[3.837s] -- Symlinking: /home/evan/Documents/algo_gaze_project/install/op3_web_setting_tool/share/op3_web_setting_tool/environment/ament_prefix_path.dsv
[3.837s] -- Symlinking: /home/evan/Documents/algo_gaze_project/install/op3_web_setting_tool/share/op3_web_setting_tool/environment/path.sh
[3.837s] -- Symlinking: /home/evan/Documents/algo_gaze_project/install/op3_web_setting_tool/share/op3_web_setting_tool/environment/path.dsv
[3.837s] -- Symlinking: /home/evan/Documents/algo_gaze_project/install/op3_web_setting_tool/share/op3_web_setting_tool/local_setup.bash
[3.837s] -- Symlinking: /home/evan/Documents/algo_gaze_project/install/op3_web_setting_tool/share/op3_web_setting_tool/local_setup.sh
[3.837s] -- Symlinking: /home/evan/Documents/algo_gaze_project/install/op3_web_setting_tool/share/op3_web_setting_tool/local_setup.zsh
[3.837s] -- Symlinking: /home/evan/Documents/algo_gaze_project/install/op3_web_setting_tool/share/op3_web_setting_tool/local_setup.dsv
[3.837s] -- Symlinking: /home/evan/Documents/algo_gaze_project/install/op3_web_setting_tool/share/op3_web_setting_tool/package.dsv
[3.837s] -- Symlinking: /home/evan/Documents/algo_gaze_project/install/op3_web_setting_tool/share/ament_index/resource_index/packages/op3_web_setting_tool
[3.838s] -- Symlinking: /home/evan/Documents/algo_gaze_project/install/op3_web_setting_tool/share/op3_web_setting_tool/cmake/op3_web_setting_toolConfig.cmake
[3.838s] -- Symlinking: /home/evan/Documents/algo_gaze_project/install/op3_web_setting_tool/share/op3_web_setting_tool/cmake/op3_web_setting_toolConfig-version.cmake
[3.838s] -- Symlinking: /home/evan/Documents/algo_gaze_project/install/op3_web_setting_tool/share/op3_web_setting_tool/package.xml
[3.862s] Invoked command in '/home/evan/Documents/algo_gaze_project/build/op3_web_setting_tool' returned '0': CMAKE_PREFIX_PATH=/opt/ros/humble /usr/bin/cmake --install /home/evan/Documents/algo_gaze_project/build/op3_web_setting_tool
