[0.142s] Invoking command in '/home/evan/Documents/algo_gaze_project/build/dynamixel_sdk_examples': AMENT_PREFIX_PATH=/home/evan/Documents/algo_gaze_project/install/dynamixel_sdk_custom_interfaces:/home/evan/Documents/algo_gaze_project/install/dynamixel_sdk:${AMENT_PREFIX_PATH} CMAKE_PREFIX_PATH=/home/evan/Documents/algo_gaze_project/install/dynamixel_sdk_custom_interfaces:/home/evan/Documents/algo_gaze_project/install/dynamixel_sdk:/opt/ros/humble LD_LIBRARY_PATH=/home/evan/Documents/algo_gaze_project/install/dynamixel_sdk_custom_interfaces/lib:/home/evan/Documents/algo_gaze_project/install/dynamixel_sdk/lib:${LD_LIBRARY_PATH} PYTHONPATH=/home/evan/Documents/algo_gaze_project/install/dynamixel_sdk_custom_interfaces/local/lib/python3.10/dist-packages:/home/evan/Documents/algo_gaze_project/install/dynamixel_sdk/local/lib/python3.10/dist-packages:${PYTHONPATH} /usr/bin/cmake /home/evan/Documents/algo_gaze_project/DynamixelSDK/ros/dynamixel_sdk_examples -DAMENT_CMAKE_SYMLINK_INSTALL=1 -DCMAKE_INSTALL_PREFIX=/home/evan/Documents/algo_gaze_project/install/dynamixel_sdk_examples
[0.246s] -- The C compiler identification is GNU 11.4.0
[0.346s] -- The CXX compiler identification is GNU 11.4.0
[0.359s] -- Detecting C compiler ABI info
[0.493s] -- Detecting C compiler ABI info - done
[0.507s] -- Check for working C compiler: /usr/bin/cc - skipped
[0.507s] -- Detecting C compile features
[0.510s] -- Detecting C compile features - done
[0.512s] -- Detecting CXX compiler ABI info
[0.674s] -- Detecting CXX compiler ABI info - done
[0.697s] -- Check for working CXX compiler: /usr/bin/c++ - skipped
[0.697s] -- Detecting CXX compile features
[0.698s] -- Detecting CXX compile features - done
[0.709s] -- Found ament_cmake: 1.3.14 (/opt/ros/humble/share/ament_cmake/cmake)
[0.973s] -- Found Python3: /usr/bin/python3 (found version "3.10.12") found components: Interpreter 
[1.070s] -- Override CMake install command with custom implementation using symlinks instead of copying resources
[1.125s] -- Found dynamixel_sdk: 3.8.4 (/home/evan/Documents/algo_gaze_project/install/dynamixel_sdk/share/dynamixel_sdk/cmake)
[1.130s] -- Found dynamixel_sdk_custom_interfaces: 3.8.4 (/home/evan/Documents/algo_gaze_project/install/dynamixel_sdk_custom_interfaces/share/dynamixel_sdk_custom_interfaces/cmake)
[1.202s] -- Found rosidl_generator_c: 3.1.8 (/opt/ros/humble/share/rosidl_generator_c/cmake)
[1.209s] -- Found rosidl_adapter: 3.1.8 (/opt/ros/humble/share/rosidl_adapter/cmake)
[1.222s] -- Found rosidl_generator_cpp: 3.1.8 (/opt/ros/humble/share/rosidl_generator_cpp/cmake)
[1.240s] -- Using all available rosidl_typesupport_c: rosidl_typesupport_fastrtps_c;rosidl_typesupport_introspection_c
[1.264s] -- Using all available rosidl_typesupport_cpp: rosidl_typesupport_fastrtps_cpp;rosidl_typesupport_introspection_cpp
[1.303s] -- Found rclcpp: 16.0.19 (/opt/ros/humble/share/rclcpp/cmake)
[1.354s] -- Found rmw_implementation_cmake: 6.1.2 (/opt/ros/humble/share/rmw_implementation_cmake/cmake)
[1.357s] -- Found rmw_fastrtps_cpp: 6.2.10 (/opt/ros/humble/share/rmw_fastrtps_cpp/cmake)
[1.552s] -- Found OpenSSL: /usr/lib/x86_64-linux-gnu/libcrypto.so (found version "3.0.2")  
[1.607s] -- Found FastRTPS: /opt/ros/humble/include  
[1.676s] -- Using RMW implementation 'rmw_fastrtps_cpp' as default
[1.686s] -- Looking for pthread.h
[1.858s] -- Looking for pthread.h - found
[1.858s] -- Performing Test CMAKE_HAVE_LIBC_PTHREAD
[2.019s] -- Performing Test CMAKE_HAVE_LIBC_PTHREAD - Success
[2.019s] -- Found Threads: TRUE  
[2.131s] -- Found rclpy: 3.3.21 (/opt/ros/humble/share/rclpy/cmake)
[2.137s] -- Found ament_lint_auto: 0.12.15 (/opt/ros/humble/share/ament_lint_auto/cmake)
[2.390s] -- Added test 'copyright' to check source files copyright and LICENSE
[2.392s] -- Added test 'cppcheck' to perform static code analysis on C / C++ code
[2.393s] -- Configured cppcheck include dirs: /home/evan/Documents/algo_gaze_project/DynamixelSDK/ros/dynamixel_sdk_examples/include
[2.393s] -- Configured cppcheck exclude dirs and/or files: 
[2.394s] -- Added test 'cpplint' to check C / C++ code against the Google style
[2.394s] -- Configured cpplint exclude dirs and/or files: 
[2.397s] -- Added test 'flake8' to check Python code syntax and style conventions
[2.397s] -- Added test 'lint_cmake' to check CMake code style
[2.398s] -- Added test 'pep257' to check Python code against some of the docstring style conventions in PEP 257
[2.399s] -- Added test 'uncrustify' to check C / C++ code style
[2.399s] -- Configured uncrustify additional arguments: 
[2.401s] -- Added test 'xmllint' to check XML markup files
[2.405s] -- Configuring done
[2.419s] -- Generating done
[2.427s] -- Build files have been written to: /home/evan/Documents/algo_gaze_project/build/dynamixel_sdk_examples
[2.456s] Invoked command in '/home/evan/Documents/algo_gaze_project/build/dynamixel_sdk_examples' returned '0': AMENT_PREFIX_PATH=/home/evan/Documents/algo_gaze_project/install/dynamixel_sdk_custom_interfaces:/home/evan/Documents/algo_gaze_project/install/dynamixel_sdk:${AMENT_PREFIX_PATH} CMAKE_PREFIX_PATH=/home/evan/Documents/algo_gaze_project/install/dynamixel_sdk_custom_interfaces:/home/evan/Documents/algo_gaze_project/install/dynamixel_sdk:/opt/ros/humble LD_LIBRARY_PATH=/home/evan/Documents/algo_gaze_project/install/dynamixel_sdk_custom_interfaces/lib:/home/evan/Documents/algo_gaze_project/install/dynamixel_sdk/lib:${LD_LIBRARY_PATH} PYTHONPATH=/home/evan/Documents/algo_gaze_project/install/dynamixel_sdk_custom_interfaces/local/lib/python3.10/dist-packages:/home/evan/Documents/algo_gaze_project/install/dynamixel_sdk/local/lib/python3.10/dist-packages:${PYTHONPATH} /usr/bin/cmake /home/evan/Documents/algo_gaze_project/DynamixelSDK/ros/dynamixel_sdk_examples -DAMENT_CMAKE_SYMLINK_INSTALL=1 -DCMAKE_INSTALL_PREFIX=/home/evan/Documents/algo_gaze_project/install/dynamixel_sdk_examples
[2.457s] Invoking command in '/home/evan/Documents/algo_gaze_project/build/dynamixel_sdk_examples': AMENT_PREFIX_PATH=/home/evan/Documents/algo_gaze_project/install/dynamixel_sdk_custom_interfaces:/home/evan/Documents/algo_gaze_project/install/dynamixel_sdk:${AMENT_PREFIX_PATH} CMAKE_PREFIX_PATH=/home/evan/Documents/algo_gaze_project/install/dynamixel_sdk_custom_interfaces:/home/evan/Documents/algo_gaze_project/install/dynamixel_sdk:/opt/ros/humble LD_LIBRARY_PATH=/home/evan/Documents/algo_gaze_project/install/dynamixel_sdk_custom_interfaces/lib:/home/evan/Documents/algo_gaze_project/install/dynamixel_sdk/lib:${LD_LIBRARY_PATH} PYTHONPATH=/home/evan/Documents/algo_gaze_project/install/dynamixel_sdk_custom_interfaces/local/lib/python3.10/dist-packages:/home/evan/Documents/algo_gaze_project/install/dynamixel_sdk/local/lib/python3.10/dist-packages:${PYTHONPATH} /usr/bin/cmake --build /home/evan/Documents/algo_gaze_project/build/dynamixel_sdk_examples -- -j12 -l12
[2.954s] [ 50%] [32mBuilding CXX object CMakeFiles/read_write_node.dir/src/read_write_node.cpp.o[0m
[18.336s] [100%] [32m[1mLinking CXX executable read_write_node[0m
[19.015s] [100%] Built target read_write_node
