[35m[1mConsolidate compiler generated dependencies of target face_tracking[0m
[100%] Built target face_tracking
-- Install configuration: ""
-- Execute custom install script
-- Symlinking: /home/evan/Documents/algo_gaze_project/install/face_detection/lib/face_detection/face_tracking
-- Symlinking: /home/evan/Documents/algo_gaze_project/install/face_detection/include/face_detection/HaarCascades/haarcascade_eye.xml
-- Symlinking: /home/evan/Documents/algo_gaze_project/install/face_detection/include/face_detection/HaarCascades/haarcascade_eye_tree_eyeglasses.xml
-- Symlinking: /home/evan/Documents/algo_gaze_project/install/face_detection/include/face_detection/HaarCascades/haarcascade_frontalface_alt.xml
-- Symlinking: /home/evan/Documents/algo_gaze_project/install/face_detection/include/face_detection/HaarCascades/haarcascade_frontalface_alt2.xml
-- Symlinking: /home/evan/Documents/algo_gaze_project/install/face_detection/include/face_detection/HaarCascades/haarcascade_frontalface_alt_tree.xml
-- Symlinking: /home/evan/Documents/algo_gaze_project/install/face_detection/include/face_detection/HaarCascades/haarcascade_frontalface_default.xml
-- Symlinking: /home/evan/Documents/algo_gaze_project/install/face_detection/include/face_detection/HaarCascades/haarcascade_fullbody.xml
-- Symlinking: /home/evan/Documents/algo_gaze_project/install/face_detection/include/face_detection/HaarCascades/haarcascade_lefteye_2splits.xml
-- Symlinking: /home/evan/Documents/algo_gaze_project/install/face_detection/include/face_detection/HaarCascades/haarcascade_lowerbody.xml
-- Symlinking: /home/evan/Documents/algo_gaze_project/install/face_detection/include/face_detection/HaarCascades/haarcascade_mcs_eyepair_big.xml
-- Symlinking: /home/evan/Documents/algo_gaze_project/install/face_detection/include/face_detection/HaarCascades/haarcascade_mcs_eyepair_small.xml
-- Symlinking: /home/evan/Documents/algo_gaze_project/install/face_detection/include/face_detection/HaarCascades/haarcascade_mcs_lefteye.xml
-- Symlinking: /home/evan/Documents/algo_gaze_project/install/face_detection/include/face_detection/HaarCascades/haarcascade_mcs_mouth.xml
-- Symlinking: /home/evan/Documents/algo_gaze_project/install/face_detection/include/face_detection/HaarCascades/haarcascade_mcs_nose.xml
-- Symlinking: /home/evan/Documents/algo_gaze_project/install/face_detection/include/face_detection/HaarCascades/haarcascade_mcs_righteye.xml
-- Symlinking: /home/evan/Documents/algo_gaze_project/install/face_detection/include/face_detection/HaarCascades/haarcascade_mcs_upperbody.xml
-- Symlinking: /home/evan/Documents/algo_gaze_project/install/face_detection/include/face_detection/HaarCascades/haarcascade_profileface.xml
-- Symlinking: /home/evan/Documents/algo_gaze_project/install/face_detection/include/face_detection/HaarCascades/haarcascade_righteye_2splits.xml
-- Symlinking: /home/evan/Documents/algo_gaze_project/install/face_detection/include/face_detection/HaarCascades/haarcascade_upperbody.xml
-- Symlinking: /home/evan/Documents/algo_gaze_project/install/face_detection/include/face_detection/haarcascades_cuda/haarcascade_eye.xml
-- Symlinking: /home/evan/Documents/algo_gaze_project/install/face_detection/include/face_detection/haarcascades_cuda/haarcascade_eye_tree_eyeglasses.xml
-- Symlinking: /home/evan/Documents/algo_gaze_project/install/face_detection/include/face_detection/haarcascades_cuda/haarcascade_frontalface_alt.xml
-- Symlinking: /home/evan/Documents/algo_gaze_project/install/face_detection/include/face_detection/haarcascades_cuda/haarcascade_frontalface_alt2.xml
-- Symlinking: /home/evan/Documents/algo_gaze_project/install/face_detection/include/face_detection/haarcascades_cuda/haarcascade_frontalface_alt_tree.xml
-- Symlinking: /home/evan/Documents/algo_gaze_project/install/face_detection/include/face_detection/haarcascades_cuda/haarcascade_frontalface_default.xml
-- Symlinking: /home/evan/Documents/algo_gaze_project/install/face_detection/include/face_detection/haarcascades_cuda/haarcascade_fullbody.xml
-- Symlinking: /home/evan/Documents/algo_gaze_project/install/face_detection/include/face_detection/haarcascades_cuda/haarcascade_lefteye_2splits.xml
-- Symlinking: /home/evan/Documents/algo_gaze_project/install/face_detection/include/face_detection/haarcascades_cuda/haarcascade_lowerbody.xml
-- Symlinking: /home/evan/Documents/algo_gaze_project/install/face_detection/include/face_detection/haarcascades_cuda/haarcascade_profileface.xml
-- Symlinking: /home/evan/Documents/algo_gaze_project/install/face_detection/include/face_detection/haarcascades_cuda/haarcascade_righteye_2splits.xml
-- Symlinking: /home/evan/Documents/algo_gaze_project/install/face_detection/include/face_detection/haarcascades_cuda/haarcascade_smile.xml
-- Symlinking: /home/evan/Documents/algo_gaze_project/install/face_detection/include/face_detection/haarcascades_cuda/haarcascade_upperbody.xml
-- Symlinking: /home/evan/Documents/algo_gaze_project/install/face_detection/include/face_detection/lbpCascades/lbpcascade_frontalcatface.xml
-- Symlinking: /home/evan/Documents/algo_gaze_project/install/face_detection/include/face_detection/lbpCascades/lbpcascade_frontalface.xml
-- Symlinking: /home/evan/Documents/algo_gaze_project/install/face_detection/include/face_detection/lbpCascades/lbpcascade_profileface.xml
-- Symlinking: /home/evan/Documents/algo_gaze_project/install/face_detection/share/face_detection/launch/face_detection.launch
-- Symlinking: /home/evan/Documents/algo_gaze_project/install/face_detection/share/face_detection/launch/face_detection_cuda.launch
-- Symlinking: /home/evan/Documents/algo_gaze_project/install/face_detection/share/face_detection/launch/face_detection_dlib.launch
-- Symlinking: /home/evan/Documents/algo_gaze_project/install/face_detection/share/face_detection/launch/face_tracking.launch
-- Symlinking: /home/evan/Documents/algo_gaze_project/install/face_detection/share/face_detection/launch/face_tracking.launch.py
-- Symlinking: /home/evan/Documents/algo_gaze_project/install/face_detection/share/face_detection/include/face_detection/HaarCascades/haarcascade_eye.xml
-- Symlinking: /home/evan/Documents/algo_gaze_project/install/face_detection/share/face_detection/include/face_detection/HaarCascades/haarcascade_eye_tree_eyeglasses.xml
-- Symlinking: /home/evan/Documents/algo_gaze_project/install/face_detection/share/face_detection/include/face_detection/HaarCascades/haarcascade_frontalface_alt.xml
-- Symlinking: /home/evan/Documents/algo_gaze_project/install/face_detection/share/face_detection/include/face_detection/HaarCascades/haarcascade_frontalface_alt2.xml
-- Symlinking: /home/evan/Documents/algo_gaze_project/install/face_detection/share/face_detection/include/face_detection/HaarCascades/haarcascade_frontalface_alt_tree.xml
-- Symlinking: /home/evan/Documents/algo_gaze_project/install/face_detection/share/face_detection/include/face_detection/HaarCascades/haarcascade_frontalface_default.xml
-- Symlinking: /home/evan/Documents/algo_gaze_project/install/face_detection/share/face_detection/include/face_detection/HaarCascades/haarcascade_fullbody.xml
-- Symlinking: /home/evan/Documents/algo_gaze_project/install/face_detection/share/face_detection/include/face_detection/HaarCascades/haarcascade_lefteye_2splits.xml
-- Symlinking: /home/evan/Documents/algo_gaze_project/install/face_detection/share/face_detection/include/face_detection/HaarCascades/haarcascade_lowerbody.xml
-- Symlinking: /home/evan/Documents/algo_gaze_project/install/face_detection/share/face_detection/include/face_detection/HaarCascades/haarcascade_mcs_eyepair_big.xml
-- Symlinking: /home/evan/Documents/algo_gaze_project/install/face_detection/share/face_detection/include/face_detection/HaarCascades/haarcascade_mcs_eyepair_small.xml
-- Symlinking: /home/evan/Documents/algo_gaze_project/install/face_detection/share/face_detection/include/face_detection/HaarCascades/haarcascade_mcs_lefteye.xml
-- Symlinking: /home/evan/Documents/algo_gaze_project/install/face_detection/share/face_detection/include/face_detection/HaarCascades/haarcascade_mcs_mouth.xml
-- Symlinking: /home/evan/Documents/algo_gaze_project/install/face_detection/share/face_detection/include/face_detection/HaarCascades/haarcascade_mcs_nose.xml
-- Symlinking: /home/evan/Documents/algo_gaze_project/install/face_detection/share/face_detection/include/face_detection/HaarCascades/haarcascade_mcs_righteye.xml
-- Symlinking: /home/evan/Documents/algo_gaze_project/install/face_detection/share/face_detection/include/face_detection/HaarCascades/haarcascade_mcs_upperbody.xml
-- Symlinking: /home/evan/Documents/algo_gaze_project/install/face_detection/share/face_detection/include/face_detection/HaarCascades/haarcascade_profileface.xml
-- Symlinking: /home/evan/Documents/algo_gaze_project/install/face_detection/share/face_detection/include/face_detection/HaarCascades/haarcascade_righteye_2splits.xml
-- Symlinking: /home/evan/Documents/algo_gaze_project/install/face_detection/share/face_detection/include/face_detection/HaarCascades/haarcascade_upperbody.xml
-- Symlinking: /home/evan/Documents/algo_gaze_project/install/face_detection/share/face_detection/include/face_detection/haarcascades_cuda/haarcascade_eye.xml
-- Symlinking: /home/evan/Documents/algo_gaze_project/install/face_detection/share/face_detection/include/face_detection/haarcascades_cuda/haarcascade_eye_tree_eyeglasses.xml
-- Symlinking: /home/evan/Documents/algo_gaze_project/install/face_detection/share/face_detection/include/face_detection/haarcascades_cuda/haarcascade_frontalface_alt.xml
-- Symlinking: /home/evan/Documents/algo_gaze_project/install/face_detection/share/face_detection/include/face_detection/haarcascades_cuda/haarcascade_frontalface_alt2.xml
-- Symlinking: /home/evan/Documents/algo_gaze_project/install/face_detection/share/face_detection/include/face_detection/haarcascades_cuda/haarcascade_frontalface_alt_tree.xml
-- Symlinking: /home/evan/Documents/algo_gaze_project/install/face_detection/share/face_detection/include/face_detection/haarcascades_cuda/haarcascade_frontalface_default.xml
-- Symlinking: /home/evan/Documents/algo_gaze_project/install/face_detection/share/face_detection/include/face_detection/haarcascades_cuda/haarcascade_fullbody.xml
-- Symlinking: /home/evan/Documents/algo_gaze_project/install/face_detection/share/face_detection/include/face_detection/haarcascades_cuda/haarcascade_lefteye_2splits.xml
-- Symlinking: /home/evan/Documents/algo_gaze_project/install/face_detection/share/face_detection/include/face_detection/haarcascades_cuda/haarcascade_lowerbody.xml
-- Symlinking: /home/evan/Documents/algo_gaze_project/install/face_detection/share/face_detection/include/face_detection/haarcascades_cuda/haarcascade_profileface.xml
-- Symlinking: /home/evan/Documents/algo_gaze_project/install/face_detection/share/face_detection/include/face_detection/haarcascades_cuda/haarcascade_righteye_2splits.xml
-- Symlinking: /home/evan/Documents/algo_gaze_project/install/face_detection/share/face_detection/include/face_detection/haarcascades_cuda/haarcascade_smile.xml
-- Symlinking: /home/evan/Documents/algo_gaze_project/install/face_detection/share/face_detection/include/face_detection/haarcascades_cuda/haarcascade_upperbody.xml
-- Symlinking: /home/evan/Documents/algo_gaze_project/install/face_detection/share/face_detection/include/face_detection/lbpCascades/lbpcascade_frontalcatface.xml
-- Symlinking: /home/evan/Documents/algo_gaze_project/install/face_detection/share/face_detection/include/face_detection/lbpCascades/lbpcascade_frontalface.xml
-- Symlinking: /home/evan/Documents/algo_gaze_project/install/face_detection/share/face_detection/include/face_detection/lbpCascades/lbpcascade_profileface.xml
-- Symlinking: /home/evan/Documents/algo_gaze_project/install/face_detection/share/ament_index/resource_index/package_run_dependencies/face_detection
-- Symlinking: /home/evan/Documents/algo_gaze_project/install/face_detection/share/ament_index/resource_index/parent_prefix_path/face_detection
-- Symlinking: /home/evan/Documents/algo_gaze_project/install/face_detection/share/face_detection/environment/ament_prefix_path.sh
-- Symlinking: /home/evan/Documents/algo_gaze_project/install/face_detection/share/face_detection/environment/ament_prefix_path.dsv
-- Symlinking: /home/evan/Documents/algo_gaze_project/install/face_detection/share/face_detection/environment/path.sh
-- Symlinking: /home/evan/Documents/algo_gaze_project/install/face_detection/share/face_detection/environment/path.dsv
-- Symlinking: /home/evan/Documents/algo_gaze_project/install/face_detection/share/face_detection/local_setup.bash
-- Symlinking: /home/evan/Documents/algo_gaze_project/install/face_detection/share/face_detection/local_setup.sh
-- Symlinking: /home/evan/Documents/algo_gaze_project/install/face_detection/share/face_detection/local_setup.zsh
-- Symlinking: /home/evan/Documents/algo_gaze_project/install/face_detection/share/face_detection/local_setup.dsv
-- Symlinking: /home/evan/Documents/algo_gaze_project/install/face_detection/share/face_detection/package.dsv
-- Symlinking: /home/evan/Documents/algo_gaze_project/install/face_detection/share/ament_index/resource_index/packages/face_detection
-- Symlinking: /home/evan/Documents/algo_gaze_project/install/face_detection/share/face_detection/cmake/face_detectionConfig.cmake
-- Symlinking: /home/evan/Documents/algo_gaze_project/install/face_detection/share/face_detection/cmake/face_detectionConfig-version.cmake
-- Symlinking: /home/evan/Documents/algo_gaze_project/install/face_detection/share/face_detection/package.xml
