[35m[1mConsolidate compiler generated dependencies of target open_cr_module[0m
[100%] Built target open_cr_module
-- Install configuration: ""
-- Execute custom install script
-- Up-to-date symlink: /home/evan/Documents/algo_gaze_project/install/open_cr_module/lib/libopen_cr_module.so
-- Up-to-date symlink: /home/evan/Documents/algo_gaze_project/install/open_cr_module/include/open_cr_module/open_cr_module.h
-- Up-to-date symlink: /home/evan/Documents/algo_gaze_project/install/open_cr_module/share/open_cr_module/environment/library_path.sh
-- Up-to-date symlink: /home/evan/Documents/algo_gaze_project/install/open_cr_module/share/open_cr_module/environment/library_path.dsv
-- Up-to-date symlink: /home/evan/Documents/algo_gaze_project/install/open_cr_module/share/ament_index/resource_index/package_run_dependencies/open_cr_module
-- Up-to-date symlink: /home/evan/Documents/algo_gaze_project/install/open_cr_module/share/ament_index/resource_index/parent_prefix_path/open_cr_module
-- Up-to-date symlink: /home/evan/Documents/algo_gaze_project/install/open_cr_module/share/open_cr_module/environment/ament_prefix_path.sh
-- Up-to-date symlink: /home/evan/Documents/algo_gaze_project/install/open_cr_module/share/open_cr_module/environment/ament_prefix_path.dsv
-- Up-to-date symlink: /home/evan/Documents/algo_gaze_project/install/open_cr_module/share/open_cr_module/environment/path.sh
-- Up-to-date symlink: /home/evan/Documents/algo_gaze_project/install/open_cr_module/share/open_cr_module/environment/path.dsv
-- Up-to-date symlink: /home/evan/Documents/algo_gaze_project/install/open_cr_module/share/open_cr_module/local_setup.bash
-- Up-to-date symlink: /home/evan/Documents/algo_gaze_project/install/open_cr_module/share/open_cr_module/local_setup.sh
-- Up-to-date symlink: /home/evan/Documents/algo_gaze_project/install/open_cr_module/share/open_cr_module/local_setup.zsh
-- Up-to-date symlink: /home/evan/Documents/algo_gaze_project/install/open_cr_module/share/open_cr_module/local_setup.dsv
-- Up-to-date symlink: /home/evan/Documents/algo_gaze_project/install/open_cr_module/share/open_cr_module/package.dsv
-- Up-to-date symlink: /home/evan/Documents/algo_gaze_project/install/open_cr_module/share/ament_index/resource_index/packages/open_cr_module
-- Up-to-date symlink: /home/evan/Documents/algo_gaze_project/install/open_cr_module/share/open_cr_module/cmake/ament_cmake_export_include_directories-extras.cmake
-- Up-to-date symlink: /home/evan/Documents/algo_gaze_project/install/open_cr_module/share/open_cr_module/cmake/ament_cmake_export_libraries-extras.cmake
-- Up-to-date symlink: /home/evan/Documents/algo_gaze_project/install/open_cr_module/share/open_cr_module/cmake/ament_cmake_export_dependencies-extras.cmake
-- Up-to-date symlink: /home/evan/Documents/algo_gaze_project/install/open_cr_module/share/open_cr_module/cmake/open_cr_moduleConfig.cmake
-- Up-to-date symlink: /home/evan/Documents/algo_gaze_project/install/open_cr_module/share/open_cr_module/cmake/open_cr_moduleConfig-version.cmake
-- Up-to-date symlink: /home/evan/Documents/algo_gaze_project/install/open_cr_module/share/open_cr_module/package.xml
