[0.020s] Invoking command in '/home/evan/Documents/algo_gaze_project/build/ros_madplay_player': CMAKE_PREFIX_PATH=/opt/ros/humble /usr/bin/cmake /home/evan/Documents/algo_gaze_project/ROBOTIS-Utility/ros_madplay_player -DAMENT_CMAKE_SYMLINK_INSTALL=1 -DCMAKE_INSTALL_PREFIX=/home/evan/Documents/algo_gaze_project/install/ros_madplay_player
[1.712s] -- The C compiler identification is GNU 11.4.0
[1.712s] -- The CXX compiler identification is GNU 11.4.0
[1.712s] -- Detecting C compiler ABI info
[1.712s] -- Detecting C compiler ABI info - done
[1.712s] -- Check for working C compiler: /usr/bin/cc - skipped
[1.712s] -- Detecting C compile features
[1.712s] -- Detecting C compile features - done
[1.712s] -- Detecting CXX compiler ABI info
[1.712s] -- Detecting CXX compiler ABI info - done
[1.712s] -- Check for working CXX compiler: /usr/bin/c++ - skipped
[1.712s] -- Detecting CXX compile features
[1.712s] -- Detecting CXX compile features - done
[1.712s] -- Found ament_cmake: 1.3.14 (/opt/ros/humble/share/ament_cmake/cmake)
[1.712s] -- Found Python3: /usr/bin/python3 (found version "3.10.12") found components: Interpreter 
[1.713s] -- Override CMake install command with custom implementation using symlinks instead of copying resources
[1.713s] -- Found rclcpp: 16.0.19 (/opt/ros/humble/share/rclcpp/cmake)
[1.713s] -- Found rosidl_generator_c: 3.1.8 (/opt/ros/humble/share/rosidl_generator_c/cmake)
[1.713s] -- Found rosidl_adapter: 3.1.8 (/opt/ros/humble/share/rosidl_adapter/cmake)
[1.713s] -- Found rosidl_generator_cpp: 3.1.8 (/opt/ros/humble/share/rosidl_generator_cpp/cmake)
[1.713s] -- Using all available rosidl_typesupport_c: rosidl_typesupport_fastrtps_c;rosidl_typesupport_introspection_c
[1.713s] -- Using all available rosidl_typesupport_cpp: rosidl_typesupport_fastrtps_cpp;rosidl_typesupport_introspection_cpp
[1.713s] -- Found rmw_implementation_cmake: 6.1.2 (/opt/ros/humble/share/rmw_implementation_cmake/cmake)
[1.713s] -- Found rmw_fastrtps_cpp: 6.2.10 (/opt/ros/humble/share/rmw_fastrtps_cpp/cmake)
[1.713s] -- Found OpenSSL: /usr/lib/x86_64-linux-gnu/libcrypto.so (found version "3.0.2")  
[1.713s] -- Found FastRTPS: /opt/ros/humble/include  
[1.738s] -- Using RMW implementation 'rmw_fastrtps_cpp' as default
[1.747s] -- Looking for pthread.h
[1.830s] -- Looking for pthread.h - found
[1.831s] -- Performing Test CMAKE_HAVE_LIBC_PTHREAD
[1.926s] -- Performing Test CMAKE_HAVE_LIBC_PTHREAD - Success
[1.926s] -- Found Threads: TRUE  
[2.143s] -- Configuring done
[2.160s] -- Generating done
[2.164s] -- Build files have been written to: /home/evan/Documents/algo_gaze_project/build/ros_madplay_player
[2.582s] Invoked command in '/home/evan/Documents/algo_gaze_project/build/ros_madplay_player' returned '0': CMAKE_PREFIX_PATH=/opt/ros/humble /usr/bin/cmake /home/evan/Documents/algo_gaze_project/ROBOTIS-Utility/ros_madplay_player -DAMENT_CMAKE_SYMLINK_INSTALL=1 -DCMAKE_INSTALL_PREFIX=/home/evan/Documents/algo_gaze_project/install/ros_madplay_player
[2.587s] Invoking command in '/home/evan/Documents/algo_gaze_project/build/ros_madplay_player': CMAKE_PREFIX_PATH=/opt/ros/humble /usr/bin/cmake --build /home/evan/Documents/algo_gaze_project/build/ros_madplay_player -- -j12 -l12
[2.833s] [ 50%] [32mBuilding CXX object CMakeFiles/ros_madplay_player.dir/src/ros_madplay_player.cpp.o[0m
[10.822s] [100%] [32m[1mLinking CXX executable ros_madplay_player[0m
[11.106s] [100%] Built target ros_madplay_player
