[0.031s] Invoking command in '/home/evan/Documents/BRONE_audio_gaze_project/build/op3_ball_detector_msgs': CMAKE_PREFIX_PATH=${CMAKE_PREFIX_PATH}:/home/evan/Documents/BRONE_audio_gaze_project/install/algo_gaze:/home/evan/Documents/BRONE_audio_gaze_project/install/brone_gaze:/opt/ros/humble /usr/bin/cmake /home/evan/Documents/BRONE_audio_gaze_project/ROBOTIS-OP3-msgs/op3_ball_detector_msgs -DAMENT_CMAKE_SYMLINK_INSTALL=1 -DCMAKE_INSTALL_PREFIX=/home/evan/Documents/BRONE_audio_gaze_project/install/op3_ball_detector_msgs
[1.026s] -- The C compiler identification is GNU 11.4.0
[1.026s] -- The CXX compiler identification is GNU 11.4.0
[1.026s] -- Detecting C compiler ABI info
[1.026s] -- Detecting C compiler ABI info - done
[1.026s] -- Check for working C compiler: /usr/bin/cc - skipped
[1.026s] -- Detecting C compile features
[1.026s] -- Detecting C compile features - done
[1.026s] -- Detecting CXX compiler ABI info
[1.026s] -- Detecting CXX compiler ABI info - done
[1.027s] -- Check for working CXX compiler: /usr/bin/c++ - skipped
[1.027s] -- Detecting CXX compile features
[1.027s] -- Detecting CXX compile features - done
[1.027s] -- Found ament_cmake: 1.3.14 (/opt/ros/humble/share/ament_cmake/cmake)
[1.027s] -- Found Python3: /usr/bin/python3 (found version "3.10.12") found components: Interpreter 
[1.027s] -- Override CMake install command with custom implementation using symlinks instead of copying resources
[1.027s] -- Found std_msgs: 4.9.1 (/opt/ros/humble/share/std_msgs/cmake)
[1.027s] -- Found rosidl_generator_c: 3.1.8 (/opt/ros/humble/share/rosidl_generator_c/cmake)
[1.027s] -- Found rosidl_adapter: 3.1.8 (/opt/ros/humble/share/rosidl_adapter/cmake)
[1.027s] -- Found rosidl_generator_cpp: 3.1.8 (/opt/ros/humble/share/rosidl_generator_cpp/cmake)
[1.027s] -- Using all available rosidl_typesupport_c: rosidl_typesupport_fastrtps_c;rosidl_typesupport_introspection_c
[1.030s] -- Using all available rosidl_typesupport_cpp: rosidl_typesupport_fastrtps_cpp;rosidl_typesupport_introspection_cpp
[1.030s] -- Found sensor_msgs: 4.9.1 (/opt/ros/humble/share/sensor_msgs/cmake)
[1.030s] -- Found rosidl_default_generators: 1.2.1 (/opt/ros/humble/share/rosidl_default_generators/cmake)
[1.957s] -- Found ament_cmake_ros: 0.10.0 (/opt/ros/humble/share/ament_cmake_ros/cmake)
[3.335s] -- Using all available rosidl_typesupport_c: rosidl_typesupport_fastrtps_c;rosidl_typesupport_introspection_c
[4.042s] -- Using all available rosidl_typesupport_cpp: rosidl_typesupport_fastrtps_cpp;rosidl_typesupport_introspection_cpp
[4.191s] -- Found PythonInterp: /usr/bin/python3 (found suitable version "3.10.12", minimum required is "3.6") 
[4.205s] -- Found python_cmake_module: 0.10.0 (/opt/ros/humble/share/python_cmake_module/cmake)
[4.424s] -- Found PythonLibs: /usr/lib/x86_64-linux-gnu/libpython3.10.so (found suitable version "3.10.12", minimum required is "3.5") 
[4.424s] -- Using PYTHON_EXECUTABLE: /usr/bin/python3
[4.424s] -- Using PYTHON_INCLUDE_DIRS: /usr/include/python3.10
[4.424s] -- Using PYTHON_LIBRARIES: /usr/lib/x86_64-linux-gnu/libpython3.10.so
[4.495s] -- Found PythonExtra: .so  
[5.408s] -- Configuring done
[5.754s] -- Generating done
[5.852s] -- Build files have been written to: /home/evan/Documents/BRONE_audio_gaze_project/build/op3_ball_detector_msgs
[5.916s] Invoked command in '/home/evan/Documents/BRONE_audio_gaze_project/build/op3_ball_detector_msgs' returned '0': CMAKE_PREFIX_PATH=${CMAKE_PREFIX_PATH}:/home/evan/Documents/BRONE_audio_gaze_project/install/algo_gaze:/home/evan/Documents/BRONE_audio_gaze_project/install/brone_gaze:/opt/ros/humble /usr/bin/cmake /home/evan/Documents/BRONE_audio_gaze_project/ROBOTIS-OP3-msgs/op3_ball_detector_msgs -DAMENT_CMAKE_SYMLINK_INSTALL=1 -DCMAKE_INSTALL_PREFIX=/home/evan/Documents/BRONE_audio_gaze_project/install/op3_ball_detector_msgs
[5.917s] Invoking command in '/home/evan/Documents/BRONE_audio_gaze_project/build/op3_ball_detector_msgs': CMAKE_PREFIX_PATH=${CMAKE_PREFIX_PATH}:/home/evan/Documents/BRONE_audio_gaze_project/install/algo_gaze:/home/evan/Documents/BRONE_audio_gaze_project/install/brone_gaze:/opt/ros/humble /usr/bin/cmake --build /home/evan/Documents/BRONE_audio_gaze_project/build/op3_ball_detector_msgs -- -j12 -l12
[20.531s] [  1%] [34m[1mGenerating C code for ROS interfaces[0m
[20.531s] [  3%] [34m[1mGenerating Rust code for ROS interfaces[0m
[20.532s] [  5%] [34m[1mGenerating C++ code for ROS interfaces[0m
[20.532s] [  5%] Built target ament_cmake_python_symlink_op3_ball_detector_msgs
[20.532s] running egg_info
[20.532s] creating op3_ball_detector_msgs.egg-info
[20.532s] writing op3_ball_detector_msgs.egg-info/PKG-INFO
[20.532s] writing dependency_links to op3_ball_detector_msgs.egg-info/dependency_links.txt
[20.533s] writing top-level names to op3_ball_detector_msgs.egg-info/top_level.txt
[20.533s] writing manifest file 'op3_ball_detector_msgs.egg-info/SOURCES.txt'
[20.533s] reading manifest file 'op3_ball_detector_msgs.egg-info/SOURCES.txt'
[20.533s] writing manifest file 'op3_ball_detector_msgs.egg-info/SOURCES.txt'
[20.533s] [  5%] Built target ament_cmake_python_build_op3_ball_detector_msgs_egg
[20.533s] [  5%] Built target op3_ball_detector_msgs__rs
[20.533s] [  8%] [32mBuilding C object CMakeFiles/op3_ball_detector_msgs__rosidl_generator_c.dir/rosidl_generator_c/op3_ball_detector_msgs/msg/detail/ball_detector_params__functions.c.o[0m
[20.533s] [ 10%] [32mBuilding C object CMakeFiles/op3_ball_detector_msgs__rosidl_generator_c.dir/rosidl_generator_c/op3_ball_detector_msgs/srv/detail/set_parameters__functions.c.o[0m
[20.533s] [ 10%] [32mBuilding C object CMakeFiles/op3_ball_detector_msgs__rosidl_generator_c.dir/rosidl_generator_c/op3_ball_detector_msgs/msg/detail/circle_set_stamped__functions.c.o[0m
[20.533s] [ 12%] [32mBuilding C object CMakeFiles/op3_ball_detector_msgs__rosidl_generator_c.dir/rosidl_generator_c/op3_ball_detector_msgs/srv/detail/get_parameters__functions.c.o[0m
[20.534s] [ 14%] [32m[1mLinking C shared library libop3_ball_detector_msgs__rosidl_generator_c.so[0m
[20.534s] [ 14%] Built target op3_ball_detector_msgs__cpp
[20.534s] [ 16%] [34m[1mGenerating C++ type support for eProsima Fast-RTPS[0m
[20.534s] [ 17%] [34m[1mGenerating C++ introspection for ROS interfaces[0m
[20.534s] [ 19%] [34m[1mGenerating C++ type support dispatch for ROS interfaces[0m
[20.534s] [ 19%] Built target op3_ball_detector_msgs__rosidl_generator_c
[20.534s] [ 21%] [34m[1mGenerating C introspection for ROS interfaces[0m
[20.534s] [ 23%] [34m[1mGenerating C type support for eProsima Fast-RTPS[0m
[20.534s] [ 25%] [34m[1mGenerating C type support dispatch for ROS interfaces[0m
[20.534s] [ 26%] [32mBuilding CXX object CMakeFiles/op3_ball_detector_msgs__rosidl_typesupport_cpp.dir/rosidl_typesupport_cpp/op3_ball_detector_msgs/msg/ball_detector_params__type_support.cpp.o[0m
[20.534s] [ 28%] [32mBuilding CXX object CMakeFiles/op3_ball_detector_msgs__rosidl_typesupport_introspection_cpp.dir/rosidl_typesupport_introspection_cpp/op3_ball_detector_msgs/msg/detail/ball_detector_params__type_support.cpp.o[0m
[20.534s] [ 30%] [32mBuilding C object CMakeFiles/op3_ball_detector_msgs__rosidl_typesupport_introspection_c.dir/rosidl_typesupport_introspection_c/op3_ball_detector_msgs/msg/detail/ball_detector_params__type_support.c.o[0m
[20.535s] [ 32%] [32mBuilding CXX object CMakeFiles/op3_ball_detector_msgs__rosidl_typesupport_fastrtps_c.dir/rosidl_typesupport_fastrtps_c/op3_ball_detector_msgs/msg/detail/ball_detector_params__type_support_c.cpp.o[0m
[20.535s] [ 33%] [32mBuilding C object CMakeFiles/op3_ball_detector_msgs__rosidl_typesupport_introspection_c.dir/rosidl_typesupport_introspection_c/op3_ball_detector_msgs/msg/detail/circle_set_stamped__type_support.c.o[0m
[20.535s] [ 35%] [32mBuilding CXX object CMakeFiles/op3_ball_detector_msgs__rosidl_typesupport_c.dir/rosidl_typesupport_c/op3_ball_detector_msgs/msg/ball_detector_params__type_support.cpp.o[0m
[20.535s] [ 37%] [32mBuilding C object CMakeFiles/op3_ball_detector_msgs__rosidl_typesupport_introspection_c.dir/rosidl_typesupport_introspection_c/op3_ball_detector_msgs/srv/detail/get_parameters__type_support.c.o[0m
[20.535s] [ 39%] [32mBuilding CXX object CMakeFiles/op3_ball_detector_msgs__rosidl_typesupport_c.dir/rosidl_typesupport_c/op3_ball_detector_msgs/msg/circle_set_stamped__type_support.cpp.o[0m
[20.535s] [ 41%] [32mBuilding C object CMakeFiles/op3_ball_detector_msgs__rosidl_typesupport_introspection_c.dir/rosidl_typesupport_introspection_c/op3_ball_detector_msgs/srv/detail/set_parameters__type_support.c.o[0m
[20.535s] [ 42%] [32mBuilding CXX object CMakeFiles/op3_ball_detector_msgs__rosidl_typesupport_fastrtps_cpp.dir/rosidl_typesupport_fastrtps_cpp/op3_ball_detector_msgs/msg/detail/dds_fastrtps/ball_detector_params__type_support.cpp.o[0m
[20.535s] [ 44%] [32mBuilding CXX object CMakeFiles/op3_ball_detector_msgs__rosidl_typesupport_c.dir/rosidl_typesupport_c/op3_ball_detector_msgs/srv/get_parameters__type_support.cpp.o[0m
[20.535s] [ 46%] [32m[1mLinking C shared library libop3_ball_detector_msgs__rosidl_typesupport_introspection_c.so[0m
[20.535s] [ 48%] [32mBuilding CXX object CMakeFiles/op3_ball_detector_msgs__rosidl_typesupport_cpp.dir/rosidl_typesupport_cpp/op3_ball_detector_msgs/srv/set_parameters__type_support.cpp.o[0m
[20.535s] [ 50%] [32mBuilding CXX object CMakeFiles/op3_ball_detector_msgs__rosidl_typesupport_c.dir/rosidl_typesupport_c/op3_ball_detector_msgs/srv/set_parameters__type_support.cpp.o[0m
[20.536s] [ 50%] Built target op3_ball_detector_msgs__rosidl_typesupport_introspection_c
[20.536s] [ 51%] [32m[1mLinking CXX shared library libop3_ball_detector_msgs__rosidl_typesupport_c.so[0m
[20.536s] [ 51%] Built target op3_ball_detector_msgs__rosidl_typesupport_c
[20.536s] [ 53%] [32mBuilding CXX object CMakeFiles/op3_ball_detector_msgs__rosidl_typesupport_introspection_cpp.dir/rosidl_typesupport_introspection_cpp/op3_ball_detector_msgs/srv/detail/set_parameters__type_support.cpp.o[0m
[20.536s] [ 55%] [32mBuilding CXX object CMakeFiles/op3_ball_detector_msgs__rosidl_typesupport_cpp.dir/rosidl_typesupport_cpp/op3_ball_detector_msgs/srv/get_parameters__type_support.cpp.o[0m
[20.546s] [ 57%] [32mBuilding CXX object CMakeFiles/op3_ball_detector_msgs__rosidl_typesupport_fastrtps_c.dir/rosidl_typesupport_fastrtps_c/op3_ball_detector_msgs/srv/detail/set_parameters__type_support_c.cpp.o[0m
[20.546s] [ 58%] [32mBuilding CXX object CMakeFiles/op3_ball_detector_msgs__rosidl_typesupport_fastrtps_cpp.dir/rosidl_typesupport_fastrtps_cpp/op3_ball_detector_msgs/srv/detail/dds_fastrtps/set_parameters__type_support.cpp.o[0m
[20.546s] [ 60%] [32mBuilding CXX object CMakeFiles/op3_ball_detector_msgs__rosidl_typesupport_cpp.dir/rosidl_typesupport_cpp/op3_ball_detector_msgs/msg/circle_set_stamped__type_support.cpp.o[0m
[20.546s] [ 62%] [32mBuilding CXX object CMakeFiles/op3_ball_detector_msgs__rosidl_typesupport_introspection_cpp.dir/rosidl_typesupport_introspection_cpp/op3_ball_detector_msgs/srv/detail/get_parameters__type_support.cpp.o[0m
[20.546s] [ 64%] [32mBuilding CXX object CMakeFiles/op3_ball_detector_msgs__rosidl_typesupport_fastrtps_c.dir/rosidl_typesupport_fastrtps_c/op3_ball_detector_msgs/srv/detail/get_parameters__type_support_c.cpp.o[0m
[20.547s] [ 66%] [32mBuilding CXX object CMakeFiles/op3_ball_detector_msgs__rosidl_typesupport_fastrtps_cpp.dir/rosidl_typesupport_fastrtps_cpp/op3_ball_detector_msgs/srv/detail/dds_fastrtps/get_parameters__type_support.cpp.o[0m
[20.547s] [ 67%] [32m[1mLinking CXX shared library libop3_ball_detector_msgs__rosidl_typesupport_cpp.so[0m
[20.547s] [ 69%] [32mBuilding CXX object CMakeFiles/op3_ball_detector_msgs__rosidl_typesupport_fastrtps_c.dir/rosidl_typesupport_fastrtps_c/op3_ball_detector_msgs/msg/detail/circle_set_stamped__type_support_c.cpp.o[0m
[20.547s] [ 69%] Built target op3_ball_detector_msgs__rosidl_typesupport_cpp
[20.547s] [ 71%] [32mBuilding CXX object CMakeFiles/op3_ball_detector_msgs__rosidl_typesupport_introspection_cpp.dir/rosidl_typesupport_introspection_cpp/op3_ball_detector_msgs/msg/detail/circle_set_stamped__type_support.cpp.o[0m
[20.547s] [ 73%] [32mBuilding CXX object CMakeFiles/op3_ball_detector_msgs__rosidl_typesupport_fastrtps_cpp.dir/rosidl_typesupport_fastrtps_cpp/op3_ball_detector_msgs/msg/detail/dds_fastrtps/circle_set_stamped__type_support.cpp.o[0m
[20.547s] [ 75%] [32m[1mLinking CXX shared library libop3_ball_detector_msgs__rosidl_typesupport_fastrtps_c.so[0m
[20.547s] [ 75%] Built target op3_ball_detector_msgs__rosidl_typesupport_fastrtps_c
[20.547s] [ 76%] [32m[1mLinking CXX shared library libop3_ball_detector_msgs__rosidl_typesupport_introspection_cpp.so[0m
[20.547s] [ 76%] Built target op3_ball_detector_msgs__rosidl_typesupport_introspection_cpp
[20.548s] [ 78%] [32m[1mLinking CXX shared library libop3_ball_detector_msgs__rosidl_typesupport_fastrtps_cpp.so[0m
[20.561s] [ 78%] Built target op3_ball_detector_msgs__rosidl_typesupport_fastrtps_cpp
[20.615s] [ 78%] Built target op3_ball_detector_msgs
[20.674s] [ 80%] [34m[1mGenerating Python code for ROS interfaces[0m
[22.760s] [ 80%] Built target op3_ball_detector_msgs__py
[22.785s] [ 82%] [32mBuilding C object CMakeFiles/op3_ball_detector_msgs__rosidl_generator_py.dir/rosidl_generator_py/op3_ball_detector_msgs/msg/_ball_detector_params_s.c.o[0m
[22.920s] [ 83%] [32mBuilding C object CMakeFiles/op3_ball_detector_msgs__rosidl_generator_py.dir/rosidl_generator_py/op3_ball_detector_msgs/srv/_set_parameters_s.c.o[0m
[23.069s] [ 85%] [32mBuilding C object CMakeFiles/op3_ball_detector_msgs__rosidl_generator_py.dir/rosidl_generator_py/op3_ball_detector_msgs/srv/_get_parameters_s.c.o[0m
[23.282s] [ 87%] [32mBuilding C object CMakeFiles/op3_ball_detector_msgs__rosidl_generator_py.dir/rosidl_generator_py/op3_ball_detector_msgs/msg/_circle_set_stamped_s.c.o[0m
[23.442s] [ 89%] [32m[1mLinking C shared library rosidl_generator_py/op3_ball_detector_msgs/libop3_ball_detector_msgs__rosidl_generator_py.so[0m
[23.564s] [ 89%] Built target op3_ball_detector_msgs__rosidl_generator_py
[23.622s] [ 91%] [32mBuilding C object CMakeFiles/op3_ball_detector_msgs__rosidl_typesupport_fastrtps_c__pyext.dir/rosidl_generator_py/op3_ball_detector_msgs/_op3_ball_detector_msgs_s.ep.rosidl_typesupport_fastrtps_c.c.o[0m
[23.870s] [ 92%] [32m[1mLinking C shared library rosidl_generator_py/op3_ball_detector_msgs/op3_ball_detector_msgs_s__rosidl_typesupport_fastrtps_c.cpython-310-x86_64-linux-gnu.so[0m
[23.988s] [ 92%] Built target op3_ball_detector_msgs__rosidl_typesupport_fastrtps_c__pyext
[24.039s] [ 94%] [32mBuilding C object CMakeFiles/op3_ball_detector_msgs__rosidl_typesupport_c__pyext.dir/rosidl_generator_py/op3_ball_detector_msgs/_op3_ball_detector_msgs_s.ep.rosidl_typesupport_c.c.o[0m
[24.280s] [ 96%] [32m[1mLinking C shared library rosidl_generator_py/op3_ball_detector_msgs/op3_ball_detector_msgs_s__rosidl_typesupport_c.cpython-310-x86_64-linux-gnu.so[0m
[24.401s] [ 96%] Built target op3_ball_detector_msgs__rosidl_typesupport_c__pyext
[24.433s] [ 98%] [32mBuilding C object CMakeFiles/op3_ball_detector_msgs__rosidl_typesupport_introspection_c__pyext.dir/rosidl_generator_py/op3_ball_detector_msgs/_op3_ball_detector_msgs_s.ep.rosidl_typesupport_introspection_c.c.o[0m
[24.620s] [100%] [32m[1mLinking C shared library rosidl_generator_py/op3_ball_detector_msgs/op3_ball_detector_msgs_s__rosidl_typesupport_introspection_c.cpython-310-x86_64-linux-gnu.so[0m
[24.704s] [100%] Built target op3_ball_detector_msgs__rosidl_typesupport_introspection_c__pyext
[24.736s] Invoked command in '/home/evan/Documents/BRONE_audio_gaze_project/build/op3_ball_detector_msgs' returned '0': CMAKE_PREFIX_PATH=${CMAKE_PREFIX_PATH}:/home/evan/Documents/BRONE_audio_gaze_project/install/algo_gaze:/home/evan/Documents/BRONE_audio_gaze_project/install/brone_gaze:/opt/ros/humble /usr/bin/cmake --build /home/evan/Documents/BRONE_audio_gaze_project/build/op3_ball_detector_msgs -- -j12 -l12
[24.736s] Invoking command in '/home/evan/Documents/BRONE_audio_gaze_project/build/op3_ball_detector_msgs': CMAKE_PREFIX_PATH=${CMAKE_PREFIX_PATH}:/home/evan/Documents/BRONE_audio_gaze_project/install/algo_gaze:/home/evan/Documents/BRONE_audio_gaze_project/install/brone_gaze:/opt/ros/humble /usr/bin/cmake --install /home/evan/Documents/BRONE_audio_gaze_project/build/op3_ball_detector_msgs
[25.795s] -- Install configuration: ""
[25.795s] -- Execute custom install script
[25.795s] -- Symlinking: /home/evan/Documents/BRONE_audio_gaze_project/install/op3_ball_detector_msgs/share/ament_index/resource_index/rosidl_interfaces/op3_ball_detector_msgs
[25.795s] -- Symlinking: /home/evan/Documents/BRONE_audio_gaze_project/install/op3_ball_detector_msgs/include/op3_ball_detector_msgs/op3_ball_detector_msgs/msg/ball_detector_params.h
[25.795s] -- Symlinking: /home/evan/Documents/BRONE_audio_gaze_project/install/op3_ball_detector_msgs/include/op3_ball_detector_msgs/op3_ball_detector_msgs/msg/circle_set_stamped.h
[25.795s] -- Symlinking: /home/evan/Documents/BRONE_audio_gaze_project/install/op3_ball_detector_msgs/include/op3_ball_detector_msgs/op3_ball_detector_msgs/msg/detail/ball_detector_params__functions.h
[25.795s] -- Symlinking: /home/evan/Documents/BRONE_audio_gaze_project/install/op3_ball_detector_msgs/include/op3_ball_detector_msgs/op3_ball_detector_msgs/msg/detail/ball_detector_params__struct.h
[25.795s] -- Symlinking: /home/evan/Documents/BRONE_audio_gaze_project/install/op3_ball_detector_msgs/include/op3_ball_detector_msgs/op3_ball_detector_msgs/msg/detail/ball_detector_params__type_support.h
[25.795s] -- Symlinking: /home/evan/Documents/BRONE_audio_gaze_project/install/op3_ball_detector_msgs/include/op3_ball_detector_msgs/op3_ball_detector_msgs/msg/detail/circle_set_stamped__functions.h
[25.795s] -- Symlinking: /home/evan/Documents/BRONE_audio_gaze_project/install/op3_ball_detector_msgs/include/op3_ball_detector_msgs/op3_ball_detector_msgs/msg/detail/circle_set_stamped__struct.h
[25.796s] -- Symlinking: /home/evan/Documents/BRONE_audio_gaze_project/install/op3_ball_detector_msgs/include/op3_ball_detector_msgs/op3_ball_detector_msgs/msg/detail/circle_set_stamped__type_support.h
[25.796s] -- Symlinking: /home/evan/Documents/BRONE_audio_gaze_project/install/op3_ball_detector_msgs/include/op3_ball_detector_msgs/op3_ball_detector_msgs/msg/rosidl_generator_c__visibility_control.h
[25.796s] -- Symlinking: /home/evan/Documents/BRONE_audio_gaze_project/install/op3_ball_detector_msgs/include/op3_ball_detector_msgs/op3_ball_detector_msgs/srv/detail/get_parameters__functions.h
[25.796s] -- Symlinking: /home/evan/Documents/BRONE_audio_gaze_project/install/op3_ball_detector_msgs/include/op3_ball_detector_msgs/op3_ball_detector_msgs/srv/detail/get_parameters__struct.h
[25.796s] -- Symlinking: /home/evan/Documents/BRONE_audio_gaze_project/install/op3_ball_detector_msgs/include/op3_ball_detector_msgs/op3_ball_detector_msgs/srv/detail/get_parameters__type_support.h
[25.796s] -- Symlinking: /home/evan/Documents/BRONE_audio_gaze_project/install/op3_ball_detector_msgs/include/op3_ball_detector_msgs/op3_ball_detector_msgs/srv/detail/set_parameters__functions.h
[25.796s] -- Symlinking: /home/evan/Documents/BRONE_audio_gaze_project/install/op3_ball_detector_msgs/include/op3_ball_detector_msgs/op3_ball_detector_msgs/srv/detail/set_parameters__struct.h
[25.796s] -- Symlinking: /home/evan/Documents/BRONE_audio_gaze_project/install/op3_ball_detector_msgs/include/op3_ball_detector_msgs/op3_ball_detector_msgs/srv/detail/set_parameters__type_support.h
[25.796s] -- Symlinking: /home/evan/Documents/BRONE_audio_gaze_project/install/op3_ball_detector_msgs/include/op3_ball_detector_msgs/op3_ball_detector_msgs/srv/get_parameters.h
[25.796s] -- Symlinking: /home/evan/Documents/BRONE_audio_gaze_project/install/op3_ball_detector_msgs/include/op3_ball_detector_msgs/op3_ball_detector_msgs/srv/set_parameters.h
[25.796s] -- Symlinking: /home/evan/Documents/BRONE_audio_gaze_project/install/op3_ball_detector_msgs/share/op3_ball_detector_msgs/environment/library_path.sh
[25.796s] -- Symlinking: /home/evan/Documents/BRONE_audio_gaze_project/install/op3_ball_detector_msgs/share/op3_ball_detector_msgs/environment/library_path.dsv
[25.796s] -- Symlinking: /home/evan/Documents/BRONE_audio_gaze_project/install/op3_ball_detector_msgs/include/op3_ball_detector_msgs/op3_ball_detector_msgs/msg/detail/ball_detector_params__rosidl_typesupport_fastrtps_c.h
[25.796s] -- Symlinking: /home/evan/Documents/BRONE_audio_gaze_project/install/op3_ball_detector_msgs/include/op3_ball_detector_msgs/op3_ball_detector_msgs/msg/detail/circle_set_stamped__rosidl_typesupport_fastrtps_c.h
[25.796s] -- Symlinking: /home/evan/Documents/BRONE_audio_gaze_project/install/op3_ball_detector_msgs/include/op3_ball_detector_msgs/op3_ball_detector_msgs/msg/rosidl_typesupport_fastrtps_c__visibility_control.h
[25.796s] -- Symlinking: /home/evan/Documents/BRONE_audio_gaze_project/install/op3_ball_detector_msgs/include/op3_ball_detector_msgs/op3_ball_detector_msgs/srv/detail/get_parameters__rosidl_typesupport_fastrtps_c.h
[25.796s] -- Symlinking: /home/evan/Documents/BRONE_audio_gaze_project/install/op3_ball_detector_msgs/include/op3_ball_detector_msgs/op3_ball_detector_msgs/srv/detail/set_parameters__rosidl_typesupport_fastrtps_c.h
[25.796s] -- Symlinking: /home/evan/Documents/BRONE_audio_gaze_project/install/op3_ball_detector_msgs/include/op3_ball_detector_msgs/op3_ball_detector_msgs/msg/ball_detector_params.hpp
[25.796s] -- Symlinking: /home/evan/Documents/BRONE_audio_gaze_project/install/op3_ball_detector_msgs/include/op3_ball_detector_msgs/op3_ball_detector_msgs/msg/circle_set_stamped.hpp
[25.797s] -- Symlinking: /home/evan/Documents/BRONE_audio_gaze_project/install/op3_ball_detector_msgs/include/op3_ball_detector_msgs/op3_ball_detector_msgs/msg/detail/ball_detector_params__builder.hpp
[25.797s] -- Symlinking: /home/evan/Documents/BRONE_audio_gaze_project/install/op3_ball_detector_msgs/include/op3_ball_detector_msgs/op3_ball_detector_msgs/msg/detail/ball_detector_params__struct.hpp
[25.797s] -- Symlinking: /home/evan/Documents/BRONE_audio_gaze_project/install/op3_ball_detector_msgs/include/op3_ball_detector_msgs/op3_ball_detector_msgs/msg/detail/ball_detector_params__traits.hpp
[25.797s] -- Symlinking: /home/evan/Documents/BRONE_audio_gaze_project/install/op3_ball_detector_msgs/include/op3_ball_detector_msgs/op3_ball_detector_msgs/msg/detail/ball_detector_params__type_support.hpp
[25.797s] -- Symlinking: /home/evan/Documents/BRONE_audio_gaze_project/install/op3_ball_detector_msgs/include/op3_ball_detector_msgs/op3_ball_detector_msgs/msg/detail/circle_set_stamped__builder.hpp
[25.797s] -- Symlinking: /home/evan/Documents/BRONE_audio_gaze_project/install/op3_ball_detector_msgs/include/op3_ball_detector_msgs/op3_ball_detector_msgs/msg/detail/circle_set_stamped__struct.hpp
[25.797s] -- Symlinking: /home/evan/Documents/BRONE_audio_gaze_project/install/op3_ball_detector_msgs/include/op3_ball_detector_msgs/op3_ball_detector_msgs/msg/detail/circle_set_stamped__traits.hpp
[25.797s] -- Symlinking: /home/evan/Documents/BRONE_audio_gaze_project/install/op3_ball_detector_msgs/include/op3_ball_detector_msgs/op3_ball_detector_msgs/msg/detail/circle_set_stamped__type_support.hpp
[25.797s] -- Symlinking: /home/evan/Documents/BRONE_audio_gaze_project/install/op3_ball_detector_msgs/include/op3_ball_detector_msgs/op3_ball_detector_msgs/msg/rosidl_generator_cpp__visibility_control.hpp
[25.797s] -- Symlinking: /home/evan/Documents/BRONE_audio_gaze_project/install/op3_ball_detector_msgs/include/op3_ball_detector_msgs/op3_ball_detector_msgs/srv/detail/get_parameters__builder.hpp
[25.801s] -- Symlinking: /home/evan/Documents/BRONE_audio_gaze_project/install/op3_ball_detector_msgs/include/op3_ball_detector_msgs/op3_ball_detector_msgs/srv/detail/get_parameters__struct.hpp
[25.801s] -- Symlinking: /home/evan/Documents/BRONE_audio_gaze_project/install/op3_ball_detector_msgs/include/op3_ball_detector_msgs/op3_ball_detector_msgs/srv/detail/get_parameters__traits.hpp
[25.801s] -- Symlinking: /home/evan/Documents/BRONE_audio_gaze_project/install/op3_ball_detector_msgs/include/op3_ball_detector_msgs/op3_ball_detector_msgs/srv/detail/get_parameters__type_support.hpp
[25.801s] -- Symlinking: /home/evan/Documents/BRONE_audio_gaze_project/install/op3_ball_detector_msgs/include/op3_ball_detector_msgs/op3_ball_detector_msgs/srv/detail/set_parameters__builder.hpp
[25.801s] -- Symlinking: /home/evan/Documents/BRONE_audio_gaze_project/install/op3_ball_detector_msgs/include/op3_ball_detector_msgs/op3_ball_detector_msgs/srv/detail/set_parameters__struct.hpp
[25.801s] -- Symlinking: /home/evan/Documents/BRONE_audio_gaze_project/install/op3_ball_detector_msgs/include/op3_ball_detector_msgs/op3_ball_detector_msgs/srv/detail/set_parameters__traits.hpp
[25.801s] -- Symlinking: /home/evan/Documents/BRONE_audio_gaze_project/install/op3_ball_detector_msgs/include/op3_ball_detector_msgs/op3_ball_detector_msgs/srv/detail/set_parameters__type_support.hpp
[25.801s] -- Symlinking: /home/evan/Documents/BRONE_audio_gaze_project/install/op3_ball_detector_msgs/include/op3_ball_detector_msgs/op3_ball_detector_msgs/srv/get_parameters.hpp
[25.801s] -- Symlinking: /home/evan/Documents/BRONE_audio_gaze_project/install/op3_ball_detector_msgs/include/op3_ball_detector_msgs/op3_ball_detector_msgs/srv/set_parameters.hpp
[25.801s] -- Symlinking: /home/evan/Documents/BRONE_audio_gaze_project/install/op3_ball_detector_msgs/include/op3_ball_detector_msgs/op3_ball_detector_msgs/msg/detail/ball_detector_params__rosidl_typesupport_fastrtps_cpp.hpp
[25.801s] -- Symlinking: /home/evan/Documents/BRONE_audio_gaze_project/install/op3_ball_detector_msgs/include/op3_ball_detector_msgs/op3_ball_detector_msgs/msg/detail/circle_set_stamped__rosidl_typesupport_fastrtps_cpp.hpp
[25.801s] -- Symlinking: /home/evan/Documents/BRONE_audio_gaze_project/install/op3_ball_detector_msgs/include/op3_ball_detector_msgs/op3_ball_detector_msgs/msg/rosidl_typesupport_fastrtps_cpp__visibility_control.h
[25.801s] -- Symlinking: /home/evan/Documents/BRONE_audio_gaze_project/install/op3_ball_detector_msgs/include/op3_ball_detector_msgs/op3_ball_detector_msgs/srv/detail/get_parameters__rosidl_typesupport_fastrtps_cpp.hpp
[25.801s] -- Symlinking: /home/evan/Documents/BRONE_audio_gaze_project/install/op3_ball_detector_msgs/include/op3_ball_detector_msgs/op3_ball_detector_msgs/srv/detail/set_parameters__rosidl_typesupport_fastrtps_cpp.hpp
[25.802s] -- Symlinking: /home/evan/Documents/BRONE_audio_gaze_project/install/op3_ball_detector_msgs/include/op3_ball_detector_msgs/op3_ball_detector_msgs/msg/detail/ball_detector_params__rosidl_typesupport_introspection_c.h
[25.802s] -- Symlinking: /home/evan/Documents/BRONE_audio_gaze_project/install/op3_ball_detector_msgs/include/op3_ball_detector_msgs/op3_ball_detector_msgs/msg/detail/circle_set_stamped__rosidl_typesupport_introspection_c.h
[25.802s] -- Symlinking: /home/evan/Documents/BRONE_audio_gaze_project/install/op3_ball_detector_msgs/include/op3_ball_detector_msgs/op3_ball_detector_msgs/msg/rosidl_typesupport_introspection_c__visibility_control.h
[25.802s] -- Symlinking: /home/evan/Documents/BRONE_audio_gaze_project/install/op3_ball_detector_msgs/include/op3_ball_detector_msgs/op3_ball_detector_msgs/srv/detail/get_parameters__rosidl_typesupport_introspection_c.h
[25.802s] -- Symlinking: /home/evan/Documents/BRONE_audio_gaze_project/install/op3_ball_detector_msgs/include/op3_ball_detector_msgs/op3_ball_detector_msgs/srv/detail/set_parameters__rosidl_typesupport_introspection_c.h
[25.802s] -- Symlinking: /home/evan/Documents/BRONE_audio_gaze_project/install/op3_ball_detector_msgs/include/op3_ball_detector_msgs/op3_ball_detector_msgs/msg/detail/ball_detector_params__rosidl_typesupport_introspection_cpp.hpp
[25.802s] -- Symlinking: /home/evan/Documents/BRONE_audio_gaze_project/install/op3_ball_detector_msgs/include/op3_ball_detector_msgs/op3_ball_detector_msgs/msg/detail/circle_set_stamped__rosidl_typesupport_introspection_cpp.hpp
[25.802s] -- Symlinking: /home/evan/Documents/BRONE_audio_gaze_project/install/op3_ball_detector_msgs/include/op3_ball_detector_msgs/op3_ball_detector_msgs/srv/detail/get_parameters__rosidl_typesupport_introspection_cpp.hpp
[25.802s] -- Symlinking: /home/evan/Documents/BRONE_audio_gaze_project/install/op3_ball_detector_msgs/include/op3_ball_detector_msgs/op3_ball_detector_msgs/srv/detail/set_parameters__rosidl_typesupport_introspection_cpp.hpp
[25.802s] -- Symlinking: /home/evan/Documents/BRONE_audio_gaze_project/install/op3_ball_detector_msgs/share/op3_ball_detector_msgs/environment/pythonpath.sh
[25.802s] -- Symlinking: /home/evan/Documents/BRONE_audio_gaze_project/install/op3_ball_detector_msgs/share/op3_ball_detector_msgs/environment/pythonpath.dsv
[25.802s] -- Symlinking: /home/evan/Documents/BRONE_audio_gaze_project/install/op3_ball_detector_msgs/local/lib/python3.10/dist-packages/op3_ball_detector_msgs-0.1.0-py3.10.egg-info/PKG-INFO
[25.802s] -- Symlinking: /home/evan/Documents/BRONE_audio_gaze_project/install/op3_ball_detector_msgs/local/lib/python3.10/dist-packages/op3_ball_detector_msgs-0.1.0-py3.10.egg-info/SOURCES.txt
[25.802s] -- Symlinking: /home/evan/Documents/BRONE_audio_gaze_project/install/op3_ball_detector_msgs/local/lib/python3.10/dist-packages/op3_ball_detector_msgs-0.1.0-py3.10.egg-info/dependency_links.txt
[25.802s] -- Symlinking: /home/evan/Documents/BRONE_audio_gaze_project/install/op3_ball_detector_msgs/local/lib/python3.10/dist-packages/op3_ball_detector_msgs-0.1.0-py3.10.egg-info/top_level.txt
[25.802s] -- Symlinking: /home/evan/Documents/BRONE_audio_gaze_project/install/op3_ball_detector_msgs/local/lib/python3.10/dist-packages/op3_ball_detector_msgs/__init__.py
[25.802s] -- Symlinking: /home/evan/Documents/BRONE_audio_gaze_project/install/op3_ball_detector_msgs/local/lib/python3.10/dist-packages/op3_ball_detector_msgs/_op3_ball_detector_msgs_s.ep.rosidl_typesupport_c.c
[25.802s] -- Symlinking: /home/evan/Documents/BRONE_audio_gaze_project/install/op3_ball_detector_msgs/local/lib/python3.10/dist-packages/op3_ball_detector_msgs/_op3_ball_detector_msgs_s.ep.rosidl_typesupport_fastrtps_c.c
[25.802s] -- Symlinking: /home/evan/Documents/BRONE_audio_gaze_project/install/op3_ball_detector_msgs/local/lib/python3.10/dist-packages/op3_ball_detector_msgs/_op3_ball_detector_msgs_s.ep.rosidl_typesupport_introspection_c.c
[25.803s] -- Symlinking: /home/evan/Documents/BRONE_audio_gaze_project/install/op3_ball_detector_msgs/local/lib/python3.10/dist-packages/op3_ball_detector_msgs/libop3_ball_detector_msgs__rosidl_generator_py.so
[25.803s] -- Symlinking: /home/evan/Documents/BRONE_audio_gaze_project/install/op3_ball_detector_msgs/local/lib/python3.10/dist-packages/op3_ball_detector_msgs/msg/__init__.py
[25.803s] -- Symlinking: /home/evan/Documents/BRONE_audio_gaze_project/install/op3_ball_detector_msgs/local/lib/python3.10/dist-packages/op3_ball_detector_msgs/msg/_ball_detector_params.py
[25.803s] -- Symlinking: /home/evan/Documents/BRONE_audio_gaze_project/install/op3_ball_detector_msgs/local/lib/python3.10/dist-packages/op3_ball_detector_msgs/msg/_ball_detector_params_s.c
[25.806s] -- Symlinking: /home/evan/Documents/BRONE_audio_gaze_project/install/op3_ball_detector_msgs/local/lib/python3.10/dist-packages/op3_ball_detector_msgs/msg/_circle_set_stamped.py
[25.806s] -- Symlinking: /home/evan/Documents/BRONE_audio_gaze_project/install/op3_ball_detector_msgs/local/lib/python3.10/dist-packages/op3_ball_detector_msgs/msg/_circle_set_stamped_s.c
[25.810s] -- Symlinking: /home/evan/Documents/BRONE_audio_gaze_project/install/op3_ball_detector_msgs/local/lib/python3.10/dist-packages/op3_ball_detector_msgs/op3_ball_detector_msgs_s__rosidl_typesupport_c.cpython-310-x86_64-linux-gnu.so
[25.810s] -- Symlinking: /home/evan/Documents/BRONE_audio_gaze_project/install/op3_ball_detector_msgs/local/lib/python3.10/dist-packages/op3_ball_detector_msgs/op3_ball_detector_msgs_s__rosidl_typesupport_fastrtps_c.cpython-310-x86_64-linux-gnu.so
[25.810s] -- Symlinking: /home/evan/Documents/BRONE_audio_gaze_project/install/op3_ball_detector_msgs/local/lib/python3.10/dist-packages/op3_ball_detector_msgs/op3_ball_detector_msgs_s__rosidl_typesupport_introspection_c.cpython-310-x86_64-linux-gnu.so
[25.810s] -- Symlinking: /home/evan/Documents/BRONE_audio_gaze_project/install/op3_ball_detector_msgs/local/lib/python3.10/dist-packages/op3_ball_detector_msgs/srv/__init__.py
[25.810s] -- Symlinking: /home/evan/Documents/BRONE_audio_gaze_project/install/op3_ball_detector_msgs/local/lib/python3.10/dist-packages/op3_ball_detector_msgs/srv/_get_parameters.py
[25.810s] -- Symlinking: /home/evan/Documents/BRONE_audio_gaze_project/install/op3_ball_detector_msgs/local/lib/python3.10/dist-packages/op3_ball_detector_msgs/srv/_get_parameters_s.c
[25.811s] -- Symlinking: /home/evan/Documents/BRONE_audio_gaze_project/install/op3_ball_detector_msgs/local/lib/python3.10/dist-packages/op3_ball_detector_msgs/srv/_set_parameters.py
[25.813s] -- Symlinking: /home/evan/Documents/BRONE_audio_gaze_project/install/op3_ball_detector_msgs/local/lib/python3.10/dist-packages/op3_ball_detector_msgs/srv/_set_parameters_s.c
[25.824s] -- Up-to-date symlink: /home/evan/Documents/BRONE_audio_gaze_project/install/op3_ball_detector_msgs/local/lib/python3.10/dist-packages/op3_ball_detector_msgs/op3_ball_detector_msgs_s__rosidl_typesupport_fastrtps_c.cpython-310-x86_64-linux-gnu.so
[25.824s] -- Up-to-date symlink: /home/evan/Documents/BRONE_audio_gaze_project/install/op3_ball_detector_msgs/local/lib/python3.10/dist-packages/op3_ball_detector_msgs/op3_ball_detector_msgs_s__rosidl_typesupport_introspection_c.cpython-310-x86_64-linux-gnu.so
[25.825s] -- Up-to-date symlink: /home/evan/Documents/BRONE_audio_gaze_project/install/op3_ball_detector_msgs/local/lib/python3.10/dist-packages/op3_ball_detector_msgs/op3_ball_detector_msgs_s__rosidl_typesupport_c.cpython-310-x86_64-linux-gnu.so
[25.825s] -- Symlinking: /home/evan/Documents/BRONE_audio_gaze_project/install/op3_ball_detector_msgs/share/ament_index/resource_index/rust_packages/op3_ball_detector_msgs
[25.839s] -- Symlinking: /home/evan/Documents/BRONE_audio_gaze_project/install/op3_ball_detector_msgs/share/op3_ball_detector_msgs/rust/Cargo.toml
[25.850s] -- Symlinking: /home/evan/Documents/BRONE_audio_gaze_project/install/op3_ball_detector_msgs/share/op3_ball_detector_msgs/rust/build.rs
[25.867s] -- Symlinking: /home/evan/Documents/BRONE_audio_gaze_project/install/op3_ball_detector_msgs/share/op3_ball_detector_msgs/rust/src/lib.rs
[25.879s] -- Symlinking: /home/evan/Documents/BRONE_audio_gaze_project/install/op3_ball_detector_msgs/share/op3_ball_detector_msgs/rust/src/msg.rs
[25.890s] -- Symlinking: /home/evan/Documents/BRONE_audio_gaze_project/install/op3_ball_detector_msgs/share/op3_ball_detector_msgs/rust/src/msg/rmw.rs
[25.900s] -- Symlinking: /home/evan/Documents/BRONE_audio_gaze_project/install/op3_ball_detector_msgs/share/op3_ball_detector_msgs/rust/src/srv.rs
[25.911s] -- Symlinking: /home/evan/Documents/BRONE_audio_gaze_project/install/op3_ball_detector_msgs/share/op3_ball_detector_msgs/rust/src/srv/rmw.rs
[25.921s] -- Symlinking: /home/evan/Documents/BRONE_audio_gaze_project/install/op3_ball_detector_msgs/share/op3_ball_detector_msgs/msg/BallDetectorParams.idl
[25.932s] -- Symlinking: /home/evan/Documents/BRONE_audio_gaze_project/install/op3_ball_detector_msgs/share/op3_ball_detector_msgs/msg/CircleSetStamped.idl
[25.942s] -- Symlinking: /home/evan/Documents/BRONE_audio_gaze_project/install/op3_ball_detector_msgs/share/op3_ball_detector_msgs/srv/GetParameters.idl
[25.955s] -- Symlinking: /home/evan/Documents/BRONE_audio_gaze_project/install/op3_ball_detector_msgs/share/op3_ball_detector_msgs/srv/SetParameters.idl
[25.962s] -- Symlinking: /home/evan/Documents/BRONE_audio_gaze_project/install/op3_ball_detector_msgs/share/op3_ball_detector_msgs/msg/BallDetectorParams.msg
[25.973s] -- Symlinking: /home/evan/Documents/BRONE_audio_gaze_project/install/op3_ball_detector_msgs/share/op3_ball_detector_msgs/msg/CircleSetStamped.msg
[25.983s] -- Symlinking: /home/evan/Documents/BRONE_audio_gaze_project/install/op3_ball_detector_msgs/share/op3_ball_detector_msgs/srv/GetParameters.srv
[25.995s] -- Symlinking: /home/evan/Documents/BRONE_audio_gaze_project/install/op3_ball_detector_msgs/share/op3_ball_detector_msgs/srv/GetParameters_Request.msg
[26.002s] -- Symlinking: /home/evan/Documents/BRONE_audio_gaze_project/install/op3_ball_detector_msgs/share/op3_ball_detector_msgs/srv/GetParameters_Response.msg
[26.012s] -- Symlinking: /home/evan/Documents/BRONE_audio_gaze_project/install/op3_ball_detector_msgs/share/op3_ball_detector_msgs/srv/SetParameters.srv
[26.026s] -- Symlinking: /home/evan/Documents/BRONE_audio_gaze_project/install/op3_ball_detector_msgs/share/op3_ball_detector_msgs/srv/SetParameters_Request.msg
[26.039s] -- Symlinking: /home/evan/Documents/BRONE_audio_gaze_project/install/op3_ball_detector_msgs/share/op3_ball_detector_msgs/srv/SetParameters_Response.msg
[26.052s] -- Symlinking: /home/evan/Documents/BRONE_audio_gaze_project/install/op3_ball_detector_msgs/share/ament_index/resource_index/package_run_dependencies/op3_ball_detector_msgs
[26.063s] -- Symlinking: /home/evan/Documents/BRONE_audio_gaze_project/install/op3_ball_detector_msgs/share/ament_index/resource_index/parent_prefix_path/op3_ball_detector_msgs
[26.074s] -- Symlinking: /home/evan/Documents/BRONE_audio_gaze_project/install/op3_ball_detector_msgs/share/op3_ball_detector_msgs/environment/ament_prefix_path.sh
[26.084s] -- Symlinking: /home/evan/Documents/BRONE_audio_gaze_project/install/op3_ball_detector_msgs/share/op3_ball_detector_msgs/environment/ament_prefix_path.dsv
[26.093s] -- Symlinking: /home/evan/Documents/BRONE_audio_gaze_project/install/op3_ball_detector_msgs/share/op3_ball_detector_msgs/environment/path.sh
[26.102s] -- Symlinking: /home/evan/Documents/BRONE_audio_gaze_project/install/op3_ball_detector_msgs/share/op3_ball_detector_msgs/environment/path.dsv
[26.116s] -- Symlinking: /home/evan/Documents/BRONE_audio_gaze_project/install/op3_ball_detector_msgs/share/op3_ball_detector_msgs/local_setup.bash
[26.123s] -- Symlinking: /home/evan/Documents/BRONE_audio_gaze_project/install/op3_ball_detector_msgs/share/op3_ball_detector_msgs/local_setup.sh
[26.132s] -- Symlinking: /home/evan/Documents/BRONE_audio_gaze_project/install/op3_ball_detector_msgs/share/op3_ball_detector_msgs/local_setup.zsh
[26.147s] -- Symlinking: /home/evan/Documents/BRONE_audio_gaze_project/install/op3_ball_detector_msgs/share/op3_ball_detector_msgs/local_setup.dsv
[26.163s] -- Symlinking: /home/evan/Documents/BRONE_audio_gaze_project/install/op3_ball_detector_msgs/share/op3_ball_detector_msgs/package.dsv
[26.179s] -- Symlinking: /home/evan/Documents/BRONE_audio_gaze_project/install/op3_ball_detector_msgs/share/ament_index/resource_index/packages/op3_ball_detector_msgs
[26.192s] -- Symlinking: /home/evan/Documents/BRONE_audio_gaze_project/install/op3_ball_detector_msgs/share/op3_ball_detector_msgs/cmake/rosidl_cmake-extras.cmake
[26.204s] -- Symlinking: /home/evan/Documents/BRONE_audio_gaze_project/install/op3_ball_detector_msgs/share/op3_ball_detector_msgs/cmake/ament_cmake_export_dependencies-extras.cmake
[26.219s] -- Symlinking: /home/evan/Documents/BRONE_audio_gaze_project/install/op3_ball_detector_msgs/share/op3_ball_detector_msgs/cmake/ament_cmake_export_include_directories-extras.cmake
[26.233s] -- Symlinking: /home/evan/Documents/BRONE_audio_gaze_project/install/op3_ball_detector_msgs/share/op3_ball_detector_msgs/cmake/ament_cmake_export_libraries-extras.cmake
[26.247s] -- Symlinking: /home/evan/Documents/BRONE_audio_gaze_project/install/op3_ball_detector_msgs/share/op3_ball_detector_msgs/cmake/ament_cmake_export_targets-extras.cmake
[26.260s] -- Symlinking: /home/evan/Documents/BRONE_audio_gaze_project/install/op3_ball_detector_msgs/share/op3_ball_detector_msgs/cmake/rosidl_cmake_export_typesupport_targets-extras.cmake
[26.271s] -- Symlinking: /home/evan/Documents/BRONE_audio_gaze_project/install/op3_ball_detector_msgs/share/op3_ball_detector_msgs/cmake/rosidl_cmake_export_typesupport_libraries-extras.cmake
[26.283s] -- Symlinking: /home/evan/Documents/BRONE_audio_gaze_project/install/op3_ball_detector_msgs/share/op3_ball_detector_msgs/cmake/op3_ball_detector_msgsConfig.cmake
[26.296s] -- Symlinking: /home/evan/Documents/BRONE_audio_gaze_project/install/op3_ball_detector_msgs/share/op3_ball_detector_msgs/cmake/op3_ball_detector_msgsConfig-version.cmake
[26.308s] -- Symlinking: /home/evan/Documents/BRONE_audio_gaze_project/install/op3_ball_detector_msgs/share/op3_ball_detector_msgs/package.xml
[26.322s] -- Installing: /home/evan/Documents/BRONE_audio_gaze_project/install/op3_ball_detector_msgs/lib/libop3_ball_detector_msgs__rosidl_generator_c.so
[26.323s] -- Set runtime path of "/home/evan/Documents/BRONE_audio_gaze_project/install/op3_ball_detector_msgs/lib/libop3_ball_detector_msgs__rosidl_generator_c.so" to ""
[26.324s] -- Installing: /home/evan/Documents/BRONE_audio_gaze_project/install/op3_ball_detector_msgs/lib/libop3_ball_detector_msgs__rosidl_typesupport_fastrtps_c.so
[26.324s] -- Set runtime path of "/home/evan/Documents/BRONE_audio_gaze_project/install/op3_ball_detector_msgs/lib/libop3_ball_detector_msgs__rosidl_typesupport_fastrtps_c.so" to ""
[26.324s] -- Installing: /home/evan/Documents/BRONE_audio_gaze_project/install/op3_ball_detector_msgs/lib/libop3_ball_detector_msgs__rosidl_typesupport_fastrtps_cpp.so
[26.324s] -- Set runtime path of "/home/evan/Documents/BRONE_audio_gaze_project/install/op3_ball_detector_msgs/lib/libop3_ball_detector_msgs__rosidl_typesupport_fastrtps_cpp.so" to ""
[26.324s] -- Installing: /home/evan/Documents/BRONE_audio_gaze_project/install/op3_ball_detector_msgs/lib/libop3_ball_detector_msgs__rosidl_typesupport_introspection_c.so
[26.324s] -- Set runtime path of "/home/evan/Documents/BRONE_audio_gaze_project/install/op3_ball_detector_msgs/lib/libop3_ball_detector_msgs__rosidl_typesupport_introspection_c.so" to ""
[26.324s] -- Installing: /home/evan/Documents/BRONE_audio_gaze_project/install/op3_ball_detector_msgs/lib/libop3_ball_detector_msgs__rosidl_typesupport_c.so
[26.325s] -- Set runtime path of "/home/evan/Documents/BRONE_audio_gaze_project/install/op3_ball_detector_msgs/lib/libop3_ball_detector_msgs__rosidl_typesupport_c.so" to ""
[26.326s] -- Installing: /home/evan/Documents/BRONE_audio_gaze_project/install/op3_ball_detector_msgs/lib/libop3_ball_detector_msgs__rosidl_typesupport_introspection_cpp.so
[26.326s] -- Set runtime path of "/home/evan/Documents/BRONE_audio_gaze_project/install/op3_ball_detector_msgs/lib/libop3_ball_detector_msgs__rosidl_typesupport_introspection_cpp.so" to ""
[26.326s] -- Installing: /home/evan/Documents/BRONE_audio_gaze_project/install/op3_ball_detector_msgs/lib/libop3_ball_detector_msgs__rosidl_typesupport_cpp.so
[26.326s] -- Set runtime path of "/home/evan/Documents/BRONE_audio_gaze_project/install/op3_ball_detector_msgs/lib/libop3_ball_detector_msgs__rosidl_typesupport_cpp.so" to ""
[26.381s] Listing '/home/evan/Documents/BRONE_audio_gaze_project/install/op3_ball_detector_msgs/local/lib/python3.10/dist-packages/op3_ball_detector_msgs'...
[26.382s] Compiling '/home/evan/Documents/BRONE_audio_gaze_project/install/op3_ball_detector_msgs/local/lib/python3.10/dist-packages/op3_ball_detector_msgs/__init__.py'...
[26.382s] Listing '/home/evan/Documents/BRONE_audio_gaze_project/install/op3_ball_detector_msgs/local/lib/python3.10/dist-packages/op3_ball_detector_msgs/msg'...
[26.382s] Compiling '/home/evan/Documents/BRONE_audio_gaze_project/install/op3_ball_detector_msgs/local/lib/python3.10/dist-packages/op3_ball_detector_msgs/msg/__init__.py'...
[26.382s] Compiling '/home/evan/Documents/BRONE_audio_gaze_project/install/op3_ball_detector_msgs/local/lib/python3.10/dist-packages/op3_ball_detector_msgs/msg/_ball_detector_params.py'...
[26.382s] Compiling '/home/evan/Documents/BRONE_audio_gaze_project/install/op3_ball_detector_msgs/local/lib/python3.10/dist-packages/op3_ball_detector_msgs/msg/_circle_set_stamped.py'...
[26.382s] Listing '/home/evan/Documents/BRONE_audio_gaze_project/install/op3_ball_detector_msgs/local/lib/python3.10/dist-packages/op3_ball_detector_msgs/srv'...
[26.382s] Compiling '/home/evan/Documents/BRONE_audio_gaze_project/install/op3_ball_detector_msgs/local/lib/python3.10/dist-packages/op3_ball_detector_msgs/srv/__init__.py'...
[26.382s] Compiling '/home/evan/Documents/BRONE_audio_gaze_project/install/op3_ball_detector_msgs/local/lib/python3.10/dist-packages/op3_ball_detector_msgs/srv/_get_parameters.py'...
[26.382s] Compiling '/home/evan/Documents/BRONE_audio_gaze_project/install/op3_ball_detector_msgs/local/lib/python3.10/dist-packages/op3_ball_detector_msgs/srv/_set_parameters.py'...
[26.387s] -- Installing: /home/evan/Documents/BRONE_audio_gaze_project/install/op3_ball_detector_msgs/lib/libop3_ball_detector_msgs__rosidl_generator_py.so
[26.387s] -- Set runtime path of "/home/evan/Documents/BRONE_audio_gaze_project/install/op3_ball_detector_msgs/lib/libop3_ball_detector_msgs__rosidl_generator_py.so" to ""
[26.388s] -- Installing: /home/evan/Documents/BRONE_audio_gaze_project/install/op3_ball_detector_msgs/share/op3_ball_detector_msgs/cmake/export_op3_ball_detector_msgs__rosidl_generator_cExport.cmake
[26.388s] -- Installing: /home/evan/Documents/BRONE_audio_gaze_project/install/op3_ball_detector_msgs/share/op3_ball_detector_msgs/cmake/export_op3_ball_detector_msgs__rosidl_generator_cExport-noconfig.cmake
[26.388s] -- Installing: /home/evan/Documents/BRONE_audio_gaze_project/install/op3_ball_detector_msgs/share/op3_ball_detector_msgs/cmake/export_op3_ball_detector_msgs__rosidl_typesupport_fastrtps_cExport.cmake
[26.388s] -- Installing: /home/evan/Documents/BRONE_audio_gaze_project/install/op3_ball_detector_msgs/share/op3_ball_detector_msgs/cmake/export_op3_ball_detector_msgs__rosidl_typesupport_fastrtps_cExport-noconfig.cmake
[26.389s] -- Installing: /home/evan/Documents/BRONE_audio_gaze_project/install/op3_ball_detector_msgs/share/op3_ball_detector_msgs/cmake/export_op3_ball_detector_msgs__rosidl_generator_cppExport.cmake
[26.389s] -- Installing: /home/evan/Documents/BRONE_audio_gaze_project/install/op3_ball_detector_msgs/share/op3_ball_detector_msgs/cmake/export_op3_ball_detector_msgs__rosidl_typesupport_fastrtps_cppExport.cmake
[26.389s] -- Installing: /home/evan/Documents/BRONE_audio_gaze_project/install/op3_ball_detector_msgs/share/op3_ball_detector_msgs/cmake/export_op3_ball_detector_msgs__rosidl_typesupport_fastrtps_cppExport-noconfig.cmake
[26.389s] -- Installing: /home/evan/Documents/BRONE_audio_gaze_project/install/op3_ball_detector_msgs/share/op3_ball_detector_msgs/cmake/op3_ball_detector_msgs__rosidl_typesupport_introspection_cExport.cmake
[26.389s] -- Installing: /home/evan/Documents/BRONE_audio_gaze_project/install/op3_ball_detector_msgs/share/op3_ball_detector_msgs/cmake/op3_ball_detector_msgs__rosidl_typesupport_introspection_cExport-noconfig.cmake
[26.389s] -- Installing: /home/evan/Documents/BRONE_audio_gaze_project/install/op3_ball_detector_msgs/share/op3_ball_detector_msgs/cmake/op3_ball_detector_msgs__rosidl_typesupport_cExport.cmake
[26.389s] -- Installing: /home/evan/Documents/BRONE_audio_gaze_project/install/op3_ball_detector_msgs/share/op3_ball_detector_msgs/cmake/op3_ball_detector_msgs__rosidl_typesupport_cExport-noconfig.cmake
[26.389s] -- Installing: /home/evan/Documents/BRONE_audio_gaze_project/install/op3_ball_detector_msgs/share/op3_ball_detector_msgs/cmake/op3_ball_detector_msgs__rosidl_typesupport_introspection_cppExport.cmake
[26.389s] -- Installing: /home/evan/Documents/BRONE_audio_gaze_project/install/op3_ball_detector_msgs/share/op3_ball_detector_msgs/cmake/op3_ball_detector_msgs__rosidl_typesupport_introspection_cppExport-noconfig.cmake
[26.389s] -- Installing: /home/evan/Documents/BRONE_audio_gaze_project/install/op3_ball_detector_msgs/share/op3_ball_detector_msgs/cmake/op3_ball_detector_msgs__rosidl_typesupport_cppExport.cmake
[26.392s] -- Installing: /home/evan/Documents/BRONE_audio_gaze_project/install/op3_ball_detector_msgs/share/op3_ball_detector_msgs/cmake/op3_ball_detector_msgs__rosidl_typesupport_cppExport-noconfig.cmake
[26.392s] -- Installing: /home/evan/Documents/BRONE_audio_gaze_project/install/op3_ball_detector_msgs/share/op3_ball_detector_msgs/cmake/export_op3_ball_detector_msgs__rosidl_generator_pyExport.cmake
[26.392s] -- Installing: /home/evan/Documents/BRONE_audio_gaze_project/install/op3_ball_detector_msgs/share/op3_ball_detector_msgs/cmake/export_op3_ball_detector_msgs__rosidl_generator_pyExport-noconfig.cmake
[26.398s] Invoked command in '/home/evan/Documents/BRONE_audio_gaze_project/build/op3_ball_detector_msgs' returned '0': CMAKE_PREFIX_PATH=${CMAKE_PREFIX_PATH}:/home/evan/Documents/BRONE_audio_gaze_project/install/algo_gaze:/home/evan/Documents/BRONE_audio_gaze_project/install/brone_gaze:/opt/ros/humble /usr/bin/cmake --install /home/evan/Documents/BRONE_audio_gaze_project/build/op3_ball_detector_msgs
