[0.018s] Invoking command in '/home/evan/Documents/algo_gaze_project/build/op3_description': CMAKE_PREFIX_PATH=/opt/ros/humble /usr/bin/cmake /home/evan/Documents/algo_gaze_project/ROBOTIS-OP3-Common/op3_description -DAMENT_CMAKE_SYMLINK_INSTALL=1 -DCMAKE_INSTALL_PREFIX=/home/evan/Documents/algo_gaze_project/install/op3_description
[1.399s] -- The C compiler identification is GNU 11.4.0
[1.399s] -- The CXX compiler identification is GNU 11.4.0
[1.399s] -- Detecting C compiler ABI info
[1.399s] -- Detecting C compiler ABI info - done
[1.399s] -- Check for working C compiler: /usr/bin/cc - skipped
[1.399s] -- Detecting C compile features
[1.399s] -- Detecting C compile features - done
[1.399s] -- Detecting CXX compiler ABI info
[1.400s] -- Detecting CXX compiler ABI info - done
[1.400s] -- Check for working CXX compiler: /usr/bin/c++ - skipped
[1.400s] -- Detecting CXX compile features
[1.400s] -- Detecting CXX compile features - done
[1.400s] -- Found ament_cmake: 1.3.14 (/opt/ros/humble/share/ament_cmake/cmake)
[1.400s] -- Found Python3: /usr/bin/python3 (found version "3.10.12") found components: Interpreter 
[1.400s] -- Override CMake install command with custom implementation using symlinks instead of copying resources
[1.519s] -- Configuring done
[1.524s] -- Generating done
[1.528s] -- Build files have been written to: /home/evan/Documents/algo_gaze_project/build/op3_description
[1.545s] Invoked command in '/home/evan/Documents/algo_gaze_project/build/op3_description' returned '0': CMAKE_PREFIX_PATH=/opt/ros/humble /usr/bin/cmake /home/evan/Documents/algo_gaze_project/ROBOTIS-OP3-Common/op3_description -DAMENT_CMAKE_SYMLINK_INSTALL=1 -DCMAKE_INSTALL_PREFIX=/home/evan/Documents/algo_gaze_project/install/op3_description
[1.546s] Invoking command in '/home/evan/Documents/algo_gaze_project/build/op3_description': CMAKE_PREFIX_PATH=/opt/ros/humble /usr/bin/cmake --build /home/evan/Documents/algo_gaze_project/build/op3_description -- -j12 -l12
[3.272s] Invoked command in '/home/evan/Documents/algo_gaze_project/build/op3_description' returned '0': CMAKE_PREFIX_PATH=/opt/ros/humble /usr/bin/cmake --build /home/evan/Documents/algo_gaze_project/build/op3_description -- -j12 -l12
[3.273s] Invoking command in '/home/evan/Documents/algo_gaze_project/build/op3_description': CMAKE_PREFIX_PATH=/opt/ros/humble /usr/bin/cmake --install /home/evan/Documents/algo_gaze_project/build/op3_description
[4.030s] -- Install configuration: ""
[4.030s] -- Execute custom install script
[4.030s] -- Symlinking: /home/evan/Documents/algo_gaze_project/install/op3_description/share/ament_index/resource_index/package_run_dependencies/op3_description
[4.030s] -- Symlinking: /home/evan/Documents/algo_gaze_project/install/op3_description/share/ament_index/resource_index/parent_prefix_path/op3_description
[4.030s] -- Symlinking: /home/evan/Documents/algo_gaze_project/install/op3_description/share/op3_description/environment/ament_prefix_path.sh
[4.030s] -- Symlinking: /home/evan/Documents/algo_gaze_project/install/op3_description/share/op3_description/environment/ament_prefix_path.dsv
[4.030s] -- Symlinking: /home/evan/Documents/algo_gaze_project/install/op3_description/share/op3_description/environment/path.sh
[4.030s] -- Symlinking: /home/evan/Documents/algo_gaze_project/install/op3_description/share/op3_description/environment/path.dsv
[4.031s] -- Symlinking: /home/evan/Documents/algo_gaze_project/install/op3_description/share/op3_description/local_setup.bash
[4.031s] -- Symlinking: /home/evan/Documents/algo_gaze_project/install/op3_description/share/op3_description/local_setup.sh
[4.031s] -- Symlinking: /home/evan/Documents/algo_gaze_project/install/op3_description/share/op3_description/local_setup.zsh
[4.031s] -- Symlinking: /home/evan/Documents/algo_gaze_project/install/op3_description/share/op3_description/local_setup.dsv
[4.031s] -- Symlinking: /home/evan/Documents/algo_gaze_project/install/op3_description/share/op3_description/package.dsv
[4.031s] -- Symlinking: /home/evan/Documents/algo_gaze_project/install/op3_description/share/ament_index/resource_index/packages/op3_description
[4.031s] -- Symlinking: /home/evan/Documents/algo_gaze_project/install/op3_description/share/op3_description/cmake/op3_descriptionConfig.cmake
[4.033s] -- Symlinking: /home/evan/Documents/algo_gaze_project/install/op3_description/share/op3_description/cmake/op3_descriptionConfig-version.cmake
[4.033s] -- Symlinking: /home/evan/Documents/algo_gaze_project/install/op3_description/share/op3_description/package.xml
[4.034s] -- Symlinking: /home/evan/Documents/algo_gaze_project/install/op3_description/share/op3_description/doc/OP3 mass property.docx
[4.034s] -- Symlinking: /home/evan/Documents/algo_gaze_project/install/op3_description/share/op3_description/doc/op3_sim.docx
[4.034s] -- Symlinking: /home/evan/Documents/algo_gaze_project/install/op3_description/share/op3_description/doc/op3_sim.ods
[4.034s] -- Symlinking: /home/evan/Documents/algo_gaze_project/install/op3_description/share/op3_description/launch/op3_display.launch.py
[4.034s] -- Symlinking: /home/evan/Documents/algo_gaze_project/install/op3_description/share/op3_description/meshes/base.stl
[4.034s] -- Symlinking: /home/evan/Documents/algo_gaze_project/install/op3_description/share/op3_description/meshes/body.stl
[4.034s] -- Symlinking: /home/evan/Documents/algo_gaze_project/install/op3_description/share/op3_description/meshes/h1.stl
[4.034s] -- Symlinking: /home/evan/Documents/algo_gaze_project/install/op3_description/share/op3_description/meshes/h2.stl
[4.034s] -- Symlinking: /home/evan/Documents/algo_gaze_project/install/op3_description/share/op3_description/meshes/la1.stl
[4.034s] -- Symlinking: /home/evan/Documents/algo_gaze_project/install/op3_description/share/op3_description/meshes/la2.stl
[4.034s] -- Symlinking: /home/evan/Documents/algo_gaze_project/install/op3_description/share/op3_description/meshes/la3.stl
[4.034s] -- Symlinking: /home/evan/Documents/algo_gaze_project/install/op3_description/share/op3_description/meshes/ll1.stl
[4.034s] -- Symlinking: /home/evan/Documents/algo_gaze_project/install/op3_description/share/op3_description/meshes/ll2.stl
[4.034s] -- Symlinking: /home/evan/Documents/algo_gaze_project/install/op3_description/share/op3_description/meshes/ll3.stl
[4.035s] -- Symlinking: /home/evan/Documents/algo_gaze_project/install/op3_description/share/op3_description/meshes/ll4.stl
[4.035s] -- Symlinking: /home/evan/Documents/algo_gaze_project/install/op3_description/share/op3_description/meshes/ll5.stl
[4.035s] -- Symlinking: /home/evan/Documents/algo_gaze_project/install/op3_description/share/op3_description/meshes/ll6.stl
[4.035s] -- Symlinking: /home/evan/Documents/algo_gaze_project/install/op3_description/share/op3_description/meshes/ra1.stl
[4.035s] -- Symlinking: /home/evan/Documents/algo_gaze_project/install/op3_description/share/op3_description/meshes/ra2.stl
[4.035s] -- Symlinking: /home/evan/Documents/algo_gaze_project/install/op3_description/share/op3_description/meshes/ra3.stl
[4.035s] -- Symlinking: /home/evan/Documents/algo_gaze_project/install/op3_description/share/op3_description/meshes/rl1.stl
[4.035s] -- Symlinking: /home/evan/Documents/algo_gaze_project/install/op3_description/share/op3_description/meshes/rl2.stl
[4.035s] -- Symlinking: /home/evan/Documents/algo_gaze_project/install/op3_description/share/op3_description/meshes/rl3.stl
[4.035s] -- Symlinking: /home/evan/Documents/algo_gaze_project/install/op3_description/share/op3_description/meshes/rl4.stl
[4.035s] -- Symlinking: /home/evan/Documents/algo_gaze_project/install/op3_description/share/op3_description/meshes/rl5.stl
[4.036s] -- Symlinking: /home/evan/Documents/algo_gaze_project/install/op3_description/share/op3_description/meshes/rl6.stl
[4.036s] -- Symlinking: /home/evan/Documents/algo_gaze_project/install/op3_description/share/op3_description/rviz/op3.rviz
[4.036s] -- Symlinking: /home/evan/Documents/algo_gaze_project/install/op3_description/share/op3_description/urdf/gazebo_harness.xacro
[4.036s] -- Symlinking: /home/evan/Documents/algo_gaze_project/install/op3_description/share/op3_description/urdf/robotis_op3.gazebo.xacro
[4.036s] -- Symlinking: /home/evan/Documents/algo_gaze_project/install/op3_description/share/op3_description/urdf/robotis_op3.inertia.xacro
[4.036s] -- Symlinking: /home/evan/Documents/algo_gaze_project/install/op3_description/share/op3_description/urdf/robotis_op3.structure.head.xacro
[4.036s] -- Symlinking: /home/evan/Documents/algo_gaze_project/install/op3_description/share/op3_description/urdf/robotis_op3.structure.larm.xacro
[4.036s] -- Symlinking: /home/evan/Documents/algo_gaze_project/install/op3_description/share/op3_description/urdf/robotis_op3.structure.lleg.xacro
[4.036s] -- Symlinking: /home/evan/Documents/algo_gaze_project/install/op3_description/share/op3_description/urdf/robotis_op3.structure.rarm.xacro
[4.036s] -- Symlinking: /home/evan/Documents/algo_gaze_project/install/op3_description/share/op3_description/urdf/robotis_op3.structure.rleg.xacro
[4.036s] -- Symlinking: /home/evan/Documents/algo_gaze_project/install/op3_description/share/op3_description/urdf/robotis_op3.transmissions.xacro
[4.036s] -- Symlinking: /home/evan/Documents/algo_gaze_project/install/op3_description/share/op3_description/urdf/robotis_op3.urdf.xacro
[4.036s] -- Symlinking: /home/evan/Documents/algo_gaze_project/install/op3_description/share/op3_description/urdf/robotis_op3.visuals.xacro
[4.041s] Invoked command in '/home/evan/Documents/algo_gaze_project/build/op3_description' returned '0': CMAKE_PREFIX_PATH=/opt/ros/humble /usr/bin/cmake --install /home/evan/Documents/algo_gaze_project/build/op3_description
