[0.034s] Invoking command in '/home/evan/Documents/algo_gaze_project/build/robotis_math': CMAKE_PREFIX_PATH=/opt/ros/humble /usr/bin/cmake /home/evan/Documents/algo_gaze_project/ROBOTIS-Math/robotis_math -DAMENT_CMAKE_SYMLINK_INSTALL=1 -DCMAKE_INSTALL_PREFIX=/home/evan/Documents/algo_gaze_project/install/robotis_math
[0.100s] -- The C compiler identification is GNU 11.4.0
[0.165s] -- The CXX compiler identification is GNU 11.4.0
[0.178s] -- Detecting C compiler ABI info
[0.290s] -- Detecting C compiler ABI info - done
[0.300s] -- Check for working C compiler: /usr/bin/cc - skipped
[0.300s] -- Detecting C compile features
[0.300s] -- Detecting C compile features - done
[0.303s] -- Detecting CXX compiler ABI info
[0.402s] -- Detecting CXX compiler ABI info - done
[0.412s] -- Check for working CXX compiler: /usr/bin/c++ - skipped
[0.412s] -- Detecting CXX compile features
[0.413s] -- Detecting CXX compile features - done
[0.416s] -- Found ament_cmake: 1.3.14 (/opt/ros/humble/share/ament_cmake/cmake)
[0.606s] -- Found Python3: /usr/bin/python3 (found version "3.10.12") found components: Interpreter 
[0.726s] -- Override CMake install command with custom implementation using symlinks instead of copying resources
[0.778s] -- Found rclcpp: 16.0.19 (/opt/ros/humble/share/rclcpp/cmake)
[0.833s] -- Found rosidl_generator_c: 3.1.8 (/opt/ros/humble/share/rosidl_generator_c/cmake)
[0.838s] -- Found rosidl_adapter: 3.1.8 (/opt/ros/humble/share/rosidl_adapter/cmake)
[0.850s] -- Found rosidl_generator_cpp: 3.1.8 (/opt/ros/humble/share/rosidl_generator_cpp/cmake)
[0.861s] -- Using all available rosidl_typesupport_c: rosidl_typesupport_fastrtps_c;rosidl_typesupport_introspection_c
[0.879s] -- Using all available rosidl_typesupport_cpp: rosidl_typesupport_fastrtps_cpp;rosidl_typesupport_introspection_cpp
[0.952s] -- Found rmw_implementation_cmake: 6.1.2 (/opt/ros/humble/share/rmw_implementation_cmake/cmake)
[0.956s] -- Found rmw_fastrtps_cpp: 6.2.10 (/opt/ros/humble/share/rmw_fastrtps_cpp/cmake)
[1.112s] -- Found OpenSSL: /usr/lib/x86_64-linux-gnu/libcrypto.so (found version "3.0.2")  
[1.165s] -- Found FastRTPS: /opt/ros/humble/include  
[1.226s] -- Using RMW implementation 'rmw_fastrtps_cpp' as default
[1.252s] -- Looking for pthread.h
[1.472s] -- Looking for pthread.h - found
[1.472s] -- Performing Test CMAKE_HAVE_LIBC_PTHREAD
[1.666s] -- Performing Test CMAKE_HAVE_LIBC_PTHREAD - Success
[1.669s] -- Found Threads: TRUE  
[2.149s] -- Configuring done
[2.174s] -- Generating done
[2.185s] -- Build files have been written to: /home/evan/Documents/algo_gaze_project/build/robotis_math
[2.207s] Invoked command in '/home/evan/Documents/algo_gaze_project/build/robotis_math' returned '0': CMAKE_PREFIX_PATH=/opt/ros/humble /usr/bin/cmake /home/evan/Documents/algo_gaze_project/ROBOTIS-Math/robotis_math -DAMENT_CMAKE_SYMLINK_INSTALL=1 -DCMAKE_INSTALL_PREFIX=/home/evan/Documents/algo_gaze_project/install/robotis_math
[2.208s] Invoking command in '/home/evan/Documents/algo_gaze_project/build/robotis_math': CMAKE_PREFIX_PATH=/opt/ros/humble /usr/bin/cmake --build /home/evan/Documents/algo_gaze_project/build/robotis_math -- -j12 -l12
[3.831s] [  9%] [32mBuilding CXX object CMakeFiles/robotis_math.dir/src/robotis_trajectory_calculator.cpp.o[0m
[3.832s] [ 18%] [32mBuilding CXX object CMakeFiles/robotis_math.dir/src/minimum_jerk_trajectory.cpp.o[0m
[3.832s] [ 27%] [32mBuilding CXX object CMakeFiles/robotis_math.dir/src/robotis_math_base.cpp.o[0m
[3.832s] [ 45%] [32mBuilding CXX object CMakeFiles/robotis_math.dir/src/simple_trapezoidal_velocity_profile.cpp.o[0m
[3.832s] [ 45%] [32mBuilding CXX object CMakeFiles/robotis_math.dir/src/step_data_define.cpp.o[0m
[3.832s] [ 63%] [32mBuilding CXX object CMakeFiles/robotis_math.dir/src/preview_control.cpp.o[0m
[3.832s] [ 63%] [32mBuilding CXX object CMakeFiles/robotis_math.dir/src/fifth_order_polynomial_trajectory.cpp.o[0m
[3.832s] [ 72%] [32mBuilding CXX object CMakeFiles/robotis_math.dir/src/minimum_jerk_trajectory_with_via_point.cpp.o[0m
[3.832s] [ 81%] [32mBuilding CXX object CMakeFiles/robotis_math.dir/src/bezier_curve.cpp.o[0m
[3.832s] [ 90%] [32mBuilding CXX object CMakeFiles/robotis_math.dir/src/robotis_linear_algebra.cpp.o[0m
[29.363s] [100%] [32m[1mLinking CXX static library librobotis_math.a[0m
[29.677s] [100%] Built target robotis_math
[29.703s] Invoked command in '/home/evan/Documents/algo_gaze_project/build/robotis_math' returned '0': CMAKE_PREFIX_PATH=/opt/ros/humble /usr/bin/cmake --build /home/evan/Documents/algo_gaze_project/build/robotis_math -- -j12 -l12
[29.704s] Invoking command in '/home/evan/Documents/algo_gaze_project/build/robotis_math': CMAKE_PREFIX_PATH=/opt/ros/humble /usr/bin/cmake --install /home/evan/Documents/algo_gaze_project/build/robotis_math
[30.353s] -- Install configuration: ""
[30.353s] -- Execute custom install script
[30.353s] -- Symlinking: /home/evan/Documents/algo_gaze_project/install/robotis_math/include/robotis_math/bezier_curve.h
[30.353s] -- Symlinking: /home/evan/Documents/algo_gaze_project/install/robotis_math/include/robotis_math/fifth_order_polynomial_trajectory.h
[30.354s] -- Symlinking: /home/evan/Documents/algo_gaze_project/install/robotis_math/include/robotis_math/minimum_jerk_trajectory.h
[30.354s] -- Symlinking: /home/evan/Documents/algo_gaze_project/install/robotis_math/include/robotis_math/minimum_jerk_trajectory_with_via_point.h
[30.354s] -- Symlinking: /home/evan/Documents/algo_gaze_project/install/robotis_math/include/robotis_math/preview_control.h
[30.354s] -- Symlinking: /home/evan/Documents/algo_gaze_project/install/robotis_math/include/robotis_math/robotis_linear_algebra.h
[30.354s] -- Symlinking: /home/evan/Documents/algo_gaze_project/install/robotis_math/include/robotis_math/robotis_math.h
[30.354s] -- Symlinking: /home/evan/Documents/algo_gaze_project/install/robotis_math/include/robotis_math/robotis_math_base.h
[30.354s] -- Symlinking: /home/evan/Documents/algo_gaze_project/install/robotis_math/include/robotis_math/robotis_trajectory_calculator.h
[30.354s] -- Symlinking: /home/evan/Documents/algo_gaze_project/install/robotis_math/include/robotis_math/simple_trapezoidal_velocity_profile.h
[30.354s] -- Symlinking: /home/evan/Documents/algo_gaze_project/install/robotis_math/include/robotis_math/step_data_define.h
[30.354s] -- Symlinking: /home/evan/Documents/algo_gaze_project/install/robotis_math/share/robotis_math/environment/library_path.sh
[30.354s] -- Symlinking: /home/evan/Documents/algo_gaze_project/install/robotis_math/share/robotis_math/environment/library_path.dsv
[30.354s] -- Symlinking: /home/evan/Documents/algo_gaze_project/install/robotis_math/share/ament_index/resource_index/package_run_dependencies/robotis_math
[30.354s] -- Symlinking: /home/evan/Documents/algo_gaze_project/install/robotis_math/share/ament_index/resource_index/parent_prefix_path/robotis_math
[30.354s] -- Symlinking: /home/evan/Documents/algo_gaze_project/install/robotis_math/share/robotis_math/environment/ament_prefix_path.sh
[30.354s] -- Symlinking: /home/evan/Documents/algo_gaze_project/install/robotis_math/share/robotis_math/environment/ament_prefix_path.dsv
[30.354s] -- Symlinking: /home/evan/Documents/algo_gaze_project/install/robotis_math/share/robotis_math/environment/path.sh
[30.354s] -- Symlinking: /home/evan/Documents/algo_gaze_project/install/robotis_math/share/robotis_math/environment/path.dsv
[30.354s] -- Symlinking: /home/evan/Documents/algo_gaze_project/install/robotis_math/share/robotis_math/local_setup.bash
[30.354s] -- Symlinking: /home/evan/Documents/algo_gaze_project/install/robotis_math/share/robotis_math/local_setup.sh
[30.354s] -- Symlinking: /home/evan/Documents/algo_gaze_project/install/robotis_math/share/robotis_math/local_setup.zsh
[30.354s] -- Symlinking: /home/evan/Documents/algo_gaze_project/install/robotis_math/share/robotis_math/local_setup.dsv
[30.354s] -- Symlinking: /home/evan/Documents/algo_gaze_project/install/robotis_math/share/robotis_math/package.dsv
[30.354s] -- Symlinking: /home/evan/Documents/algo_gaze_project/install/robotis_math/share/ament_index/resource_index/packages/robotis_math
[30.354s] -- Symlinking: /home/evan/Documents/algo_gaze_project/install/robotis_math/share/robotis_math/cmake/ament_cmake_export_targets-extras.cmake
[30.354s] -- Symlinking: /home/evan/Documents/algo_gaze_project/install/robotis_math/share/robotis_math/cmake/ament_cmake_export_include_directories-extras.cmake
[30.354s] -- Symlinking: /home/evan/Documents/algo_gaze_project/install/robotis_math/share/robotis_math/cmake/ament_cmake_export_dependencies-extras.cmake
[30.355s] -- Symlinking: /home/evan/Documents/algo_gaze_project/install/robotis_math/share/robotis_math/cmake/robotis_mathConfig.cmake
[30.355s] -- Symlinking: /home/evan/Documents/algo_gaze_project/install/robotis_math/share/robotis_math/cmake/robotis_mathConfig-version.cmake
[30.355s] -- Symlinking: /home/evan/Documents/algo_gaze_project/install/robotis_math/share/robotis_math/package.xml
[30.355s] -- Installing: /home/evan/Documents/algo_gaze_project/install/robotis_math/lib/librobotis_math.a
[30.355s] -- Installing: /home/evan/Documents/algo_gaze_project/install/robotis_math/share/robotis_math/cmake/export_robotis_mathExport.cmake
[30.355s] -- Installing: /home/evan/Documents/algo_gaze_project/install/robotis_math/share/robotis_math/cmake/export_robotis_mathExport-noconfig.cmake
