[0.033s] Invoking command in '/home/evan/Documents/BRONE_audio_gaze_project/build/op3_action_module_msgs': CMAKE_PREFIX_PATH=${CMAKE_PREFIX_PATH}:/home/evan/Documents/BRONE_audio_gaze_project/install/algo_gaze:/home/evan/Documents/BRONE_audio_gaze_project/install/brone_gaze:/opt/ros/humble /usr/bin/cmake /home/evan/Documents/BRONE_audio_gaze_project/ROBOTIS-OP3-msgs/op3_action_module_msgs -DAMENT_CMAKE_SYMLINK_INSTALL=1 -DCMAKE_INSTALL_PREFIX=/home/evan/Documents/BRONE_audio_gaze_project/install/op3_action_module_msgs
[0.113s] -- The C compiler identification is GNU 11.4.0
[0.193s] -- The CXX compiler identification is GNU 11.4.0
[0.207s] -- Detecting C compiler ABI info
[0.298s] -- Detecting C compiler ABI info - done
[0.306s] -- Check for working C compiler: /usr/bin/cc - skipped
[0.306s] -- Detecting C compile features
[0.307s] -- Detecting C compile features - done
[0.310s] -- Detecting CXX compiler ABI info
[0.408s] -- Detecting CXX compiler ABI info - done
[0.422s] -- Check for working CXX compiler: /usr/bin/c++ - skipped
[0.422s] -- Detecting CXX compile features
[0.423s] -- Detecting CXX compile features - done
[0.426s] -- Found ament_cmake: 1.3.14 (/opt/ros/humble/share/ament_cmake/cmake)
[0.699s] -- Found Python3: /usr/bin/python3 (found version "3.10.12") found components: Interpreter 
[0.780s] -- Override CMake install command with custom implementation using symlinks instead of copying resources
[0.811s] -- Found std_msgs: 4.9.1 (/opt/ros/humble/share/std_msgs/cmake)
[0.854s] -- Found rosidl_generator_c: 3.1.8 (/opt/ros/humble/share/rosidl_generator_c/cmake)
[0.860s] -- Found rosidl_adapter: 3.1.8 (/opt/ros/humble/share/rosidl_adapter/cmake)
[0.871s] -- Found rosidl_generator_cpp: 3.1.8 (/opt/ros/humble/share/rosidl_generator_cpp/cmake)
[0.886s] -- Using all available rosidl_typesupport_c: rosidl_typesupport_fastrtps_c;rosidl_typesupport_introspection_c
[0.908s] -- Using all available rosidl_typesupport_cpp: rosidl_typesupport_fastrtps_cpp;rosidl_typesupport_introspection_cpp
[0.937s] -- Found rosidl_default_generators: 1.2.1 (/opt/ros/humble/share/rosidl_default_generators/cmake)
[1.622s] -- Found ament_cmake_ros: 0.10.0 (/opt/ros/humble/share/ament_cmake_ros/cmake)
[2.172s] -- Using all available rosidl_typesupport_c: rosidl_typesupport_fastrtps_c;rosidl_typesupport_introspection_c
[2.712s] -- Using all available rosidl_typesupport_cpp: rosidl_typesupport_fastrtps_cpp;rosidl_typesupport_introspection_cpp
[2.801s] -- Found PythonInterp: /usr/bin/python3 (found suitable version "3.10.12", minimum required is "3.6") 
[2.802s] -- Found python_cmake_module: 0.10.0 (/opt/ros/humble/share/python_cmake_module/cmake)
[2.913s] -- Found PythonLibs: /usr/lib/x86_64-linux-gnu/libpython3.10.so (found suitable version "3.10.12", minimum required is "3.5") 
[2.914s] -- Using PYTHON_EXECUTABLE: /usr/bin/python3
[2.914s] -- Using PYTHON_INCLUDE_DIRS: /usr/include/python3.10
[2.914s] -- Using PYTHON_LIBRARIES: /usr/lib/x86_64-linux-gnu/libpython3.10.so
[2.971s] -- Found PythonExtra: .so  
[3.352s] -- Configuring done
[3.449s] -- Generating done
[3.467s] -- Build files have been written to: /home/evan/Documents/BRONE_audio_gaze_project/build/op3_action_module_msgs
[3.485s] Invoked command in '/home/evan/Documents/BRONE_audio_gaze_project/build/op3_action_module_msgs' returned '0': CMAKE_PREFIX_PATH=${CMAKE_PREFIX_PATH}:/home/evan/Documents/BRONE_audio_gaze_project/install/algo_gaze:/home/evan/Documents/BRONE_audio_gaze_project/install/brone_gaze:/opt/ros/humble /usr/bin/cmake /home/evan/Documents/BRONE_audio_gaze_project/ROBOTIS-OP3-msgs/op3_action_module_msgs -DAMENT_CMAKE_SYMLINK_INSTALL=1 -DCMAKE_INSTALL_PREFIX=/home/evan/Documents/BRONE_audio_gaze_project/install/op3_action_module_msgs
[3.485s] Invoking command in '/home/evan/Documents/BRONE_audio_gaze_project/build/op3_action_module_msgs': CMAKE_PREFIX_PATH=${CMAKE_PREFIX_PATH}:/home/evan/Documents/BRONE_audio_gaze_project/install/algo_gaze:/home/evan/Documents/BRONE_audio_gaze_project/install/brone_gaze:/opt/ros/humble /usr/bin/cmake --build /home/evan/Documents/BRONE_audio_gaze_project/build/op3_action_module_msgs -- -j12 -l12
[3.798s] [  2%] [34m[1mGenerating C code for ROS interfaces[0m
[3.798s] [  5%] [34m[1mGenerating C++ code for ROS interfaces[0m
[3.798s] [  7%] [34m[1mGenerating Rust code for ROS interfaces[0m
[3.798s] [  7%] Built target ament_cmake_python_symlink_op3_action_module_msgs
[4.284s] [  7%] Built target op3_action_module_msgs__rs
[5.003s] running egg_info
[5.019s] creating op3_action_module_msgs.egg-info
[5.019s] writing op3_action_module_msgs.egg-info/PKG-INFO
[5.019s] writing dependency_links to op3_action_module_msgs.egg-info/dependency_links.txt
[5.019s] writing top-level names to op3_action_module_msgs.egg-info/top_level.txt
[5.019s] writing manifest file 'op3_action_module_msgs.egg-info/SOURCES.txt'
[5.034s] reading manifest file 'op3_action_module_msgs.egg-info/SOURCES.txt'
[5.034s] writing manifest file 'op3_action_module_msgs.egg-info/SOURCES.txt'
[5.212s] [  7%] Built target op3_action_module_msgs__cpp
[5.224s] [  7%] Built target ament_cmake_python_build_op3_action_module_msgs_egg
[5.249s] [ 10%] [34m[1mGenerating C++ type support dispatch for ROS interfaces[0m
[5.264s] [ 12%] [34m[1mGenerating C++ type support for eProsima Fast-RTPS[0m
[5.278s] [ 15%] [34m[1mGenerating C++ introspection for ROS interfaces[0m
[5.562s] [ 17%] [32mBuilding C object CMakeFiles/op3_action_module_msgs__rosidl_generator_c.dir/rosidl_generator_c/op3_action_module_msgs/srv/detail/is_running__functions.c.o[0m
[5.567s] [ 20%] [32mBuilding C object CMakeFiles/op3_action_module_msgs__rosidl_generator_c.dir/rosidl_generator_c/op3_action_module_msgs/msg/detail/start_action__functions.c.o[0m
[5.929s] [ 22%] [32m[1mLinking C shared library libop3_action_module_msgs__rosidl_generator_c.so[0m
[6.166s] [ 22%] Built target op3_action_module_msgs__rosidl_generator_c
[6.225s] [ 25%] [34m[1mGenerating C type support dispatch for ROS interfaces[0m
[6.229s] [ 27%] [34m[1mGenerating C type support for eProsima Fast-RTPS[0m
[6.238s] [ 30%] [34m[1mGenerating C introspection for ROS interfaces[0m
[6.675s] [ 32%] [32mBuilding CXX object CMakeFiles/op3_action_module_msgs__rosidl_typesupport_cpp.dir/rosidl_typesupport_cpp/op3_action_module_msgs/msg/start_action__type_support.cpp.o[0m
[6.680s] [ 35%] [32mBuilding CXX object CMakeFiles/op3_action_module_msgs__rosidl_typesupport_cpp.dir/rosidl_typesupport_cpp/op3_action_module_msgs/srv/is_running__type_support.cpp.o[0m
[6.836s] [ 37%] [32mBuilding CXX object CMakeFiles/op3_action_module_msgs__rosidl_typesupport_fastrtps_c.dir/rosidl_typesupport_fastrtps_c/op3_action_module_msgs/srv/detail/is_running__type_support_c.cpp.o[0m
[6.862s] [ 40%] [32mBuilding CXX object CMakeFiles/op3_action_module_msgs__rosidl_typesupport_fastrtps_c.dir/rosidl_typesupport_fastrtps_c/op3_action_module_msgs/msg/detail/start_action__type_support_c.cpp.o[0m
[7.059s] [ 42%] [32mBuilding CXX object CMakeFiles/op3_action_module_msgs__rosidl_typesupport_fastrtps_cpp.dir/rosidl_typesupport_fastrtps_cpp/op3_action_module_msgs/msg/detail/dds_fastrtps/start_action__type_support.cpp.o[0m
[7.074s] [ 45%] [32mBuilding CXX object CMakeFiles/op3_action_module_msgs__rosidl_typesupport_fastrtps_cpp.dir/rosidl_typesupport_fastrtps_cpp/op3_action_module_msgs/srv/detail/dds_fastrtps/is_running__type_support.cpp.o[0m
[7.304s] [ 47%] [32mBuilding CXX object CMakeFiles/op3_action_module_msgs__rosidl_typesupport_introspection_cpp.dir/rosidl_typesupport_introspection_cpp/op3_action_module_msgs/srv/detail/is_running__type_support.cpp.o[0m
[7.424s] [ 50%] [32mBuilding CXX object CMakeFiles/op3_action_module_msgs__rosidl_typesupport_introspection_cpp.dir/rosidl_typesupport_introspection_cpp/op3_action_module_msgs/msg/detail/start_action__type_support.cpp.o[0m
[8.564s] [ 52%] [32mBuilding CXX object CMakeFiles/op3_action_module_msgs__rosidl_typesupport_c.dir/rosidl_typesupport_c/op3_action_module_msgs/msg/start_action__type_support.cpp.o[0m
[8.582s] [ 55%] [32mBuilding CXX object CMakeFiles/op3_action_module_msgs__rosidl_typesupport_c.dir/rosidl_typesupport_c/op3_action_module_msgs/srv/is_running__type_support.cpp.o[0m
[8.714s] [ 57%] [32mBuilding C object CMakeFiles/op3_action_module_msgs__rosidl_typesupport_introspection_c.dir/rosidl_typesupport_introspection_c/op3_action_module_msgs/msg/detail/start_action__type_support.c.o[0m
[8.722s] [ 60%] [32mBuilding C object CMakeFiles/op3_action_module_msgs__rosidl_typesupport_introspection_c.dir/rosidl_typesupport_introspection_c/op3_action_module_msgs/srv/detail/is_running__type_support.c.o[0m
[8.799s] [ 62%] [32m[1mLinking CXX shared library libop3_action_module_msgs__rosidl_typesupport_c.so[0m
[8.874s] [ 65%] [32m[1mLinking C shared library libop3_action_module_msgs__rosidl_typesupport_introspection_c.so[0m
[8.922s] [ 65%] Built target op3_action_module_msgs__rosidl_typesupport_c
[9.013s] [ 67%] [32m[1mLinking CXX shared library libop3_action_module_msgs__rosidl_typesupport_cpp.so[0m
[9.060s] [ 67%] Built target op3_action_module_msgs__rosidl_typesupport_introspection_c
[9.139s] [ 67%] Built target op3_action_module_msgs__rosidl_typesupport_cpp
[9.516s] [ 70%] [32m[1mLinking CXX shared library libop3_action_module_msgs__rosidl_typesupport_fastrtps_c.so[0m
[9.925s] [ 70%] Built target op3_action_module_msgs__rosidl_typesupport_fastrtps_c
[10.405s] [ 72%] [32m[1mLinking CXX shared library libop3_action_module_msgs__rosidl_typesupport_fastrtps_cpp.so[0m
[11.153s] [ 75%] [32m[1mLinking CXX shared library libop3_action_module_msgs__rosidl_typesupport_introspection_cpp.so[0m
[11.173s] [ 75%] Built target op3_action_module_msgs__rosidl_typesupport_fastrtps_cpp
[11.921s] [ 75%] Built target op3_action_module_msgs__rosidl_typesupport_introspection_cpp
[12.125s] [ 75%] Built target op3_action_module_msgs
[12.272s] [ 77%] [34m[1mGenerating Python code for ROS interfaces[0m
[15.081s] [ 77%] Built target op3_action_module_msgs__py
[15.125s] [ 80%] [32mBuilding C object CMakeFiles/op3_action_module_msgs__rosidl_generator_py.dir/rosidl_generator_py/op3_action_module_msgs/msg/_start_action_s.c.o[0m
[15.300s] [ 82%] [32mBuilding C object CMakeFiles/op3_action_module_msgs__rosidl_generator_py.dir/rosidl_generator_py/op3_action_module_msgs/srv/_is_running_s.c.o[0m
[15.701s] [ 85%] [32m[1mLinking C shared library rosidl_generator_py/op3_action_module_msgs/libop3_action_module_msgs__rosidl_generator_py.so[0m
[15.812s] [ 85%] Built target op3_action_module_msgs__rosidl_generator_py
[15.883s] [ 87%] [32mBuilding C object CMakeFiles/op3_action_module_msgs__rosidl_typesupport_fastrtps_c__pyext.dir/rosidl_generator_py/op3_action_module_msgs/_op3_action_module_msgs_s.ep.rosidl_typesupport_fastrtps_c.c.o[0m
[16.220s] [ 90%] [32m[1mLinking C shared library rosidl_generator_py/op3_action_module_msgs/op3_action_module_msgs_s__rosidl_typesupport_fastrtps_c.cpython-310-x86_64-linux-gnu.so[0m
[16.354s] [ 90%] Built target op3_action_module_msgs__rosidl_typesupport_fastrtps_c__pyext
[16.435s] [ 92%] [32mBuilding C object CMakeFiles/op3_action_module_msgs__rosidl_typesupport_c__pyext.dir/rosidl_generator_py/op3_action_module_msgs/_op3_action_module_msgs_s.ep.rosidl_typesupport_c.c.o[0m
[16.825s] [ 95%] [32m[1mLinking C shared library rosidl_generator_py/op3_action_module_msgs/op3_action_module_msgs_s__rosidl_typesupport_c.cpython-310-x86_64-linux-gnu.so[0m
[16.927s] [ 95%] Built target op3_action_module_msgs__rosidl_typesupport_c__pyext
[16.979s] [ 97%] [32mBuilding C object CMakeFiles/op3_action_module_msgs__rosidl_typesupport_introspection_c__pyext.dir/rosidl_generator_py/op3_action_module_msgs/_op3_action_module_msgs_s.ep.rosidl_typesupport_introspection_c.c.o[0m
[17.208s] [100%] [32m[1mLinking C shared library rosidl_generator_py/op3_action_module_msgs/op3_action_module_msgs_s__rosidl_typesupport_introspection_c.cpython-310-x86_64-linux-gnu.so[0m
[17.337s] [100%] Built target op3_action_module_msgs__rosidl_typesupport_introspection_c__pyext
[17.372s] Invoked command in '/home/evan/Documents/BRONE_audio_gaze_project/build/op3_action_module_msgs' returned '0': CMAKE_PREFIX_PATH=${CMAKE_PREFIX_PATH}:/home/evan/Documents/BRONE_audio_gaze_project/install/algo_gaze:/home/evan/Documents/BRONE_audio_gaze_project/install/brone_gaze:/opt/ros/humble /usr/bin/cmake --build /home/evan/Documents/BRONE_audio_gaze_project/build/op3_action_module_msgs -- -j12 -l12
[17.373s] Invoking command in '/home/evan/Documents/BRONE_audio_gaze_project/build/op3_action_module_msgs': CMAKE_PREFIX_PATH=${CMAKE_PREFIX_PATH}:/home/evan/Documents/BRONE_audio_gaze_project/install/algo_gaze:/home/evan/Documents/BRONE_audio_gaze_project/install/brone_gaze:/opt/ros/humble /usr/bin/cmake --install /home/evan/Documents/BRONE_audio_gaze_project/build/op3_action_module_msgs
[23.044s] -- Install configuration: ""
[23.045s] -- Execute custom install script
[23.045s] -- Symlinking: /home/evan/Documents/BRONE_audio_gaze_project/install/op3_action_module_msgs/share/ament_index/resource_index/rosidl_interfaces/op3_action_module_msgs
[23.045s] -- Symlinking: /home/evan/Documents/BRONE_audio_gaze_project/install/op3_action_module_msgs/include/op3_action_module_msgs/op3_action_module_msgs/msg/detail/start_action__functions.h
[23.045s] -- Symlinking: /home/evan/Documents/BRONE_audio_gaze_project/install/op3_action_module_msgs/include/op3_action_module_msgs/op3_action_module_msgs/msg/detail/start_action__struct.h
[23.045s] -- Symlinking: /home/evan/Documents/BRONE_audio_gaze_project/install/op3_action_module_msgs/include/op3_action_module_msgs/op3_action_module_msgs/msg/detail/start_action__type_support.h
[23.045s] -- Symlinking: /home/evan/Documents/BRONE_audio_gaze_project/install/op3_action_module_msgs/include/op3_action_module_msgs/op3_action_module_msgs/msg/rosidl_generator_c__visibility_control.h
[23.045s] -- Symlinking: /home/evan/Documents/BRONE_audio_gaze_project/install/op3_action_module_msgs/include/op3_action_module_msgs/op3_action_module_msgs/msg/start_action.h
[23.045s] -- Symlinking: /home/evan/Documents/BRONE_audio_gaze_project/install/op3_action_module_msgs/include/op3_action_module_msgs/op3_action_module_msgs/srv/detail/is_running__functions.h
[23.045s] -- Symlinking: /home/evan/Documents/BRONE_audio_gaze_project/install/op3_action_module_msgs/include/op3_action_module_msgs/op3_action_module_msgs/srv/detail/is_running__struct.h
[23.046s] -- Symlinking: /home/evan/Documents/BRONE_audio_gaze_project/install/op3_action_module_msgs/include/op3_action_module_msgs/op3_action_module_msgs/srv/detail/is_running__type_support.h
[23.046s] -- Symlinking: /home/evan/Documents/BRONE_audio_gaze_project/install/op3_action_module_msgs/include/op3_action_module_msgs/op3_action_module_msgs/srv/is_running.h
[23.046s] -- Symlinking: /home/evan/Documents/BRONE_audio_gaze_project/install/op3_action_module_msgs/share/op3_action_module_msgs/environment/library_path.sh
[23.046s] -- Symlinking: /home/evan/Documents/BRONE_audio_gaze_project/install/op3_action_module_msgs/share/op3_action_module_msgs/environment/library_path.dsv
[23.049s] -- Symlinking: /home/evan/Documents/BRONE_audio_gaze_project/install/op3_action_module_msgs/include/op3_action_module_msgs/op3_action_module_msgs/msg/detail/start_action__rosidl_typesupport_fastrtps_c.h
[23.049s] -- Symlinking: /home/evan/Documents/BRONE_audio_gaze_project/install/op3_action_module_msgs/include/op3_action_module_msgs/op3_action_module_msgs/msg/rosidl_typesupport_fastrtps_c__visibility_control.h
[23.049s] -- Symlinking: /home/evan/Documents/BRONE_audio_gaze_project/install/op3_action_module_msgs/include/op3_action_module_msgs/op3_action_module_msgs/srv/detail/is_running__rosidl_typesupport_fastrtps_c.h
[23.049s] -- Symlinking: /home/evan/Documents/BRONE_audio_gaze_project/install/op3_action_module_msgs/include/op3_action_module_msgs/op3_action_module_msgs/msg/detail/start_action__builder.hpp
[23.049s] -- Symlinking: /home/evan/Documents/BRONE_audio_gaze_project/install/op3_action_module_msgs/include/op3_action_module_msgs/op3_action_module_msgs/msg/detail/start_action__struct.hpp
[23.049s] -- Symlinking: /home/evan/Documents/BRONE_audio_gaze_project/install/op3_action_module_msgs/include/op3_action_module_msgs/op3_action_module_msgs/msg/detail/start_action__traits.hpp
[23.049s] -- Symlinking: /home/evan/Documents/BRONE_audio_gaze_project/install/op3_action_module_msgs/include/op3_action_module_msgs/op3_action_module_msgs/msg/detail/start_action__type_support.hpp
[23.049s] -- Symlinking: /home/evan/Documents/BRONE_audio_gaze_project/install/op3_action_module_msgs/include/op3_action_module_msgs/op3_action_module_msgs/msg/rosidl_generator_cpp__visibility_control.hpp
[23.049s] -- Symlinking: /home/evan/Documents/BRONE_audio_gaze_project/install/op3_action_module_msgs/include/op3_action_module_msgs/op3_action_module_msgs/msg/start_action.hpp
[23.050s] -- Symlinking: /home/evan/Documents/BRONE_audio_gaze_project/install/op3_action_module_msgs/include/op3_action_module_msgs/op3_action_module_msgs/srv/detail/is_running__builder.hpp
[23.050s] -- Symlinking: /home/evan/Documents/BRONE_audio_gaze_project/install/op3_action_module_msgs/include/op3_action_module_msgs/op3_action_module_msgs/srv/detail/is_running__struct.hpp
[23.050s] -- Symlinking: /home/evan/Documents/BRONE_audio_gaze_project/install/op3_action_module_msgs/include/op3_action_module_msgs/op3_action_module_msgs/srv/detail/is_running__traits.hpp
[23.050s] -- Symlinking: /home/evan/Documents/BRONE_audio_gaze_project/install/op3_action_module_msgs/include/op3_action_module_msgs/op3_action_module_msgs/srv/detail/is_running__type_support.hpp
[23.050s] -- Symlinking: /home/evan/Documents/BRONE_audio_gaze_project/install/op3_action_module_msgs/include/op3_action_module_msgs/op3_action_module_msgs/srv/is_running.hpp
[23.050s] -- Symlinking: /home/evan/Documents/BRONE_audio_gaze_project/install/op3_action_module_msgs/include/op3_action_module_msgs/op3_action_module_msgs/msg/detail/start_action__rosidl_typesupport_fastrtps_cpp.hpp
[23.050s] -- Symlinking: /home/evan/Documents/BRONE_audio_gaze_project/install/op3_action_module_msgs/include/op3_action_module_msgs/op3_action_module_msgs/msg/rosidl_typesupport_fastrtps_cpp__visibility_control.h
[23.050s] -- Symlinking: /home/evan/Documents/BRONE_audio_gaze_project/install/op3_action_module_msgs/include/op3_action_module_msgs/op3_action_module_msgs/srv/detail/is_running__rosidl_typesupport_fastrtps_cpp.hpp
[23.050s] -- Symlinking: /home/evan/Documents/BRONE_audio_gaze_project/install/op3_action_module_msgs/include/op3_action_module_msgs/op3_action_module_msgs/msg/detail/start_action__rosidl_typesupport_introspection_c.h
[23.050s] -- Symlinking: /home/evan/Documents/BRONE_audio_gaze_project/install/op3_action_module_msgs/include/op3_action_module_msgs/op3_action_module_msgs/msg/rosidl_typesupport_introspection_c__visibility_control.h
[23.050s] -- Symlinking: /home/evan/Documents/BRONE_audio_gaze_project/install/op3_action_module_msgs/include/op3_action_module_msgs/op3_action_module_msgs/srv/detail/is_running__rosidl_typesupport_introspection_c.h
[23.050s] -- Symlinking: /home/evan/Documents/BRONE_audio_gaze_project/install/op3_action_module_msgs/include/op3_action_module_msgs/op3_action_module_msgs/msg/detail/start_action__rosidl_typesupport_introspection_cpp.hpp
[23.051s] -- Symlinking: /home/evan/Documents/BRONE_audio_gaze_project/install/op3_action_module_msgs/include/op3_action_module_msgs/op3_action_module_msgs/srv/detail/is_running__rosidl_typesupport_introspection_cpp.hpp
[23.051s] -- Symlinking: /home/evan/Documents/BRONE_audio_gaze_project/install/op3_action_module_msgs/share/op3_action_module_msgs/environment/pythonpath.sh
[23.051s] -- Symlinking: /home/evan/Documents/BRONE_audio_gaze_project/install/op3_action_module_msgs/share/op3_action_module_msgs/environment/pythonpath.dsv
[23.051s] -- Symlinking: /home/evan/Documents/BRONE_audio_gaze_project/install/op3_action_module_msgs/local/lib/python3.10/dist-packages/op3_action_module_msgs-0.1.1-py3.10.egg-info/PKG-INFO
[23.051s] -- Symlinking: /home/evan/Documents/BRONE_audio_gaze_project/install/op3_action_module_msgs/local/lib/python3.10/dist-packages/op3_action_module_msgs-0.1.1-py3.10.egg-info/SOURCES.txt
[23.051s] -- Symlinking: /home/evan/Documents/BRONE_audio_gaze_project/install/op3_action_module_msgs/local/lib/python3.10/dist-packages/op3_action_module_msgs-0.1.1-py3.10.egg-info/dependency_links.txt
[23.051s] -- Symlinking: /home/evan/Documents/BRONE_audio_gaze_project/install/op3_action_module_msgs/local/lib/python3.10/dist-packages/op3_action_module_msgs-0.1.1-py3.10.egg-info/top_level.txt
[23.051s] -- Symlinking: /home/evan/Documents/BRONE_audio_gaze_project/install/op3_action_module_msgs/local/lib/python3.10/dist-packages/op3_action_module_msgs/__init__.py
[23.051s] -- Symlinking: /home/evan/Documents/BRONE_audio_gaze_project/install/op3_action_module_msgs/local/lib/python3.10/dist-packages/op3_action_module_msgs/_op3_action_module_msgs_s.ep.rosidl_typesupport_c.c
[23.051s] -- Symlinking: /home/evan/Documents/BRONE_audio_gaze_project/install/op3_action_module_msgs/local/lib/python3.10/dist-packages/op3_action_module_msgs/_op3_action_module_msgs_s.ep.rosidl_typesupport_fastrtps_c.c
[23.051s] -- Symlinking: /home/evan/Documents/BRONE_audio_gaze_project/install/op3_action_module_msgs/local/lib/python3.10/dist-packages/op3_action_module_msgs/_op3_action_module_msgs_s.ep.rosidl_typesupport_introspection_c.c
[23.051s] -- Symlinking: /home/evan/Documents/BRONE_audio_gaze_project/install/op3_action_module_msgs/local/lib/python3.10/dist-packages/op3_action_module_msgs/libop3_action_module_msgs__rosidl_generator_py.so
[23.051s] -- Symlinking: /home/evan/Documents/BRONE_audio_gaze_project/install/op3_action_module_msgs/local/lib/python3.10/dist-packages/op3_action_module_msgs/msg/__init__.py
[23.052s] -- Symlinking: /home/evan/Documents/BRONE_audio_gaze_project/install/op3_action_module_msgs/local/lib/python3.10/dist-packages/op3_action_module_msgs/msg/_start_action.py
[23.052s] -- Symlinking: /home/evan/Documents/BRONE_audio_gaze_project/install/op3_action_module_msgs/local/lib/python3.10/dist-packages/op3_action_module_msgs/msg/_start_action_s.c
[23.052s] -- Symlinking: /home/evan/Documents/BRONE_audio_gaze_project/install/op3_action_module_msgs/local/lib/python3.10/dist-packages/op3_action_module_msgs/op3_action_module_msgs_s__rosidl_typesupport_c.cpython-310-x86_64-linux-gnu.so
[23.052s] -- Symlinking: /home/evan/Documents/BRONE_audio_gaze_project/install/op3_action_module_msgs/local/lib/python3.10/dist-packages/op3_action_module_msgs/op3_action_module_msgs_s__rosidl_typesupport_fastrtps_c.cpython-310-x86_64-linux-gnu.so
[23.052s] -- Symlinking: /home/evan/Documents/BRONE_audio_gaze_project/install/op3_action_module_msgs/local/lib/python3.10/dist-packages/op3_action_module_msgs/op3_action_module_msgs_s__rosidl_typesupport_introspection_c.cpython-310-x86_64-linux-gnu.so
[23.052s] -- Symlinking: /home/evan/Documents/BRONE_audio_gaze_project/install/op3_action_module_msgs/local/lib/python3.10/dist-packages/op3_action_module_msgs/srv/__init__.py
[23.056s] -- Symlinking: /home/evan/Documents/BRONE_audio_gaze_project/install/op3_action_module_msgs/local/lib/python3.10/dist-packages/op3_action_module_msgs/srv/_is_running.py
[23.056s] -- Symlinking: /home/evan/Documents/BRONE_audio_gaze_project/install/op3_action_module_msgs/local/lib/python3.10/dist-packages/op3_action_module_msgs/srv/_is_running_s.c
[23.057s] -- Up-to-date symlink: /home/evan/Documents/BRONE_audio_gaze_project/install/op3_action_module_msgs/local/lib/python3.10/dist-packages/op3_action_module_msgs/op3_action_module_msgs_s__rosidl_typesupport_fastrtps_c.cpython-310-x86_64-linux-gnu.so
[23.057s] -- Up-to-date symlink: /home/evan/Documents/BRONE_audio_gaze_project/install/op3_action_module_msgs/local/lib/python3.10/dist-packages/op3_action_module_msgs/op3_action_module_msgs_s__rosidl_typesupport_introspection_c.cpython-310-x86_64-linux-gnu.so
[23.057s] -- Up-to-date symlink: /home/evan/Documents/BRONE_audio_gaze_project/install/op3_action_module_msgs/local/lib/python3.10/dist-packages/op3_action_module_msgs/op3_action_module_msgs_s__rosidl_typesupport_c.cpython-310-x86_64-linux-gnu.so
[23.057s] -- Symlinking: /home/evan/Documents/BRONE_audio_gaze_project/install/op3_action_module_msgs/share/ament_index/resource_index/rust_packages/op3_action_module_msgs
[23.057s] -- Symlinking: /home/evan/Documents/BRONE_audio_gaze_project/install/op3_action_module_msgs/share/op3_action_module_msgs/rust/Cargo.toml
[23.057s] -- Symlinking: /home/evan/Documents/BRONE_audio_gaze_project/install/op3_action_module_msgs/share/op3_action_module_msgs/rust/build.rs
[23.057s] -- Symlinking: /home/evan/Documents/BRONE_audio_gaze_project/install/op3_action_module_msgs/share/op3_action_module_msgs/rust/src/lib.rs
[23.057s] -- Symlinking: /home/evan/Documents/BRONE_audio_gaze_project/install/op3_action_module_msgs/share/op3_action_module_msgs/rust/src/msg.rs
[23.057s] -- Symlinking: /home/evan/Documents/BRONE_audio_gaze_project/install/op3_action_module_msgs/share/op3_action_module_msgs/rust/src/msg/rmw.rs
[23.057s] -- Symlinking: /home/evan/Documents/BRONE_audio_gaze_project/install/op3_action_module_msgs/share/op3_action_module_msgs/rust/src/srv.rs
[23.057s] -- Symlinking: /home/evan/Documents/BRONE_audio_gaze_project/install/op3_action_module_msgs/share/op3_action_module_msgs/rust/src/srv/rmw.rs
[23.057s] -- Symlinking: /home/evan/Documents/BRONE_audio_gaze_project/install/op3_action_module_msgs/share/op3_action_module_msgs/msg/StartAction.idl
[23.058s] -- Symlinking: /home/evan/Documents/BRONE_audio_gaze_project/install/op3_action_module_msgs/share/op3_action_module_msgs/srv/IsRunning.idl
[23.058s] -- Symlinking: /home/evan/Documents/BRONE_audio_gaze_project/install/op3_action_module_msgs/share/op3_action_module_msgs/msg/StartAction.msg
[23.058s] -- Symlinking: /home/evan/Documents/BRONE_audio_gaze_project/install/op3_action_module_msgs/share/op3_action_module_msgs/srv/IsRunning.srv
[23.058s] -- Symlinking: /home/evan/Documents/BRONE_audio_gaze_project/install/op3_action_module_msgs/share/op3_action_module_msgs/srv/IsRunning_Request.msg
[23.058s] -- Symlinking: /home/evan/Documents/BRONE_audio_gaze_project/install/op3_action_module_msgs/share/op3_action_module_msgs/srv/IsRunning_Response.msg
[23.058s] -- Symlinking: /home/evan/Documents/BRONE_audio_gaze_project/install/op3_action_module_msgs/share/ament_index/resource_index/package_run_dependencies/op3_action_module_msgs
[23.058s] -- Symlinking: /home/evan/Documents/BRONE_audio_gaze_project/install/op3_action_module_msgs/share/ament_index/resource_index/parent_prefix_path/op3_action_module_msgs
[23.058s] -- Symlinking: /home/evan/Documents/BRONE_audio_gaze_project/install/op3_action_module_msgs/share/op3_action_module_msgs/environment/ament_prefix_path.sh
[23.062s] -- Symlinking: /home/evan/Documents/BRONE_audio_gaze_project/install/op3_action_module_msgs/share/op3_action_module_msgs/environment/ament_prefix_path.dsv
[23.062s] -- Symlinking: /home/evan/Documents/BRONE_audio_gaze_project/install/op3_action_module_msgs/share/op3_action_module_msgs/environment/path.sh
[23.062s] -- Symlinking: /home/evan/Documents/BRONE_audio_gaze_project/install/op3_action_module_msgs/share/op3_action_module_msgs/environment/path.dsv
[23.062s] -- Symlinking: /home/evan/Documents/BRONE_audio_gaze_project/install/op3_action_module_msgs/share/op3_action_module_msgs/local_setup.bash
[23.062s] -- Symlinking: /home/evan/Documents/BRONE_audio_gaze_project/install/op3_action_module_msgs/share/op3_action_module_msgs/local_setup.sh
[23.062s] -- Symlinking: /home/evan/Documents/BRONE_audio_gaze_project/install/op3_action_module_msgs/share/op3_action_module_msgs/local_setup.zsh
[23.062s] -- Symlinking: /home/evan/Documents/BRONE_audio_gaze_project/install/op3_action_module_msgs/share/op3_action_module_msgs/local_setup.dsv
[23.063s] -- Symlinking: /home/evan/Documents/BRONE_audio_gaze_project/install/op3_action_module_msgs/share/op3_action_module_msgs/package.dsv
[23.063s] -- Symlinking: /home/evan/Documents/BRONE_audio_gaze_project/install/op3_action_module_msgs/share/ament_index/resource_index/packages/op3_action_module_msgs
[23.063s] -- Symlinking: /home/evan/Documents/BRONE_audio_gaze_project/install/op3_action_module_msgs/share/op3_action_module_msgs/cmake/rosidl_cmake-extras.cmake
[23.068s] -- Symlinking: /home/evan/Documents/BRONE_audio_gaze_project/install/op3_action_module_msgs/share/op3_action_module_msgs/cmake/ament_cmake_export_dependencies-extras.cmake
[23.068s] -- Symlinking: /home/evan/Documents/BRONE_audio_gaze_project/install/op3_action_module_msgs/share/op3_action_module_msgs/cmake/ament_cmake_export_include_directories-extras.cmake
[23.068s] -- Symlinking: /home/evan/Documents/BRONE_audio_gaze_project/install/op3_action_module_msgs/share/op3_action_module_msgs/cmake/ament_cmake_export_libraries-extras.cmake
[23.068s] -- Symlinking: /home/evan/Documents/BRONE_audio_gaze_project/install/op3_action_module_msgs/share/op3_action_module_msgs/cmake/ament_cmake_export_targets-extras.cmake
[23.068s] -- Symlinking: /home/evan/Documents/BRONE_audio_gaze_project/install/op3_action_module_msgs/share/op3_action_module_msgs/cmake/rosidl_cmake_export_typesupport_targets-extras.cmake
[23.069s] -- Symlinking: /home/evan/Documents/BRONE_audio_gaze_project/install/op3_action_module_msgs/share/op3_action_module_msgs/cmake/rosidl_cmake_export_typesupport_libraries-extras.cmake
[23.069s] -- Symlinking: /home/evan/Documents/BRONE_audio_gaze_project/install/op3_action_module_msgs/share/op3_action_module_msgs/cmake/op3_action_module_msgsConfig.cmake
[23.069s] -- Symlinking: /home/evan/Documents/BRONE_audio_gaze_project/install/op3_action_module_msgs/share/op3_action_module_msgs/cmake/op3_action_module_msgsConfig-version.cmake
[23.069s] -- Symlinking: /home/evan/Documents/BRONE_audio_gaze_project/install/op3_action_module_msgs/share/op3_action_module_msgs/package.xml
[23.069s] -- Installing: /home/evan/Documents/BRONE_audio_gaze_project/install/op3_action_module_msgs/lib/libop3_action_module_msgs__rosidl_generator_c.so
[23.070s] -- Set runtime path of "/home/evan/Documents/BRONE_audio_gaze_project/install/op3_action_module_msgs/lib/libop3_action_module_msgs__rosidl_generator_c.so" to ""
[23.070s] -- Installing: /home/evan/Documents/BRONE_audio_gaze_project/install/op3_action_module_msgs/lib/libop3_action_module_msgs__rosidl_typesupport_fastrtps_c.so
[23.070s] -- Set runtime path of "/home/evan/Documents/BRONE_audio_gaze_project/install/op3_action_module_msgs/lib/libop3_action_module_msgs__rosidl_typesupport_fastrtps_c.so" to ""
[23.070s] -- Installing: /home/evan/Documents/BRONE_audio_gaze_project/install/op3_action_module_msgs/lib/libop3_action_module_msgs__rosidl_typesupport_fastrtps_cpp.so
[23.070s] -- Set runtime path of "/home/evan/Documents/BRONE_audio_gaze_project/install/op3_action_module_msgs/lib/libop3_action_module_msgs__rosidl_typesupport_fastrtps_cpp.so" to ""
[23.070s] -- Installing: /home/evan/Documents/BRONE_audio_gaze_project/install/op3_action_module_msgs/lib/libop3_action_module_msgs__rosidl_typesupport_introspection_c.so
[23.070s] -- Set runtime path of "/home/evan/Documents/BRONE_audio_gaze_project/install/op3_action_module_msgs/lib/libop3_action_module_msgs__rosidl_typesupport_introspection_c.so" to ""
[23.070s] -- Installing: /home/evan/Documents/BRONE_audio_gaze_project/install/op3_action_module_msgs/lib/libop3_action_module_msgs__rosidl_typesupport_c.so
[23.070s] -- Set runtime path of "/home/evan/Documents/BRONE_audio_gaze_project/install/op3_action_module_msgs/lib/libop3_action_module_msgs__rosidl_typesupport_c.so" to ""
[23.071s] -- Installing: /home/evan/Documents/BRONE_audio_gaze_project/install/op3_action_module_msgs/lib/libop3_action_module_msgs__rosidl_typesupport_introspection_cpp.so
[23.071s] -- Set runtime path of "/home/evan/Documents/BRONE_audio_gaze_project/install/op3_action_module_msgs/lib/libop3_action_module_msgs__rosidl_typesupport_introspection_cpp.so" to ""
[23.071s] -- Installing: /home/evan/Documents/BRONE_audio_gaze_project/install/op3_action_module_msgs/lib/libop3_action_module_msgs__rosidl_typesupport_cpp.so
[23.071s] -- Set runtime path of "/home/evan/Documents/BRONE_audio_gaze_project/install/op3_action_module_msgs/lib/libop3_action_module_msgs__rosidl_typesupport_cpp.so" to ""
[23.123s] Listing '/home/evan/Documents/BRONE_audio_gaze_project/install/op3_action_module_msgs/local/lib/python3.10/dist-packages/op3_action_module_msgs'...
[23.123s] Compiling '/home/evan/Documents/BRONE_audio_gaze_project/install/op3_action_module_msgs/local/lib/python3.10/dist-packages/op3_action_module_msgs/__init__.py'...
[23.123s] Listing '/home/evan/Documents/BRONE_audio_gaze_project/install/op3_action_module_msgs/local/lib/python3.10/dist-packages/op3_action_module_msgs/msg'...
[23.123s] Compiling '/home/evan/Documents/BRONE_audio_gaze_project/install/op3_action_module_msgs/local/lib/python3.10/dist-packages/op3_action_module_msgs/msg/__init__.py'...
[23.123s] Compiling '/home/evan/Documents/BRONE_audio_gaze_project/install/op3_action_module_msgs/local/lib/python3.10/dist-packages/op3_action_module_msgs/msg/_start_action.py'...
[23.123s] Listing '/home/evan/Documents/BRONE_audio_gaze_project/install/op3_action_module_msgs/local/lib/python3.10/dist-packages/op3_action_module_msgs/srv'...
[23.123s] Compiling '/home/evan/Documents/BRONE_audio_gaze_project/install/op3_action_module_msgs/local/lib/python3.10/dist-packages/op3_action_module_msgs/srv/__init__.py'...
[23.123s] Compiling '/home/evan/Documents/BRONE_audio_gaze_project/install/op3_action_module_msgs/local/lib/python3.10/dist-packages/op3_action_module_msgs/srv/_is_running.py'...
[23.123s] -- Installing: /home/evan/Documents/BRONE_audio_gaze_project/install/op3_action_module_msgs/lib/libop3_action_module_msgs__rosidl_generator_py.so
[23.123s] -- Set runtime path of "/home/evan/Documents/BRONE_audio_gaze_project/install/op3_action_module_msgs/lib/libop3_action_module_msgs__rosidl_generator_py.so" to ""
[23.123s] -- Installing: /home/evan/Documents/BRONE_audio_gaze_project/install/op3_action_module_msgs/share/op3_action_module_msgs/cmake/export_op3_action_module_msgs__rosidl_generator_cExport.cmake
[23.124s] -- Installing: /home/evan/Documents/BRONE_audio_gaze_project/install/op3_action_module_msgs/share/op3_action_module_msgs/cmake/export_op3_action_module_msgs__rosidl_generator_cExport-noconfig.cmake
[23.124s] -- Installing: /home/evan/Documents/BRONE_audio_gaze_project/install/op3_action_module_msgs/share/op3_action_module_msgs/cmake/export_op3_action_module_msgs__rosidl_typesupport_fastrtps_cExport.cmake
[23.124s] -- Installing: /home/evan/Documents/BRONE_audio_gaze_project/install/op3_action_module_msgs/share/op3_action_module_msgs/cmake/export_op3_action_module_msgs__rosidl_typesupport_fastrtps_cExport-noconfig.cmake
[23.124s] -- Installing: /home/evan/Documents/BRONE_audio_gaze_project/install/op3_action_module_msgs/share/op3_action_module_msgs/cmake/export_op3_action_module_msgs__rosidl_generator_cppExport.cmake
[23.124s] -- Installing: /home/evan/Documents/BRONE_audio_gaze_project/install/op3_action_module_msgs/share/op3_action_module_msgs/cmake/export_op3_action_module_msgs__rosidl_typesupport_fastrtps_cppExport.cmake
[23.124s] -- Installing: /home/evan/Documents/BRONE_audio_gaze_project/install/op3_action_module_msgs/share/op3_action_module_msgs/cmake/export_op3_action_module_msgs__rosidl_typesupport_fastrtps_cppExport-noconfig.cmake
[23.124s] -- Installing: /home/evan/Documents/BRONE_audio_gaze_project/install/op3_action_module_msgs/share/op3_action_module_msgs/cmake/op3_action_module_msgs__rosidl_typesupport_introspection_cExport.cmake
[23.124s] -- Installing: /home/evan/Documents/BRONE_audio_gaze_project/install/op3_action_module_msgs/share/op3_action_module_msgs/cmake/op3_action_module_msgs__rosidl_typesupport_introspection_cExport-noconfig.cmake
[23.128s] -- Installing: /home/evan/Documents/BRONE_audio_gaze_project/install/op3_action_module_msgs/share/op3_action_module_msgs/cmake/op3_action_module_msgs__rosidl_typesupport_cExport.cmake
[23.128s] -- Installing: /home/evan/Documents/BRONE_audio_gaze_project/install/op3_action_module_msgs/share/op3_action_module_msgs/cmake/op3_action_module_msgs__rosidl_typesupport_cExport-noconfig.cmake
[23.128s] -- Installing: /home/evan/Documents/BRONE_audio_gaze_project/install/op3_action_module_msgs/share/op3_action_module_msgs/cmake/op3_action_module_msgs__rosidl_typesupport_introspection_cppExport.cmake
[23.128s] -- Installing: /home/evan/Documents/BRONE_audio_gaze_project/install/op3_action_module_msgs/share/op3_action_module_msgs/cmake/op3_action_module_msgs__rosidl_typesupport_introspection_cppExport-noconfig.cmake
[23.128s] -- Installing: /home/evan/Documents/BRONE_audio_gaze_project/install/op3_action_module_msgs/share/op3_action_module_msgs/cmake/op3_action_module_msgs__rosidl_typesupport_cppExport.cmake
[23.128s] -- Installing: /home/evan/Documents/BRONE_audio_gaze_project/install/op3_action_module_msgs/share/op3_action_module_msgs/cmake/op3_action_module_msgs__rosidl_typesupport_cppExport-noconfig.cmake
[23.129s] -- Installing: /home/evan/Documents/BRONE_audio_gaze_project/install/op3_action_module_msgs/share/op3_action_module_msgs/cmake/export_op3_action_module_msgs__rosidl_generator_pyExport.cmake
[23.129s] -- Installing: /home/evan/Documents/BRONE_audio_gaze_project/install/op3_action_module_msgs/share/op3_action_module_msgs/cmake/export_op3_action_module_msgs__rosidl_generator_pyExport-noconfig.cmake
[23.130s] Invoked command in '/home/evan/Documents/BRONE_audio_gaze_project/build/op3_action_module_msgs' returned '0': CMAKE_PREFIX_PATH=${CMAKE_PREFIX_PATH}:/home/evan/Documents/BRONE_audio_gaze_project/install/algo_gaze:/home/evan/Documents/BRONE_audio_gaze_project/install/brone_gaze:/opt/ros/humble /usr/bin/cmake --install /home/evan/Documents/BRONE_audio_gaze_project/build/op3_action_module_msgs
