[0.013s] Invoking command in '/home/evan/Documents/algo_gaze_project/build/face_detection': CMAKE_PREFIX_PATH=/opt/ros/humble /usr/bin/cmake /home/evan/Documents/algo_gaze_project/ROBOTIS-OP3-ETC/face_detection -DAMENT_CMAKE_SYMLINK_INSTALL=1 -DCMAKE_INSTALL_PREFIX=/home/evan/Documents/algo_gaze_project/install/face_detection
[0.485s] -- The C compiler identification is GNU 11.4.0
[0.485s] -- The CXX compiler identification is GNU 11.4.0
[0.485s] -- Detecting C compiler ABI info
[0.485s] -- Detecting C compiler ABI info - done
[0.485s] -- Check for working C compiler: /usr/bin/cc - skipped
[0.485s] -- Detecting C compile features
[0.485s] -- Detecting C compile features - done
[0.485s] -- Detecting CXX compiler ABI info
[0.485s] -- Detecting CXX compiler ABI info - done
[0.486s] -- Check for working CXX compiler: /usr/bin/c++ - skipped
[0.486s] -- Detecting CXX compile features
[0.486s] -- Detecting CXX compile features - done
[0.486s] -- Found ament_cmake: 1.3.14 (/opt/ros/humble/share/ament_cmake/cmake)
[0.581s] -- Found Python3: /usr/bin/python3 (found version "3.10.12") found components: Interpreter 
[0.691s] -- Override CMake install command with custom implementation using symlinks instead of copying resources
[0.748s] -- Found ament_index_cpp: 1.4.1 (/opt/ros/humble/share/ament_index_cpp/cmake)
[0.755s] -- Found rclcpp: 16.0.19 (/opt/ros/humble/share/rclcpp/cmake)
[0.835s] -- Found rosidl_generator_c: 3.1.8 (/opt/ros/humble/share/rosidl_generator_c/cmake)
[0.846s] -- Found rosidl_adapter: 3.1.8 (/opt/ros/humble/share/rosidl_adapter/cmake)
[0.861s] -- Found rosidl_generator_cpp: 3.1.8 (/opt/ros/humble/share/rosidl_generator_cpp/cmake)
[0.891s] -- Using all available rosidl_typesupport_c: rosidl_typesupport_fastrtps_c;rosidl_typesupport_introspection_c
[0.915s] -- Using all available rosidl_typesupport_cpp: rosidl_typesupport_fastrtps_cpp;rosidl_typesupport_introspection_cpp
[0.978s] -- Found rmw_implementation_cmake: 6.1.2 (/opt/ros/humble/share/rmw_implementation_cmake/cmake)
[0.981s] -- Found rmw_fastrtps_cpp: 6.2.10 (/opt/ros/humble/share/rmw_fastrtps_cpp/cmake)
[1.116s] -- Found OpenSSL: /usr/lib/x86_64-linux-gnu/libcrypto.so (found version "3.0.2")  
[1.154s] -- Found FastRTPS: /opt/ros/humble/include  
[1.215s] -- Using RMW implementation 'rmw_fastrtps_cpp' as default
[1.224s] -- Looking for pthread.h
[1.348s] -- Looking for pthread.h - found
[1.348s] -- Performing Test CMAKE_HAVE_LIBC_PTHREAD
[1.452s] -- Performing Test CMAKE_HAVE_LIBC_PTHREAD - Success
[1.453s] -- Found Threads: TRUE  
[1.529s] -- Found sensor_msgs: 4.9.1 (/opt/ros/humble/share/sensor_msgs/cmake)
[1.578s] -- Found cv_bridge: 3.2.1 (/opt/ros/humble/share/cv_bridge/cmake)
[1.594s] -- Found image_transport: 3.1.12 (/opt/ros/humble/share/image_transport/cmake)
[1.640s] -- Found OpenCV: /usr (found version "4.5.4") 
[1.797s] -- Configuring done
[1.827s] -- Generating done
[1.835s] -- Build files have been written to: /home/evan/Documents/algo_gaze_project/build/face_detection
[1.859s] Invoked command in '/home/evan/Documents/algo_gaze_project/build/face_detection' returned '0': CMAKE_PREFIX_PATH=/opt/ros/humble /usr/bin/cmake /home/evan/Documents/algo_gaze_project/ROBOTIS-OP3-ETC/face_detection -DAMENT_CMAKE_SYMLINK_INSTALL=1 -DCMAKE_INSTALL_PREFIX=/home/evan/Documents/algo_gaze_project/install/face_detection
[1.860s] Invoking command in '/home/evan/Documents/algo_gaze_project/build/face_detection': CMAKE_PREFIX_PATH=/opt/ros/humble /usr/bin/cmake --build /home/evan/Documents/algo_gaze_project/build/face_detection -- -j12 -l12
[2.164s] [ 50%] [32mBuilding CXX object CMakeFiles/face_tracking.dir/src/face_tracking.cpp.o[0m
[2.185s] [01m[K/home/evan/Documents/algo_gaze_project/ROBOTIS-OP3-ETC/face_detection/src/face_tracking.cpp:42:10:[m[K [01;31m[Kfatal error: [m[Kcv_bridge/cv_bridge.hpp: No such file or directory
[2.185s]    42 | #include [01;31m[K<cv_bridge/cv_bridge.hpp>[m[K
[2.186s]       |          [01;31m[K^~~~~~~~~~~~~~~~~~~~~~~~~[m[K
[2.186s] compilation terminated.
[2.191s] gmake[2]: *** [CMakeFiles/face_tracking.dir/build.make:76: CMakeFiles/face_tracking.dir/src/face_tracking.cpp.o] Error 1
[2.191s] gmake[1]: *** [CMakeFiles/Makefile2:137: CMakeFiles/face_tracking.dir/all] Error 2
[2.191s] gmake: *** [Makefile:146: all] Error 2
[2.212s] Invoked command in '/home/evan/Documents/algo_gaze_project/build/face_detection' returned '2': CMAKE_PREFIX_PATH=/opt/ros/humble /usr/bin/cmake --build /home/evan/Documents/algo_gaze_project/build/face_detection -- -j12 -l12
