[0.033s] Invoking command in '/home/evan/Documents/BRONE_audio_gaze_project/build/op3_walking_module_msgs': CMAKE_PREFIX_PATH=${CMAKE_PREFIX_PATH}:/home/evan/Documents/BRONE_audio_gaze_project/install/algo_gaze:/home/evan/Documents/BRONE_audio_gaze_project/install/brone_gaze:/opt/ros/humble /usr/bin/cmake /home/evan/Documents/BRONE_audio_gaze_project/ROBOTIS-OP3-msgs/op3_walking_module_msgs -DAMENT_CMAKE_SYMLINK_INSTALL=1 -DCMAKE_INSTALL_PREFIX=/home/evan/Documents/BRONE_audio_gaze_project/install/op3_walking_module_msgs
[0.104s] -- The C compiler identification is GNU 11.4.0
[0.180s] -- The CXX compiler identification is GNU 11.4.0
[0.193s] -- Detecting C compiler ABI info
[0.283s] -- Detecting C compiler ABI info - done
[0.289s] -- Check for working C compiler: /usr/bin/cc - skipped
[0.289s] -- Detecting C compile features
[0.292s] -- Detecting C compile features - done
[0.296s] -- Detecting CXX compiler ABI info
[0.390s] -- Detecting CXX compiler ABI info - done
[0.400s] -- Check for working CXX compiler: /usr/bin/c++ - skipped
[0.400s] -- Detecting CXX compile features
[0.400s] -- Detecting CXX compile features - done
[0.407s] -- Found ament_cmake: 1.3.14 (/opt/ros/humble/share/ament_cmake/cmake)
[0.588s] -- Found Python3: /usr/bin/python3 (found version "3.10.12") found components: Interpreter 
[0.673s] -- Override CMake install command with custom implementation using symlinks instead of copying resources
[0.703s] -- Found rosidl_default_generators: 1.2.1 (/opt/ros/humble/share/rosidl_default_generators/cmake)
[0.707s] -- Using all available rosidl_typesupport_c: rosidl_typesupport_fastrtps_c;rosidl_typesupport_introspection_c
[0.715s] -- Found rosidl_adapter: 3.1.8 (/opt/ros/humble/share/rosidl_adapter/cmake)
[0.764s] -- Using all available rosidl_typesupport_cpp: rosidl_typesupport_fastrtps_cpp;rosidl_typesupport_introspection_cpp
[0.812s] -- Found std_msgs: 4.9.1 (/opt/ros/humble/share/std_msgs/cmake)
[1.470s] -- Found ament_cmake_ros: 0.10.0 (/opt/ros/humble/share/ament_cmake_ros/cmake)
[2.013s] -- Using all available rosidl_typesupport_c: rosidl_typesupport_fastrtps_c;rosidl_typesupport_introspection_c
[2.882s] -- Using all available rosidl_typesupport_cpp: rosidl_typesupport_fastrtps_cpp;rosidl_typesupport_introspection_cpp
[2.974s] -- Found PythonInterp: /usr/bin/python3 (found suitable version "3.10.12", minimum required is "3.6") 
[2.978s] -- Found python_cmake_module: 0.10.0 (/opt/ros/humble/share/python_cmake_module/cmake)
[3.105s] -- Found PythonLibs: /usr/lib/x86_64-linux-gnu/libpython3.10.so (found suitable version "3.10.12", minimum required is "3.5") 
[3.105s] -- Using PYTHON_EXECUTABLE: /usr/bin/python3
[3.106s] -- Using PYTHON_INCLUDE_DIRS: /usr/include/python3.10
[3.106s] -- Using PYTHON_LIBRARIES: /usr/lib/x86_64-linux-gnu/libpython3.10.so
[3.150s] -- Found PythonExtra: .so  
[3.464s] -- Configuring done
[3.577s] -- Generating done
[3.610s] -- Build files have been written to: /home/evan/Documents/BRONE_audio_gaze_project/build/op3_walking_module_msgs
[3.675s] Invoked command in '/home/evan/Documents/BRONE_audio_gaze_project/build/op3_walking_module_msgs' returned '0': CMAKE_PREFIX_PATH=${CMAKE_PREFIX_PATH}:/home/evan/Documents/BRONE_audio_gaze_project/install/algo_gaze:/home/evan/Documents/BRONE_audio_gaze_project/install/brone_gaze:/opt/ros/humble /usr/bin/cmake /home/evan/Documents/BRONE_audio_gaze_project/ROBOTIS-OP3-msgs/op3_walking_module_msgs -DAMENT_CMAKE_SYMLINK_INSTALL=1 -DCMAKE_INSTALL_PREFIX=/home/evan/Documents/BRONE_audio_gaze_project/install/op3_walking_module_msgs
[3.676s] Invoking command in '/home/evan/Documents/BRONE_audio_gaze_project/build/op3_walking_module_msgs': CMAKE_PREFIX_PATH=${CMAKE_PREFIX_PATH}:/home/evan/Documents/BRONE_audio_gaze_project/install/algo_gaze:/home/evan/Documents/BRONE_audio_gaze_project/install/brone_gaze:/opt/ros/humble /usr/bin/cmake --build /home/evan/Documents/BRONE_audio_gaze_project/build/op3_walking_module_msgs -- -j12 -l12
[4.470s] [  2%] [34m[1mGenerating C code for ROS interfaces[0m
[4.471s] [  4%] [34m[1mGenerating Rust code for ROS interfaces[0m
[4.471s] [  6%] [34m[1mGenerating C++ code for ROS interfaces[0m
[4.471s] [  6%] Built target ament_cmake_python_symlink_op3_walking_module_msgs
[4.778s] running egg_info
[4.778s] creating op3_walking_module_msgs.egg-info
[4.780s] writing op3_walking_module_msgs.egg-info/PKG-INFO
[4.781s] writing dependency_links to op3_walking_module_msgs.egg-info/dependency_links.txt
[4.781s] writing top-level names to op3_walking_module_msgs.egg-info/top_level.txt
[4.781s] writing manifest file 'op3_walking_module_msgs.egg-info/SOURCES.txt'
[4.783s] reading manifest file 'op3_walking_module_msgs.egg-info/SOURCES.txt'
[4.783s] writing manifest file 'op3_walking_module_msgs.egg-info/SOURCES.txt'
[4.853s] [  6%] Built target ament_cmake_python_build_op3_walking_module_msgs_egg
[6.231s] [  6%] Built target op3_walking_module_msgs__rs
[6.436s] [  8%] [32mBuilding C object CMakeFiles/op3_walking_module_msgs__rosidl_generator_c.dir/rosidl_generator_c/op3_walking_module_msgs/msg/detail/walking_param__functions.c.o[0m
[6.442s] [ 10%] [32mBuilding C object CMakeFiles/op3_walking_module_msgs__rosidl_generator_c.dir/rosidl_generator_c/op3_walking_module_msgs/srv/detail/get_walking_param__functions.c.o[0m
[6.450s] [ 12%] [32mBuilding C object CMakeFiles/op3_walking_module_msgs__rosidl_generator_c.dir/rosidl_generator_c/op3_walking_module_msgs/srv/detail/set_walking_param__functions.c.o[0m
[6.737s] [ 14%] [32m[1mLinking C shared library libop3_walking_module_msgs__rosidl_generator_c.so[0m
[6.935s] [ 14%] Built target op3_walking_module_msgs__rosidl_generator_c
[6.972s] [ 16%] [34m[1mGenerating C type support for eProsima Fast-RTPS[0m
[7.001s] [ 18%] [34m[1mGenerating C introspection for ROS interfaces[0m
[7.010s] [ 20%] [34m[1mGenerating C type support dispatch for ROS interfaces[0m
[7.549s] [ 20%] Built target op3_walking_module_msgs__cpp
[7.658s] [ 22%] [34m[1mGenerating C++ type support dispatch for ROS interfaces[0m
[7.670s] [ 25%] [34m[1mGenerating C++ type support for eProsima Fast-RTPS[0m
[7.681s] [ 27%] [34m[1mGenerating C++ introspection for ROS interfaces[0m
[8.667s] [ 29%] [32mBuilding CXX object CMakeFiles/op3_walking_module_msgs__rosidl_typesupport_c.dir/rosidl_typesupport_c/op3_walking_module_msgs/msg/walking_param__type_support.cpp.o[0m
[8.685s] [ 31%] [32mBuilding CXX object CMakeFiles/op3_walking_module_msgs__rosidl_typesupport_c.dir/rosidl_typesupport_c/op3_walking_module_msgs/srv/get_walking_param__type_support.cpp.o[0m
[8.719s] [ 33%] [32mBuilding CXX object CMakeFiles/op3_walking_module_msgs__rosidl_typesupport_c.dir/rosidl_typesupport_c/op3_walking_module_msgs/srv/set_walking_param__type_support.cpp.o[0m
[8.859s] [ 35%] [32m[1mLinking CXX shared library libop3_walking_module_msgs__rosidl_typesupport_c.so[0m
[9.177s] [ 35%] Built target op3_walking_module_msgs__rosidl_typesupport_c
[10.517s] [ 37%] [32mBuilding C object CMakeFiles/op3_walking_module_msgs__rosidl_typesupport_introspection_c.dir/rosidl_typesupport_introspection_c/op3_walking_module_msgs/srv/detail/get_walking_param__type_support.c.o[0m
[10.527s] [ 39%] [32mBuilding C object CMakeFiles/op3_walking_module_msgs__rosidl_typesupport_introspection_c.dir/rosidl_typesupport_introspection_c/op3_walking_module_msgs/msg/detail/walking_param__type_support.c.o[0m
[10.557s] [ 41%] [32mBuilding C object CMakeFiles/op3_walking_module_msgs__rosidl_typesupport_introspection_c.dir/rosidl_typesupport_introspection_c/op3_walking_module_msgs/srv/detail/set_walking_param__type_support.c.o[0m
[10.883s] [ 43%] [32m[1mLinking C shared library libop3_walking_module_msgs__rosidl_typesupport_introspection_c.so[0m
[10.919s] [ 45%] [32mBuilding CXX object CMakeFiles/op3_walking_module_msgs__rosidl_typesupport_introspection_cpp.dir/rosidl_typesupport_introspection_cpp/op3_walking_module_msgs/msg/detail/walking_param__type_support.cpp.o[0m
[10.938s] [ 47%] [32mBuilding CXX object CMakeFiles/op3_walking_module_msgs__rosidl_typesupport_introspection_cpp.dir/rosidl_typesupport_introspection_cpp/op3_walking_module_msgs/srv/detail/get_walking_param__type_support.cpp.o[0m
[10.940s] [ 50%] [32mBuilding CXX object CMakeFiles/op3_walking_module_msgs__rosidl_typesupport_introspection_cpp.dir/rosidl_typesupport_introspection_cpp/op3_walking_module_msgs/srv/detail/set_walking_param__type_support.cpp.o[0m
[11.026s] [ 52%] [32mBuilding CXX object CMakeFiles/op3_walking_module_msgs__rosidl_typesupport_fastrtps_c.dir/rosidl_typesupport_fastrtps_c/op3_walking_module_msgs/msg/detail/walking_param__type_support_c.cpp.o[0m
[11.026s] [ 54%] [32mBuilding CXX object CMakeFiles/op3_walking_module_msgs__rosidl_typesupport_fastrtps_c.dir/rosidl_typesupport_fastrtps_c/op3_walking_module_msgs/srv/detail/get_walking_param__type_support_c.cpp.o[0m
[11.057s] [ 58%] [32mBuilding CXX object CMakeFiles/op3_walking_module_msgs__rosidl_typesupport_cpp.dir/rosidl_typesupport_cpp/op3_walking_module_msgs/srv/set_walking_param__type_support.cpp.o[0m
[11.058s] [ 58%] [32mBuilding CXX object CMakeFiles/op3_walking_module_msgs__rosidl_typesupport_fastrtps_c.dir/rosidl_typesupport_fastrtps_c/op3_walking_module_msgs/srv/detail/set_walking_param__type_support_c.cpp.o[0m
[11.072s] [ 60%] [32mBuilding CXX object CMakeFiles/op3_walking_module_msgs__rosidl_typesupport_cpp.dir/rosidl_typesupport_cpp/op3_walking_module_msgs/msg/walking_param__type_support.cpp.o[0m
[11.082s] [ 62%] [32mBuilding CXX object CMakeFiles/op3_walking_module_msgs__rosidl_typesupport_cpp.dir/rosidl_typesupport_cpp/op3_walking_module_msgs/srv/get_walking_param__type_support.cpp.o[0m
[11.153s] [ 62%] Built target op3_walking_module_msgs__rosidl_typesupport_introspection_c
[11.849s] [ 64%] [32mBuilding CXX object CMakeFiles/op3_walking_module_msgs__rosidl_typesupport_fastrtps_cpp.dir/rosidl_typesupport_fastrtps_cpp/op3_walking_module_msgs/srv/detail/dds_fastrtps/get_walking_param__type_support.cpp.o[0m
[11.878s] [ 66%] [32mBuilding CXX object CMakeFiles/op3_walking_module_msgs__rosidl_typesupport_fastrtps_cpp.dir/rosidl_typesupport_fastrtps_cpp/op3_walking_module_msgs/msg/detail/dds_fastrtps/walking_param__type_support.cpp.o[0m
[11.925s] [ 68%] [32mBuilding CXX object CMakeFiles/op3_walking_module_msgs__rosidl_typesupport_fastrtps_cpp.dir/rosidl_typesupport_fastrtps_cpp/op3_walking_module_msgs/srv/detail/dds_fastrtps/set_walking_param__type_support.cpp.o[0m
[13.654s] [ 70%] [32m[1mLinking CXX shared library libop3_walking_module_msgs__rosidl_typesupport_cpp.so[0m
[13.782s] [ 72%] [32m[1mLinking CXX shared library libop3_walking_module_msgs__rosidl_typesupport_fastrtps_c.so[0m
[13.901s] [ 72%] Built target op3_walking_module_msgs__rosidl_typesupport_cpp
[14.232s] [ 72%] Built target op3_walking_module_msgs__rosidl_typesupport_fastrtps_c
[14.562s] [ 75%] [32m[1mLinking CXX shared library libop3_walking_module_msgs__rosidl_typesupport_introspection_cpp.so[0m
[14.735s] [ 77%] [32m[1mLinking CXX shared library libop3_walking_module_msgs__rosidl_typesupport_fastrtps_cpp.so[0m
[14.836s] [ 77%] Built target op3_walking_module_msgs__rosidl_typesupport_introspection_cpp
[15.036s] [ 77%] Built target op3_walking_module_msgs__rosidl_typesupport_fastrtps_cpp
[15.094s] [ 77%] Built target op3_walking_module_msgs
[15.174s] [ 79%] [34m[1mGenerating Python code for ROS interfaces[0m
[18.286s] [ 79%] Built target op3_walking_module_msgs__py
[18.344s] [ 81%] [32mBuilding C object CMakeFiles/op3_walking_module_msgs__rosidl_generator_py.dir/rosidl_generator_py/op3_walking_module_msgs/msg/_walking_param_s.c.o[0m
[18.757s] [ 83%] [32mBuilding C object CMakeFiles/op3_walking_module_msgs__rosidl_generator_py.dir/rosidl_generator_py/op3_walking_module_msgs/srv/_set_walking_param_s.c.o[0m
[19.079s] [ 85%] [32mBuilding C object CMakeFiles/op3_walking_module_msgs__rosidl_generator_py.dir/rosidl_generator_py/op3_walking_module_msgs/srv/_get_walking_param_s.c.o[0m
[19.228s] [ 87%] [32m[1mLinking C shared library rosidl_generator_py/op3_walking_module_msgs/libop3_walking_module_msgs__rosidl_generator_py.so[0m
[19.300s] [ 87%] Built target op3_walking_module_msgs__rosidl_generator_py
[19.333s] [ 89%] [32mBuilding C object CMakeFiles/op3_walking_module_msgs__rosidl_typesupport_fastrtps_c__pyext.dir/rosidl_generator_py/op3_walking_module_msgs/_op3_walking_module_msgs_s.ep.rosidl_typesupport_fastrtps_c.c.o[0m
[19.582s] [ 91%] [32m[1mLinking C shared library rosidl_generator_py/op3_walking_module_msgs/op3_walking_module_msgs_s__rosidl_typesupport_fastrtps_c.cpython-310-x86_64-linux-gnu.so[0m
[19.689s] [ 91%] Built target op3_walking_module_msgs__rosidl_typesupport_fastrtps_c__pyext
[19.731s] [ 93%] [32mBuilding C object CMakeFiles/op3_walking_module_msgs__rosidl_typesupport_c__pyext.dir/rosidl_generator_py/op3_walking_module_msgs/_op3_walking_module_msgs_s.ep.rosidl_typesupport_c.c.o[0m
[20.048s] [ 95%] [32m[1mLinking C shared library rosidl_generator_py/op3_walking_module_msgs/op3_walking_module_msgs_s__rosidl_typesupport_c.cpython-310-x86_64-linux-gnu.so[0m
[20.144s] [ 95%] Built target op3_walking_module_msgs__rosidl_typesupport_c__pyext
[20.188s] [ 97%] [32mBuilding C object CMakeFiles/op3_walking_module_msgs__rosidl_typesupport_introspection_c__pyext.dir/rosidl_generator_py/op3_walking_module_msgs/_op3_walking_module_msgs_s.ep.rosidl_typesupport_introspection_c.c.o[0m
[20.422s] [100%] [32m[1mLinking C shared library rosidl_generator_py/op3_walking_module_msgs/op3_walking_module_msgs_s__rosidl_typesupport_introspection_c.cpython-310-x86_64-linux-gnu.so[0m
[20.513s] [100%] Built target op3_walking_module_msgs__rosidl_typesupport_introspection_c__pyext
[20.556s] Invoked command in '/home/evan/Documents/BRONE_audio_gaze_project/build/op3_walking_module_msgs' returned '0': CMAKE_PREFIX_PATH=${CMAKE_PREFIX_PATH}:/home/evan/Documents/BRONE_audio_gaze_project/install/algo_gaze:/home/evan/Documents/BRONE_audio_gaze_project/install/brone_gaze:/opt/ros/humble /usr/bin/cmake --build /home/evan/Documents/BRONE_audio_gaze_project/build/op3_walking_module_msgs -- -j12 -l12
[20.557s] Invoking command in '/home/evan/Documents/BRONE_audio_gaze_project/build/op3_walking_module_msgs': CMAKE_PREFIX_PATH=${CMAKE_PREFIX_PATH}:/home/evan/Documents/BRONE_audio_gaze_project/install/algo_gaze:/home/evan/Documents/BRONE_audio_gaze_project/install/brone_gaze:/opt/ros/humble /usr/bin/cmake --install /home/evan/Documents/BRONE_audio_gaze_project/build/op3_walking_module_msgs
[23.101s] -- Install configuration: ""
[23.101s] -- Execute custom install script
[23.101s] -- Symlinking: /home/evan/Documents/BRONE_audio_gaze_project/install/op3_walking_module_msgs/share/ament_index/resource_index/rosidl_interfaces/op3_walking_module_msgs
[23.101s] -- Symlinking: /home/evan/Documents/BRONE_audio_gaze_project/install/op3_walking_module_msgs/include/op3_walking_module_msgs/op3_walking_module_msgs/msg/detail/walking_param__functions.h
[23.101s] -- Symlinking: /home/evan/Documents/BRONE_audio_gaze_project/install/op3_walking_module_msgs/include/op3_walking_module_msgs/op3_walking_module_msgs/msg/detail/walking_param__struct.h
[23.101s] -- Symlinking: /home/evan/Documents/BRONE_audio_gaze_project/install/op3_walking_module_msgs/include/op3_walking_module_msgs/op3_walking_module_msgs/msg/detail/walking_param__type_support.h
[23.101s] -- Symlinking: /home/evan/Documents/BRONE_audio_gaze_project/install/op3_walking_module_msgs/include/op3_walking_module_msgs/op3_walking_module_msgs/msg/rosidl_generator_c__visibility_control.h
[23.101s] -- Symlinking: /home/evan/Documents/BRONE_audio_gaze_project/install/op3_walking_module_msgs/include/op3_walking_module_msgs/op3_walking_module_msgs/msg/walking_param.h
[23.101s] -- Symlinking: /home/evan/Documents/BRONE_audio_gaze_project/install/op3_walking_module_msgs/include/op3_walking_module_msgs/op3_walking_module_msgs/srv/detail/get_walking_param__functions.h
[23.101s] -- Symlinking: /home/evan/Documents/BRONE_audio_gaze_project/install/op3_walking_module_msgs/include/op3_walking_module_msgs/op3_walking_module_msgs/srv/detail/get_walking_param__struct.h
[23.101s] -- Symlinking: /home/evan/Documents/BRONE_audio_gaze_project/install/op3_walking_module_msgs/include/op3_walking_module_msgs/op3_walking_module_msgs/srv/detail/get_walking_param__type_support.h
[23.101s] -- Symlinking: /home/evan/Documents/BRONE_audio_gaze_project/install/op3_walking_module_msgs/include/op3_walking_module_msgs/op3_walking_module_msgs/srv/detail/set_walking_param__functions.h
[23.102s] -- Symlinking: /home/evan/Documents/BRONE_audio_gaze_project/install/op3_walking_module_msgs/include/op3_walking_module_msgs/op3_walking_module_msgs/srv/detail/set_walking_param__struct.h
[23.102s] -- Symlinking: /home/evan/Documents/BRONE_audio_gaze_project/install/op3_walking_module_msgs/include/op3_walking_module_msgs/op3_walking_module_msgs/srv/detail/set_walking_param__type_support.h
[23.102s] -- Symlinking: /home/evan/Documents/BRONE_audio_gaze_project/install/op3_walking_module_msgs/include/op3_walking_module_msgs/op3_walking_module_msgs/srv/get_walking_param.h
[23.102s] -- Symlinking: /home/evan/Documents/BRONE_audio_gaze_project/install/op3_walking_module_msgs/include/op3_walking_module_msgs/op3_walking_module_msgs/srv/set_walking_param.h
[23.105s] -- Symlinking: /home/evan/Documents/BRONE_audio_gaze_project/install/op3_walking_module_msgs/share/op3_walking_module_msgs/environment/library_path.sh
[23.106s] -- Symlinking: /home/evan/Documents/BRONE_audio_gaze_project/install/op3_walking_module_msgs/share/op3_walking_module_msgs/environment/library_path.dsv
[23.106s] -- Symlinking: /home/evan/Documents/BRONE_audio_gaze_project/install/op3_walking_module_msgs/include/op3_walking_module_msgs/op3_walking_module_msgs/msg/detail/walking_param__rosidl_typesupport_fastrtps_c.h
[23.106s] -- Symlinking: /home/evan/Documents/BRONE_audio_gaze_project/install/op3_walking_module_msgs/include/op3_walking_module_msgs/op3_walking_module_msgs/msg/rosidl_typesupport_fastrtps_c__visibility_control.h
[23.106s] -- Symlinking: /home/evan/Documents/BRONE_audio_gaze_project/install/op3_walking_module_msgs/include/op3_walking_module_msgs/op3_walking_module_msgs/srv/detail/get_walking_param__rosidl_typesupport_fastrtps_c.h
[23.106s] -- Symlinking: /home/evan/Documents/BRONE_audio_gaze_project/install/op3_walking_module_msgs/include/op3_walking_module_msgs/op3_walking_module_msgs/srv/detail/set_walking_param__rosidl_typesupport_fastrtps_c.h
[23.106s] -- Symlinking: /home/evan/Documents/BRONE_audio_gaze_project/install/op3_walking_module_msgs/include/op3_walking_module_msgs/op3_walking_module_msgs/msg/detail/walking_param__rosidl_typesupport_introspection_c.h
[23.106s] -- Symlinking: /home/evan/Documents/BRONE_audio_gaze_project/install/op3_walking_module_msgs/include/op3_walking_module_msgs/op3_walking_module_msgs/msg/rosidl_typesupport_introspection_c__visibility_control.h
[23.106s] -- Symlinking: /home/evan/Documents/BRONE_audio_gaze_project/install/op3_walking_module_msgs/include/op3_walking_module_msgs/op3_walking_module_msgs/srv/detail/get_walking_param__rosidl_typesupport_introspection_c.h
[23.106s] -- Symlinking: /home/evan/Documents/BRONE_audio_gaze_project/install/op3_walking_module_msgs/include/op3_walking_module_msgs/op3_walking_module_msgs/srv/detail/set_walking_param__rosidl_typesupport_introspection_c.h
[23.106s] -- Symlinking: /home/evan/Documents/BRONE_audio_gaze_project/install/op3_walking_module_msgs/include/op3_walking_module_msgs/op3_walking_module_msgs/msg/detail/walking_param__builder.hpp
[23.106s] -- Symlinking: /home/evan/Documents/BRONE_audio_gaze_project/install/op3_walking_module_msgs/include/op3_walking_module_msgs/op3_walking_module_msgs/msg/detail/walking_param__struct.hpp
[23.107s] -- Symlinking: /home/evan/Documents/BRONE_audio_gaze_project/install/op3_walking_module_msgs/include/op3_walking_module_msgs/op3_walking_module_msgs/msg/detail/walking_param__traits.hpp
[23.107s] -- Symlinking: /home/evan/Documents/BRONE_audio_gaze_project/install/op3_walking_module_msgs/include/op3_walking_module_msgs/op3_walking_module_msgs/msg/detail/walking_param__type_support.hpp
[23.107s] -- Symlinking: /home/evan/Documents/BRONE_audio_gaze_project/install/op3_walking_module_msgs/include/op3_walking_module_msgs/op3_walking_module_msgs/msg/rosidl_generator_cpp__visibility_control.hpp
[23.107s] -- Symlinking: /home/evan/Documents/BRONE_audio_gaze_project/install/op3_walking_module_msgs/include/op3_walking_module_msgs/op3_walking_module_msgs/msg/walking_param.hpp
[23.107s] -- Symlinking: /home/evan/Documents/BRONE_audio_gaze_project/install/op3_walking_module_msgs/include/op3_walking_module_msgs/op3_walking_module_msgs/srv/detail/get_walking_param__builder.hpp
[23.107s] -- Symlinking: /home/evan/Documents/BRONE_audio_gaze_project/install/op3_walking_module_msgs/include/op3_walking_module_msgs/op3_walking_module_msgs/srv/detail/get_walking_param__struct.hpp
[23.107s] -- Symlinking: /home/evan/Documents/BRONE_audio_gaze_project/install/op3_walking_module_msgs/include/op3_walking_module_msgs/op3_walking_module_msgs/srv/detail/get_walking_param__traits.hpp
[23.107s] -- Symlinking: /home/evan/Documents/BRONE_audio_gaze_project/install/op3_walking_module_msgs/include/op3_walking_module_msgs/op3_walking_module_msgs/srv/detail/get_walking_param__type_support.hpp
[23.107s] -- Symlinking: /home/evan/Documents/BRONE_audio_gaze_project/install/op3_walking_module_msgs/include/op3_walking_module_msgs/op3_walking_module_msgs/srv/detail/set_walking_param__builder.hpp
[23.107s] -- Symlinking: /home/evan/Documents/BRONE_audio_gaze_project/install/op3_walking_module_msgs/include/op3_walking_module_msgs/op3_walking_module_msgs/srv/detail/set_walking_param__struct.hpp
[23.107s] -- Symlinking: /home/evan/Documents/BRONE_audio_gaze_project/install/op3_walking_module_msgs/include/op3_walking_module_msgs/op3_walking_module_msgs/srv/detail/set_walking_param__traits.hpp
[23.108s] -- Symlinking: /home/evan/Documents/BRONE_audio_gaze_project/install/op3_walking_module_msgs/include/op3_walking_module_msgs/op3_walking_module_msgs/srv/detail/set_walking_param__type_support.hpp
[23.108s] -- Symlinking: /home/evan/Documents/BRONE_audio_gaze_project/install/op3_walking_module_msgs/include/op3_walking_module_msgs/op3_walking_module_msgs/srv/get_walking_param.hpp
[23.108s] -- Symlinking: /home/evan/Documents/BRONE_audio_gaze_project/install/op3_walking_module_msgs/include/op3_walking_module_msgs/op3_walking_module_msgs/srv/set_walking_param.hpp
[23.111s] -- Symlinking: /home/evan/Documents/BRONE_audio_gaze_project/install/op3_walking_module_msgs/include/op3_walking_module_msgs/op3_walking_module_msgs/msg/detail/walking_param__rosidl_typesupport_fastrtps_cpp.hpp
[23.112s] -- Symlinking: /home/evan/Documents/BRONE_audio_gaze_project/install/op3_walking_module_msgs/include/op3_walking_module_msgs/op3_walking_module_msgs/msg/rosidl_typesupport_fastrtps_cpp__visibility_control.h
[23.112s] -- Symlinking: /home/evan/Documents/BRONE_audio_gaze_project/install/op3_walking_module_msgs/include/op3_walking_module_msgs/op3_walking_module_msgs/srv/detail/get_walking_param__rosidl_typesupport_fastrtps_cpp.hpp
[23.112s] -- Symlinking: /home/evan/Documents/BRONE_audio_gaze_project/install/op3_walking_module_msgs/include/op3_walking_module_msgs/op3_walking_module_msgs/srv/detail/set_walking_param__rosidl_typesupport_fastrtps_cpp.hpp
[23.112s] -- Symlinking: /home/evan/Documents/BRONE_audio_gaze_project/install/op3_walking_module_msgs/include/op3_walking_module_msgs/op3_walking_module_msgs/msg/detail/walking_param__rosidl_typesupport_introspection_cpp.hpp
[23.112s] -- Symlinking: /home/evan/Documents/BRONE_audio_gaze_project/install/op3_walking_module_msgs/include/op3_walking_module_msgs/op3_walking_module_msgs/srv/detail/get_walking_param__rosidl_typesupport_introspection_cpp.hpp
[23.112s] -- Symlinking: /home/evan/Documents/BRONE_audio_gaze_project/install/op3_walking_module_msgs/include/op3_walking_module_msgs/op3_walking_module_msgs/srv/detail/set_walking_param__rosidl_typesupport_introspection_cpp.hpp
[23.112s] -- Symlinking: /home/evan/Documents/BRONE_audio_gaze_project/install/op3_walking_module_msgs/share/op3_walking_module_msgs/environment/pythonpath.sh
[23.112s] -- Symlinking: /home/evan/Documents/BRONE_audio_gaze_project/install/op3_walking_module_msgs/share/op3_walking_module_msgs/environment/pythonpath.dsv
[23.112s] -- Symlinking: /home/evan/Documents/BRONE_audio_gaze_project/install/op3_walking_module_msgs/local/lib/python3.10/dist-packages/op3_walking_module_msgs-0.1.1-py3.10.egg-info/PKG-INFO
[23.112s] -- Symlinking: /home/evan/Documents/BRONE_audio_gaze_project/install/op3_walking_module_msgs/local/lib/python3.10/dist-packages/op3_walking_module_msgs-0.1.1-py3.10.egg-info/SOURCES.txt
[23.112s] -- Symlinking: /home/evan/Documents/BRONE_audio_gaze_project/install/op3_walking_module_msgs/local/lib/python3.10/dist-packages/op3_walking_module_msgs-0.1.1-py3.10.egg-info/dependency_links.txt
[23.112s] -- Symlinking: /home/evan/Documents/BRONE_audio_gaze_project/install/op3_walking_module_msgs/local/lib/python3.10/dist-packages/op3_walking_module_msgs-0.1.1-py3.10.egg-info/top_level.txt
[23.112s] -- Symlinking: /home/evan/Documents/BRONE_audio_gaze_project/install/op3_walking_module_msgs/local/lib/python3.10/dist-packages/op3_walking_module_msgs/__init__.py
[23.112s] -- Symlinking: /home/evan/Documents/BRONE_audio_gaze_project/install/op3_walking_module_msgs/local/lib/python3.10/dist-packages/op3_walking_module_msgs/_op3_walking_module_msgs_s.ep.rosidl_typesupport_c.c
[23.112s] -- Symlinking: /home/evan/Documents/BRONE_audio_gaze_project/install/op3_walking_module_msgs/local/lib/python3.10/dist-packages/op3_walking_module_msgs/_op3_walking_module_msgs_s.ep.rosidl_typesupport_fastrtps_c.c
[23.112s] -- Symlinking: /home/evan/Documents/BRONE_audio_gaze_project/install/op3_walking_module_msgs/local/lib/python3.10/dist-packages/op3_walking_module_msgs/_op3_walking_module_msgs_s.ep.rosidl_typesupport_introspection_c.c
[23.112s] -- Symlinking: /home/evan/Documents/BRONE_audio_gaze_project/install/op3_walking_module_msgs/local/lib/python3.10/dist-packages/op3_walking_module_msgs/libop3_walking_module_msgs__rosidl_generator_py.so
[23.113s] -- Symlinking: /home/evan/Documents/BRONE_audio_gaze_project/install/op3_walking_module_msgs/local/lib/python3.10/dist-packages/op3_walking_module_msgs/msg/__init__.py
[23.113s] -- Symlinking: /home/evan/Documents/BRONE_audio_gaze_project/install/op3_walking_module_msgs/local/lib/python3.10/dist-packages/op3_walking_module_msgs/msg/_walking_param.py
[23.113s] -- Symlinking: /home/evan/Documents/BRONE_audio_gaze_project/install/op3_walking_module_msgs/local/lib/python3.10/dist-packages/op3_walking_module_msgs/msg/_walking_param_s.c
[23.113s] -- Symlinking: /home/evan/Documents/BRONE_audio_gaze_project/install/op3_walking_module_msgs/local/lib/python3.10/dist-packages/op3_walking_module_msgs/op3_walking_module_msgs_s__rosidl_typesupport_c.cpython-310-x86_64-linux-gnu.so
[23.113s] -- Symlinking: /home/evan/Documents/BRONE_audio_gaze_project/install/op3_walking_module_msgs/local/lib/python3.10/dist-packages/op3_walking_module_msgs/op3_walking_module_msgs_s__rosidl_typesupport_fastrtps_c.cpython-310-x86_64-linux-gnu.so
[23.113s] -- Symlinking: /home/evan/Documents/BRONE_audio_gaze_project/install/op3_walking_module_msgs/local/lib/python3.10/dist-packages/op3_walking_module_msgs/op3_walking_module_msgs_s__rosidl_typesupport_introspection_c.cpython-310-x86_64-linux-gnu.so
[23.113s] -- Symlinking: /home/evan/Documents/BRONE_audio_gaze_project/install/op3_walking_module_msgs/local/lib/python3.10/dist-packages/op3_walking_module_msgs/srv/__init__.py
[23.113s] -- Symlinking: /home/evan/Documents/BRONE_audio_gaze_project/install/op3_walking_module_msgs/local/lib/python3.10/dist-packages/op3_walking_module_msgs/srv/_get_walking_param.py
[23.113s] -- Symlinking: /home/evan/Documents/BRONE_audio_gaze_project/install/op3_walking_module_msgs/local/lib/python3.10/dist-packages/op3_walking_module_msgs/srv/_get_walking_param_s.c
[23.113s] -- Symlinking: /home/evan/Documents/BRONE_audio_gaze_project/install/op3_walking_module_msgs/local/lib/python3.10/dist-packages/op3_walking_module_msgs/srv/_set_walking_param.py
[23.113s] -- Symlinking: /home/evan/Documents/BRONE_audio_gaze_project/install/op3_walking_module_msgs/local/lib/python3.10/dist-packages/op3_walking_module_msgs/srv/_set_walking_param_s.c
[23.113s] -- Up-to-date symlink: /home/evan/Documents/BRONE_audio_gaze_project/install/op3_walking_module_msgs/local/lib/python3.10/dist-packages/op3_walking_module_msgs/op3_walking_module_msgs_s__rosidl_typesupport_fastrtps_c.cpython-310-x86_64-linux-gnu.so
[23.113s] -- Up-to-date symlink: /home/evan/Documents/BRONE_audio_gaze_project/install/op3_walking_module_msgs/local/lib/python3.10/dist-packages/op3_walking_module_msgs/op3_walking_module_msgs_s__rosidl_typesupport_introspection_c.cpython-310-x86_64-linux-gnu.so
[23.113s] -- Up-to-date symlink: /home/evan/Documents/BRONE_audio_gaze_project/install/op3_walking_module_msgs/local/lib/python3.10/dist-packages/op3_walking_module_msgs/op3_walking_module_msgs_s__rosidl_typesupport_c.cpython-310-x86_64-linux-gnu.so
[23.113s] -- Symlinking: /home/evan/Documents/BRONE_audio_gaze_project/install/op3_walking_module_msgs/share/ament_index/resource_index/rust_packages/op3_walking_module_msgs
[23.113s] -- Symlinking: /home/evan/Documents/BRONE_audio_gaze_project/install/op3_walking_module_msgs/share/op3_walking_module_msgs/rust/Cargo.toml
[23.113s] -- Symlinking: /home/evan/Documents/BRONE_audio_gaze_project/install/op3_walking_module_msgs/share/op3_walking_module_msgs/rust/build.rs
[23.113s] -- Symlinking: /home/evan/Documents/BRONE_audio_gaze_project/install/op3_walking_module_msgs/share/op3_walking_module_msgs/rust/src/lib.rs
[23.114s] -- Symlinking: /home/evan/Documents/BRONE_audio_gaze_project/install/op3_walking_module_msgs/share/op3_walking_module_msgs/rust/src/msg.rs
[23.114s] -- Symlinking: /home/evan/Documents/BRONE_audio_gaze_project/install/op3_walking_module_msgs/share/op3_walking_module_msgs/rust/src/msg/rmw.rs
[23.114s] -- Symlinking: /home/evan/Documents/BRONE_audio_gaze_project/install/op3_walking_module_msgs/share/op3_walking_module_msgs/rust/src/srv.rs
[23.114s] -- Symlinking: /home/evan/Documents/BRONE_audio_gaze_project/install/op3_walking_module_msgs/share/op3_walking_module_msgs/rust/src/srv/rmw.rs
[23.114s] -- Symlinking: /home/evan/Documents/BRONE_audio_gaze_project/install/op3_walking_module_msgs/share/op3_walking_module_msgs/msg/WalkingParam.idl
[23.114s] -- Symlinking: /home/evan/Documents/BRONE_audio_gaze_project/install/op3_walking_module_msgs/share/op3_walking_module_msgs/srv/GetWalkingParam.idl
[23.114s] -- Symlinking: /home/evan/Documents/BRONE_audio_gaze_project/install/op3_walking_module_msgs/share/op3_walking_module_msgs/srv/SetWalkingParam.idl
[23.114s] -- Symlinking: /home/evan/Documents/BRONE_audio_gaze_project/install/op3_walking_module_msgs/share/op3_walking_module_msgs/msg/WalkingParam.msg
[23.114s] -- Symlinking: /home/evan/Documents/BRONE_audio_gaze_project/install/op3_walking_module_msgs/share/op3_walking_module_msgs/srv/GetWalkingParam.srv
[23.114s] -- Symlinking: /home/evan/Documents/BRONE_audio_gaze_project/install/op3_walking_module_msgs/share/op3_walking_module_msgs/srv/GetWalkingParam_Request.msg
[23.114s] -- Symlinking: /home/evan/Documents/BRONE_audio_gaze_project/install/op3_walking_module_msgs/share/op3_walking_module_msgs/srv/GetWalkingParam_Response.msg
[23.114s] -- Symlinking: /home/evan/Documents/BRONE_audio_gaze_project/install/op3_walking_module_msgs/share/op3_walking_module_msgs/srv/SetWalkingParam.srv
[23.114s] -- Symlinking: /home/evan/Documents/BRONE_audio_gaze_project/install/op3_walking_module_msgs/share/op3_walking_module_msgs/srv/SetWalkingParam_Request.msg
[23.114s] -- Symlinking: /home/evan/Documents/BRONE_audio_gaze_project/install/op3_walking_module_msgs/share/op3_walking_module_msgs/srv/SetWalkingParam_Response.msg
[23.114s] -- Symlinking: /home/evan/Documents/BRONE_audio_gaze_project/install/op3_walking_module_msgs/share/ament_index/resource_index/package_run_dependencies/op3_walking_module_msgs
[23.132s] -- Symlinking: /home/evan/Documents/BRONE_audio_gaze_project/install/op3_walking_module_msgs/share/ament_index/resource_index/parent_prefix_path/op3_walking_module_msgs
[23.151s] -- Symlinking: /home/evan/Documents/BRONE_audio_gaze_project/install/op3_walking_module_msgs/share/op3_walking_module_msgs/environment/ament_prefix_path.sh
[23.169s] -- Symlinking: /home/evan/Documents/BRONE_audio_gaze_project/install/op3_walking_module_msgs/share/op3_walking_module_msgs/environment/ament_prefix_path.dsv
[23.186s] -- Symlinking: /home/evan/Documents/BRONE_audio_gaze_project/install/op3_walking_module_msgs/share/op3_walking_module_msgs/environment/path.sh
[23.200s] -- Symlinking: /home/evan/Documents/BRONE_audio_gaze_project/install/op3_walking_module_msgs/share/op3_walking_module_msgs/environment/path.dsv
[23.222s] -- Symlinking: /home/evan/Documents/BRONE_audio_gaze_project/install/op3_walking_module_msgs/share/op3_walking_module_msgs/local_setup.bash
[23.245s] -- Symlinking: /home/evan/Documents/BRONE_audio_gaze_project/install/op3_walking_module_msgs/share/op3_walking_module_msgs/local_setup.sh
[23.272s] -- Symlinking: /home/evan/Documents/BRONE_audio_gaze_project/install/op3_walking_module_msgs/share/op3_walking_module_msgs/local_setup.zsh
[23.291s] -- Symlinking: /home/evan/Documents/BRONE_audio_gaze_project/install/op3_walking_module_msgs/share/op3_walking_module_msgs/local_setup.dsv
[23.314s] -- Symlinking: /home/evan/Documents/BRONE_audio_gaze_project/install/op3_walking_module_msgs/share/op3_walking_module_msgs/package.dsv
[23.336s] -- Symlinking: /home/evan/Documents/BRONE_audio_gaze_project/install/op3_walking_module_msgs/share/ament_index/resource_index/packages/op3_walking_module_msgs
[23.359s] -- Symlinking: /home/evan/Documents/BRONE_audio_gaze_project/install/op3_walking_module_msgs/share/op3_walking_module_msgs/cmake/rosidl_cmake-extras.cmake
[23.379s] -- Symlinking: /home/evan/Documents/BRONE_audio_gaze_project/install/op3_walking_module_msgs/share/op3_walking_module_msgs/cmake/ament_cmake_export_dependencies-extras.cmake
[23.404s] -- Symlinking: /home/evan/Documents/BRONE_audio_gaze_project/install/op3_walking_module_msgs/share/op3_walking_module_msgs/cmake/ament_cmake_export_include_directories-extras.cmake
[23.423s] -- Symlinking: /home/evan/Documents/BRONE_audio_gaze_project/install/op3_walking_module_msgs/share/op3_walking_module_msgs/cmake/ament_cmake_export_libraries-extras.cmake
[23.450s] -- Symlinking: /home/evan/Documents/BRONE_audio_gaze_project/install/op3_walking_module_msgs/share/op3_walking_module_msgs/cmake/ament_cmake_export_targets-extras.cmake
[23.472s] -- Symlinking: /home/evan/Documents/BRONE_audio_gaze_project/install/op3_walking_module_msgs/share/op3_walking_module_msgs/cmake/rosidl_cmake_export_typesupport_targets-extras.cmake
[23.487s] -- Symlinking: /home/evan/Documents/BRONE_audio_gaze_project/install/op3_walking_module_msgs/share/op3_walking_module_msgs/cmake/rosidl_cmake_export_typesupport_libraries-extras.cmake
[23.501s] -- Symlinking: /home/evan/Documents/BRONE_audio_gaze_project/install/op3_walking_module_msgs/share/op3_walking_module_msgs/cmake/op3_walking_module_msgsConfig.cmake
[23.522s] -- Symlinking: /home/evan/Documents/BRONE_audio_gaze_project/install/op3_walking_module_msgs/share/op3_walking_module_msgs/cmake/op3_walking_module_msgsConfig-version.cmake
[23.534s] -- Symlinking: /home/evan/Documents/BRONE_audio_gaze_project/install/op3_walking_module_msgs/share/op3_walking_module_msgs/package.xml
[23.572s] -- Installing: /home/evan/Documents/BRONE_audio_gaze_project/install/op3_walking_module_msgs/lib/libop3_walking_module_msgs__rosidl_generator_c.so
[23.572s] -- Set runtime path of "/home/evan/Documents/BRONE_audio_gaze_project/install/op3_walking_module_msgs/lib/libop3_walking_module_msgs__rosidl_generator_c.so" to ""
[23.573s] -- Installing: /home/evan/Documents/BRONE_audio_gaze_project/install/op3_walking_module_msgs/lib/libop3_walking_module_msgs__rosidl_typesupport_fastrtps_c.so
[23.573s] -- Set runtime path of "/home/evan/Documents/BRONE_audio_gaze_project/install/op3_walking_module_msgs/lib/libop3_walking_module_msgs__rosidl_typesupport_fastrtps_c.so" to ""
[23.576s] -- Installing: /home/evan/Documents/BRONE_audio_gaze_project/install/op3_walking_module_msgs/lib/libop3_walking_module_msgs__rosidl_typesupport_introspection_c.so
[23.577s] -- Set runtime path of "/home/evan/Documents/BRONE_audio_gaze_project/install/op3_walking_module_msgs/lib/libop3_walking_module_msgs__rosidl_typesupport_introspection_c.so" to ""
[23.577s] -- Installing: /home/evan/Documents/BRONE_audio_gaze_project/install/op3_walking_module_msgs/lib/libop3_walking_module_msgs__rosidl_typesupport_c.so
[23.578s] -- Set runtime path of "/home/evan/Documents/BRONE_audio_gaze_project/install/op3_walking_module_msgs/lib/libop3_walking_module_msgs__rosidl_typesupport_c.so" to ""
[23.578s] -- Installing: /home/evan/Documents/BRONE_audio_gaze_project/install/op3_walking_module_msgs/lib/libop3_walking_module_msgs__rosidl_typesupport_fastrtps_cpp.so
[23.579s] -- Set runtime path of "/home/evan/Documents/BRONE_audio_gaze_project/install/op3_walking_module_msgs/lib/libop3_walking_module_msgs__rosidl_typesupport_fastrtps_cpp.so" to ""
[23.579s] -- Installing: /home/evan/Documents/BRONE_audio_gaze_project/install/op3_walking_module_msgs/lib/libop3_walking_module_msgs__rosidl_typesupport_introspection_cpp.so
[23.580s] -- Set runtime path of "/home/evan/Documents/BRONE_audio_gaze_project/install/op3_walking_module_msgs/lib/libop3_walking_module_msgs__rosidl_typesupport_introspection_cpp.so" to ""
[23.583s] -- Installing: /home/evan/Documents/BRONE_audio_gaze_project/install/op3_walking_module_msgs/lib/libop3_walking_module_msgs__rosidl_typesupport_cpp.so
[23.584s] -- Set runtime path of "/home/evan/Documents/BRONE_audio_gaze_project/install/op3_walking_module_msgs/lib/libop3_walking_module_msgs__rosidl_typesupport_cpp.so" to ""
[23.690s] Listing '/home/evan/Documents/BRONE_audio_gaze_project/install/op3_walking_module_msgs/local/lib/python3.10/dist-packages/op3_walking_module_msgs'...
[23.690s] Compiling '/home/evan/Documents/BRONE_audio_gaze_project/install/op3_walking_module_msgs/local/lib/python3.10/dist-packages/op3_walking_module_msgs/__init__.py'...
[23.690s] Listing '/home/evan/Documents/BRONE_audio_gaze_project/install/op3_walking_module_msgs/local/lib/python3.10/dist-packages/op3_walking_module_msgs/msg'...
[23.690s] Compiling '/home/evan/Documents/BRONE_audio_gaze_project/install/op3_walking_module_msgs/local/lib/python3.10/dist-packages/op3_walking_module_msgs/msg/__init__.py'...
[23.691s] Compiling '/home/evan/Documents/BRONE_audio_gaze_project/install/op3_walking_module_msgs/local/lib/python3.10/dist-packages/op3_walking_module_msgs/msg/_walking_param.py'...
[23.691s] Listing '/home/evan/Documents/BRONE_audio_gaze_project/install/op3_walking_module_msgs/local/lib/python3.10/dist-packages/op3_walking_module_msgs/srv'...
[23.691s] Compiling '/home/evan/Documents/BRONE_audio_gaze_project/install/op3_walking_module_msgs/local/lib/python3.10/dist-packages/op3_walking_module_msgs/srv/__init__.py'...
[23.692s] Compiling '/home/evan/Documents/BRONE_audio_gaze_project/install/op3_walking_module_msgs/local/lib/python3.10/dist-packages/op3_walking_module_msgs/srv/_get_walking_param.py'...
[23.692s] Compiling '/home/evan/Documents/BRONE_audio_gaze_project/install/op3_walking_module_msgs/local/lib/python3.10/dist-packages/op3_walking_module_msgs/srv/_set_walking_param.py'...
[23.699s] -- Installing: /home/evan/Documents/BRONE_audio_gaze_project/install/op3_walking_module_msgs/lib/libop3_walking_module_msgs__rosidl_generator_py.so
[23.700s] -- Set runtime path of "/home/evan/Documents/BRONE_audio_gaze_project/install/op3_walking_module_msgs/lib/libop3_walking_module_msgs__rosidl_generator_py.so" to ""
[23.701s] -- Installing: /home/evan/Documents/BRONE_audio_gaze_project/install/op3_walking_module_msgs/share/op3_walking_module_msgs/cmake/export_op3_walking_module_msgs__rosidl_generator_cExport.cmake
[23.702s] -- Installing: /home/evan/Documents/BRONE_audio_gaze_project/install/op3_walking_module_msgs/share/op3_walking_module_msgs/cmake/export_op3_walking_module_msgs__rosidl_generator_cExport-noconfig.cmake
[23.702s] -- Installing: /home/evan/Documents/BRONE_audio_gaze_project/install/op3_walking_module_msgs/share/op3_walking_module_msgs/cmake/export_op3_walking_module_msgs__rosidl_typesupport_fastrtps_cExport.cmake
[23.703s] -- Installing: /home/evan/Documents/BRONE_audio_gaze_project/install/op3_walking_module_msgs/share/op3_walking_module_msgs/cmake/export_op3_walking_module_msgs__rosidl_typesupport_fastrtps_cExport-noconfig.cmake
[23.704s] -- Installing: /home/evan/Documents/BRONE_audio_gaze_project/install/op3_walking_module_msgs/share/op3_walking_module_msgs/cmake/op3_walking_module_msgs__rosidl_typesupport_introspection_cExport.cmake
[23.705s] -- Installing: /home/evan/Documents/BRONE_audio_gaze_project/install/op3_walking_module_msgs/share/op3_walking_module_msgs/cmake/op3_walking_module_msgs__rosidl_typesupport_introspection_cExport-noconfig.cmake
[23.705s] -- Installing: /home/evan/Documents/BRONE_audio_gaze_project/install/op3_walking_module_msgs/share/op3_walking_module_msgs/cmake/op3_walking_module_msgs__rosidl_typesupport_cExport.cmake
[23.706s] -- Installing: /home/evan/Documents/BRONE_audio_gaze_project/install/op3_walking_module_msgs/share/op3_walking_module_msgs/cmake/op3_walking_module_msgs__rosidl_typesupport_cExport-noconfig.cmake
[23.706s] -- Installing: /home/evan/Documents/BRONE_audio_gaze_project/install/op3_walking_module_msgs/share/op3_walking_module_msgs/cmake/export_op3_walking_module_msgs__rosidl_generator_cppExport.cmake
[23.707s] -- Installing: /home/evan/Documents/BRONE_audio_gaze_project/install/op3_walking_module_msgs/share/op3_walking_module_msgs/cmake/export_op3_walking_module_msgs__rosidl_typesupport_fastrtps_cppExport.cmake
[23.707s] -- Installing: /home/evan/Documents/BRONE_audio_gaze_project/install/op3_walking_module_msgs/share/op3_walking_module_msgs/cmake/export_op3_walking_module_msgs__rosidl_typesupport_fastrtps_cppExport-noconfig.cmake
[23.708s] -- Installing: /home/evan/Documents/BRONE_audio_gaze_project/install/op3_walking_module_msgs/share/op3_walking_module_msgs/cmake/op3_walking_module_msgs__rosidl_typesupport_introspection_cppExport.cmake
[23.708s] -- Installing: /home/evan/Documents/BRONE_audio_gaze_project/install/op3_walking_module_msgs/share/op3_walking_module_msgs/cmake/op3_walking_module_msgs__rosidl_typesupport_introspection_cppExport-noconfig.cmake
[23.709s] -- Installing: /home/evan/Documents/BRONE_audio_gaze_project/install/op3_walking_module_msgs/share/op3_walking_module_msgs/cmake/op3_walking_module_msgs__rosidl_typesupport_cppExport.cmake
[23.710s] -- Installing: /home/evan/Documents/BRONE_audio_gaze_project/install/op3_walking_module_msgs/share/op3_walking_module_msgs/cmake/op3_walking_module_msgs__rosidl_typesupport_cppExport-noconfig.cmake
[23.710s] -- Installing: /home/evan/Documents/BRONE_audio_gaze_project/install/op3_walking_module_msgs/share/op3_walking_module_msgs/cmake/export_op3_walking_module_msgs__rosidl_generator_pyExport.cmake
[23.710s] -- Installing: /home/evan/Documents/BRONE_audio_gaze_project/install/op3_walking_module_msgs/share/op3_walking_module_msgs/cmake/export_op3_walking_module_msgs__rosidl_generator_pyExport-noconfig.cmake
[23.722s] Invoked command in '/home/evan/Documents/BRONE_audio_gaze_project/build/op3_walking_module_msgs' returned '0': CMAKE_PREFIX_PATH=${CMAKE_PREFIX_PATH}:/home/evan/Documents/BRONE_audio_gaze_project/install/algo_gaze:/home/evan/Documents/BRONE_audio_gaze_project/install/brone_gaze:/opt/ros/humble /usr/bin/cmake --install /home/evan/Documents/BRONE_audio_gaze_project/build/op3_walking_module_msgs
