[0.031s] Invoking command in '/home/evan/Documents/algo_gaze_project/build/op3_offset_tuner_msgs': CMAKE_PREFIX_PATH=/opt/ros/humble /usr/bin/cmake /home/evan/Documents/algo_gaze_project/ROBOTIS-OP3-msgs/op3_offset_tuner_msgs -DAMENT_CMAKE_SYMLINK_INSTALL=1 -DCMAKE_INSTALL_PREFIX=/home/evan/Documents/algo_gaze_project/install/op3_offset_tuner_msgs
[3.343s] -- The C compiler identification is GNU 11.4.0
[3.343s] -- The CXX compiler identification is GNU 11.4.0
[3.343s] -- Detecting C compiler ABI info
[3.343s] -- Detecting C compiler ABI info - done
[3.344s] -- Check for working C compiler: /usr/bin/cc - skipped
[3.345s] -- Detecting C compile features
[3.345s] -- Detecting C compile features - done
[3.346s] -- Detecting CXX compiler ABI info
[3.346s] -- Detecting CXX compiler ABI info - done
[3.346s] -- Check for working CXX compiler: /usr/bin/c++ - skipped
[3.346s] -- Detecting CXX compile features
[3.346s] -- Detecting CXX compile features - done
[3.346s] -- Found ament_cmake: 1.3.14 (/opt/ros/humble/share/ament_cmake/cmake)
[3.346s] -- Found Python3: /usr/bin/python3 (found version "3.10.12") found components: Interpreter 
[3.346s] -- Override CMake install command with custom implementation using symlinks instead of copying resources
[3.346s] -- Found rosidl_default_generators: 1.2.1 (/opt/ros/humble/share/rosidl_default_generators/cmake)
[3.346s] -- Using all available rosidl_typesupport_c: rosidl_typesupport_fastrtps_c;rosidl_typesupport_introspection_c
[3.347s] -- Found rosidl_adapter: 3.1.8 (/opt/ros/humble/share/rosidl_adapter/cmake)
[3.347s] -- Using all available rosidl_typesupport_cpp: rosidl_typesupport_fastrtps_cpp;rosidl_typesupport_introspection_cpp
[3.347s] -- Found std_msgs: 4.9.1 (/opt/ros/humble/share/std_msgs/cmake)
[3.347s] -- Found ament_cmake_ros: 0.10.0 (/opt/ros/humble/share/ament_cmake_ros/cmake)
[3.347s] -- Using all available rosidl_typesupport_c: rosidl_typesupport_fastrtps_c;rosidl_typesupport_introspection_c
[3.347s] -- Using all available rosidl_typesupport_cpp: rosidl_typesupport_fastrtps_cpp;rosidl_typesupport_introspection_cpp
[3.347s] -- Found PythonInterp: /usr/bin/python3 (found suitable version "3.10.12", minimum required is "3.6") 
[3.347s] -- Found python_cmake_module: 0.10.0 (/opt/ros/humble/share/python_cmake_module/cmake)
[3.371s] -- Found PythonLibs: /usr/lib/x86_64-linux-gnu/libpython3.10.so (found suitable version "3.10.12", minimum required is "3.5") 
[3.371s] -- Using PYTHON_EXECUTABLE: /usr/bin/python3
[3.371s] -- Using PYTHON_INCLUDE_DIRS: /usr/include/python3.10
[3.371s] -- Using PYTHON_LIBRARIES: /usr/lib/x86_64-linux-gnu/libpython3.10.so
[3.446s] -- Found PythonExtra: .so  
[3.932s] -- Configuring done
[4.078s] -- Generating done
[4.141s] -- Build files have been written to: /home/evan/Documents/algo_gaze_project/build/op3_offset_tuner_msgs
[4.179s] Invoked command in '/home/evan/Documents/algo_gaze_project/build/op3_offset_tuner_msgs' returned '0': CMAKE_PREFIX_PATH=/opt/ros/humble /usr/bin/cmake /home/evan/Documents/algo_gaze_project/ROBOTIS-OP3-msgs/op3_offset_tuner_msgs -DAMENT_CMAKE_SYMLINK_INSTALL=1 -DCMAKE_INSTALL_PREFIX=/home/evan/Documents/algo_gaze_project/install/op3_offset_tuner_msgs
[4.189s] Invoking command in '/home/evan/Documents/algo_gaze_project/build/op3_offset_tuner_msgs': CMAKE_PREFIX_PATH=/opt/ros/humble /usr/bin/cmake --build /home/evan/Documents/algo_gaze_project/build/op3_offset_tuner_msgs -- -j12 -l12
[7.426s] [  1%] [34m[1mGenerating C code for ROS interfaces[0m
[7.426s] [  3%] [34m[1mGenerating C++ code for ROS interfaces[0m
[7.426s] [  4%] [34m[1mGenerating Rust code for ROS interfaces[0m
[7.426s] [  4%] Built target ament_cmake_python_symlink_op3_offset_tuner_msgs
[7.426s] running egg_info
[7.426s] creating op3_offset_tuner_msgs.egg-info
[7.426s] writing op3_offset_tuner_msgs.egg-info/PKG-INFO
[7.427s] writing dependency_links to op3_offset_tuner_msgs.egg-info/dependency_links.txt
[7.427s] writing top-level names to op3_offset_tuner_msgs.egg-info/top_level.txt
[7.427s] writing manifest file 'op3_offset_tuner_msgs.egg-info/SOURCES.txt'
[7.427s] reading manifest file 'op3_offset_tuner_msgs.egg-info/SOURCES.txt'
[7.427s] writing manifest file 'op3_offset_tuner_msgs.egg-info/SOURCES.txt'
[7.427s] [  4%] Built target ament_cmake_python_build_op3_offset_tuner_msgs_egg
[7.427s] [  4%] Built target op3_offset_tuner_msgs__rs
[7.427s] [  4%] Built target op3_offset_tuner_msgs__cpp
[7.427s] [  6%] [34m[1mGenerating C++ type support dispatch for ROS interfaces[0m
[7.427s] [  7%] [34m[1mGenerating C++ type support for eProsima Fast-RTPS[0m
[7.427s] [  9%] [34m[1mGenerating C++ introspection for ROS interfaces[0m
[7.428s] [ 10%] [32mBuilding C object CMakeFiles/op3_offset_tuner_msgs__rosidl_generator_c.dir/rosidl_generator_c/op3_offset_tuner_msgs/msg/detail/joint_offset_data__functions.c.o[0m
[7.428s] [ 12%] [32mBuilding C object CMakeFiles/op3_offset_tuner_msgs__rosidl_generator_c.dir/rosidl_generator_c/op3_offset_tuner_msgs/msg/detail/joint_torque_on_off__functions.c.o[0m
[7.428s] [ 14%] [32mBuilding C object CMakeFiles/op3_offset_tuner_msgs__rosidl_generator_c.dir/rosidl_generator_c/op3_offset_tuner_msgs/srv/detail/get_present_joint_offset_data__functions.c.o[0m
[7.428s] [ 15%] [32mBuilding C object CMakeFiles/op3_offset_tuner_msgs__rosidl_generator_c.dir/rosidl_generator_c/op3_offset_tuner_msgs/msg/detail/joint_torque_on_off_array__functions.c.o[0m
[7.428s] [ 17%] [32mBuilding C object CMakeFiles/op3_offset_tuner_msgs__rosidl_generator_c.dir/rosidl_generator_c/op3_offset_tuner_msgs/msg/detail/joint_offset_position_data__functions.c.o[0m
[7.965s] [ 18%] [32m[1mLinking C shared library libop3_offset_tuner_msgs__rosidl_generator_c.so[0m
[8.302s] [ 18%] Built target op3_offset_tuner_msgs__rosidl_generator_c
[8.409s] [ 20%] [34m[1mGenerating C type support for eProsima Fast-RTPS[0m
[8.433s] [ 21%] [34m[1mGenerating C introspection for ROS interfaces[0m
[8.445s] [ 23%] [34m[1mGenerating C type support dispatch for ROS interfaces[0m
[9.367s] [ 25%] [32mBuilding CXX object CMakeFiles/op3_offset_tuner_msgs__rosidl_typesupport_introspection_cpp.dir/rosidl_typesupport_introspection_cpp/op3_offset_tuner_msgs/msg/detail/joint_offset_data__type_support.cpp.o[0m
[9.420s] [ 26%] [32mBuilding CXX object CMakeFiles/op3_offset_tuner_msgs__rosidl_typesupport_introspection_cpp.dir/rosidl_typesupport_introspection_cpp/op3_offset_tuner_msgs/msg/detail/joint_torque_on_off_array__type_support.cpp.o[0m
[9.437s] [ 28%] [32mBuilding CXX object CMakeFiles/op3_offset_tuner_msgs__rosidl_typesupport_introspection_cpp.dir/rosidl_typesupport_introspection_cpp/op3_offset_tuner_msgs/msg/detail/joint_torque_on_off__type_support.cpp.o[0m
[9.443s] [ 29%] [32mBuilding CXX object CMakeFiles/op3_offset_tuner_msgs__rosidl_typesupport_introspection_cpp.dir/rosidl_typesupport_introspection_cpp/op3_offset_tuner_msgs/msg/detail/joint_offset_position_data__type_support.cpp.o[0m
[9.491s] [ 31%] [32mBuilding CXX object CMakeFiles/op3_offset_tuner_msgs__rosidl_typesupport_introspection_cpp.dir/rosidl_typesupport_introspection_cpp/op3_offset_tuner_msgs/srv/detail/get_present_joint_offset_data__type_support.cpp.o[0m
[9.709s] [ 32%] [32mBuilding CXX object CMakeFiles/op3_offset_tuner_msgs__rosidl_typesupport_cpp.dir/rosidl_typesupport_cpp/op3_offset_tuner_msgs/msg/joint_torque_on_off__type_support.cpp.o[0m
[9.714s] [ 34%] [32mBuilding CXX object CMakeFiles/op3_offset_tuner_msgs__rosidl_typesupport_cpp.dir/rosidl_typesupport_cpp/op3_offset_tuner_msgs/msg/joint_offset_data__type_support.cpp.o[0m
[9.756s] [ 35%] [32mBuilding CXX object CMakeFiles/op3_offset_tuner_msgs__rosidl_typesupport_cpp.dir/rosidl_typesupport_cpp/op3_offset_tuner_msgs/msg/joint_offset_position_data__type_support.cpp.o[0m
[9.881s] [ 37%] [32mBuilding CXX object CMakeFiles/op3_offset_tuner_msgs__rosidl_typesupport_fastrtps_cpp.dir/rosidl_typesupport_fastrtps_cpp/op3_offset_tuner_msgs/msg/detail/dds_fastrtps/joint_offset_data__type_support.cpp.o[0m
[11.866s] [ 39%] [32mBuilding CXX object CMakeFiles/op3_offset_tuner_msgs__rosidl_typesupport_fastrtps_c.dir/rosidl_typesupport_fastrtps_c/op3_offset_tuner_msgs/msg/detail/joint_offset_data__type_support_c.cpp.o[0m
[12.434s] [ 40%] [32mBuilding CXX object CMakeFiles/op3_offset_tuner_msgs__rosidl_typesupport_c.dir/rosidl_typesupport_c/op3_offset_tuner_msgs/msg/joint_offset_data__type_support.cpp.o[0m
[12.758s] [ 42%] [32mBuilding CXX object CMakeFiles/op3_offset_tuner_msgs__rosidl_typesupport_c.dir/rosidl_typesupport_c/op3_offset_tuner_msgs/msg/joint_offset_position_data__type_support.cpp.o[0m
[12.809s] [ 43%] [32mBuilding CXX object CMakeFiles/op3_offset_tuner_msgs__rosidl_typesupport_cpp.dir/rosidl_typesupport_cpp/op3_offset_tuner_msgs/msg/joint_torque_on_off_array__type_support.cpp.o[0m
[12.966s] [ 45%] [32mBuilding CXX object CMakeFiles/op3_offset_tuner_msgs__rosidl_typesupport_c.dir/rosidl_typesupport_c/op3_offset_tuner_msgs/msg/joint_torque_on_off__type_support.cpp.o[0m
[13.094s] [ 46%] [32mBuilding CXX object CMakeFiles/op3_offset_tuner_msgs__rosidl_typesupport_c.dir/rosidl_typesupport_c/op3_offset_tuner_msgs/msg/joint_torque_on_off_array__type_support.cpp.o[0m
[13.153s] [ 48%] [32mBuilding C object CMakeFiles/op3_offset_tuner_msgs__rosidl_typesupport_introspection_c.dir/rosidl_typesupport_introspection_c/op3_offset_tuner_msgs/msg/detail/joint_offset_data__type_support.c.o[0m
[13.296s] [ 50%] [32mBuilding CXX object CMakeFiles/op3_offset_tuner_msgs__rosidl_typesupport_c.dir/rosidl_typesupport_c/op3_offset_tuner_msgs/srv/get_present_joint_offset_data__type_support.cpp.o[0m
[13.316s] [ 51%] [32mBuilding C object CMakeFiles/op3_offset_tuner_msgs__rosidl_typesupport_introspection_c.dir/rosidl_typesupport_introspection_c/op3_offset_tuner_msgs/msg/detail/joint_offset_position_data__type_support.c.o[0m
[13.479s] [ 53%] [32mBuilding C object CMakeFiles/op3_offset_tuner_msgs__rosidl_typesupport_introspection_c.dir/rosidl_typesupport_introspection_c/op3_offset_tuner_msgs/msg/detail/joint_torque_on_off__type_support.c.o[0m
[13.495s] [ 54%] [32m[1mLinking CXX shared library libop3_offset_tuner_msgs__rosidl_typesupport_c.so[0m
[13.689s] [ 54%] Built target op3_offset_tuner_msgs__rosidl_typesupport_c
[13.718s] [ 56%] [32mBuilding C object CMakeFiles/op3_offset_tuner_msgs__rosidl_typesupport_introspection_c.dir/rosidl_typesupport_introspection_c/op3_offset_tuner_msgs/msg/detail/joint_torque_on_off_array__type_support.c.o[0m
[13.742s] [ 57%] [32m[1mLinking CXX shared library libop3_offset_tuner_msgs__rosidl_typesupport_introspection_cpp.so[0m
[13.802s] [ 59%] [32mBuilding CXX object CMakeFiles/op3_offset_tuner_msgs__rosidl_typesupport_cpp.dir/rosidl_typesupport_cpp/op3_offset_tuner_msgs/srv/get_present_joint_offset_data__type_support.cpp.o[0m
[13.853s] [ 60%] [32mBuilding CXX object CMakeFiles/op3_offset_tuner_msgs__rosidl_typesupport_fastrtps_cpp.dir/rosidl_typesupport_fastrtps_cpp/op3_offset_tuner_msgs/msg/detail/dds_fastrtps/joint_torque_on_off_array__type_support.cpp.o[0m
[13.913s] [ 62%] [32mBuilding C object CMakeFiles/op3_offset_tuner_msgs__rosidl_typesupport_introspection_c.dir/rosidl_typesupport_introspection_c/op3_offset_tuner_msgs/srv/detail/get_present_joint_offset_data__type_support.c.o[0m
[14.082s] [ 64%] [32m[1mLinking C shared library libop3_offset_tuner_msgs__rosidl_typesupport_introspection_c.so[0m
[14.245s] [ 64%] Built target op3_offset_tuner_msgs__rosidl_typesupport_introspection_c
[14.310s] [ 64%] Built target op3_offset_tuner_msgs__rosidl_typesupport_introspection_cpp
[14.468s] [ 65%] [32mBuilding CXX object CMakeFiles/op3_offset_tuner_msgs__rosidl_typesupport_fastrtps_c.dir/rosidl_typesupport_fastrtps_c/op3_offset_tuner_msgs/srv/detail/get_present_joint_offset_data__type_support_c.cpp.o[0m
[15.204s] [ 67%] [32m[1mLinking CXX shared library libop3_offset_tuner_msgs__rosidl_typesupport_cpp.so[0m
[15.273s] [ 67%] Built target op3_offset_tuner_msgs__rosidl_typesupport_cpp
[15.589s] [ 68%] [32mBuilding CXX object CMakeFiles/op3_offset_tuner_msgs__rosidl_typesupport_fastrtps_c.dir/rosidl_typesupport_fastrtps_c/op3_offset_tuner_msgs/msg/detail/joint_torque_on_off_array__type_support_c.cpp.o[0m
[15.861s] [ 70%] [32mBuilding CXX object CMakeFiles/op3_offset_tuner_msgs__rosidl_typesupport_fastrtps_cpp.dir/rosidl_typesupport_fastrtps_cpp/op3_offset_tuner_msgs/srv/detail/dds_fastrtps/get_present_joint_offset_data__type_support.cpp.o[0m
[16.356s] [ 71%] [32mBuilding CXX object CMakeFiles/op3_offset_tuner_msgs__rosidl_typesupport_fastrtps_c.dir/rosidl_typesupport_fastrtps_c/op3_offset_tuner_msgs/msg/detail/joint_torque_on_off__type_support_c.cpp.o[0m
[17.004s] [ 73%] [32mBuilding CXX object CMakeFiles/op3_offset_tuner_msgs__rosidl_typesupport_fastrtps_cpp.dir/rosidl_typesupport_fastrtps_cpp/op3_offset_tuner_msgs/msg/detail/dds_fastrtps/joint_torque_on_off__type_support.cpp.o[0m
[17.514s] [ 75%] [32mBuilding CXX object CMakeFiles/op3_offset_tuner_msgs__rosidl_typesupport_fastrtps_c.dir/rosidl_typesupport_fastrtps_c/op3_offset_tuner_msgs/msg/detail/joint_offset_position_data__type_support_c.cpp.o[0m
[18.157s] [ 76%] [32mBuilding CXX object CMakeFiles/op3_offset_tuner_msgs__rosidl_typesupport_fastrtps_cpp.dir/rosidl_typesupport_fastrtps_cpp/op3_offset_tuner_msgs/msg/detail/dds_fastrtps/joint_offset_position_data__type_support.cpp.o[0m
[18.327s] [ 78%] [32m[1mLinking CXX shared library libop3_offset_tuner_msgs__rosidl_typesupport_fastrtps_c.so[0m
[18.633s] [ 78%] Built target op3_offset_tuner_msgs__rosidl_typesupport_fastrtps_c
[18.770s] [ 79%] [32m[1mLinking CXX shared library libop3_offset_tuner_msgs__rosidl_typesupport_fastrtps_cpp.so[0m
[18.988s] [ 79%] Built target op3_offset_tuner_msgs__rosidl_typesupport_fastrtps_cpp
[19.056s] [ 79%] Built target op3_offset_tuner_msgs
[19.133s] [ 81%] [34m[1mGenerating Python code for ROS interfaces[0m
[21.319s] [ 81%] Built target op3_offset_tuner_msgs__py
[21.386s] [ 82%] [32mBuilding C object CMakeFiles/op3_offset_tuner_msgs__rosidl_generator_py.dir/rosidl_generator_py/op3_offset_tuner_msgs/msg/_joint_offset_data_s.c.o[0m
[21.619s] [ 84%] [32mBuilding C object CMakeFiles/op3_offset_tuner_msgs__rosidl_generator_py.dir/rosidl_generator_py/op3_offset_tuner_msgs/srv/_get_present_joint_offset_data_s.c.o[0m
[21.915s] [ 85%] [32mBuilding C object CMakeFiles/op3_offset_tuner_msgs__rosidl_generator_py.dir/rosidl_generator_py/op3_offset_tuner_msgs/msg/_joint_torque_on_off_array_s.c.o[0m
[22.100s] [ 87%] [32mBuilding C object CMakeFiles/op3_offset_tuner_msgs__rosidl_generator_py.dir/rosidl_generator_py/op3_offset_tuner_msgs/msg/_joint_torque_on_off_s.c.o[0m
[22.315s] [ 89%] [32mBuilding C object CMakeFiles/op3_offset_tuner_msgs__rosidl_generator_py.dir/rosidl_generator_py/op3_offset_tuner_msgs/msg/_joint_offset_position_data_s.c.o[0m
[22.557s] [ 90%] [32m[1mLinking C shared library rosidl_generator_py/op3_offset_tuner_msgs/libop3_offset_tuner_msgs__rosidl_generator_py.so[0m
[22.668s] [ 90%] Built target op3_offset_tuner_msgs__rosidl_generator_py
[22.720s] [ 92%] [32mBuilding C object CMakeFiles/op3_offset_tuner_msgs__rosidl_typesupport_fastrtps_c__pyext.dir/rosidl_generator_py/op3_offset_tuner_msgs/_op3_offset_tuner_msgs_s.ep.rosidl_typesupport_fastrtps_c.c.o[0m
[23.028s] [ 93%] [32m[1mLinking C shared library rosidl_generator_py/op3_offset_tuner_msgs/op3_offset_tuner_msgs_s__rosidl_typesupport_fastrtps_c.cpython-310-x86_64-linux-gnu.so[0m
[23.129s] [ 93%] Built target op3_offset_tuner_msgs__rosidl_typesupport_fastrtps_c__pyext
[23.186s] [ 95%] [32mBuilding C object CMakeFiles/op3_offset_tuner_msgs__rosidl_typesupport_c__pyext.dir/rosidl_generator_py/op3_offset_tuner_msgs/_op3_offset_tuner_msgs_s.ep.rosidl_typesupport_c.c.o[0m
[23.409s] [ 96%] [32m[1mLinking C shared library rosidl_generator_py/op3_offset_tuner_msgs/op3_offset_tuner_msgs_s__rosidl_typesupport_c.cpython-310-x86_64-linux-gnu.so[0m
[23.473s] [ 96%] Built target op3_offset_tuner_msgs__rosidl_typesupport_c__pyext
[23.512s] [ 98%] [32mBuilding C object CMakeFiles/op3_offset_tuner_msgs__rosidl_typesupport_introspection_c__pyext.dir/rosidl_generator_py/op3_offset_tuner_msgs/_op3_offset_tuner_msgs_s.ep.rosidl_typesupport_introspection_c.c.o[0m
[23.713s] [100%] [32m[1mLinking C shared library rosidl_generator_py/op3_offset_tuner_msgs/op3_offset_tuner_msgs_s__rosidl_typesupport_introspection_c.cpython-310-x86_64-linux-gnu.so[0m
[23.769s] [100%] Built target op3_offset_tuner_msgs__rosidl_typesupport_introspection_c__pyext
[23.797s] Invoked command in '/home/evan/Documents/algo_gaze_project/build/op3_offset_tuner_msgs' returned '0': CMAKE_PREFIX_PATH=/opt/ros/humble /usr/bin/cmake --build /home/evan/Documents/algo_gaze_project/build/op3_offset_tuner_msgs -- -j12 -l12
[23.803s] Invoking command in '/home/evan/Documents/algo_gaze_project/build/op3_offset_tuner_msgs': CMAKE_PREFIX_PATH=/opt/ros/humble /usr/bin/cmake --install /home/evan/Documents/algo_gaze_project/build/op3_offset_tuner_msgs
[24.334s] -- Install configuration: ""
[24.334s] -- Execute custom install script
[24.334s] -- Symlinking: /home/evan/Documents/algo_gaze_project/install/op3_offset_tuner_msgs/share/ament_index/resource_index/rosidl_interfaces/op3_offset_tuner_msgs
[24.334s] -- Symlinking: /home/evan/Documents/algo_gaze_project/install/op3_offset_tuner_msgs/include/op3_offset_tuner_msgs/op3_offset_tuner_msgs/msg/detail/joint_offset_data__functions.h
[24.335s] -- Symlinking: /home/evan/Documents/algo_gaze_project/install/op3_offset_tuner_msgs/include/op3_offset_tuner_msgs/op3_offset_tuner_msgs/msg/detail/joint_offset_data__struct.h
[24.335s] -- Symlinking: /home/evan/Documents/algo_gaze_project/install/op3_offset_tuner_msgs/include/op3_offset_tuner_msgs/op3_offset_tuner_msgs/msg/detail/joint_offset_data__type_support.h
[24.335s] -- Symlinking: /home/evan/Documents/algo_gaze_project/install/op3_offset_tuner_msgs/include/op3_offset_tuner_msgs/op3_offset_tuner_msgs/msg/detail/joint_offset_position_data__functions.h
[24.335s] -- Symlinking: /home/evan/Documents/algo_gaze_project/install/op3_offset_tuner_msgs/include/op3_offset_tuner_msgs/op3_offset_tuner_msgs/msg/detail/joint_offset_position_data__struct.h
[24.335s] -- Symlinking: /home/evan/Documents/algo_gaze_project/install/op3_offset_tuner_msgs/include/op3_offset_tuner_msgs/op3_offset_tuner_msgs/msg/detail/joint_offset_position_data__type_support.h
[24.335s] -- Symlinking: /home/evan/Documents/algo_gaze_project/install/op3_offset_tuner_msgs/include/op3_offset_tuner_msgs/op3_offset_tuner_msgs/msg/detail/joint_torque_on_off__functions.h
[24.335s] -- Symlinking: /home/evan/Documents/algo_gaze_project/install/op3_offset_tuner_msgs/include/op3_offset_tuner_msgs/op3_offset_tuner_msgs/msg/detail/joint_torque_on_off__struct.h
[24.335s] -- Symlinking: /home/evan/Documents/algo_gaze_project/install/op3_offset_tuner_msgs/include/op3_offset_tuner_msgs/op3_offset_tuner_msgs/msg/detail/joint_torque_on_off__type_support.h
[24.335s] -- Symlinking: /home/evan/Documents/algo_gaze_project/install/op3_offset_tuner_msgs/include/op3_offset_tuner_msgs/op3_offset_tuner_msgs/msg/detail/joint_torque_on_off_array__functions.h
[24.335s] -- Symlinking: /home/evan/Documents/algo_gaze_project/install/op3_offset_tuner_msgs/include/op3_offset_tuner_msgs/op3_offset_tuner_msgs/msg/detail/joint_torque_on_off_array__struct.h
[24.335s] -- Symlinking: /home/evan/Documents/algo_gaze_project/install/op3_offset_tuner_msgs/include/op3_offset_tuner_msgs/op3_offset_tuner_msgs/msg/detail/joint_torque_on_off_array__type_support.h
[24.335s] -- Symlinking: /home/evan/Documents/algo_gaze_project/install/op3_offset_tuner_msgs/include/op3_offset_tuner_msgs/op3_offset_tuner_msgs/msg/joint_offset_data.h
[24.335s] -- Symlinking: /home/evan/Documents/algo_gaze_project/install/op3_offset_tuner_msgs/include/op3_offset_tuner_msgs/op3_offset_tuner_msgs/msg/joint_offset_position_data.h
[24.335s] -- Symlinking: /home/evan/Documents/algo_gaze_project/install/op3_offset_tuner_msgs/include/op3_offset_tuner_msgs/op3_offset_tuner_msgs/msg/joint_torque_on_off.h
[24.335s] -- Symlinking: /home/evan/Documents/algo_gaze_project/install/op3_offset_tuner_msgs/include/op3_offset_tuner_msgs/op3_offset_tuner_msgs/msg/joint_torque_on_off_array.h
[24.335s] -- Symlinking: /home/evan/Documents/algo_gaze_project/install/op3_offset_tuner_msgs/include/op3_offset_tuner_msgs/op3_offset_tuner_msgs/msg/rosidl_generator_c__visibility_control.h
[24.335s] -- Symlinking: /home/evan/Documents/algo_gaze_project/install/op3_offset_tuner_msgs/include/op3_offset_tuner_msgs/op3_offset_tuner_msgs/srv/detail/get_present_joint_offset_data__functions.h
[24.335s] -- Symlinking: /home/evan/Documents/algo_gaze_project/install/op3_offset_tuner_msgs/include/op3_offset_tuner_msgs/op3_offset_tuner_msgs/srv/detail/get_present_joint_offset_data__struct.h
[24.336s] -- Symlinking: /home/evan/Documents/algo_gaze_project/install/op3_offset_tuner_msgs/include/op3_offset_tuner_msgs/op3_offset_tuner_msgs/srv/detail/get_present_joint_offset_data__type_support.h
[24.336s] -- Symlinking: /home/evan/Documents/algo_gaze_project/install/op3_offset_tuner_msgs/include/op3_offset_tuner_msgs/op3_offset_tuner_msgs/srv/get_present_joint_offset_data.h
[24.339s] -- Symlinking: /home/evan/Documents/algo_gaze_project/install/op3_offset_tuner_msgs/share/op3_offset_tuner_msgs/environment/library_path.sh
[24.339s] -- Symlinking: /home/evan/Documents/algo_gaze_project/install/op3_offset_tuner_msgs/share/op3_offset_tuner_msgs/environment/library_path.dsv
[24.339s] -- Symlinking: /home/evan/Documents/algo_gaze_project/install/op3_offset_tuner_msgs/include/op3_offset_tuner_msgs/op3_offset_tuner_msgs/msg/detail/joint_offset_data__rosidl_typesupport_fastrtps_c.h
[24.339s] -- Symlinking: /home/evan/Documents/algo_gaze_project/install/op3_offset_tuner_msgs/include/op3_offset_tuner_msgs/op3_offset_tuner_msgs/msg/detail/joint_offset_position_data__rosidl_typesupport_fastrtps_c.h
[24.339s] -- Symlinking: /home/evan/Documents/algo_gaze_project/install/op3_offset_tuner_msgs/include/op3_offset_tuner_msgs/op3_offset_tuner_msgs/msg/detail/joint_torque_on_off__rosidl_typesupport_fastrtps_c.h
[24.339s] -- Symlinking: /home/evan/Documents/algo_gaze_project/install/op3_offset_tuner_msgs/include/op3_offset_tuner_msgs/op3_offset_tuner_msgs/msg/detail/joint_torque_on_off_array__rosidl_typesupport_fastrtps_c.h
[24.345s] -- Symlinking: /home/evan/Documents/algo_gaze_project/install/op3_offset_tuner_msgs/include/op3_offset_tuner_msgs/op3_offset_tuner_msgs/msg/rosidl_typesupport_fastrtps_c__visibility_control.h
[24.355s] -- Symlinking: /home/evan/Documents/algo_gaze_project/install/op3_offset_tuner_msgs/include/op3_offset_tuner_msgs/op3_offset_tuner_msgs/srv/detail/get_present_joint_offset_data__rosidl_typesupport_fastrtps_c.h
[24.373s] -- Symlinking: /home/evan/Documents/algo_gaze_project/install/op3_offset_tuner_msgs/include/op3_offset_tuner_msgs/op3_offset_tuner_msgs/msg/detail/joint_offset_data__rosidl_typesupport_introspection_c.h
[24.391s] -- Symlinking: /home/evan/Documents/algo_gaze_project/install/op3_offset_tuner_msgs/include/op3_offset_tuner_msgs/op3_offset_tuner_msgs/msg/detail/joint_offset_position_data__rosidl_typesupport_introspection_c.h
[24.401s] -- Symlinking: /home/evan/Documents/algo_gaze_project/install/op3_offset_tuner_msgs/include/op3_offset_tuner_msgs/op3_offset_tuner_msgs/msg/detail/joint_torque_on_off__rosidl_typesupport_introspection_c.h
[24.421s] -- Symlinking: /home/evan/Documents/algo_gaze_project/install/op3_offset_tuner_msgs/include/op3_offset_tuner_msgs/op3_offset_tuner_msgs/msg/detail/joint_torque_on_off_array__rosidl_typesupport_introspection_c.h
[24.435s] -- Symlinking: /home/evan/Documents/algo_gaze_project/install/op3_offset_tuner_msgs/include/op3_offset_tuner_msgs/op3_offset_tuner_msgs/msg/rosidl_typesupport_introspection_c__visibility_control.h
[24.461s] -- Symlinking: /home/evan/Documents/algo_gaze_project/install/op3_offset_tuner_msgs/include/op3_offset_tuner_msgs/op3_offset_tuner_msgs/srv/detail/get_present_joint_offset_data__rosidl_typesupport_introspection_c.h
[24.483s] -- Symlinking: /home/evan/Documents/algo_gaze_project/install/op3_offset_tuner_msgs/include/op3_offset_tuner_msgs/op3_offset_tuner_msgs/msg/detail/joint_offset_data__builder.hpp
[24.505s] -- Symlinking: /home/evan/Documents/algo_gaze_project/install/op3_offset_tuner_msgs/include/op3_offset_tuner_msgs/op3_offset_tuner_msgs/msg/detail/joint_offset_data__struct.hpp
[24.524s] -- Symlinking: /home/evan/Documents/algo_gaze_project/install/op3_offset_tuner_msgs/include/op3_offset_tuner_msgs/op3_offset_tuner_msgs/msg/detail/joint_offset_data__traits.hpp
[24.534s] -- Symlinking: /home/evan/Documents/algo_gaze_project/install/op3_offset_tuner_msgs/include/op3_offset_tuner_msgs/op3_offset_tuner_msgs/msg/detail/joint_offset_data__type_support.hpp
[24.548s] -- Symlinking: /home/evan/Documents/algo_gaze_project/install/op3_offset_tuner_msgs/include/op3_offset_tuner_msgs/op3_offset_tuner_msgs/msg/detail/joint_offset_position_data__builder.hpp
[24.561s] -- Symlinking: /home/evan/Documents/algo_gaze_project/install/op3_offset_tuner_msgs/include/op3_offset_tuner_msgs/op3_offset_tuner_msgs/msg/detail/joint_offset_position_data__struct.hpp
[24.589s] -- Symlinking: /home/evan/Documents/algo_gaze_project/install/op3_offset_tuner_msgs/include/op3_offset_tuner_msgs/op3_offset_tuner_msgs/msg/detail/joint_offset_position_data__traits.hpp
[24.612s] -- Symlinking: /home/evan/Documents/algo_gaze_project/install/op3_offset_tuner_msgs/include/op3_offset_tuner_msgs/op3_offset_tuner_msgs/msg/detail/joint_offset_position_data__type_support.hpp
[24.619s] -- Symlinking: /home/evan/Documents/algo_gaze_project/install/op3_offset_tuner_msgs/include/op3_offset_tuner_msgs/op3_offset_tuner_msgs/msg/detail/joint_torque_on_off__builder.hpp
[24.635s] -- Symlinking: /home/evan/Documents/algo_gaze_project/install/op3_offset_tuner_msgs/include/op3_offset_tuner_msgs/op3_offset_tuner_msgs/msg/detail/joint_torque_on_off__struct.hpp
[24.653s] -- Symlinking: /home/evan/Documents/algo_gaze_project/install/op3_offset_tuner_msgs/include/op3_offset_tuner_msgs/op3_offset_tuner_msgs/msg/detail/joint_torque_on_off__traits.hpp
[24.674s] -- Symlinking: /home/evan/Documents/algo_gaze_project/install/op3_offset_tuner_msgs/include/op3_offset_tuner_msgs/op3_offset_tuner_msgs/msg/detail/joint_torque_on_off__type_support.hpp
[24.693s] -- Symlinking: /home/evan/Documents/algo_gaze_project/install/op3_offset_tuner_msgs/include/op3_offset_tuner_msgs/op3_offset_tuner_msgs/msg/detail/joint_torque_on_off_array__builder.hpp
[24.716s] -- Symlinking: /home/evan/Documents/algo_gaze_project/install/op3_offset_tuner_msgs/include/op3_offset_tuner_msgs/op3_offset_tuner_msgs/msg/detail/joint_torque_on_off_array__struct.hpp
[24.744s] -- Symlinking: /home/evan/Documents/algo_gaze_project/install/op3_offset_tuner_msgs/include/op3_offset_tuner_msgs/op3_offset_tuner_msgs/msg/detail/joint_torque_on_off_array__traits.hpp
[24.759s] -- Symlinking: /home/evan/Documents/algo_gaze_project/install/op3_offset_tuner_msgs/include/op3_offset_tuner_msgs/op3_offset_tuner_msgs/msg/detail/joint_torque_on_off_array__type_support.hpp
[24.781s] -- Symlinking: /home/evan/Documents/algo_gaze_project/install/op3_offset_tuner_msgs/include/op3_offset_tuner_msgs/op3_offset_tuner_msgs/msg/joint_offset_data.hpp
[24.801s] -- Symlinking: /home/evan/Documents/algo_gaze_project/install/op3_offset_tuner_msgs/include/op3_offset_tuner_msgs/op3_offset_tuner_msgs/msg/joint_offset_position_data.hpp
[24.836s] -- Symlinking: /home/evan/Documents/algo_gaze_project/install/op3_offset_tuner_msgs/include/op3_offset_tuner_msgs/op3_offset_tuner_msgs/msg/joint_torque_on_off.hpp
[24.852s] -- Symlinking: /home/evan/Documents/algo_gaze_project/install/op3_offset_tuner_msgs/include/op3_offset_tuner_msgs/op3_offset_tuner_msgs/msg/joint_torque_on_off_array.hpp
[24.878s] -- Symlinking: /home/evan/Documents/algo_gaze_project/install/op3_offset_tuner_msgs/include/op3_offset_tuner_msgs/op3_offset_tuner_msgs/msg/rosidl_generator_cpp__visibility_control.hpp
[24.902s] -- Symlinking: /home/evan/Documents/algo_gaze_project/install/op3_offset_tuner_msgs/include/op3_offset_tuner_msgs/op3_offset_tuner_msgs/srv/detail/get_present_joint_offset_data__builder.hpp
[24.922s] -- Symlinking: /home/evan/Documents/algo_gaze_project/install/op3_offset_tuner_msgs/include/op3_offset_tuner_msgs/op3_offset_tuner_msgs/srv/detail/get_present_joint_offset_data__struct.hpp
[24.946s] -- Symlinking: /home/evan/Documents/algo_gaze_project/install/op3_offset_tuner_msgs/include/op3_offset_tuner_msgs/op3_offset_tuner_msgs/srv/detail/get_present_joint_offset_data__traits.hpp
[24.971s] -- Symlinking: /home/evan/Documents/algo_gaze_project/install/op3_offset_tuner_msgs/include/op3_offset_tuner_msgs/op3_offset_tuner_msgs/srv/detail/get_present_joint_offset_data__type_support.hpp
[24.983s] -- Symlinking: /home/evan/Documents/algo_gaze_project/install/op3_offset_tuner_msgs/include/op3_offset_tuner_msgs/op3_offset_tuner_msgs/srv/get_present_joint_offset_data.hpp
[24.999s] -- Symlinking: /home/evan/Documents/algo_gaze_project/install/op3_offset_tuner_msgs/include/op3_offset_tuner_msgs/op3_offset_tuner_msgs/msg/detail/joint_offset_data__rosidl_typesupport_fastrtps_cpp.hpp
[25.020s] -- Symlinking: /home/evan/Documents/algo_gaze_project/install/op3_offset_tuner_msgs/include/op3_offset_tuner_msgs/op3_offset_tuner_msgs/msg/detail/joint_offset_position_data__rosidl_typesupport_fastrtps_cpp.hpp
[25.033s] -- Symlinking: /home/evan/Documents/algo_gaze_project/install/op3_offset_tuner_msgs/include/op3_offset_tuner_msgs/op3_offset_tuner_msgs/msg/detail/joint_torque_on_off__rosidl_typesupport_fastrtps_cpp.hpp
[25.046s] -- Symlinking: /home/evan/Documents/algo_gaze_project/install/op3_offset_tuner_msgs/include/op3_offset_tuner_msgs/op3_offset_tuner_msgs/msg/detail/joint_torque_on_off_array__rosidl_typesupport_fastrtps_cpp.hpp
[25.065s] -- Symlinking: /home/evan/Documents/algo_gaze_project/install/op3_offset_tuner_msgs/include/op3_offset_tuner_msgs/op3_offset_tuner_msgs/msg/rosidl_typesupport_fastrtps_cpp__visibility_control.h
[25.080s] -- Symlinking: /home/evan/Documents/algo_gaze_project/install/op3_offset_tuner_msgs/include/op3_offset_tuner_msgs/op3_offset_tuner_msgs/srv/detail/get_present_joint_offset_data__rosidl_typesupport_fastrtps_cpp.hpp
[25.100s] -- Symlinking: /home/evan/Documents/algo_gaze_project/install/op3_offset_tuner_msgs/include/op3_offset_tuner_msgs/op3_offset_tuner_msgs/msg/detail/joint_offset_data__rosidl_typesupport_introspection_cpp.hpp
[25.119s] -- Symlinking: /home/evan/Documents/algo_gaze_project/install/op3_offset_tuner_msgs/include/op3_offset_tuner_msgs/op3_offset_tuner_msgs/msg/detail/joint_offset_position_data__rosidl_typesupport_introspection_cpp.hpp
[25.130s] -- Symlinking: /home/evan/Documents/algo_gaze_project/install/op3_offset_tuner_msgs/include/op3_offset_tuner_msgs/op3_offset_tuner_msgs/msg/detail/joint_torque_on_off__rosidl_typesupport_introspection_cpp.hpp
[25.144s] -- Symlinking: /home/evan/Documents/algo_gaze_project/install/op3_offset_tuner_msgs/include/op3_offset_tuner_msgs/op3_offset_tuner_msgs/msg/detail/joint_torque_on_off_array__rosidl_typesupport_introspection_cpp.hpp
[25.159s] -- Symlinking: /home/evan/Documents/algo_gaze_project/install/op3_offset_tuner_msgs/include/op3_offset_tuner_msgs/op3_offset_tuner_msgs/srv/detail/get_present_joint_offset_data__rosidl_typesupport_introspection_cpp.hpp
[25.181s] -- Symlinking: /home/evan/Documents/algo_gaze_project/install/op3_offset_tuner_msgs/share/op3_offset_tuner_msgs/environment/pythonpath.sh
[25.206s] -- Symlinking: /home/evan/Documents/algo_gaze_project/install/op3_offset_tuner_msgs/share/op3_offset_tuner_msgs/environment/pythonpath.dsv
[25.225s] -- Symlinking: /home/evan/Documents/algo_gaze_project/install/op3_offset_tuner_msgs/local/lib/python3.10/dist-packages/op3_offset_tuner_msgs-0.1.1-py3.10.egg-info/PKG-INFO
[25.242s] -- Symlinking: /home/evan/Documents/algo_gaze_project/install/op3_offset_tuner_msgs/local/lib/python3.10/dist-packages/op3_offset_tuner_msgs-0.1.1-py3.10.egg-info/SOURCES.txt
[25.263s] -- Symlinking: /home/evan/Documents/algo_gaze_project/install/op3_offset_tuner_msgs/local/lib/python3.10/dist-packages/op3_offset_tuner_msgs-0.1.1-py3.10.egg-info/dependency_links.txt
[25.283s] -- Symlinking: /home/evan/Documents/algo_gaze_project/install/op3_offset_tuner_msgs/local/lib/python3.10/dist-packages/op3_offset_tuner_msgs-0.1.1-py3.10.egg-info/top_level.txt
[25.307s] -- Symlinking: /home/evan/Documents/algo_gaze_project/install/op3_offset_tuner_msgs/local/lib/python3.10/dist-packages/op3_offset_tuner_msgs/__init__.py
[25.338s] -- Symlinking: /home/evan/Documents/algo_gaze_project/install/op3_offset_tuner_msgs/local/lib/python3.10/dist-packages/op3_offset_tuner_msgs/_op3_offset_tuner_msgs_s.ep.rosidl_typesupport_c.c
[25.357s] -- Symlinking: /home/evan/Documents/algo_gaze_project/install/op3_offset_tuner_msgs/local/lib/python3.10/dist-packages/op3_offset_tuner_msgs/_op3_offset_tuner_msgs_s.ep.rosidl_typesupport_fastrtps_c.c
[25.382s] -- Symlinking: /home/evan/Documents/algo_gaze_project/install/op3_offset_tuner_msgs/local/lib/python3.10/dist-packages/op3_offset_tuner_msgs/_op3_offset_tuner_msgs_s.ep.rosidl_typesupport_introspection_c.c
[25.392s] -- Symlinking: /home/evan/Documents/algo_gaze_project/install/op3_offset_tuner_msgs/local/lib/python3.10/dist-packages/op3_offset_tuner_msgs/libop3_offset_tuner_msgs__rosidl_generator_py.so
[25.408s] -- Symlinking: /home/evan/Documents/algo_gaze_project/install/op3_offset_tuner_msgs/local/lib/python3.10/dist-packages/op3_offset_tuner_msgs/msg/__init__.py
[25.422s] -- Symlinking: /home/evan/Documents/algo_gaze_project/install/op3_offset_tuner_msgs/local/lib/python3.10/dist-packages/op3_offset_tuner_msgs/msg/_joint_offset_data.py
[25.433s] -- Symlinking: /home/evan/Documents/algo_gaze_project/install/op3_offset_tuner_msgs/local/lib/python3.10/dist-packages/op3_offset_tuner_msgs/msg/_joint_offset_data_s.c
[25.443s] -- Symlinking: /home/evan/Documents/algo_gaze_project/install/op3_offset_tuner_msgs/local/lib/python3.10/dist-packages/op3_offset_tuner_msgs/msg/_joint_offset_position_data.py
[25.457s] -- Symlinking: /home/evan/Documents/algo_gaze_project/install/op3_offset_tuner_msgs/local/lib/python3.10/dist-packages/op3_offset_tuner_msgs/msg/_joint_offset_position_data_s.c
[25.474s] -- Symlinking: /home/evan/Documents/algo_gaze_project/install/op3_offset_tuner_msgs/local/lib/python3.10/dist-packages/op3_offset_tuner_msgs/msg/_joint_torque_on_off.py
[25.490s] -- Symlinking: /home/evan/Documents/algo_gaze_project/install/op3_offset_tuner_msgs/local/lib/python3.10/dist-packages/op3_offset_tuner_msgs/msg/_joint_torque_on_off_array.py
[25.507s] -- Symlinking: /home/evan/Documents/algo_gaze_project/install/op3_offset_tuner_msgs/local/lib/python3.10/dist-packages/op3_offset_tuner_msgs/msg/_joint_torque_on_off_array_s.c
[25.520s] -- Symlinking: /home/evan/Documents/algo_gaze_project/install/op3_offset_tuner_msgs/local/lib/python3.10/dist-packages/op3_offset_tuner_msgs/msg/_joint_torque_on_off_s.c
[25.547s] -- Symlinking: /home/evan/Documents/algo_gaze_project/install/op3_offset_tuner_msgs/local/lib/python3.10/dist-packages/op3_offset_tuner_msgs/op3_offset_tuner_msgs_s__rosidl_typesupport_c.cpython-310-x86_64-linux-gnu.so
[25.547s] -- Symlinking: /home/evan/Documents/algo_gaze_project/install/op3_offset_tuner_msgs/local/lib/python3.10/dist-packages/op3_offset_tuner_msgs/op3_offset_tuner_msgs_s__rosidl_typesupport_fastrtps_c.cpython-310-x86_64-linux-gnu.so
[25.571s] -- Symlinking: /home/evan/Documents/algo_gaze_project/install/op3_offset_tuner_msgs/local/lib/python3.10/dist-packages/op3_offset_tuner_msgs/op3_offset_tuner_msgs_s__rosidl_typesupport_introspection_c.cpython-310-x86_64-linux-gnu.so
[25.587s] -- Symlinking: /home/evan/Documents/algo_gaze_project/install/op3_offset_tuner_msgs/local/lib/python3.10/dist-packages/op3_offset_tuner_msgs/srv/__init__.py
[25.600s] -- Symlinking: /home/evan/Documents/algo_gaze_project/install/op3_offset_tuner_msgs/local/lib/python3.10/dist-packages/op3_offset_tuner_msgs/srv/_get_present_joint_offset_data.py
[25.616s] -- Symlinking: /home/evan/Documents/algo_gaze_project/install/op3_offset_tuner_msgs/local/lib/python3.10/dist-packages/op3_offset_tuner_msgs/srv/_get_present_joint_offset_data_s.c
[25.631s] -- Up-to-date symlink: /home/evan/Documents/algo_gaze_project/install/op3_offset_tuner_msgs/local/lib/python3.10/dist-packages/op3_offset_tuner_msgs/op3_offset_tuner_msgs_s__rosidl_typesupport_fastrtps_c.cpython-310-x86_64-linux-gnu.so
[25.631s] -- Up-to-date symlink: /home/evan/Documents/algo_gaze_project/install/op3_offset_tuner_msgs/local/lib/python3.10/dist-packages/op3_offset_tuner_msgs/op3_offset_tuner_msgs_s__rosidl_typesupport_introspection_c.cpython-310-x86_64-linux-gnu.so
[25.631s] -- Up-to-date symlink: /home/evan/Documents/algo_gaze_project/install/op3_offset_tuner_msgs/local/lib/python3.10/dist-packages/op3_offset_tuner_msgs/op3_offset_tuner_msgs_s__rosidl_typesupport_c.cpython-310-x86_64-linux-gnu.so
[25.632s] -- Symlinking: /home/evan/Documents/algo_gaze_project/install/op3_offset_tuner_msgs/share/ament_index/resource_index/rust_packages/op3_offset_tuner_msgs
[25.657s] -- Symlinking: /home/evan/Documents/algo_gaze_project/install/op3_offset_tuner_msgs/share/op3_offset_tuner_msgs/rust/Cargo.toml
[25.680s] -- Symlinking: /home/evan/Documents/algo_gaze_project/install/op3_offset_tuner_msgs/share/op3_offset_tuner_msgs/rust/build.rs
[25.700s] -- Symlinking: /home/evan/Documents/algo_gaze_project/install/op3_offset_tuner_msgs/share/op3_offset_tuner_msgs/rust/src/lib.rs
[25.721s] -- Symlinking: /home/evan/Documents/algo_gaze_project/install/op3_offset_tuner_msgs/share/op3_offset_tuner_msgs/rust/src/msg.rs
[25.741s] -- Symlinking: /home/evan/Documents/algo_gaze_project/install/op3_offset_tuner_msgs/share/op3_offset_tuner_msgs/rust/src/msg/rmw.rs
[25.764s] -- Symlinking: /home/evan/Documents/algo_gaze_project/install/op3_offset_tuner_msgs/share/op3_offset_tuner_msgs/rust/src/srv.rs
[25.787s] -- Symlinking: /home/evan/Documents/algo_gaze_project/install/op3_offset_tuner_msgs/share/op3_offset_tuner_msgs/rust/src/srv/rmw.rs
[25.805s] -- Symlinking: /home/evan/Documents/algo_gaze_project/install/op3_offset_tuner_msgs/share/op3_offset_tuner_msgs/msg/JointOffsetData.idl
[25.827s] -- Symlinking: /home/evan/Documents/algo_gaze_project/install/op3_offset_tuner_msgs/share/op3_offset_tuner_msgs/msg/JointOffsetPositionData.idl
[25.848s] -- Symlinking: /home/evan/Documents/algo_gaze_project/install/op3_offset_tuner_msgs/share/op3_offset_tuner_msgs/msg/JointTorqueOnOff.idl
[25.871s] -- Symlinking: /home/evan/Documents/algo_gaze_project/install/op3_offset_tuner_msgs/share/op3_offset_tuner_msgs/msg/JointTorqueOnOffArray.idl
[25.888s] -- Symlinking: /home/evan/Documents/algo_gaze_project/install/op3_offset_tuner_msgs/share/op3_offset_tuner_msgs/srv/GetPresentJointOffsetData.idl
[25.901s] -- Symlinking: /home/evan/Documents/algo_gaze_project/install/op3_offset_tuner_msgs/share/op3_offset_tuner_msgs/msg/JointOffsetData.msg
[25.913s] -- Symlinking: /home/evan/Documents/algo_gaze_project/install/op3_offset_tuner_msgs/share/op3_offset_tuner_msgs/msg/JointOffsetPositionData.msg
[25.927s] -- Symlinking: /home/evan/Documents/algo_gaze_project/install/op3_offset_tuner_msgs/share/op3_offset_tuner_msgs/msg/JointTorqueOnOff.msg
[25.939s] -- Symlinking: /home/evan/Documents/algo_gaze_project/install/op3_offset_tuner_msgs/share/op3_offset_tuner_msgs/msg/JointTorqueOnOffArray.msg
[25.952s] -- Symlinking: /home/evan/Documents/algo_gaze_project/install/op3_offset_tuner_msgs/share/op3_offset_tuner_msgs/srv/GetPresentJointOffsetData.srv
[25.964s] -- Symlinking: /home/evan/Documents/algo_gaze_project/install/op3_offset_tuner_msgs/share/op3_offset_tuner_msgs/srv/GetPresentJointOffsetData_Request.msg
[25.975s] -- Symlinking: /home/evan/Documents/algo_gaze_project/install/op3_offset_tuner_msgs/share/op3_offset_tuner_msgs/srv/GetPresentJointOffsetData_Response.msg
[25.990s] -- Symlinking: /home/evan/Documents/algo_gaze_project/install/op3_offset_tuner_msgs/share/ament_index/resource_index/package_run_dependencies/op3_offset_tuner_msgs
[26.005s] -- Symlinking: /home/evan/Documents/algo_gaze_project/install/op3_offset_tuner_msgs/share/ament_index/resource_index/parent_prefix_path/op3_offset_tuner_msgs
[26.012s] -- Symlinking: /home/evan/Documents/algo_gaze_project/install/op3_offset_tuner_msgs/share/op3_offset_tuner_msgs/environment/ament_prefix_path.sh
[26.023s] -- Symlinking: /home/evan/Documents/algo_gaze_project/install/op3_offset_tuner_msgs/share/op3_offset_tuner_msgs/environment/ament_prefix_path.dsv
[26.035s] -- Symlinking: /home/evan/Documents/algo_gaze_project/install/op3_offset_tuner_msgs/share/op3_offset_tuner_msgs/environment/path.sh
[26.045s] -- Symlinking: /home/evan/Documents/algo_gaze_project/install/op3_offset_tuner_msgs/share/op3_offset_tuner_msgs/environment/path.dsv
[26.060s] -- Symlinking: /home/evan/Documents/algo_gaze_project/install/op3_offset_tuner_msgs/share/op3_offset_tuner_msgs/local_setup.bash
[26.067s] -- Symlinking: /home/evan/Documents/algo_gaze_project/install/op3_offset_tuner_msgs/share/op3_offset_tuner_msgs/local_setup.sh
[26.080s] -- Symlinking: /home/evan/Documents/algo_gaze_project/install/op3_offset_tuner_msgs/share/op3_offset_tuner_msgs/local_setup.zsh
[26.092s] -- Symlinking: /home/evan/Documents/algo_gaze_project/install/op3_offset_tuner_msgs/share/op3_offset_tuner_msgs/local_setup.dsv
[26.105s] -- Symlinking: /home/evan/Documents/algo_gaze_project/install/op3_offset_tuner_msgs/share/op3_offset_tuner_msgs/package.dsv
[26.121s] -- Symlinking: /home/evan/Documents/algo_gaze_project/install/op3_offset_tuner_msgs/share/ament_index/resource_index/packages/op3_offset_tuner_msgs
[26.134s] -- Symlinking: /home/evan/Documents/algo_gaze_project/install/op3_offset_tuner_msgs/share/op3_offset_tuner_msgs/cmake/rosidl_cmake-extras.cmake
[26.156s] -- Symlinking: /home/evan/Documents/algo_gaze_project/install/op3_offset_tuner_msgs/share/op3_offset_tuner_msgs/cmake/ament_cmake_export_dependencies-extras.cmake
[26.166s] -- Symlinking: /home/evan/Documents/algo_gaze_project/install/op3_offset_tuner_msgs/share/op3_offset_tuner_msgs/cmake/ament_cmake_export_include_directories-extras.cmake
[26.178s] -- Symlinking: /home/evan/Documents/algo_gaze_project/install/op3_offset_tuner_msgs/share/op3_offset_tuner_msgs/cmake/ament_cmake_export_libraries-extras.cmake
[26.187s] -- Symlinking: /home/evan/Documents/algo_gaze_project/install/op3_offset_tuner_msgs/share/op3_offset_tuner_msgs/cmake/ament_cmake_export_targets-extras.cmake
[26.197s] -- Symlinking: /home/evan/Documents/algo_gaze_project/install/op3_offset_tuner_msgs/share/op3_offset_tuner_msgs/cmake/rosidl_cmake_export_typesupport_targets-extras.cmake
[26.207s] -- Symlinking: /home/evan/Documents/algo_gaze_project/install/op3_offset_tuner_msgs/share/op3_offset_tuner_msgs/cmake/rosidl_cmake_export_typesupport_libraries-extras.cmake
[26.223s] -- Symlinking: /home/evan/Documents/algo_gaze_project/install/op3_offset_tuner_msgs/share/op3_offset_tuner_msgs/cmake/op3_offset_tuner_msgsConfig.cmake
[26.229s] -- Symlinking: /home/evan/Documents/algo_gaze_project/install/op3_offset_tuner_msgs/share/op3_offset_tuner_msgs/cmake/op3_offset_tuner_msgsConfig-version.cmake
[26.239s] -- Symlinking: /home/evan/Documents/algo_gaze_project/install/op3_offset_tuner_msgs/share/op3_offset_tuner_msgs/package.xml
[26.252s] -- Installing: /home/evan/Documents/algo_gaze_project/install/op3_offset_tuner_msgs/lib/libop3_offset_tuner_msgs__rosidl_generator_c.so
[26.253s] -- Set runtime path of "/home/evan/Documents/algo_gaze_project/install/op3_offset_tuner_msgs/lib/libop3_offset_tuner_msgs__rosidl_generator_c.so" to ""
[26.253s] -- Installing: /home/evan/Documents/algo_gaze_project/install/op3_offset_tuner_msgs/lib/libop3_offset_tuner_msgs__rosidl_typesupport_fastrtps_c.so
[26.253s] -- Set runtime path of "/home/evan/Documents/algo_gaze_project/install/op3_offset_tuner_msgs/lib/libop3_offset_tuner_msgs__rosidl_typesupport_fastrtps_c.so" to ""
[26.253s] -- Installing: /home/evan/Documents/algo_gaze_project/install/op3_offset_tuner_msgs/lib/libop3_offset_tuner_msgs__rosidl_typesupport_introspection_c.so
[26.254s] -- Set runtime path of "/home/evan/Documents/algo_gaze_project/install/op3_offset_tuner_msgs/lib/libop3_offset_tuner_msgs__rosidl_typesupport_introspection_c.so" to ""
[26.254s] -- Installing: /home/evan/Documents/algo_gaze_project/install/op3_offset_tuner_msgs/lib/libop3_offset_tuner_msgs__rosidl_typesupport_c.so
[26.254s] -- Set runtime path of "/home/evan/Documents/algo_gaze_project/install/op3_offset_tuner_msgs/lib/libop3_offset_tuner_msgs__rosidl_typesupport_c.so" to ""
[26.254s] -- Installing: /home/evan/Documents/algo_gaze_project/install/op3_offset_tuner_msgs/lib/libop3_offset_tuner_msgs__rosidl_typesupport_fastrtps_cpp.so
[26.258s] -- Set runtime path of "/home/evan/Documents/algo_gaze_project/install/op3_offset_tuner_msgs/lib/libop3_offset_tuner_msgs__rosidl_typesupport_fastrtps_cpp.so" to ""
[26.258s] -- Installing: /home/evan/Documents/algo_gaze_project/install/op3_offset_tuner_msgs/lib/libop3_offset_tuner_msgs__rosidl_typesupport_introspection_cpp.so
[26.258s] -- Set runtime path of "/home/evan/Documents/algo_gaze_project/install/op3_offset_tuner_msgs/lib/libop3_offset_tuner_msgs__rosidl_typesupport_introspection_cpp.so" to ""
[26.258s] -- Installing: /home/evan/Documents/algo_gaze_project/install/op3_offset_tuner_msgs/lib/libop3_offset_tuner_msgs__rosidl_typesupport_cpp.so
[26.260s] -- Set runtime path of "/home/evan/Documents/algo_gaze_project/install/op3_offset_tuner_msgs/lib/libop3_offset_tuner_msgs__rosidl_typesupport_cpp.so" to ""
[26.320s] Listing '/home/evan/Documents/algo_gaze_project/install/op3_offset_tuner_msgs/local/lib/python3.10/dist-packages/op3_offset_tuner_msgs'...
[26.320s] Compiling '/home/evan/Documents/algo_gaze_project/install/op3_offset_tuner_msgs/local/lib/python3.10/dist-packages/op3_offset_tuner_msgs/__init__.py'...
[26.321s] Listing '/home/evan/Documents/algo_gaze_project/install/op3_offset_tuner_msgs/local/lib/python3.10/dist-packages/op3_offset_tuner_msgs/msg'...
[26.321s] Compiling '/home/evan/Documents/algo_gaze_project/install/op3_offset_tuner_msgs/local/lib/python3.10/dist-packages/op3_offset_tuner_msgs/msg/__init__.py'...
[26.321s] Compiling '/home/evan/Documents/algo_gaze_project/install/op3_offset_tuner_msgs/local/lib/python3.10/dist-packages/op3_offset_tuner_msgs/msg/_joint_offset_data.py'...
[26.321s] Compiling '/home/evan/Documents/algo_gaze_project/install/op3_offset_tuner_msgs/local/lib/python3.10/dist-packages/op3_offset_tuner_msgs/msg/_joint_offset_position_data.py'...
[26.321s] Compiling '/home/evan/Documents/algo_gaze_project/install/op3_offset_tuner_msgs/local/lib/python3.10/dist-packages/op3_offset_tuner_msgs/msg/_joint_torque_on_off.py'...
[26.321s] Compiling '/home/evan/Documents/algo_gaze_project/install/op3_offset_tuner_msgs/local/lib/python3.10/dist-packages/op3_offset_tuner_msgs/msg/_joint_torque_on_off_array.py'...
[26.321s] Listing '/home/evan/Documents/algo_gaze_project/install/op3_offset_tuner_msgs/local/lib/python3.10/dist-packages/op3_offset_tuner_msgs/srv'...
[26.321s] Compiling '/home/evan/Documents/algo_gaze_project/install/op3_offset_tuner_msgs/local/lib/python3.10/dist-packages/op3_offset_tuner_msgs/srv/__init__.py'...
[26.321s] Compiling '/home/evan/Documents/algo_gaze_project/install/op3_offset_tuner_msgs/local/lib/python3.10/dist-packages/op3_offset_tuner_msgs/srv/_get_present_joint_offset_data.py'...
[26.335s] -- Installing: /home/evan/Documents/algo_gaze_project/install/op3_offset_tuner_msgs/lib/libop3_offset_tuner_msgs__rosidl_generator_py.so
[26.335s] -- Set runtime path of "/home/evan/Documents/algo_gaze_project/install/op3_offset_tuner_msgs/lib/libop3_offset_tuner_msgs__rosidl_generator_py.so" to ""
[26.336s] -- Installing: /home/evan/Documents/algo_gaze_project/install/op3_offset_tuner_msgs/share/op3_offset_tuner_msgs/cmake/export_op3_offset_tuner_msgs__rosidl_generator_cExport.cmake
[26.336s] -- Installing: /home/evan/Documents/algo_gaze_project/install/op3_offset_tuner_msgs/share/op3_offset_tuner_msgs/cmake/export_op3_offset_tuner_msgs__rosidl_generator_cExport-noconfig.cmake
[26.337s] -- Installing: /home/evan/Documents/algo_gaze_project/install/op3_offset_tuner_msgs/share/op3_offset_tuner_msgs/cmake/export_op3_offset_tuner_msgs__rosidl_typesupport_fastrtps_cExport.cmake
[26.337s] -- Installing: /home/evan/Documents/algo_gaze_project/install/op3_offset_tuner_msgs/share/op3_offset_tuner_msgs/cmake/export_op3_offset_tuner_msgs__rosidl_typesupport_fastrtps_cExport-noconfig.cmake
[26.337s] -- Installing: /home/evan/Documents/algo_gaze_project/install/op3_offset_tuner_msgs/share/op3_offset_tuner_msgs/cmake/op3_offset_tuner_msgs__rosidl_typesupport_introspection_cExport.cmake
[26.338s] -- Installing: /home/evan/Documents/algo_gaze_project/install/op3_offset_tuner_msgs/share/op3_offset_tuner_msgs/cmake/op3_offset_tuner_msgs__rosidl_typesupport_introspection_cExport-noconfig.cmake
[26.341s] -- Installing: /home/evan/Documents/algo_gaze_project/install/op3_offset_tuner_msgs/share/op3_offset_tuner_msgs/cmake/op3_offset_tuner_msgs__rosidl_typesupport_cExport.cmake
[26.342s] -- Installing: /home/evan/Documents/algo_gaze_project/install/op3_offset_tuner_msgs/share/op3_offset_tuner_msgs/cmake/op3_offset_tuner_msgs__rosidl_typesupport_cExport-noconfig.cmake
[26.342s] -- Installing: /home/evan/Documents/algo_gaze_project/install/op3_offset_tuner_msgs/share/op3_offset_tuner_msgs/cmake/export_op3_offset_tuner_msgs__rosidl_generator_cppExport.cmake
[26.352s] -- Installing: /home/evan/Documents/algo_gaze_project/install/op3_offset_tuner_msgs/share/op3_offset_tuner_msgs/cmake/export_op3_offset_tuner_msgs__rosidl_typesupport_fastrtps_cppExport.cmake
[26.352s] -- Installing: /home/evan/Documents/algo_gaze_project/install/op3_offset_tuner_msgs/share/op3_offset_tuner_msgs/cmake/export_op3_offset_tuner_msgs__rosidl_typesupport_fastrtps_cppExport-noconfig.cmake
[26.352s] -- Installing: /home/evan/Documents/algo_gaze_project/install/op3_offset_tuner_msgs/share/op3_offset_tuner_msgs/cmake/op3_offset_tuner_msgs__rosidl_typesupport_introspection_cppExport.cmake
[26.352s] -- Installing: /home/evan/Documents/algo_gaze_project/install/op3_offset_tuner_msgs/share/op3_offset_tuner_msgs/cmake/op3_offset_tuner_msgs__rosidl_typesupport_introspection_cppExport-noconfig.cmake
[26.352s] -- Installing: /home/evan/Documents/algo_gaze_project/install/op3_offset_tuner_msgs/share/op3_offset_tuner_msgs/cmake/op3_offset_tuner_msgs__rosidl_typesupport_cppExport.cmake
[26.352s] -- Installing: /home/evan/Documents/algo_gaze_project/install/op3_offset_tuner_msgs/share/op3_offset_tuner_msgs/cmake/op3_offset_tuner_msgs__rosidl_typesupport_cppExport-noconfig.cmake
[26.353s] -- Installing: /home/evan/Documents/algo_gaze_project/install/op3_offset_tuner_msgs/share/op3_offset_tuner_msgs/cmake/export_op3_offset_tuner_msgs__rosidl_generator_pyExport.cmake
[26.353s] -- Installing: /home/evan/Documents/algo_gaze_project/install/op3_offset_tuner_msgs/share/op3_offset_tuner_msgs/cmake/export_op3_offset_tuner_msgs__rosidl_generator_pyExport-noconfig.cmake
[26.363s] Invoked command in '/home/evan/Documents/algo_gaze_project/build/op3_offset_tuner_msgs' returned '0': CMAKE_PREFIX_PATH=/opt/ros/humble /usr/bin/cmake --install /home/evan/Documents/algo_gaze_project/build/op3_offset_tuner_msgs
