[0.039s] Invoking command in '/home/evan/Documents/algo_gaze_project/build/op3_action_module': AMENT_PREFIX_PATH=/home/evan/Documents/algo_gaze_project/install/robotis_framework_common:/home/evan/Documents/algo_gaze_project/install/robotis_device:/home/evan/Documents/algo_gaze_project/install/robotis_controller_msgs:/home/evan/Documents/algo_gaze_project/install/op3_action_module_msgs:/home/evan/Documents/algo_gaze_project/install/dynamixel_sdk:${AMENT_PREFIX_PATH} CMAKE_PREFIX_PATH=/home/evan/Documents/algo_gaze_project/install/robotis_framework_common:/home/evan/Documents/algo_gaze_project/install/robotis_device:/home/evan/Documents/algo_gaze_project/install/robotis_controller_msgs:/home/evan/Documents/algo_gaze_project/install/op3_action_module_msgs:/home/evan/Documents/algo_gaze_project/install/dynamixel_sdk:/opt/ros/humble LD_LIBRARY_PATH=/home/evan/Documents/algo_gaze_project/install/robotis_device/lib:/home/evan/Documents/algo_gaze_project/install/robotis_controller_msgs/lib:/home/evan/Documents/algo_gaze_project/install/op3_action_module_msgs/lib:/home/evan/Documents/algo_gaze_project/install/dynamixel_sdk/lib:${LD_LIBRARY_PATH} PYTHONPATH=/home/evan/Documents/algo_gaze_project/install/robotis_controller_msgs/local/lib/python3.10/dist-packages:/home/evan/Documents/algo_gaze_project/install/op3_action_module_msgs/local/lib/python3.10/dist-packages:/home/evan/Documents/algo_gaze_project/install/dynamixel_sdk/local/lib/python3.10/dist-packages:${PYTHONPATH} /usr/bin/cmake /home/evan/Documents/algo_gaze_project/ROBOTIS-OP3/op3_action_module -DAMENT_CMAKE_SYMLINK_INSTALL=1 -DCMAKE_INSTALL_PREFIX=/home/evan/Documents/algo_gaze_project/install/op3_action_module
[0.123s] -- The C compiler identification is GNU 11.4.0
[0.223s] -- The CXX compiler identification is GNU 11.4.0
[0.231s] -- Detecting C compiler ABI info
[0.328s] -- Detecting C compiler ABI info - done
[0.338s] -- Check for working C compiler: /usr/bin/cc - skipped
[0.340s] -- Detecting C compile features
[0.340s] -- Detecting C compile features - done
[0.341s] -- Detecting CXX compiler ABI info
[0.443s] -- Detecting CXX compiler ABI info - done
[0.449s] -- Check for working CXX compiler: /usr/bin/c++ - skipped
[0.449s] -- Detecting CXX compile features
[0.451s] -- Detecting CXX compile features - done
[0.456s] -- Found ament_cmake: 1.3.14 (/opt/ros/humble/share/ament_cmake/cmake)
[0.690s] -- Found Python3: /usr/bin/python3 (found version "3.10.12") found components: Interpreter 
[0.785s] -- Override CMake install command with custom implementation using symlinks instead of copying resources
[0.830s] -- Found ament_index_cpp: 1.4.1 (/opt/ros/humble/share/ament_index_cpp/cmake)
[0.833s] -- Found rclcpp: 16.0.19 (/opt/ros/humble/share/rclcpp/cmake)
[0.917s] -- Found rosidl_generator_c: 3.1.8 (/opt/ros/humble/share/rosidl_generator_c/cmake)
[0.924s] -- Found rosidl_adapter: 3.1.8 (/opt/ros/humble/share/rosidl_adapter/cmake)
[0.939s] -- Found rosidl_generator_cpp: 3.1.8 (/opt/ros/humble/share/rosidl_generator_cpp/cmake)
[0.966s] -- Using all available rosidl_typesupport_c: rosidl_typesupport_fastrtps_c;rosidl_typesupport_introspection_c
[0.999s] -- Using all available rosidl_typesupport_cpp: rosidl_typesupport_fastrtps_cpp;rosidl_typesupport_introspection_cpp
[1.079s] -- Found rmw_implementation_cmake: 6.1.2 (/opt/ros/humble/share/rmw_implementation_cmake/cmake)
[1.084s] -- Found rmw_fastrtps_cpp: 6.2.10 (/opt/ros/humble/share/rmw_fastrtps_cpp/cmake)
[1.248s] -- Found OpenSSL: /usr/lib/x86_64-linux-gnu/libcrypto.so (found version "3.0.2")  
[1.296s] -- Found FastRTPS: /opt/ros/humble/include  
[1.383s] -- Using RMW implementation 'rmw_fastrtps_cpp' as default
[1.397s] -- Looking for pthread.h
[1.852s] -- Looking for pthread.h - found
[1.852s] -- Performing Test CMAKE_HAVE_LIBC_PTHREAD
[2.096s] -- Performing Test CMAKE_HAVE_LIBC_PTHREAD - Success
[2.098s] -- Found Threads: TRUE  
[2.199s] -- Found dynamixel_sdk: 3.8.4 (/home/evan/Documents/algo_gaze_project/install/dynamixel_sdk/share/dynamixel_sdk/cmake)
[2.204s] -- Found robotis_controller_msgs: 0.1.4 (/home/evan/Documents/algo_gaze_project/install/robotis_controller_msgs/share/robotis_controller_msgs/cmake)
[2.312s] -- Found op3_action_module_msgs: 0.1.1 (/home/evan/Documents/algo_gaze_project/install/op3_action_module_msgs/share/op3_action_module_msgs/cmake)
[2.349s] -- Found robotis_framework_common: 0.2.9 (/home/evan/Documents/algo_gaze_project/install/robotis_framework_common/share/robotis_framework_common/cmake)
[2.351s] -- Found robotis_device: 0.2.9 (/home/evan/Documents/algo_gaze_project/install/robotis_device/share/robotis_device/cmake)
[2.542s] -- Configuring done
[2.562s] -- Generating done
[2.568s] -- Build files have been written to: /home/evan/Documents/algo_gaze_project/build/op3_action_module
[2.601s] Invoked command in '/home/evan/Documents/algo_gaze_project/build/op3_action_module' returned '0': AMENT_PREFIX_PATH=/home/evan/Documents/algo_gaze_project/install/robotis_framework_common:/home/evan/Documents/algo_gaze_project/install/robotis_device:/home/evan/Documents/algo_gaze_project/install/robotis_controller_msgs:/home/evan/Documents/algo_gaze_project/install/op3_action_module_msgs:/home/evan/Documents/algo_gaze_project/install/dynamixel_sdk:${AMENT_PREFIX_PATH} CMAKE_PREFIX_PATH=/home/evan/Documents/algo_gaze_project/install/robotis_framework_common:/home/evan/Documents/algo_gaze_project/install/robotis_device:/home/evan/Documents/algo_gaze_project/install/robotis_controller_msgs:/home/evan/Documents/algo_gaze_project/install/op3_action_module_msgs:/home/evan/Documents/algo_gaze_project/install/dynamixel_sdk:/opt/ros/humble LD_LIBRARY_PATH=/home/evan/Documents/algo_gaze_project/install/robotis_device/lib:/home/evan/Documents/algo_gaze_project/install/robotis_controller_msgs/lib:/home/evan/Documents/algo_gaze_project/install/op3_action_module_msgs/lib:/home/evan/Documents/algo_gaze_project/install/dynamixel_sdk/lib:${LD_LIBRARY_PATH} PYTHONPATH=/home/evan/Documents/algo_gaze_project/install/robotis_controller_msgs/local/lib/python3.10/dist-packages:/home/evan/Documents/algo_gaze_project/install/op3_action_module_msgs/local/lib/python3.10/dist-packages:/home/evan/Documents/algo_gaze_project/install/dynamixel_sdk/local/lib/python3.10/dist-packages:${PYTHONPATH} /usr/bin/cmake /home/evan/Documents/algo_gaze_project/ROBOTIS-OP3/op3_action_module -DAMENT_CMAKE_SYMLINK_INSTALL=1 -DCMAKE_INSTALL_PREFIX=/home/evan/Documents/algo_gaze_project/install/op3_action_module
[2.607s] Invoking command in '/home/evan/Documents/algo_gaze_project/build/op3_action_module': AMENT_PREFIX_PATH=/home/evan/Documents/algo_gaze_project/install/robotis_framework_common:/home/evan/Documents/algo_gaze_project/install/robotis_device:/home/evan/Documents/algo_gaze_project/install/robotis_controller_msgs:/home/evan/Documents/algo_gaze_project/install/op3_action_module_msgs:/home/evan/Documents/algo_gaze_project/install/dynamixel_sdk:${AMENT_PREFIX_PATH} CMAKE_PREFIX_PATH=/home/evan/Documents/algo_gaze_project/install/robotis_framework_common:/home/evan/Documents/algo_gaze_project/install/robotis_device:/home/evan/Documents/algo_gaze_project/install/robotis_controller_msgs:/home/evan/Documents/algo_gaze_project/install/op3_action_module_msgs:/home/evan/Documents/algo_gaze_project/install/dynamixel_sdk:/opt/ros/humble LD_LIBRARY_PATH=/home/evan/Documents/algo_gaze_project/install/robotis_device/lib:/home/evan/Documents/algo_gaze_project/install/robotis_controller_msgs/lib:/home/evan/Documents/algo_gaze_project/install/op3_action_module_msgs/lib:/home/evan/Documents/algo_gaze_project/install/dynamixel_sdk/lib:${LD_LIBRARY_PATH} PYTHONPATH=/home/evan/Documents/algo_gaze_project/install/robotis_controller_msgs/local/lib/python3.10/dist-packages:/home/evan/Documents/algo_gaze_project/install/op3_action_module_msgs/local/lib/python3.10/dist-packages:/home/evan/Documents/algo_gaze_project/install/dynamixel_sdk/local/lib/python3.10/dist-packages:${PYTHONPATH} /usr/bin/cmake --build /home/evan/Documents/algo_gaze_project/build/op3_action_module -- -j12 -l12
[3.348s] [ 50%] [32mBuilding CXX object CMakeFiles/op3_action_module.dir/src/action_module.cpp.o[0m
[25.820s] [100%] [32m[1mLinking CXX shared library libop3_action_module.so[0m
[26.828s] [100%] Built target op3_action_module
