-- The C compiler identification is GNU 11.4.0
-- The CXX compiler identification is GNU 11.4.0
-- Detecting C compiler ABI info
-- Detecting C compiler ABI info - done
-- Check for working C compiler: /usr/bin/cc - skipped
-- Detecting C compile features
-- Detecting C compile features - done
-- Detecting CXX compiler ABI info
-- Detecting CXX compiler ABI info - done
-- Check for working CXX compiler: /usr/bin/c++ - skipped
-- Detecting CXX compile features
-- Detecting CXX compile features - done
-- Found ament_cmake: 1.3.14 (/opt/ros/humble/share/ament_cmake/cmake)
-- Found Python3: /usr/bin/python3 (found version "3.10.12") found components: Interpreter 
-- Override CMake install command with custom implementation using symlinks instead of copying resources
-- Found std_msgs: 4.9.1 (/opt/ros/humble/share/std_msgs/cmake)
-- Found rosidl_generator_c: 3.1.8 (/opt/ros/humble/share/rosidl_generator_c/cmake)
-- Found rosidl_adapter: 3.1.8 (/opt/ros/humble/share/rosidl_adapter/cmake)
-- Found rosidl_generator_cpp: 3.1.8 (/opt/ros/humble/share/rosidl_generator_cpp/cmake)
-- Using all available rosidl_typesupport_c: rosidl_typesupport_fastrtps_c;rosidl_typesupport_introspection_c
-- Using all available rosidl_typesupport_cpp: rosidl_typesupport_fastrtps_cpp;rosidl_typesupport_introspection_cpp
-- Found sensor_msgs: 4.9.1 (/opt/ros/humble/share/sensor_msgs/cmake)
-- Found rosidl_default_generators: 1.2.1 (/opt/ros/humble/share/rosidl_default_generators/cmake)
-- Found ament_cmake_ros: 0.10.0 (/opt/ros/humble/share/ament_cmake_ros/cmake)
-- Using all available rosidl_typesupport_c: rosidl_typesupport_fastrtps_c;rosidl_typesupport_introspection_c
-- Using all available rosidl_typesupport_cpp: rosidl_typesupport_fastrtps_cpp;rosidl_typesupport_introspection_cpp
-- Found PythonInterp: /usr/bin/python3 (found suitable version "3.10.12", minimum required is "3.6") 
-- Found python_cmake_module: 0.10.0 (/opt/ros/humble/share/python_cmake_module/cmake)
-- Found PythonLibs: /usr/lib/x86_64-linux-gnu/libpython3.10.so (found suitable version "3.10.12", minimum required is "3.5") 
-- Using PYTHON_EXECUTABLE: /usr/bin/python3
-- Using PYTHON_INCLUDE_DIRS: /usr/include/python3.10
-- Using PYTHON_LIBRARIES: /usr/lib/x86_64-linux-gnu/libpython3.10.so
-- Found PythonExtra: .so  
-- Configuring done
-- Generating done
-- Build files have been written to: /home/evan/Documents/algo_gaze_project/build/op3_ball_detector_msgs
[  1%] [34m[1mGenerating C code for ROS interfaces[0m
[  3%] [34m[1mGenerating Rust code for ROS interfaces[0m
[  5%] [34m[1mGenerating C++ code for ROS interfaces[0m
[  5%] Built target ament_cmake_python_symlink_op3_ball_detector_msgs
running egg_info
creating op3_ball_detector_msgs.egg-info
writing op3_ball_detector_msgs.egg-info/PKG-INFO
writing dependency_links to op3_ball_detector_msgs.egg-info/dependency_links.txt
writing top-level names to op3_ball_detector_msgs.egg-info/top_level.txt
writing manifest file 'op3_ball_detector_msgs.egg-info/SOURCES.txt'
reading manifest file 'op3_ball_detector_msgs.egg-info/SOURCES.txt'
writing manifest file 'op3_ball_detector_msgs.egg-info/SOURCES.txt'
[  5%] Built target ament_cmake_python_build_op3_ball_detector_msgs_egg
[  5%] Built target op3_ball_detector_msgs__rs
[  7%] [32mBuilding C object CMakeFiles/op3_ball_detector_msgs__rosidl_generator_c.dir/rosidl_generator_c/op3_ball_detector_msgs/msg/detail/ball_detector_params__functions.c.o[0m
[  8%] [32mBuilding C object CMakeFiles/op3_ball_detector_msgs__rosidl_generator_c.dir/rosidl_generator_c/op3_ball_detector_msgs/srv/detail/set_parameters__functions.c.o[0m
[ 10%] [32mBuilding C object CMakeFiles/op3_ball_detector_msgs__rosidl_generator_c.dir/rosidl_generator_c/op3_ball_detector_msgs/srv/detail/get_parameters__functions.c.o[0m
[ 12%] [32mBuilding C object CMakeFiles/op3_ball_detector_msgs__rosidl_generator_c.dir/rosidl_generator_c/op3_ball_detector_msgs/msg/detail/circle_set_stamped__functions.c.o[0m
[ 14%] [32m[1mLinking C shared library libop3_ball_detector_msgs__rosidl_generator_c.so[0m
[ 14%] Built target op3_ball_detector_msgs__cpp
[ 14%] Built target op3_ball_detector_msgs__rosidl_generator_c
[ 16%] [34m[1mGenerating C++ type support dispatch for ROS interfaces[0m
[ 17%] [32mBuilding CXX object CMakeFiles/op3_ball_detector_msgs__rosidl_typesupport_cpp.dir/rosidl_typesupport_cpp/op3_ball_detector_msgs/msg/ball_detector_params__type_support.cpp.o[0m
[ 19%] [32mBuilding CXX object CMakeFiles/op3_ball_detector_msgs__rosidl_typesupport_cpp.dir/rosidl_typesupport_cpp/op3_ball_detector_msgs/srv/set_parameters__type_support.cpp.o[0m
[ 21%] [32mBuilding CXX object CMakeFiles/op3_ball_detector_msgs__rosidl_typesupport_cpp.dir/rosidl_typesupport_cpp/op3_ball_detector_msgs/srv/get_parameters__type_support.cpp.o[0m
[ 23%] [32mBuilding CXX object CMakeFiles/op3_ball_detector_msgs__rosidl_typesupport_cpp.dir/rosidl_typesupport_cpp/op3_ball_detector_msgs/msg/circle_set_stamped__type_support.cpp.o[0m
[ 25%] [32m[1mLinking CXX shared library libop3_ball_detector_msgs__rosidl_typesupport_cpp.so[0m
[ 25%] Built target op3_ball_detector_msgs__rosidl_typesupport_cpp
[ 26%] [34m[1mGenerating C type support dispatch for ROS interfaces[0m
[ 28%] [32mBuilding CXX object CMakeFiles/op3_ball_detector_msgs__rosidl_typesupport_c.dir/rosidl_typesupport_c/op3_ball_detector_msgs/msg/ball_detector_params__type_support.cpp.o[0m
[ 30%] [32mBuilding CXX object CMakeFiles/op3_ball_detector_msgs__rosidl_typesupport_c.dir/rosidl_typesupport_c/op3_ball_detector_msgs/srv/set_parameters__type_support.cpp.o[0m
[ 32%] [32mBuilding CXX object CMakeFiles/op3_ball_detector_msgs__rosidl_typesupport_c.dir/rosidl_typesupport_c/op3_ball_detector_msgs/srv/get_parameters__type_support.cpp.o[0m
[ 33%] [32mBuilding CXX object CMakeFiles/op3_ball_detector_msgs__rosidl_typesupport_c.dir/rosidl_typesupport_c/op3_ball_detector_msgs/msg/circle_set_stamped__type_support.cpp.o[0m
[ 35%] [32m[1mLinking CXX shared library libop3_ball_detector_msgs__rosidl_typesupport_c.so[0m
[ 35%] Built target op3_ball_detector_msgs__rosidl_typesupport_c
[ 37%] [34m[1mGenerating C introspection for ROS interfaces[0m
[ 39%] [32mBuilding C object CMakeFiles/op3_ball_detector_msgs__rosidl_typesupport_introspection_c.dir/rosidl_typesupport_introspection_c/op3_ball_detector_msgs/msg/detail/ball_detector_params__type_support.c.o[0m
[ 41%] [32mBuilding C object CMakeFiles/op3_ball_detector_msgs__rosidl_typesupport_introspection_c.dir/rosidl_typesupport_introspection_c/op3_ball_detector_msgs/srv/detail/set_parameters__type_support.c.o[0m
[ 42%] [32mBuilding C object CMakeFiles/op3_ball_detector_msgs__rosidl_typesupport_introspection_c.dir/rosidl_typesupport_introspection_c/op3_ball_detector_msgs/srv/detail/get_parameters__type_support.c.o[0m
[ 44%] [32mBuilding C object CMakeFiles/op3_ball_detector_msgs__rosidl_typesupport_introspection_c.dir/rosidl_typesupport_introspection_c/op3_ball_detector_msgs/msg/detail/circle_set_stamped__type_support.c.o[0m
[ 46%] [32m[1mLinking C shared library libop3_ball_detector_msgs__rosidl_typesupport_introspection_c.so[0m
[ 46%] Built target op3_ball_detector_msgs__rosidl_typesupport_introspection_c
[ 48%] [34m[1mGenerating C type support for eProsima Fast-RTPS[0m
[ 50%] [32mBuilding CXX object CMakeFiles/op3_ball_detector_msgs__rosidl_typesupport_fastrtps_c.dir/rosidl_typesupport_fastrtps_c/op3_ball_detector_msgs/msg/detail/ball_detector_params__type_support_c.cpp.o[0m
[ 51%] [32mBuilding CXX object CMakeFiles/op3_ball_detector_msgs__rosidl_typesupport_fastrtps_c.dir/rosidl_typesupport_fastrtps_c/op3_ball_detector_msgs/srv/detail/set_parameters__type_support_c.cpp.o[0m
[ 53%] [32mBuilding CXX object CMakeFiles/op3_ball_detector_msgs__rosidl_typesupport_fastrtps_c.dir/rosidl_typesupport_fastrtps_c/op3_ball_detector_msgs/srv/detail/get_parameters__type_support_c.cpp.o[0m
[ 55%] [32mBuilding CXX object CMakeFiles/op3_ball_detector_msgs__rosidl_typesupport_fastrtps_c.dir/rosidl_typesupport_fastrtps_c/op3_ball_detector_msgs/msg/detail/circle_set_stamped__type_support_c.cpp.o[0m
[ 57%] [32m[1mLinking CXX shared library libop3_ball_detector_msgs__rosidl_typesupport_fastrtps_c.so[0m
[ 57%] Built target op3_ball_detector_msgs__rosidl_typesupport_fastrtps_c
[ 58%] [34m[1mGenerating C++ introspection for ROS interfaces[0m
[ 60%] [32mBuilding CXX object CMakeFiles/op3_ball_detector_msgs__rosidl_typesupport_introspection_cpp.dir/rosidl_typesupport_introspection_cpp/op3_ball_detector_msgs/msg/detail/ball_detector_params__type_support.cpp.o[0m
[ 62%] [32mBuilding CXX object CMakeFiles/op3_ball_detector_msgs__rosidl_typesupport_introspection_cpp.dir/rosidl_typesupport_introspection_cpp/op3_ball_detector_msgs/srv/detail/set_parameters__type_support.cpp.o[0m
[ 64%] [32mBuilding CXX object CMakeFiles/op3_ball_detector_msgs__rosidl_typesupport_introspection_cpp.dir/rosidl_typesupport_introspection_cpp/op3_ball_detector_msgs/srv/detail/get_parameters__type_support.cpp.o[0m
[ 66%] [32mBuilding CXX object CMakeFiles/op3_ball_detector_msgs__rosidl_typesupport_introspection_cpp.dir/rosidl_typesupport_introspection_cpp/op3_ball_detector_msgs/msg/detail/circle_set_stamped__type_support.cpp.o[0m
[ 67%] [32m[1mLinking CXX shared library libop3_ball_detector_msgs__rosidl_typesupport_introspection_cpp.so[0m
[ 67%] Built target op3_ball_detector_msgs__rosidl_typesupport_introspection_cpp
[ 69%] [34m[1mGenerating C++ type support for eProsima Fast-RTPS[0m
[ 71%] [32mBuilding CXX object CMakeFiles/op3_ball_detector_msgs__rosidl_typesupport_fastrtps_cpp.dir/rosidl_typesupport_fastrtps_cpp/op3_ball_detector_msgs/msg/detail/dds_fastrtps/ball_detector_params__type_support.cpp.o[0m
[ 73%] [32mBuilding CXX object CMakeFiles/op3_ball_detector_msgs__rosidl_typesupport_fastrtps_cpp.dir/rosidl_typesupport_fastrtps_cpp/op3_ball_detector_msgs/srv/detail/dds_fastrtps/set_parameters__type_support.cpp.o[0m
[ 75%] [32mBuilding CXX object CMakeFiles/op3_ball_detector_msgs__rosidl_typesupport_fastrtps_cpp.dir/rosidl_typesupport_fastrtps_cpp/op3_ball_detector_msgs/srv/detail/dds_fastrtps/get_parameters__type_support.cpp.o[0m
[ 76%] [32mBuilding CXX object CMakeFiles/op3_ball_detector_msgs__rosidl_typesupport_fastrtps_cpp.dir/rosidl_typesupport_fastrtps_cpp/op3_ball_detector_msgs/msg/detail/dds_fastrtps/circle_set_stamped__type_support.cpp.o[0m
[ 78%] [32m[1mLinking CXX shared library libop3_ball_detector_msgs__rosidl_typesupport_fastrtps_cpp.so[0m
[ 78%] Built target op3_ball_detector_msgs__rosidl_typesupport_fastrtps_cpp
[ 78%] Built target op3_ball_detector_msgs
[ 80%] [34m[1mGenerating Python code for ROS interfaces[0m
[ 80%] Built target op3_ball_detector_msgs__py
[ 82%] [32mBuilding C object CMakeFiles/op3_ball_detector_msgs__rosidl_generator_py.dir/rosidl_generator_py/op3_ball_detector_msgs/msg/_ball_detector_params_s.c.o[0m
[ 83%] [32mBuilding C object CMakeFiles/op3_ball_detector_msgs__rosidl_generator_py.dir/rosidl_generator_py/op3_ball_detector_msgs/srv/_set_parameters_s.c.o[0m
[ 85%] [32mBuilding C object CMakeFiles/op3_ball_detector_msgs__rosidl_generator_py.dir/rosidl_generator_py/op3_ball_detector_msgs/srv/_get_parameters_s.c.o[0m
[ 87%] [32mBuilding C object CMakeFiles/op3_ball_detector_msgs__rosidl_generator_py.dir/rosidl_generator_py/op3_ball_detector_msgs/msg/_circle_set_stamped_s.c.o[0m
[ 89%] [32m[1mLinking C shared library rosidl_generator_py/op3_ball_detector_msgs/libop3_ball_detector_msgs__rosidl_generator_py.so[0m
[ 89%] Built target op3_ball_detector_msgs__rosidl_generator_py
[ 91%] [32mBuilding C object CMakeFiles/op3_ball_detector_msgs__rosidl_typesupport_fastrtps_c__pyext.dir/rosidl_generator_py/op3_ball_detector_msgs/_op3_ball_detector_msgs_s.ep.rosidl_typesupport_fastrtps_c.c.o[0m
[ 92%] [32m[1mLinking C shared library rosidl_generator_py/op3_ball_detector_msgs/op3_ball_detector_msgs_s__rosidl_typesupport_fastrtps_c.cpython-310-x86_64-linux-gnu.so[0m
[ 92%] Built target op3_ball_detector_msgs__rosidl_typesupport_fastrtps_c__pyext
[ 94%] [32mBuilding C object CMakeFiles/op3_ball_detector_msgs__rosidl_typesupport_c__pyext.dir/rosidl_generator_py/op3_ball_detector_msgs/_op3_ball_detector_msgs_s.ep.rosidl_typesupport_c.c.o[0m
[ 96%] [32m[1mLinking C shared library rosidl_generator_py/op3_ball_detector_msgs/op3_ball_detector_msgs_s__rosidl_typesupport_c.cpython-310-x86_64-linux-gnu.so[0m
[ 96%] Built target op3_ball_detector_msgs__rosidl_typesupport_c__pyext
[ 98%] [32mBuilding C object CMakeFiles/op3_ball_detector_msgs__rosidl_typesupport_introspection_c__pyext.dir/rosidl_generator_py/op3_ball_detector_msgs/_op3_ball_detector_msgs_s.ep.rosidl_typesupport_introspection_c.c.o[0m
[100%] [32m[1mLinking C shared library rosidl_generator_py/op3_ball_detector_msgs/op3_ball_detector_msgs_s__rosidl_typesupport_introspection_c.cpython-310-x86_64-linux-gnu.so[0m
[100%] Built target op3_ball_detector_msgs__rosidl_typesupport_introspection_c__pyext
