[0.037s] Invoking command in '/home/evan/Documents/BRONE_audio_gaze_project/build/dynamixel_sdk': CMAKE_PREFIX_PATH=${CMAKE_PREFIX_PATH}:/home/evan/Documents/BRONE_audio_gaze_project/install/algo_gaze:/home/evan/Documents/BRONE_audio_gaze_project/install/brone_gaze:/opt/ros/humble /usr/bin/cmake /home/evan/Documents/BRONE_audio_gaze_project/DynamixelSDK/ros/dynamixel_sdk -DAMENT_CMAKE_SYMLINK_INSTALL=1 -DCMAKE_INSTALL_PREFIX=/home/evan/Documents/BRONE_audio_gaze_project/install/dynamixel_sdk
[0.102s] -- The C compiler identification is GNU 11.4.0
[0.181s] -- The CXX compiler identification is GNU 11.4.0
[0.189s] -- Detecting C compiler ABI info
[0.274s] -- Detecting C compiler ABI info - done
[0.284s] -- Check for working C compiler: /usr/bin/cc - skipped
[0.284s] -- Detecting C compile features
[0.284s] -- Detecting C compile features - done
[0.288s] -- Detecting CXX compiler ABI info
[0.394s] -- Detecting CXX compiler ABI info - done
[0.404s] -- Check for working CXX compiler: /usr/bin/c++ - skipped
[0.404s] -- Detecting CXX compile features
[0.404s] -- Detecting CXX compile features - done
[0.407s] -- Found ament_cmake: 1.3.14 (/opt/ros/humble/share/ament_cmake/cmake)
[0.616s] -- Found Python3: /usr/bin/python3 (found version "3.10.12") found components: Interpreter 
[0.706s] -- Override CMake install command with custom implementation using symlinks instead of copying resources
[1.030s] -- Configuring done
[1.040s] -- Generating done
[1.042s] -- Build files have been written to: /home/evan/Documents/BRONE_audio_gaze_project/build/dynamixel_sdk
[1.054s] Invoked command in '/home/evan/Documents/BRONE_audio_gaze_project/build/dynamixel_sdk' returned '0': CMAKE_PREFIX_PATH=${CMAKE_PREFIX_PATH}:/home/evan/Documents/BRONE_audio_gaze_project/install/algo_gaze:/home/evan/Documents/BRONE_audio_gaze_project/install/brone_gaze:/opt/ros/humble /usr/bin/cmake /home/evan/Documents/BRONE_audio_gaze_project/DynamixelSDK/ros/dynamixel_sdk -DAMENT_CMAKE_SYMLINK_INSTALL=1 -DCMAKE_INSTALL_PREFIX=/home/evan/Documents/BRONE_audio_gaze_project/install/dynamixel_sdk
[1.055s] Invoking command in '/home/evan/Documents/BRONE_audio_gaze_project/build/dynamixel_sdk': CMAKE_PREFIX_PATH=${CMAKE_PREFIX_PATH}:/home/evan/Documents/BRONE_audio_gaze_project/install/algo_gaze:/home/evan/Documents/BRONE_audio_gaze_project/install/brone_gaze:/opt/ros/humble /usr/bin/cmake --build /home/evan/Documents/BRONE_audio_gaze_project/build/dynamixel_sdk -- -j12 -l12
[3.640s] [  7%] [32mBuilding CXX object CMakeFiles/dynamixel_sdk.dir/src/dynamixel_sdk/protocol2_packet_handler.cpp.o[0m
[3.641s] [ 15%] [32mBuilding CXX object CMakeFiles/dynamixel_sdk.dir/src/dynamixel_sdk/protocol1_packet_handler.cpp.o[0m
[3.641s] [ 23%] [32mBuilding CXX object CMakeFiles/dynamixel_sdk.dir/src/dynamixel_sdk/group_sync_write.cpp.o[0m
[3.641s] [ 23%] Built target ament_cmake_python_symlink_dynamixel_sdk
[3.641s] [ 30%] [32mBuilding CXX object CMakeFiles/dynamixel_sdk.dir/src/dynamixel_sdk/packet_handler.cpp.o[0m
[3.641s] [ 38%] [32mBuilding CXX object CMakeFiles/dynamixel_sdk.dir/src/dynamixel_sdk/group_bulk_read.cpp.o[0m
[3.641s] [ 46%] [32mBuilding CXX object CMakeFiles/dynamixel_sdk.dir/src/dynamixel_sdk/group_bulk_write.cpp.o[0m
[3.641s] [ 53%] [32mBuilding CXX object CMakeFiles/dynamixel_sdk.dir/src/dynamixel_sdk/group_sync_read.cpp.o[0m
[3.641s] [ 69%] [32mBuilding CXX object CMakeFiles/dynamixel_sdk.dir/src/dynamixel_sdk/group_fast_bulk_read.cpp.o[0m
[3.641s] [ 69%] [32mBuilding CXX object CMakeFiles/dynamixel_sdk.dir/src/dynamixel_sdk/group_handler.cpp.o[0m
[3.642s] [ 76%] [32mBuilding CXX object CMakeFiles/dynamixel_sdk.dir/src/dynamixel_sdk/port_handler.cpp.o[0m
[3.642s] [ 84%] [32mBuilding CXX object CMakeFiles/dynamixel_sdk.dir/src/dynamixel_sdk/group_fast_sync_read.cpp.o[0m
[3.642s] [ 92%] [32mBuilding CXX object CMakeFiles/dynamixel_sdk.dir/src/dynamixel_sdk/port_handler_linux.cpp.o[0m
[3.642s] running egg_info
[3.642s] creating dynamixel_sdk.egg-info
[3.642s] writing dynamixel_sdk.egg-info/PKG-INFO
[3.642s] writing dependency_links to dynamixel_sdk.egg-info/dependency_links.txt
[3.642s] writing top-level names to dynamixel_sdk.egg-info/top_level.txt
[3.642s] writing manifest file 'dynamixel_sdk.egg-info/SOURCES.txt'
[3.642s] reading manifest file 'dynamixel_sdk.egg-info/SOURCES.txt'
[3.646s] writing manifest file 'dynamixel_sdk.egg-info/SOURCES.txt'
[3.647s] [ 92%] Built target ament_cmake_python_build_dynamixel_sdk_egg
[3.647s] [100%] [32m[1mLinking CXX shared library libdynamixel_sdk.so[0m
[3.647s] [100%] Built target dynamixel_sdk
[3.652s] Invoked command in '/home/evan/Documents/BRONE_audio_gaze_project/build/dynamixel_sdk' returned '0': CMAKE_PREFIX_PATH=${CMAKE_PREFIX_PATH}:/home/evan/Documents/BRONE_audio_gaze_project/install/algo_gaze:/home/evan/Documents/BRONE_audio_gaze_project/install/brone_gaze:/opt/ros/humble /usr/bin/cmake --build /home/evan/Documents/BRONE_audio_gaze_project/build/dynamixel_sdk -- -j12 -l12
[3.681s] Invoking command in '/home/evan/Documents/BRONE_audio_gaze_project/build/dynamixel_sdk': CMAKE_PREFIX_PATH=${CMAKE_PREFIX_PATH}:/home/evan/Documents/BRONE_audio_gaze_project/install/algo_gaze:/home/evan/Documents/BRONE_audio_gaze_project/install/brone_gaze:/opt/ros/humble /usr/bin/cmake --install /home/evan/Documents/BRONE_audio_gaze_project/build/dynamixel_sdk
[3.858s] -- Install configuration: ""
[3.859s] -- Execute custom install script
[3.859s] -- Symlinking: /home/evan/Documents/BRONE_audio_gaze_project/install/dynamixel_sdk/include//dynamixel_sdk/dynamixel_sdk.h
[3.859s] -- Symlinking: /home/evan/Documents/BRONE_audio_gaze_project/install/dynamixel_sdk/include//dynamixel_sdk/group_bulk_read.h
[3.859s] -- Symlinking: /home/evan/Documents/BRONE_audio_gaze_project/install/dynamixel_sdk/include//dynamixel_sdk/group_bulk_write.h
[3.859s] -- Symlinking: /home/evan/Documents/BRONE_audio_gaze_project/install/dynamixel_sdk/include//dynamixel_sdk/group_fast_bulk_read.h
[3.859s] -- Symlinking: /home/evan/Documents/BRONE_audio_gaze_project/install/dynamixel_sdk/include//dynamixel_sdk/group_fast_sync_read.h
[3.859s] -- Symlinking: /home/evan/Documents/BRONE_audio_gaze_project/install/dynamixel_sdk/include//dynamixel_sdk/group_handler.h
[3.893s] -- Symlinking: /home/evan/Documents/BRONE_audio_gaze_project/install/dynamixel_sdk/include//dynamixel_sdk/group_sync_read.h
[3.912s] -- Symlinking: /home/evan/Documents/BRONE_audio_gaze_project/install/dynamixel_sdk/include//dynamixel_sdk/group_sync_write.h
[3.943s] -- Symlinking: /home/evan/Documents/BRONE_audio_gaze_project/install/dynamixel_sdk/include//dynamixel_sdk/packet_handler.h
[3.971s] -- Symlinking: /home/evan/Documents/BRONE_audio_gaze_project/install/dynamixel_sdk/include//dynamixel_sdk/port_handler.h
[4.020s] -- Symlinking: /home/evan/Documents/BRONE_audio_gaze_project/install/dynamixel_sdk/include//dynamixel_sdk/port_handler_arduino.h
[4.083s] -- Symlinking: /home/evan/Documents/BRONE_audio_gaze_project/install/dynamixel_sdk/include//dynamixel_sdk/port_handler_linux.h
[4.135s] -- Symlinking: /home/evan/Documents/BRONE_audio_gaze_project/install/dynamixel_sdk/include//dynamixel_sdk/port_handler_mac.h
[4.174s] -- Symlinking: /home/evan/Documents/BRONE_audio_gaze_project/install/dynamixel_sdk/include//dynamixel_sdk/port_handler_windows.h
[4.210s] -- Symlinking: /home/evan/Documents/BRONE_audio_gaze_project/install/dynamixel_sdk/include//dynamixel_sdk/protocol1_packet_handler.h
[4.276s] -- Symlinking: /home/evan/Documents/BRONE_audio_gaze_project/install/dynamixel_sdk/include//dynamixel_sdk/protocol2_packet_handler.h
[4.317s] -- Symlinking: /home/evan/Documents/BRONE_audio_gaze_project/install/dynamixel_sdk/share/dynamixel_sdk/environment/pythonpath.sh
[4.341s] -- Symlinking: /home/evan/Documents/BRONE_audio_gaze_project/install/dynamixel_sdk/share/dynamixel_sdk/environment/pythonpath.dsv
[4.367s] -- Symlinking: /home/evan/Documents/BRONE_audio_gaze_project/install/dynamixel_sdk/local/lib/python3.10/dist-packages/dynamixel_sdk-3.8.4-py3.10.egg-info/PKG-INFO
[4.388s] -- Symlinking: /home/evan/Documents/BRONE_audio_gaze_project/install/dynamixel_sdk/local/lib/python3.10/dist-packages/dynamixel_sdk-3.8.4-py3.10.egg-info/SOURCES.txt
[4.414s] -- Symlinking: /home/evan/Documents/BRONE_audio_gaze_project/install/dynamixel_sdk/local/lib/python3.10/dist-packages/dynamixel_sdk-3.8.4-py3.10.egg-info/dependency_links.txt
[4.435s] -- Symlinking: /home/evan/Documents/BRONE_audio_gaze_project/install/dynamixel_sdk/local/lib/python3.10/dist-packages/dynamixel_sdk-3.8.4-py3.10.egg-info/top_level.txt
[4.461s] -- Symlinking: /home/evan/Documents/BRONE_audio_gaze_project/install/dynamixel_sdk/local/lib/python3.10/dist-packages/dynamixel_sdk/__init__.py
[4.487s] -- Symlinking: /home/evan/Documents/BRONE_audio_gaze_project/install/dynamixel_sdk/local/lib/python3.10/dist-packages/dynamixel_sdk/group_bulk_read.cpp
[4.514s] -- Symlinking: /home/evan/Documents/BRONE_audio_gaze_project/install/dynamixel_sdk/local/lib/python3.10/dist-packages/dynamixel_sdk/group_bulk_read.py
[4.536s] -- Symlinking: /home/evan/Documents/BRONE_audio_gaze_project/install/dynamixel_sdk/local/lib/python3.10/dist-packages/dynamixel_sdk/group_bulk_write.cpp
[4.578s] -- Symlinking: /home/evan/Documents/BRONE_audio_gaze_project/install/dynamixel_sdk/local/lib/python3.10/dist-packages/dynamixel_sdk/group_bulk_write.py
[4.602s] -- Symlinking: /home/evan/Documents/BRONE_audio_gaze_project/install/dynamixel_sdk/local/lib/python3.10/dist-packages/dynamixel_sdk/group_fast_bulk_read.cpp
[4.626s] -- Symlinking: /home/evan/Documents/BRONE_audio_gaze_project/install/dynamixel_sdk/local/lib/python3.10/dist-packages/dynamixel_sdk/group_fast_sync_read.cpp
[4.646s] -- Symlinking: /home/evan/Documents/BRONE_audio_gaze_project/install/dynamixel_sdk/local/lib/python3.10/dist-packages/dynamixel_sdk/group_handler.cpp
[4.698s] -- Symlinking: /home/evan/Documents/BRONE_audio_gaze_project/install/dynamixel_sdk/local/lib/python3.10/dist-packages/dynamixel_sdk/group_sync_read.cpp
[4.750s] -- Symlinking: /home/evan/Documents/BRONE_audio_gaze_project/install/dynamixel_sdk/local/lib/python3.10/dist-packages/dynamixel_sdk/group_sync_read.py
[4.804s] -- Symlinking: /home/evan/Documents/BRONE_audio_gaze_project/install/dynamixel_sdk/local/lib/python3.10/dist-packages/dynamixel_sdk/group_sync_write.cpp
[4.851s] -- Symlinking: /home/evan/Documents/BRONE_audio_gaze_project/install/dynamixel_sdk/local/lib/python3.10/dist-packages/dynamixel_sdk/group_sync_write.py
[4.888s] -- Symlinking: /home/evan/Documents/BRONE_audio_gaze_project/install/dynamixel_sdk/local/lib/python3.10/dist-packages/dynamixel_sdk/packet_handler.cpp
[4.932s] -- Symlinking: /home/evan/Documents/BRONE_audio_gaze_project/install/dynamixel_sdk/local/lib/python3.10/dist-packages/dynamixel_sdk/packet_handler.py
[4.966s] -- Symlinking: /home/evan/Documents/BRONE_audio_gaze_project/install/dynamixel_sdk/local/lib/python3.10/dist-packages/dynamixel_sdk/port_handler.cpp
[4.986s] -- Symlinking: /home/evan/Documents/BRONE_audio_gaze_project/install/dynamixel_sdk/local/lib/python3.10/dist-packages/dynamixel_sdk/port_handler.py
[5.027s] -- Symlinking: /home/evan/Documents/BRONE_audio_gaze_project/install/dynamixel_sdk/local/lib/python3.10/dist-packages/dynamixel_sdk/port_handler_arduino.cpp
[5.055s] -- Symlinking: /home/evan/Documents/BRONE_audio_gaze_project/install/dynamixel_sdk/local/lib/python3.10/dist-packages/dynamixel_sdk/port_handler_linux.cpp
[5.094s] -- Symlinking: /home/evan/Documents/BRONE_audio_gaze_project/install/dynamixel_sdk/local/lib/python3.10/dist-packages/dynamixel_sdk/port_handler_mac.cpp
[5.121s] -- Symlinking: /home/evan/Documents/BRONE_audio_gaze_project/install/dynamixel_sdk/local/lib/python3.10/dist-packages/dynamixel_sdk/port_handler_windows.cpp
[5.155s] -- Symlinking: /home/evan/Documents/BRONE_audio_gaze_project/install/dynamixel_sdk/local/lib/python3.10/dist-packages/dynamixel_sdk/protocol1_packet_handler.cpp
[5.186s] -- Symlinking: /home/evan/Documents/BRONE_audio_gaze_project/install/dynamixel_sdk/local/lib/python3.10/dist-packages/dynamixel_sdk/protocol1_packet_handler.py
[5.229s] -- Symlinking: /home/evan/Documents/BRONE_audio_gaze_project/install/dynamixel_sdk/local/lib/python3.10/dist-packages/dynamixel_sdk/protocol2_packet_handler.cpp
[5.282s] -- Symlinking: /home/evan/Documents/BRONE_audio_gaze_project/install/dynamixel_sdk/local/lib/python3.10/dist-packages/dynamixel_sdk/protocol2_packet_handler.py
[5.312s] -- Symlinking: /home/evan/Documents/BRONE_audio_gaze_project/install/dynamixel_sdk/local/lib/python3.10/dist-packages/dynamixel_sdk/robotis_def.py
[5.347s] -- Symlinking: /home/evan/Documents/BRONE_audio_gaze_project/install/dynamixel_sdk/share/dynamixel_sdk/environment/library_path.sh
[5.362s] -- Symlinking: /home/evan/Documents/BRONE_audio_gaze_project/install/dynamixel_sdk/share/dynamixel_sdk/environment/library_path.dsv
[5.387s] -- Symlinking: /home/evan/Documents/BRONE_audio_gaze_project/install/dynamixel_sdk/share/ament_index/resource_index/package_run_dependencies/dynamixel_sdk
[5.436s] -- Symlinking: /home/evan/Documents/BRONE_audio_gaze_project/install/dynamixel_sdk/share/ament_index/resource_index/parent_prefix_path/dynamixel_sdk
[5.479s] -- Symlinking: /home/evan/Documents/BRONE_audio_gaze_project/install/dynamixel_sdk/share/dynamixel_sdk/environment/ament_prefix_path.sh
[5.530s] -- Symlinking: /home/evan/Documents/BRONE_audio_gaze_project/install/dynamixel_sdk/share/dynamixel_sdk/environment/ament_prefix_path.dsv
[5.613s] -- Symlinking: /home/evan/Documents/BRONE_audio_gaze_project/install/dynamixel_sdk/share/dynamixel_sdk/environment/path.sh
[5.658s] -- Symlinking: /home/evan/Documents/BRONE_audio_gaze_project/install/dynamixel_sdk/share/dynamixel_sdk/environment/path.dsv
[5.682s] -- Symlinking: /home/evan/Documents/BRONE_audio_gaze_project/install/dynamixel_sdk/share/dynamixel_sdk/local_setup.bash
[5.721s] -- Symlinking: /home/evan/Documents/BRONE_audio_gaze_project/install/dynamixel_sdk/share/dynamixel_sdk/local_setup.sh
[5.782s] -- Symlinking: /home/evan/Documents/BRONE_audio_gaze_project/install/dynamixel_sdk/share/dynamixel_sdk/local_setup.zsh
[5.835s] -- Symlinking: /home/evan/Documents/BRONE_audio_gaze_project/install/dynamixel_sdk/share/dynamixel_sdk/local_setup.dsv
[5.891s] -- Symlinking: /home/evan/Documents/BRONE_audio_gaze_project/install/dynamixel_sdk/share/dynamixel_sdk/package.dsv
[5.943s] -- Symlinking: /home/evan/Documents/BRONE_audio_gaze_project/install/dynamixel_sdk/share/ament_index/resource_index/packages/dynamixel_sdk
[6.003s] -- Symlinking: /home/evan/Documents/BRONE_audio_gaze_project/install/dynamixel_sdk/share/dynamixel_sdk/cmake/ament_cmake_export_targets-extras.cmake
[6.058s] -- Symlinking: /home/evan/Documents/BRONE_audio_gaze_project/install/dynamixel_sdk/share/dynamixel_sdk/cmake/ament_cmake_export_include_directories-extras.cmake
[6.114s] -- Symlinking: /home/evan/Documents/BRONE_audio_gaze_project/install/dynamixel_sdk/share/dynamixel_sdk/cmake/ament_cmake_export_libraries-extras.cmake
[6.161s] -- Symlinking: /home/evan/Documents/BRONE_audio_gaze_project/install/dynamixel_sdk/share/dynamixel_sdk/cmake/dynamixel_sdkConfig.cmake
[6.231s] -- Symlinking: /home/evan/Documents/BRONE_audio_gaze_project/install/dynamixel_sdk/share/dynamixel_sdk/cmake/dynamixel_sdkConfig-version.cmake
[6.264s] -- Symlinking: /home/evan/Documents/BRONE_audio_gaze_project/install/dynamixel_sdk/share/dynamixel_sdk/package.xml
[6.322s] -- Installing: /home/evan/Documents/BRONE_audio_gaze_project/install/dynamixel_sdk/lib/libdynamixel_sdk.so
[6.670s] Listing '/home/evan/Documents/BRONE_audio_gaze_project/install/dynamixel_sdk/local/lib/python3.10/dist-packages/dynamixel_sdk'...
[6.670s] Compiling '/home/evan/Documents/BRONE_audio_gaze_project/install/dynamixel_sdk/local/lib/python3.10/dist-packages/dynamixel_sdk/__init__.py'...
[6.670s] Compiling '/home/evan/Documents/BRONE_audio_gaze_project/install/dynamixel_sdk/local/lib/python3.10/dist-packages/dynamixel_sdk/group_bulk_read.py'...
[6.670s] Compiling '/home/evan/Documents/BRONE_audio_gaze_project/install/dynamixel_sdk/local/lib/python3.10/dist-packages/dynamixel_sdk/group_bulk_write.py'...
[6.670s] Compiling '/home/evan/Documents/BRONE_audio_gaze_project/install/dynamixel_sdk/local/lib/python3.10/dist-packages/dynamixel_sdk/group_sync_read.py'...
[6.670s] Compiling '/home/evan/Documents/BRONE_audio_gaze_project/install/dynamixel_sdk/local/lib/python3.10/dist-packages/dynamixel_sdk/group_sync_write.py'...
[6.670s] Compiling '/home/evan/Documents/BRONE_audio_gaze_project/install/dynamixel_sdk/local/lib/python3.10/dist-packages/dynamixel_sdk/packet_handler.py'...
[6.670s] Compiling '/home/evan/Documents/BRONE_audio_gaze_project/install/dynamixel_sdk/local/lib/python3.10/dist-packages/dynamixel_sdk/port_handler.py'...
[6.670s] Compiling '/home/evan/Documents/BRONE_audio_gaze_project/install/dynamixel_sdk/local/lib/python3.10/dist-packages/dynamixel_sdk/protocol1_packet_handler.py'...
[6.670s] Compiling '/home/evan/Documents/BRONE_audio_gaze_project/install/dynamixel_sdk/local/lib/python3.10/dist-packages/dynamixel_sdk/protocol2_packet_handler.py'...
[6.670s] Compiling '/home/evan/Documents/BRONE_audio_gaze_project/install/dynamixel_sdk/local/lib/python3.10/dist-packages/dynamixel_sdk/robotis_def.py'...
[6.692s] -- Installing: /home/evan/Documents/BRONE_audio_gaze_project/install/dynamixel_sdk/share/dynamixel_sdk/cmake/dynamixel_sdkExport.cmake
[6.692s] -- Installing: /home/evan/Documents/BRONE_audio_gaze_project/install/dynamixel_sdk/share/dynamixel_sdk/cmake/dynamixel_sdkExport-noconfig.cmake
[6.715s] Invoked command in '/home/evan/Documents/BRONE_audio_gaze_project/build/dynamixel_sdk' returned '0': CMAKE_PREFIX_PATH=${CMAKE_PREFIX_PATH}:/home/evan/Documents/BRONE_audio_gaze_project/install/algo_gaze:/home/evan/Documents/BRONE_audio_gaze_project/install/brone_gaze:/opt/ros/humble /usr/bin/cmake --install /home/evan/Documents/BRONE_audio_gaze_project/build/dynamixel_sdk
