[35m[1mConsolidate compiler generated dependencies of target op3_kinematics_dynamics[0m
[100%] Built target op3_kinematics_dynamics
-- Install configuration: ""
-- Execute custom install script
-- Symlinking: /home/evan/Documents/algo_gaze_project/install/op3_kinematics_dynamics/lib/libop3_kinematics_dynamics.so
-- Symlinking: /home/evan/Documents/algo_gaze_project/install/op3_kinematics_dynamics/include/op3_kinematics_dynamics/link_data.h
-- Symlinking: /home/evan/Documents/algo_gaze_project/install/op3_kinematics_dynamics/include/op3_kinematics_dynamics/op3_kinematics_dynamics.h
-- Symlinking: /home/evan/Documents/algo_gaze_project/install/op3_kinematics_dynamics/include/op3_kinematics_dynamics/op3_kinematics_dynamics_define.h
-- Symlinking: /home/evan/Documents/algo_gaze_project/install/op3_kinematics_dynamics/share/op3_kinematics_dynamics/environment/library_path.sh
-- Symlinking: /home/evan/Documents/algo_gaze_project/install/op3_kinematics_dynamics/share/op3_kinematics_dynamics/environment/library_path.dsv
-- Symlinking: /home/evan/Documents/algo_gaze_project/install/op3_kinematics_dynamics/share/ament_index/resource_index/package_run_dependencies/op3_kinematics_dynamics
-- Symlinking: /home/evan/Documents/algo_gaze_project/install/op3_kinematics_dynamics/share/ament_index/resource_index/parent_prefix_path/op3_kinematics_dynamics
-- Symlinking: /home/evan/Documents/algo_gaze_project/install/op3_kinematics_dynamics/share/op3_kinematics_dynamics/environment/ament_prefix_path.sh
-- Symlinking: /home/evan/Documents/algo_gaze_project/install/op3_kinematics_dynamics/share/op3_kinematics_dynamics/environment/ament_prefix_path.dsv
-- Symlinking: /home/evan/Documents/algo_gaze_project/install/op3_kinematics_dynamics/share/op3_kinematics_dynamics/environment/path.sh
-- Symlinking: /home/evan/Documents/algo_gaze_project/install/op3_kinematics_dynamics/share/op3_kinematics_dynamics/environment/path.dsv
-- Symlinking: /home/evan/Documents/algo_gaze_project/install/op3_kinematics_dynamics/share/op3_kinematics_dynamics/local_setup.bash
-- Symlinking: /home/evan/Documents/algo_gaze_project/install/op3_kinematics_dynamics/share/op3_kinematics_dynamics/local_setup.sh
-- Symlinking: /home/evan/Documents/algo_gaze_project/install/op3_kinematics_dynamics/share/op3_kinematics_dynamics/local_setup.zsh
-- Symlinking: /home/evan/Documents/algo_gaze_project/install/op3_kinematics_dynamics/share/op3_kinematics_dynamics/local_setup.dsv
-- Symlinking: /home/evan/Documents/algo_gaze_project/install/op3_kinematics_dynamics/share/op3_kinematics_dynamics/package.dsv
-- Symlinking: /home/evan/Documents/algo_gaze_project/install/op3_kinematics_dynamics/share/ament_index/resource_index/packages/op3_kinematics_dynamics
-- Symlinking: /home/evan/Documents/algo_gaze_project/install/op3_kinematics_dynamics/share/op3_kinematics_dynamics/cmake/ament_cmake_export_include_directories-extras.cmake
-- Symlinking: /home/evan/Documents/algo_gaze_project/install/op3_kinematics_dynamics/share/op3_kinematics_dynamics/cmake/ament_cmake_export_libraries-extras.cmake
-- Symlinking: /home/evan/Documents/algo_gaze_project/install/op3_kinematics_dynamics/share/op3_kinematics_dynamics/cmake/ament_cmake_export_dependencies-extras.cmake
-- Symlinking: /home/evan/Documents/algo_gaze_project/install/op3_kinematics_dynamics/share/op3_kinematics_dynamics/cmake/op3_kinematics_dynamicsConfig.cmake
-- Symlinking: /home/evan/Documents/algo_gaze_project/install/op3_kinematics_dynamics/share/op3_kinematics_dynamics/cmake/op3_kinematics_dynamicsConfig-version.cmake
-- Symlinking: /home/evan/Documents/algo_gaze_project/install/op3_kinematics_dynamics/share/op3_kinematics_dynamics/package.xml
