[0.032s] Invoking command in '/home/evan/Documents/algo_gaze_project/build/op3_walking_module_msgs': CMAKE_PREFIX_PATH=/opt/ros/humble /usr/bin/cmake /home/evan/Documents/algo_gaze_project/ROBOTIS-OP3-msgs/op3_walking_module_msgs -DAMENT_CMAKE_SYMLINK_INSTALL=1 -DCMAKE_INSTALL_PREFIX=/home/evan/Documents/algo_gaze_project/install/op3_walking_module_msgs
[0.089s] -- The C compiler identification is GNU 11.4.0
[0.158s] -- The CXX compiler identification is GNU 11.4.0
[0.170s] -- Detecting C compiler ABI info
[0.288s] -- Detecting C compiler ABI info - done
[0.308s] -- Check for working C compiler: /usr/bin/cc - skipped
[0.309s] -- Detecting C compile features
[0.309s] -- Detecting C compile features - done
[0.319s] -- Detecting CXX compiler ABI info
[0.439s] -- Detecting CXX compiler ABI info - done
[0.463s] -- Check for working CXX compiler: /usr/bin/c++ - skipped
[0.463s] -- Detecting CXX compile features
[0.463s] -- Detecting CXX compile features - done
[0.465s] -- Found ament_cmake: 1.3.14 (/opt/ros/humble/share/ament_cmake/cmake)
[0.679s] -- Found Python3: /usr/bin/python3 (found version "3.10.12") found components: Interpreter 
[0.770s] -- Override CMake install command with custom implementation using symlinks instead of copying resources
[0.799s] -- Found rosidl_default_generators: 1.2.1 (/opt/ros/humble/share/rosidl_default_generators/cmake)
[0.803s] -- Using all available rosidl_typesupport_c: rosidl_typesupport_fastrtps_c;rosidl_typesupport_introspection_c
[0.808s] -- Found rosidl_adapter: 3.1.8 (/opt/ros/humble/share/rosidl_adapter/cmake)
[0.861s] -- Using all available rosidl_typesupport_cpp: rosidl_typesupport_fastrtps_cpp;rosidl_typesupport_introspection_cpp
[0.906s] -- Found std_msgs: 4.9.1 (/opt/ros/humble/share/std_msgs/cmake)
[1.561s] -- Found ament_cmake_ros: 0.10.0 (/opt/ros/humble/share/ament_cmake_ros/cmake)
[2.087s] -- Using all available rosidl_typesupport_c: rosidl_typesupport_fastrtps_c;rosidl_typesupport_introspection_c
[3.012s] -- Using all available rosidl_typesupport_cpp: rosidl_typesupport_fastrtps_cpp;rosidl_typesupport_introspection_cpp
[3.114s] -- Found PythonInterp: /usr/bin/python3 (found suitable version "3.10.12", minimum required is "3.6") 
[3.124s] -- Found python_cmake_module: 0.10.0 (/opt/ros/humble/share/python_cmake_module/cmake)
[3.204s] -- Found PythonLibs: /usr/lib/x86_64-linux-gnu/libpython3.10.so (found suitable version "3.10.12", minimum required is "3.5") 
[3.204s] -- Using PYTHON_EXECUTABLE: /usr/bin/python3
[3.204s] -- Using PYTHON_INCLUDE_DIRS: /usr/include/python3.10
[3.204s] -- Using PYTHON_LIBRARIES: /usr/lib/x86_64-linux-gnu/libpython3.10.so
[3.267s] -- Found PythonExtra: .so  
[3.658s] -- Configuring done
[3.824s] -- Generating done
[3.840s] -- Build files have been written to: /home/evan/Documents/algo_gaze_project/build/op3_walking_module_msgs
[3.879s] Invoked command in '/home/evan/Documents/algo_gaze_project/build/op3_walking_module_msgs' returned '0': CMAKE_PREFIX_PATH=/opt/ros/humble /usr/bin/cmake /home/evan/Documents/algo_gaze_project/ROBOTIS-OP3-msgs/op3_walking_module_msgs -DAMENT_CMAKE_SYMLINK_INSTALL=1 -DCMAKE_INSTALL_PREFIX=/home/evan/Documents/algo_gaze_project/install/op3_walking_module_msgs
[3.879s] Invoking command in '/home/evan/Documents/algo_gaze_project/build/op3_walking_module_msgs': CMAKE_PREFIX_PATH=/opt/ros/humble /usr/bin/cmake --build /home/evan/Documents/algo_gaze_project/build/op3_walking_module_msgs -- -j12 -l12
[5.325s] [  2%] [34m[1mGenerating C code for ROS interfaces[0m
[5.326s] [  4%] [34m[1mGenerating C++ code for ROS interfaces[0m
[5.326s] [  6%] [34m[1mGenerating Rust code for ROS interfaces[0m
[5.326s] [  6%] Built target ament_cmake_python_symlink_op3_walking_module_msgs
[5.976s] running egg_info
[6.002s] creating op3_walking_module_msgs.egg-info
[6.002s] writing op3_walking_module_msgs.egg-info/PKG-INFO
[6.002s] writing dependency_links to op3_walking_module_msgs.egg-info/dependency_links.txt
[6.003s] writing top-level names to op3_walking_module_msgs.egg-info/top_level.txt
[6.003s] writing manifest file 'op3_walking_module_msgs.egg-info/SOURCES.txt'
[6.018s] reading manifest file 'op3_walking_module_msgs.egg-info/SOURCES.txt'
[6.019s] writing manifest file 'op3_walking_module_msgs.egg-info/SOURCES.txt'
[6.287s] [  6%] Built target ament_cmake_python_build_op3_walking_module_msgs_egg
[6.769s] [  6%] Built target op3_walking_module_msgs__rs
[7.646s] [  8%] [32mBuilding C object CMakeFiles/op3_walking_module_msgs__rosidl_generator_c.dir/rosidl_generator_c/op3_walking_module_msgs/srv/detail/get_walking_param__functions.c.o[0m
[7.649s] [ 10%] [32mBuilding C object CMakeFiles/op3_walking_module_msgs__rosidl_generator_c.dir/rosidl_generator_c/op3_walking_module_msgs/msg/detail/walking_param__functions.c.o[0m
[7.684s] [ 12%] [32mBuilding C object CMakeFiles/op3_walking_module_msgs__rosidl_generator_c.dir/rosidl_generator_c/op3_walking_module_msgs/srv/detail/set_walking_param__functions.c.o[0m
[7.718s] [ 12%] Built target op3_walking_module_msgs__cpp
[7.778s] [ 14%] [34m[1mGenerating C++ type support for eProsima Fast-RTPS[0m
[7.810s] [ 16%] [34m[1mGenerating C++ type support dispatch for ROS interfaces[0m
[7.817s] [ 18%] [34m[1mGenerating C++ introspection for ROS interfaces[0m
[8.247s] [ 20%] [32m[1mLinking C shared library libop3_walking_module_msgs__rosidl_generator_c.so[0m
[8.549s] [ 20%] Built target op3_walking_module_msgs__rosidl_generator_c
[8.642s] [ 22%] [34m[1mGenerating C type support dispatch for ROS interfaces[0m
[8.651s] [ 25%] [34m[1mGenerating C introspection for ROS interfaces[0m
[8.665s] [ 27%] [34m[1mGenerating C type support for eProsima Fast-RTPS[0m
[10.106s] [ 29%] [32mBuilding CXX object CMakeFiles/op3_walking_module_msgs__rosidl_typesupport_fastrtps_cpp.dir/rosidl_typesupport_fastrtps_cpp/op3_walking_module_msgs/msg/detail/dds_fastrtps/walking_param__type_support.cpp.o[0m
[10.106s] [ 31%] [32mBuilding CXX object CMakeFiles/op3_walking_module_msgs__rosidl_typesupport_fastrtps_cpp.dir/rosidl_typesupport_fastrtps_cpp/op3_walking_module_msgs/srv/detail/dds_fastrtps/get_walking_param__type_support.cpp.o[0m
[10.152s] [ 33%] [32mBuilding CXX object CMakeFiles/op3_walking_module_msgs__rosidl_typesupport_fastrtps_cpp.dir/rosidl_typesupport_fastrtps_cpp/op3_walking_module_msgs/srv/detail/dds_fastrtps/set_walking_param__type_support.cpp.o[0m
[10.744s] [ 35%] [32mBuilding CXX object CMakeFiles/op3_walking_module_msgs__rosidl_typesupport_cpp.dir/rosidl_typesupport_cpp/op3_walking_module_msgs/msg/walking_param__type_support.cpp.o[0m
[11.155s] [ 37%] [32mBuilding C object CMakeFiles/op3_walking_module_msgs__rosidl_typesupport_introspection_c.dir/rosidl_typesupport_introspection_c/op3_walking_module_msgs/msg/detail/walking_param__type_support.c.o[0m
[11.456s] [ 39%] [32mBuilding C object CMakeFiles/op3_walking_module_msgs__rosidl_typesupport_introspection_c.dir/rosidl_typesupport_introspection_c/op3_walking_module_msgs/srv/detail/set_walking_param__type_support.c.o[0m
[11.764s] [ 41%] [32mBuilding C object CMakeFiles/op3_walking_module_msgs__rosidl_typesupport_introspection_c.dir/rosidl_typesupport_introspection_c/op3_walking_module_msgs/srv/detail/get_walking_param__type_support.c.o[0m
[11.915s] [ 43%] [32m[1mLinking C shared library libop3_walking_module_msgs__rosidl_typesupport_introspection_c.so[0m
[12.191s] [ 43%] Built target op3_walking_module_msgs__rosidl_typesupport_introspection_c
[12.805s] [ 45%] [32mBuilding CXX object CMakeFiles/op3_walking_module_msgs__rosidl_typesupport_introspection_cpp.dir/rosidl_typesupport_introspection_cpp/op3_walking_module_msgs/msg/detail/walking_param__type_support.cpp.o[0m
[13.227s] [ 50%] [32mBuilding CXX object CMakeFiles/op3_walking_module_msgs__rosidl_typesupport_cpp.dir/rosidl_typesupport_cpp/op3_walking_module_msgs/srv/set_walking_param__type_support.cpp.o[0m
[13.228s] [ 50%] [32mBuilding CXX object CMakeFiles/op3_walking_module_msgs__rosidl_typesupport_c.dir/rosidl_typesupport_c/op3_walking_module_msgs/msg/walking_param__type_support.cpp.o[0m
[13.409s] [ 52%] [32mBuilding CXX object CMakeFiles/op3_walking_module_msgs__rosidl_typesupport_c.dir/rosidl_typesupport_c/op3_walking_module_msgs/srv/set_walking_param__type_support.cpp.o[0m
[13.616s] [ 54%] [32mBuilding CXX object CMakeFiles/op3_walking_module_msgs__rosidl_typesupport_c.dir/rosidl_typesupport_c/op3_walking_module_msgs/srv/get_walking_param__type_support.cpp.o[0m
[13.827s] [ 56%] [32m[1mLinking CXX shared library libop3_walking_module_msgs__rosidl_typesupport_c.so[0m
[13.852s] [ 58%] [32mBuilding CXX object CMakeFiles/op3_walking_module_msgs__rosidl_typesupport_fastrtps_c.dir/rosidl_typesupport_fastrtps_c/op3_walking_module_msgs/msg/detail/walking_param__type_support_c.cpp.o[0m
[13.988s] [ 60%] [32m[1mLinking CXX shared library libop3_walking_module_msgs__rosidl_typesupport_fastrtps_cpp.so[0m
[14.003s] [ 62%] [32mBuilding CXX object CMakeFiles/op3_walking_module_msgs__rosidl_typesupport_cpp.dir/rosidl_typesupport_cpp/op3_walking_module_msgs/srv/get_walking_param__type_support.cpp.o[0m
[14.054s] [ 62%] Built target op3_walking_module_msgs__rosidl_typesupport_c
[14.359s] [ 62%] Built target op3_walking_module_msgs__rosidl_typesupport_fastrtps_cpp
[14.771s] [ 64%] [32mBuilding CXX object CMakeFiles/op3_walking_module_msgs__rosidl_typesupport_introspection_cpp.dir/rosidl_typesupport_introspection_cpp/op3_walking_module_msgs/srv/detail/set_walking_param__type_support.cpp.o[0m
[15.075s] [ 66%] [32m[1mLinking CXX shared library libop3_walking_module_msgs__rosidl_typesupport_cpp.so[0m
[15.217s] [ 66%] Built target op3_walking_module_msgs__rosidl_typesupport_cpp
[15.623s] [ 68%] [32mBuilding CXX object CMakeFiles/op3_walking_module_msgs__rosidl_typesupport_fastrtps_c.dir/rosidl_typesupport_fastrtps_c/op3_walking_module_msgs/srv/detail/set_walking_param__type_support_c.cpp.o[0m
[16.526s] [ 70%] [32mBuilding CXX object CMakeFiles/op3_walking_module_msgs__rosidl_typesupport_introspection_cpp.dir/rosidl_typesupport_introspection_cpp/op3_walking_module_msgs/srv/detail/get_walking_param__type_support.cpp.o[0m
[16.677s] [ 72%] [32mBuilding CXX object CMakeFiles/op3_walking_module_msgs__rosidl_typesupport_fastrtps_c.dir/rosidl_typesupport_fastrtps_c/op3_walking_module_msgs/srv/detail/get_walking_param__type_support_c.cpp.o[0m
[17.493s] [ 75%] [32m[1mLinking CXX shared library libop3_walking_module_msgs__rosidl_typesupport_fastrtps_c.so[0m
[17.608s] [ 77%] [32m[1mLinking CXX shared library libop3_walking_module_msgs__rosidl_typesupport_introspection_cpp.so[0m
[17.715s] [ 77%] Built target op3_walking_module_msgs__rosidl_typesupport_fastrtps_c
[17.793s] [ 77%] Built target op3_walking_module_msgs__rosidl_typesupport_introspection_cpp
[17.868s] [ 77%] Built target op3_walking_module_msgs
[17.924s] [ 79%] [34m[1mGenerating Python code for ROS interfaces[0m
[19.857s] [ 79%] Built target op3_walking_module_msgs__py
[19.925s] [ 81%] [32mBuilding C object CMakeFiles/op3_walking_module_msgs__rosidl_generator_py.dir/rosidl_generator_py/op3_walking_module_msgs/msg/_walking_param_s.c.o[0m
[20.243s] [ 83%] [32mBuilding C object CMakeFiles/op3_walking_module_msgs__rosidl_generator_py.dir/rosidl_generator_py/op3_walking_module_msgs/srv/_set_walking_param_s.c.o[0m
[20.419s] [ 85%] [32mBuilding C object CMakeFiles/op3_walking_module_msgs__rosidl_generator_py.dir/rosidl_generator_py/op3_walking_module_msgs/srv/_get_walking_param_s.c.o[0m
[20.635s] [ 87%] [32m[1mLinking C shared library rosidl_generator_py/op3_walking_module_msgs/libop3_walking_module_msgs__rosidl_generator_py.so[0m
[20.778s] [ 87%] Built target op3_walking_module_msgs__rosidl_generator_py
[20.833s] [ 89%] [32mBuilding C object CMakeFiles/op3_walking_module_msgs__rosidl_typesupport_fastrtps_c__pyext.dir/rosidl_generator_py/op3_walking_module_msgs/_op3_walking_module_msgs_s.ep.rosidl_typesupport_fastrtps_c.c.o[0m
[21.144s] [ 91%] [32m[1mLinking C shared library rosidl_generator_py/op3_walking_module_msgs/op3_walking_module_msgs_s__rosidl_typesupport_fastrtps_c.cpython-310-x86_64-linux-gnu.so[0m
[21.240s] [ 91%] Built target op3_walking_module_msgs__rosidl_typesupport_fastrtps_c__pyext
[21.280s] [ 93%] [32mBuilding C object CMakeFiles/op3_walking_module_msgs__rosidl_typesupport_c__pyext.dir/rosidl_generator_py/op3_walking_module_msgs/_op3_walking_module_msgs_s.ep.rosidl_typesupport_c.c.o[0m
[21.544s] [ 95%] [32m[1mLinking C shared library rosidl_generator_py/op3_walking_module_msgs/op3_walking_module_msgs_s__rosidl_typesupport_c.cpython-310-x86_64-linux-gnu.so[0m
[21.642s] [ 95%] Built target op3_walking_module_msgs__rosidl_typesupport_c__pyext
[21.685s] [ 97%] [32mBuilding C object CMakeFiles/op3_walking_module_msgs__rosidl_typesupport_introspection_c__pyext.dir/rosidl_generator_py/op3_walking_module_msgs/_op3_walking_module_msgs_s.ep.rosidl_typesupport_introspection_c.c.o[0m
[21.872s] [100%] [32m[1mLinking C shared library rosidl_generator_py/op3_walking_module_msgs/op3_walking_module_msgs_s__rosidl_typesupport_introspection_c.cpython-310-x86_64-linux-gnu.so[0m
[21.977s] [100%] Built target op3_walking_module_msgs__rosidl_typesupport_introspection_c__pyext
[22.025s] Invoked command in '/home/evan/Documents/algo_gaze_project/build/op3_walking_module_msgs' returned '0': CMAKE_PREFIX_PATH=/opt/ros/humble /usr/bin/cmake --build /home/evan/Documents/algo_gaze_project/build/op3_walking_module_msgs -- -j12 -l12
[22.025s] Invoking command in '/home/evan/Documents/algo_gaze_project/build/op3_walking_module_msgs': CMAKE_PREFIX_PATH=/opt/ros/humble /usr/bin/cmake --install /home/evan/Documents/algo_gaze_project/build/op3_walking_module_msgs
[24.109s] -- Install configuration: ""
[24.109s] -- Execute custom install script
[24.109s] -- Symlinking: /home/evan/Documents/algo_gaze_project/install/op3_walking_module_msgs/share/ament_index/resource_index/rosidl_interfaces/op3_walking_module_msgs
[24.109s] -- Symlinking: /home/evan/Documents/algo_gaze_project/install/op3_walking_module_msgs/include/op3_walking_module_msgs/op3_walking_module_msgs/msg/detail/walking_param__functions.h
[24.109s] -- Symlinking: /home/evan/Documents/algo_gaze_project/install/op3_walking_module_msgs/include/op3_walking_module_msgs/op3_walking_module_msgs/msg/detail/walking_param__struct.h
[24.110s] -- Symlinking: /home/evan/Documents/algo_gaze_project/install/op3_walking_module_msgs/include/op3_walking_module_msgs/op3_walking_module_msgs/msg/detail/walking_param__type_support.h
[24.110s] -- Symlinking: /home/evan/Documents/algo_gaze_project/install/op3_walking_module_msgs/include/op3_walking_module_msgs/op3_walking_module_msgs/msg/rosidl_generator_c__visibility_control.h
[24.110s] -- Symlinking: /home/evan/Documents/algo_gaze_project/install/op3_walking_module_msgs/include/op3_walking_module_msgs/op3_walking_module_msgs/msg/walking_param.h
[24.110s] -- Symlinking: /home/evan/Documents/algo_gaze_project/install/op3_walking_module_msgs/include/op3_walking_module_msgs/op3_walking_module_msgs/srv/detail/get_walking_param__functions.h
[24.110s] -- Symlinking: /home/evan/Documents/algo_gaze_project/install/op3_walking_module_msgs/include/op3_walking_module_msgs/op3_walking_module_msgs/srv/detail/get_walking_param__struct.h
[24.110s] -- Symlinking: /home/evan/Documents/algo_gaze_project/install/op3_walking_module_msgs/include/op3_walking_module_msgs/op3_walking_module_msgs/srv/detail/get_walking_param__type_support.h
[24.110s] -- Symlinking: /home/evan/Documents/algo_gaze_project/install/op3_walking_module_msgs/include/op3_walking_module_msgs/op3_walking_module_msgs/srv/detail/set_walking_param__functions.h
[24.118s] -- Symlinking: /home/evan/Documents/algo_gaze_project/install/op3_walking_module_msgs/include/op3_walking_module_msgs/op3_walking_module_msgs/srv/detail/set_walking_param__struct.h
[24.119s] -- Symlinking: /home/evan/Documents/algo_gaze_project/install/op3_walking_module_msgs/include/op3_walking_module_msgs/op3_walking_module_msgs/srv/detail/set_walking_param__type_support.h
[24.119s] -- Symlinking: /home/evan/Documents/algo_gaze_project/install/op3_walking_module_msgs/include/op3_walking_module_msgs/op3_walking_module_msgs/srv/get_walking_param.h
[24.119s] -- Symlinking: /home/evan/Documents/algo_gaze_project/install/op3_walking_module_msgs/include/op3_walking_module_msgs/op3_walking_module_msgs/srv/set_walking_param.h
[24.119s] -- Symlinking: /home/evan/Documents/algo_gaze_project/install/op3_walking_module_msgs/share/op3_walking_module_msgs/environment/library_path.sh
[24.119s] -- Symlinking: /home/evan/Documents/algo_gaze_project/install/op3_walking_module_msgs/share/op3_walking_module_msgs/environment/library_path.dsv
[24.119s] -- Symlinking: /home/evan/Documents/algo_gaze_project/install/op3_walking_module_msgs/include/op3_walking_module_msgs/op3_walking_module_msgs/msg/detail/walking_param__rosidl_typesupport_fastrtps_c.h
[24.119s] -- Symlinking: /home/evan/Documents/algo_gaze_project/install/op3_walking_module_msgs/include/op3_walking_module_msgs/op3_walking_module_msgs/msg/rosidl_typesupport_fastrtps_c__visibility_control.h
[24.119s] -- Symlinking: /home/evan/Documents/algo_gaze_project/install/op3_walking_module_msgs/include/op3_walking_module_msgs/op3_walking_module_msgs/srv/detail/get_walking_param__rosidl_typesupport_fastrtps_c.h
[24.119s] -- Symlinking: /home/evan/Documents/algo_gaze_project/install/op3_walking_module_msgs/include/op3_walking_module_msgs/op3_walking_module_msgs/srv/detail/set_walking_param__rosidl_typesupport_fastrtps_c.h
[24.119s] -- Symlinking: /home/evan/Documents/algo_gaze_project/install/op3_walking_module_msgs/include/op3_walking_module_msgs/op3_walking_module_msgs/msg/detail/walking_param__rosidl_typesupport_introspection_c.h
[24.119s] -- Symlinking: /home/evan/Documents/algo_gaze_project/install/op3_walking_module_msgs/include/op3_walking_module_msgs/op3_walking_module_msgs/msg/rosidl_typesupport_introspection_c__visibility_control.h
[24.119s] -- Symlinking: /home/evan/Documents/algo_gaze_project/install/op3_walking_module_msgs/include/op3_walking_module_msgs/op3_walking_module_msgs/srv/detail/get_walking_param__rosidl_typesupport_introspection_c.h
[24.119s] -- Symlinking: /home/evan/Documents/algo_gaze_project/install/op3_walking_module_msgs/include/op3_walking_module_msgs/op3_walking_module_msgs/srv/detail/set_walking_param__rosidl_typesupport_introspection_c.h
[24.119s] -- Symlinking: /home/evan/Documents/algo_gaze_project/install/op3_walking_module_msgs/include/op3_walking_module_msgs/op3_walking_module_msgs/msg/detail/walking_param__builder.hpp
[24.119s] -- Symlinking: /home/evan/Documents/algo_gaze_project/install/op3_walking_module_msgs/include/op3_walking_module_msgs/op3_walking_module_msgs/msg/detail/walking_param__struct.hpp
[24.119s] -- Symlinking: /home/evan/Documents/algo_gaze_project/install/op3_walking_module_msgs/include/op3_walking_module_msgs/op3_walking_module_msgs/msg/detail/walking_param__traits.hpp
[24.120s] -- Symlinking: /home/evan/Documents/algo_gaze_project/install/op3_walking_module_msgs/include/op3_walking_module_msgs/op3_walking_module_msgs/msg/detail/walking_param__type_support.hpp
[24.120s] -- Symlinking: /home/evan/Documents/algo_gaze_project/install/op3_walking_module_msgs/include/op3_walking_module_msgs/op3_walking_module_msgs/msg/rosidl_generator_cpp__visibility_control.hpp
[24.120s] -- Symlinking: /home/evan/Documents/algo_gaze_project/install/op3_walking_module_msgs/include/op3_walking_module_msgs/op3_walking_module_msgs/msg/walking_param.hpp
[24.120s] -- Symlinking: /home/evan/Documents/algo_gaze_project/install/op3_walking_module_msgs/include/op3_walking_module_msgs/op3_walking_module_msgs/srv/detail/get_walking_param__builder.hpp
[24.120s] -- Symlinking: /home/evan/Documents/algo_gaze_project/install/op3_walking_module_msgs/include/op3_walking_module_msgs/op3_walking_module_msgs/srv/detail/get_walking_param__struct.hpp
[24.120s] -- Symlinking: /home/evan/Documents/algo_gaze_project/install/op3_walking_module_msgs/include/op3_walking_module_msgs/op3_walking_module_msgs/srv/detail/get_walking_param__traits.hpp
[24.120s] -- Symlinking: /home/evan/Documents/algo_gaze_project/install/op3_walking_module_msgs/include/op3_walking_module_msgs/op3_walking_module_msgs/srv/detail/get_walking_param__type_support.hpp
[24.120s] -- Symlinking: /home/evan/Documents/algo_gaze_project/install/op3_walking_module_msgs/include/op3_walking_module_msgs/op3_walking_module_msgs/srv/detail/set_walking_param__builder.hpp
[24.120s] -- Symlinking: /home/evan/Documents/algo_gaze_project/install/op3_walking_module_msgs/include/op3_walking_module_msgs/op3_walking_module_msgs/srv/detail/set_walking_param__struct.hpp
[24.120s] -- Symlinking: /home/evan/Documents/algo_gaze_project/install/op3_walking_module_msgs/include/op3_walking_module_msgs/op3_walking_module_msgs/srv/detail/set_walking_param__traits.hpp
[24.120s] -- Symlinking: /home/evan/Documents/algo_gaze_project/install/op3_walking_module_msgs/include/op3_walking_module_msgs/op3_walking_module_msgs/srv/detail/set_walking_param__type_support.hpp
[24.120s] -- Symlinking: /home/evan/Documents/algo_gaze_project/install/op3_walking_module_msgs/include/op3_walking_module_msgs/op3_walking_module_msgs/srv/get_walking_param.hpp
[24.120s] -- Symlinking: /home/evan/Documents/algo_gaze_project/install/op3_walking_module_msgs/include/op3_walking_module_msgs/op3_walking_module_msgs/srv/set_walking_param.hpp
[24.120s] -- Symlinking: /home/evan/Documents/algo_gaze_project/install/op3_walking_module_msgs/include/op3_walking_module_msgs/op3_walking_module_msgs/msg/detail/walking_param__rosidl_typesupport_fastrtps_cpp.hpp
[24.120s] -- Symlinking: /home/evan/Documents/algo_gaze_project/install/op3_walking_module_msgs/include/op3_walking_module_msgs/op3_walking_module_msgs/msg/rosidl_typesupport_fastrtps_cpp__visibility_control.h
[24.120s] -- Symlinking: /home/evan/Documents/algo_gaze_project/install/op3_walking_module_msgs/include/op3_walking_module_msgs/op3_walking_module_msgs/srv/detail/get_walking_param__rosidl_typesupport_fastrtps_cpp.hpp
[24.121s] -- Symlinking: /home/evan/Documents/algo_gaze_project/install/op3_walking_module_msgs/include/op3_walking_module_msgs/op3_walking_module_msgs/srv/detail/set_walking_param__rosidl_typesupport_fastrtps_cpp.hpp
[24.121s] -- Symlinking: /home/evan/Documents/algo_gaze_project/install/op3_walking_module_msgs/include/op3_walking_module_msgs/op3_walking_module_msgs/msg/detail/walking_param__rosidl_typesupport_introspection_cpp.hpp
[24.121s] -- Symlinking: /home/evan/Documents/algo_gaze_project/install/op3_walking_module_msgs/include/op3_walking_module_msgs/op3_walking_module_msgs/srv/detail/get_walking_param__rosidl_typesupport_introspection_cpp.hpp
[24.121s] -- Symlinking: /home/evan/Documents/algo_gaze_project/install/op3_walking_module_msgs/include/op3_walking_module_msgs/op3_walking_module_msgs/srv/detail/set_walking_param__rosidl_typesupport_introspection_cpp.hpp
[24.121s] -- Symlinking: /home/evan/Documents/algo_gaze_project/install/op3_walking_module_msgs/share/op3_walking_module_msgs/environment/pythonpath.sh
[24.121s] -- Symlinking: /home/evan/Documents/algo_gaze_project/install/op3_walking_module_msgs/share/op3_walking_module_msgs/environment/pythonpath.dsv
[24.121s] -- Symlinking: /home/evan/Documents/algo_gaze_project/install/op3_walking_module_msgs/local/lib/python3.10/dist-packages/op3_walking_module_msgs-0.1.1-py3.10.egg-info/PKG-INFO
[24.121s] -- Symlinking: /home/evan/Documents/algo_gaze_project/install/op3_walking_module_msgs/local/lib/python3.10/dist-packages/op3_walking_module_msgs-0.1.1-py3.10.egg-info/SOURCES.txt
[24.121s] -- Symlinking: /home/evan/Documents/algo_gaze_project/install/op3_walking_module_msgs/local/lib/python3.10/dist-packages/op3_walking_module_msgs-0.1.1-py3.10.egg-info/dependency_links.txt
[24.121s] -- Symlinking: /home/evan/Documents/algo_gaze_project/install/op3_walking_module_msgs/local/lib/python3.10/dist-packages/op3_walking_module_msgs-0.1.1-py3.10.egg-info/top_level.txt
[24.121s] -- Symlinking: /home/evan/Documents/algo_gaze_project/install/op3_walking_module_msgs/local/lib/python3.10/dist-packages/op3_walking_module_msgs/__init__.py
[24.121s] -- Symlinking: /home/evan/Documents/algo_gaze_project/install/op3_walking_module_msgs/local/lib/python3.10/dist-packages/op3_walking_module_msgs/_op3_walking_module_msgs_s.ep.rosidl_typesupport_c.c
[24.121s] -- Symlinking: /home/evan/Documents/algo_gaze_project/install/op3_walking_module_msgs/local/lib/python3.10/dist-packages/op3_walking_module_msgs/_op3_walking_module_msgs_s.ep.rosidl_typesupport_fastrtps_c.c
[24.121s] -- Symlinking: /home/evan/Documents/algo_gaze_project/install/op3_walking_module_msgs/local/lib/python3.10/dist-packages/op3_walking_module_msgs/_op3_walking_module_msgs_s.ep.rosidl_typesupport_introspection_c.c
[24.121s] -- Symlinking: /home/evan/Documents/algo_gaze_project/install/op3_walking_module_msgs/local/lib/python3.10/dist-packages/op3_walking_module_msgs/libop3_walking_module_msgs__rosidl_generator_py.so
[24.121s] -- Symlinking: /home/evan/Documents/algo_gaze_project/install/op3_walking_module_msgs/local/lib/python3.10/dist-packages/op3_walking_module_msgs/msg/__init__.py
[24.122s] -- Symlinking: /home/evan/Documents/algo_gaze_project/install/op3_walking_module_msgs/local/lib/python3.10/dist-packages/op3_walking_module_msgs/msg/_walking_param.py
[24.122s] -- Symlinking: /home/evan/Documents/algo_gaze_project/install/op3_walking_module_msgs/local/lib/python3.10/dist-packages/op3_walking_module_msgs/msg/_walking_param_s.c
[24.122s] -- Symlinking: /home/evan/Documents/algo_gaze_project/install/op3_walking_module_msgs/local/lib/python3.10/dist-packages/op3_walking_module_msgs/op3_walking_module_msgs_s__rosidl_typesupport_c.cpython-310-x86_64-linux-gnu.so
[24.122s] -- Symlinking: /home/evan/Documents/algo_gaze_project/install/op3_walking_module_msgs/local/lib/python3.10/dist-packages/op3_walking_module_msgs/op3_walking_module_msgs_s__rosidl_typesupport_fastrtps_c.cpython-310-x86_64-linux-gnu.so
[24.122s] -- Symlinking: /home/evan/Documents/algo_gaze_project/install/op3_walking_module_msgs/local/lib/python3.10/dist-packages/op3_walking_module_msgs/op3_walking_module_msgs_s__rosidl_typesupport_introspection_c.cpython-310-x86_64-linux-gnu.so
[24.122s] -- Symlinking: /home/evan/Documents/algo_gaze_project/install/op3_walking_module_msgs/local/lib/python3.10/dist-packages/op3_walking_module_msgs/srv/__init__.py
[24.122s] -- Symlinking: /home/evan/Documents/algo_gaze_project/install/op3_walking_module_msgs/local/lib/python3.10/dist-packages/op3_walking_module_msgs/srv/_get_walking_param.py
[24.129s] -- Symlinking: /home/evan/Documents/algo_gaze_project/install/op3_walking_module_msgs/local/lib/python3.10/dist-packages/op3_walking_module_msgs/srv/_get_walking_param_s.c
[24.129s] -- Symlinking: /home/evan/Documents/algo_gaze_project/install/op3_walking_module_msgs/local/lib/python3.10/dist-packages/op3_walking_module_msgs/srv/_set_walking_param.py
[24.129s] -- Symlinking: /home/evan/Documents/algo_gaze_project/install/op3_walking_module_msgs/local/lib/python3.10/dist-packages/op3_walking_module_msgs/srv/_set_walking_param_s.c
[24.129s] -- Up-to-date symlink: /home/evan/Documents/algo_gaze_project/install/op3_walking_module_msgs/local/lib/python3.10/dist-packages/op3_walking_module_msgs/op3_walking_module_msgs_s__rosidl_typesupport_fastrtps_c.cpython-310-x86_64-linux-gnu.so
[24.129s] -- Up-to-date symlink: /home/evan/Documents/algo_gaze_project/install/op3_walking_module_msgs/local/lib/python3.10/dist-packages/op3_walking_module_msgs/op3_walking_module_msgs_s__rosidl_typesupport_introspection_c.cpython-310-x86_64-linux-gnu.so
[24.130s] -- Up-to-date symlink: /home/evan/Documents/algo_gaze_project/install/op3_walking_module_msgs/local/lib/python3.10/dist-packages/op3_walking_module_msgs/op3_walking_module_msgs_s__rosidl_typesupport_c.cpython-310-x86_64-linux-gnu.so
[24.130s] -- Symlinking: /home/evan/Documents/algo_gaze_project/install/op3_walking_module_msgs/share/ament_index/resource_index/rust_packages/op3_walking_module_msgs
[24.130s] -- Symlinking: /home/evan/Documents/algo_gaze_project/install/op3_walking_module_msgs/share/op3_walking_module_msgs/rust/Cargo.toml
[24.130s] -- Symlinking: /home/evan/Documents/algo_gaze_project/install/op3_walking_module_msgs/share/op3_walking_module_msgs/rust/build.rs
[24.130s] -- Symlinking: /home/evan/Documents/algo_gaze_project/install/op3_walking_module_msgs/share/op3_walking_module_msgs/rust/src/lib.rs
[24.130s] -- Symlinking: /home/evan/Documents/algo_gaze_project/install/op3_walking_module_msgs/share/op3_walking_module_msgs/rust/src/msg.rs
[24.130s] -- Symlinking: /home/evan/Documents/algo_gaze_project/install/op3_walking_module_msgs/share/op3_walking_module_msgs/rust/src/msg/rmw.rs
[24.130s] -- Symlinking: /home/evan/Documents/algo_gaze_project/install/op3_walking_module_msgs/share/op3_walking_module_msgs/rust/src/srv.rs
[24.130s] -- Symlinking: /home/evan/Documents/algo_gaze_project/install/op3_walking_module_msgs/share/op3_walking_module_msgs/rust/src/srv/rmw.rs
[24.130s] -- Symlinking: /home/evan/Documents/algo_gaze_project/install/op3_walking_module_msgs/share/op3_walking_module_msgs/msg/WalkingParam.idl
[24.130s] -- Symlinking: /home/evan/Documents/algo_gaze_project/install/op3_walking_module_msgs/share/op3_walking_module_msgs/srv/GetWalkingParam.idl
[24.130s] -- Symlinking: /home/evan/Documents/algo_gaze_project/install/op3_walking_module_msgs/share/op3_walking_module_msgs/srv/SetWalkingParam.idl
[24.130s] -- Symlinking: /home/evan/Documents/algo_gaze_project/install/op3_walking_module_msgs/share/op3_walking_module_msgs/msg/WalkingParam.msg
[24.130s] -- Symlinking: /home/evan/Documents/algo_gaze_project/install/op3_walking_module_msgs/share/op3_walking_module_msgs/srv/GetWalkingParam.srv
[24.130s] -- Symlinking: /home/evan/Documents/algo_gaze_project/install/op3_walking_module_msgs/share/op3_walking_module_msgs/srv/GetWalkingParam_Request.msg
[24.130s] -- Symlinking: /home/evan/Documents/algo_gaze_project/install/op3_walking_module_msgs/share/op3_walking_module_msgs/srv/GetWalkingParam_Response.msg
[24.131s] -- Symlinking: /home/evan/Documents/algo_gaze_project/install/op3_walking_module_msgs/share/op3_walking_module_msgs/srv/SetWalkingParam.srv
[24.131s] -- Symlinking: /home/evan/Documents/algo_gaze_project/install/op3_walking_module_msgs/share/op3_walking_module_msgs/srv/SetWalkingParam_Request.msg
[24.131s] -- Symlinking: /home/evan/Documents/algo_gaze_project/install/op3_walking_module_msgs/share/op3_walking_module_msgs/srv/SetWalkingParam_Response.msg
[24.131s] -- Symlinking: /home/evan/Documents/algo_gaze_project/install/op3_walking_module_msgs/share/ament_index/resource_index/package_run_dependencies/op3_walking_module_msgs
[24.131s] -- Symlinking: /home/evan/Documents/algo_gaze_project/install/op3_walking_module_msgs/share/ament_index/resource_index/parent_prefix_path/op3_walking_module_msgs
[24.136s] -- Symlinking: /home/evan/Documents/algo_gaze_project/install/op3_walking_module_msgs/share/op3_walking_module_msgs/environment/ament_prefix_path.sh
[24.151s] -- Symlinking: /home/evan/Documents/algo_gaze_project/install/op3_walking_module_msgs/share/op3_walking_module_msgs/environment/ament_prefix_path.dsv
[24.175s] -- Symlinking: /home/evan/Documents/algo_gaze_project/install/op3_walking_module_msgs/share/op3_walking_module_msgs/environment/path.sh
[24.209s] -- Symlinking: /home/evan/Documents/algo_gaze_project/install/op3_walking_module_msgs/share/op3_walking_module_msgs/environment/path.dsv
[24.227s] -- Symlinking: /home/evan/Documents/algo_gaze_project/install/op3_walking_module_msgs/share/op3_walking_module_msgs/local_setup.bash
[24.239s] -- Symlinking: /home/evan/Documents/algo_gaze_project/install/op3_walking_module_msgs/share/op3_walking_module_msgs/local_setup.sh
[24.251s] -- Symlinking: /home/evan/Documents/algo_gaze_project/install/op3_walking_module_msgs/share/op3_walking_module_msgs/local_setup.zsh
[24.269s] -- Symlinking: /home/evan/Documents/algo_gaze_project/install/op3_walking_module_msgs/share/op3_walking_module_msgs/local_setup.dsv
[24.281s] -- Symlinking: /home/evan/Documents/algo_gaze_project/install/op3_walking_module_msgs/share/op3_walking_module_msgs/package.dsv
[24.294s] -- Symlinking: /home/evan/Documents/algo_gaze_project/install/op3_walking_module_msgs/share/ament_index/resource_index/packages/op3_walking_module_msgs
[24.325s] -- Symlinking: /home/evan/Documents/algo_gaze_project/install/op3_walking_module_msgs/share/op3_walking_module_msgs/cmake/rosidl_cmake-extras.cmake
[24.336s] -- Symlinking: /home/evan/Documents/algo_gaze_project/install/op3_walking_module_msgs/share/op3_walking_module_msgs/cmake/ament_cmake_export_dependencies-extras.cmake
[24.354s] -- Symlinking: /home/evan/Documents/algo_gaze_project/install/op3_walking_module_msgs/share/op3_walking_module_msgs/cmake/ament_cmake_export_include_directories-extras.cmake
[24.380s] -- Symlinking: /home/evan/Documents/algo_gaze_project/install/op3_walking_module_msgs/share/op3_walking_module_msgs/cmake/ament_cmake_export_libraries-extras.cmake
[24.403s] -- Symlinking: /home/evan/Documents/algo_gaze_project/install/op3_walking_module_msgs/share/op3_walking_module_msgs/cmake/ament_cmake_export_targets-extras.cmake
[24.424s] -- Symlinking: /home/evan/Documents/algo_gaze_project/install/op3_walking_module_msgs/share/op3_walking_module_msgs/cmake/rosidl_cmake_export_typesupport_targets-extras.cmake
[24.449s] -- Symlinking: /home/evan/Documents/algo_gaze_project/install/op3_walking_module_msgs/share/op3_walking_module_msgs/cmake/rosidl_cmake_export_typesupport_libraries-extras.cmake
[24.467s] -- Symlinking: /home/evan/Documents/algo_gaze_project/install/op3_walking_module_msgs/share/op3_walking_module_msgs/cmake/op3_walking_module_msgsConfig.cmake
[24.482s] -- Symlinking: /home/evan/Documents/algo_gaze_project/install/op3_walking_module_msgs/share/op3_walking_module_msgs/cmake/op3_walking_module_msgsConfig-version.cmake
[24.496s] -- Symlinking: /home/evan/Documents/algo_gaze_project/install/op3_walking_module_msgs/share/op3_walking_module_msgs/package.xml
[24.512s] -- Installing: /home/evan/Documents/algo_gaze_project/install/op3_walking_module_msgs/lib/libop3_walking_module_msgs__rosidl_generator_c.so
[24.512s] -- Set runtime path of "/home/evan/Documents/algo_gaze_project/install/op3_walking_module_msgs/lib/libop3_walking_module_msgs__rosidl_generator_c.so" to ""
[24.512s] -- Installing: /home/evan/Documents/algo_gaze_project/install/op3_walking_module_msgs/lib/libop3_walking_module_msgs__rosidl_typesupport_fastrtps_c.so
[24.512s] -- Set runtime path of "/home/evan/Documents/algo_gaze_project/install/op3_walking_module_msgs/lib/libop3_walking_module_msgs__rosidl_typesupport_fastrtps_c.so" to ""
[24.512s] -- Installing: /home/evan/Documents/algo_gaze_project/install/op3_walking_module_msgs/lib/libop3_walking_module_msgs__rosidl_typesupport_introspection_c.so
[24.513s] -- Set runtime path of "/home/evan/Documents/algo_gaze_project/install/op3_walking_module_msgs/lib/libop3_walking_module_msgs__rosidl_typesupport_introspection_c.so" to ""
[24.513s] -- Installing: /home/evan/Documents/algo_gaze_project/install/op3_walking_module_msgs/lib/libop3_walking_module_msgs__rosidl_typesupport_c.so
[24.513s] -- Set runtime path of "/home/evan/Documents/algo_gaze_project/install/op3_walking_module_msgs/lib/libop3_walking_module_msgs__rosidl_typesupport_c.so" to ""
[24.513s] -- Installing: /home/evan/Documents/algo_gaze_project/install/op3_walking_module_msgs/lib/libop3_walking_module_msgs__rosidl_typesupport_fastrtps_cpp.so
[24.513s] -- Set runtime path of "/home/evan/Documents/algo_gaze_project/install/op3_walking_module_msgs/lib/libop3_walking_module_msgs__rosidl_typesupport_fastrtps_cpp.so" to ""
[24.513s] -- Installing: /home/evan/Documents/algo_gaze_project/install/op3_walking_module_msgs/lib/libop3_walking_module_msgs__rosidl_typesupport_introspection_cpp.so
[24.513s] -- Set runtime path of "/home/evan/Documents/algo_gaze_project/install/op3_walking_module_msgs/lib/libop3_walking_module_msgs__rosidl_typesupport_introspection_cpp.so" to ""
[24.513s] -- Installing: /home/evan/Documents/algo_gaze_project/install/op3_walking_module_msgs/lib/libop3_walking_module_msgs__rosidl_typesupport_cpp.so
[24.513s] -- Set runtime path of "/home/evan/Documents/algo_gaze_project/install/op3_walking_module_msgs/lib/libop3_walking_module_msgs__rosidl_typesupport_cpp.so" to ""
[24.586s] Listing '/home/evan/Documents/algo_gaze_project/install/op3_walking_module_msgs/local/lib/python3.10/dist-packages/op3_walking_module_msgs'...
[24.586s] Compiling '/home/evan/Documents/algo_gaze_project/install/op3_walking_module_msgs/local/lib/python3.10/dist-packages/op3_walking_module_msgs/__init__.py'...
[24.586s] Listing '/home/evan/Documents/algo_gaze_project/install/op3_walking_module_msgs/local/lib/python3.10/dist-packages/op3_walking_module_msgs/msg'...
[24.586s] Compiling '/home/evan/Documents/algo_gaze_project/install/op3_walking_module_msgs/local/lib/python3.10/dist-packages/op3_walking_module_msgs/msg/__init__.py'...
[24.587s] Compiling '/home/evan/Documents/algo_gaze_project/install/op3_walking_module_msgs/local/lib/python3.10/dist-packages/op3_walking_module_msgs/msg/_walking_param.py'...
[24.587s] Listing '/home/evan/Documents/algo_gaze_project/install/op3_walking_module_msgs/local/lib/python3.10/dist-packages/op3_walking_module_msgs/srv'...
[24.587s] Compiling '/home/evan/Documents/algo_gaze_project/install/op3_walking_module_msgs/local/lib/python3.10/dist-packages/op3_walking_module_msgs/srv/__init__.py'...
[24.587s] Compiling '/home/evan/Documents/algo_gaze_project/install/op3_walking_module_msgs/local/lib/python3.10/dist-packages/op3_walking_module_msgs/srv/_get_walking_param.py'...
[24.587s] Compiling '/home/evan/Documents/algo_gaze_project/install/op3_walking_module_msgs/local/lib/python3.10/dist-packages/op3_walking_module_msgs/srv/_set_walking_param.py'...
[24.594s] -- Installing: /home/evan/Documents/algo_gaze_project/install/op3_walking_module_msgs/lib/libop3_walking_module_msgs__rosidl_generator_py.so
[24.597s] -- Set runtime path of "/home/evan/Documents/algo_gaze_project/install/op3_walking_module_msgs/lib/libop3_walking_module_msgs__rosidl_generator_py.so" to ""
[24.597s] -- Installing: /home/evan/Documents/algo_gaze_project/install/op3_walking_module_msgs/share/op3_walking_module_msgs/cmake/export_op3_walking_module_msgs__rosidl_generator_cExport.cmake
[24.597s] -- Installing: /home/evan/Documents/algo_gaze_project/install/op3_walking_module_msgs/share/op3_walking_module_msgs/cmake/export_op3_walking_module_msgs__rosidl_generator_cExport-noconfig.cmake
[24.597s] -- Installing: /home/evan/Documents/algo_gaze_project/install/op3_walking_module_msgs/share/op3_walking_module_msgs/cmake/export_op3_walking_module_msgs__rosidl_typesupport_fastrtps_cExport.cmake
[24.598s] -- Installing: /home/evan/Documents/algo_gaze_project/install/op3_walking_module_msgs/share/op3_walking_module_msgs/cmake/export_op3_walking_module_msgs__rosidl_typesupport_fastrtps_cExport-noconfig.cmake
[24.598s] -- Installing: /home/evan/Documents/algo_gaze_project/install/op3_walking_module_msgs/share/op3_walking_module_msgs/cmake/op3_walking_module_msgs__rosidl_typesupport_introspection_cExport.cmake
[24.599s] -- Installing: /home/evan/Documents/algo_gaze_project/install/op3_walking_module_msgs/share/op3_walking_module_msgs/cmake/op3_walking_module_msgs__rosidl_typesupport_introspection_cExport-noconfig.cmake
[24.599s] -- Installing: /home/evan/Documents/algo_gaze_project/install/op3_walking_module_msgs/share/op3_walking_module_msgs/cmake/op3_walking_module_msgs__rosidl_typesupport_cExport.cmake
[24.600s] -- Installing: /home/evan/Documents/algo_gaze_project/install/op3_walking_module_msgs/share/op3_walking_module_msgs/cmake/op3_walking_module_msgs__rosidl_typesupport_cExport-noconfig.cmake
[24.603s] -- Installing: /home/evan/Documents/algo_gaze_project/install/op3_walking_module_msgs/share/op3_walking_module_msgs/cmake/export_op3_walking_module_msgs__rosidl_generator_cppExport.cmake
[24.604s] -- Installing: /home/evan/Documents/algo_gaze_project/install/op3_walking_module_msgs/share/op3_walking_module_msgs/cmake/export_op3_walking_module_msgs__rosidl_typesupport_fastrtps_cppExport.cmake
[24.604s] -- Installing: /home/evan/Documents/algo_gaze_project/install/op3_walking_module_msgs/share/op3_walking_module_msgs/cmake/export_op3_walking_module_msgs__rosidl_typesupport_fastrtps_cppExport-noconfig.cmake
[24.605s] -- Installing: /home/evan/Documents/algo_gaze_project/install/op3_walking_module_msgs/share/op3_walking_module_msgs/cmake/op3_walking_module_msgs__rosidl_typesupport_introspection_cppExport.cmake
[24.605s] -- Installing: /home/evan/Documents/algo_gaze_project/install/op3_walking_module_msgs/share/op3_walking_module_msgs/cmake/op3_walking_module_msgs__rosidl_typesupport_introspection_cppExport-noconfig.cmake
[24.605s] -- Installing: /home/evan/Documents/algo_gaze_project/install/op3_walking_module_msgs/share/op3_walking_module_msgs/cmake/op3_walking_module_msgs__rosidl_typesupport_cppExport.cmake
[24.607s] -- Installing: /home/evan/Documents/algo_gaze_project/install/op3_walking_module_msgs/share/op3_walking_module_msgs/cmake/op3_walking_module_msgs__rosidl_typesupport_cppExport-noconfig.cmake
[24.611s] -- Installing: /home/evan/Documents/algo_gaze_project/install/op3_walking_module_msgs/share/op3_walking_module_msgs/cmake/export_op3_walking_module_msgs__rosidl_generator_pyExport.cmake
[24.611s] -- Installing: /home/evan/Documents/algo_gaze_project/install/op3_walking_module_msgs/share/op3_walking_module_msgs/cmake/export_op3_walking_module_msgs__rosidl_generator_pyExport-noconfig.cmake
[24.616s] Invoked command in '/home/evan/Documents/algo_gaze_project/build/op3_walking_module_msgs' returned '0': CMAKE_PREFIX_PATH=/opt/ros/humble /usr/bin/cmake --install /home/evan/Documents/algo_gaze_project/build/op3_walking_module_msgs
