[0.076s] Invoking command in '/home/evan/Documents/algo_gaze_project/build/op3_ball_detector': AMENT_PREFIX_PATH=/home/evan/Documents/algo_gaze_project/install/usb_cam:/home/evan/Documents/algo_gaze_project/install/op3_ball_detector_msgs:${AMENT_PREFIX_PATH} CMAKE_PREFIX_PATH=/home/evan/Documents/algo_gaze_project/install/usb_cam:/home/evan/Documents/algo_gaze_project/install/op3_ball_detector_msgs:/opt/ros/humble LD_LIBRARY_PATH=/home/evan/Documents/algo_gaze_project/install/usb_cam/lib:/home/evan/Documents/algo_gaze_project/install/op3_ball_detector_msgs/lib:${LD_LIBRARY_PATH} PYTHONPATH=/home/evan/Documents/algo_gaze_project/install/op3_ball_detector_msgs/local/lib/python3.10/dist-packages:${PYTHONPATH} /usr/bin/cmake /home/evan/Documents/algo_gaze_project/ROBOTIS-OP3-Demo/op3_ball_detector -DAMENT_CMAKE_SYMLINK_INSTALL=1 -DCMAKE_INSTALL_PREFIX=/home/evan/Documents/algo_gaze_project/install/op3_ball_detector
[1.473s] -- The C compiler identification is GNU 11.4.0
[1.473s] -- The CXX compiler identification is GNU 11.4.0
[1.473s] -- Detecting C compiler ABI info
[1.474s] -- Detecting C compiler ABI info - done
[1.474s] -- Check for working C compiler: /usr/bin/cc - skipped
[1.474s] -- Detecting C compile features
[1.474s] -- Detecting C compile features - done
[1.474s] -- Detecting CXX compiler ABI info
[1.474s] -- Detecting CXX compiler ABI info - done
[1.475s] -- Check for working CXX compiler: /usr/bin/c++ - skipped
[1.475s] -- Detecting CXX compile features
[1.475s] -- Detecting CXX compile features - done
[1.475s] -- Found ament_cmake: 1.3.14 (/opt/ros/humble/share/ament_cmake/cmake)
[1.475s] -- Found Python3: /usr/bin/python3 (found version "3.10.12") found components: Interpreter 
[1.608s] -- Override CMake install command with custom implementation using symlinks instead of copying resources
[1.642s] -- Found ament_index_cpp: 1.4.1 (/opt/ros/humble/share/ament_index_cpp/cmake)
[1.644s] -- Found rclcpp: 16.0.19 (/opt/ros/humble/share/rclcpp/cmake)
[1.698s] -- Found rosidl_generator_c: 3.1.8 (/opt/ros/humble/share/rosidl_generator_c/cmake)
[1.704s] -- Found rosidl_adapter: 3.1.8 (/opt/ros/humble/share/rosidl_adapter/cmake)
[1.718s] -- Found rosidl_generator_cpp: 3.1.8 (/opt/ros/humble/share/rosidl_generator_cpp/cmake)
[1.737s] -- Using all available rosidl_typesupport_c: rosidl_typesupport_fastrtps_c;rosidl_typesupport_introspection_c
[1.756s] -- Using all available rosidl_typesupport_cpp: rosidl_typesupport_fastrtps_cpp;rosidl_typesupport_introspection_cpp
[1.823s] -- Found rmw_implementation_cmake: 6.1.2 (/opt/ros/humble/share/rmw_implementation_cmake/cmake)
[1.824s] -- Found rmw_fastrtps_cpp: 6.2.10 (/opt/ros/humble/share/rmw_fastrtps_cpp/cmake)
[2.045s] -- Found OpenSSL: /usr/lib/x86_64-linux-gnu/libcrypto.so (found version "3.0.2")  
[2.133s] -- Found FastRTPS: /opt/ros/humble/include  
[2.216s] -- Using RMW implementation 'rmw_fastrtps_cpp' as default
[2.229s] -- Looking for pthread.h
[2.385s] -- Looking for pthread.h - found
[2.386s] -- Performing Test CMAKE_HAVE_LIBC_PTHREAD
[2.543s] -- Performing Test CMAKE_HAVE_LIBC_PTHREAD - Success
[2.543s] -- Found Threads: TRUE  
[2.613s] -- Found sensor_msgs: 4.9.1 (/opt/ros/humble/share/sensor_msgs/cmake)
[2.666s] -- Found cv_bridge: 3.2.1 (/opt/ros/humble/share/cv_bridge/cmake)
[2.681s] -- Found image_transport: 3.1.12 (/opt/ros/humble/share/image_transport/cmake)
[2.726s] -- Found usb_cam: 0.8.2 (/home/evan/Documents/algo_gaze_project/install/usb_cam/share/usb_cam/cmake)
[2.793s] -- Found OpenCV: /usr (found version "4.5.4") 
[2.822s] -- Found Boost: /usr/lib/x86_64-linux-gnu/cmake/Boost-1.74.0/BoostConfig.cmake (found version "1.74.0") found components: thread 
[2.826s] -- Found op3_ball_detector_msgs: 0.1.0 (/home/evan/Documents/algo_gaze_project/install/op3_ball_detector_msgs/share/op3_ball_detector_msgs/cmake)
[2.863s] -- Found PkgConfig: /usr/bin/pkg-config (found version "0.29.2") 
[2.863s] -- Checking for module 'yaml-cpp'
[2.882s] --   Found yaml-cpp, version 0.7.0
[3.111s] -- Configuring done
[3.151s] -- Generating done
[3.161s] -- Build files have been written to: /home/evan/Documents/algo_gaze_project/build/op3_ball_detector
[3.187s] Invoked command in '/home/evan/Documents/algo_gaze_project/build/op3_ball_detector' returned '0': AMENT_PREFIX_PATH=/home/evan/Documents/algo_gaze_project/install/usb_cam:/home/evan/Documents/algo_gaze_project/install/op3_ball_detector_msgs:${AMENT_PREFIX_PATH} CMAKE_PREFIX_PATH=/home/evan/Documents/algo_gaze_project/install/usb_cam:/home/evan/Documents/algo_gaze_project/install/op3_ball_detector_msgs:/opt/ros/humble LD_LIBRARY_PATH=/home/evan/Documents/algo_gaze_project/install/usb_cam/lib:/home/evan/Documents/algo_gaze_project/install/op3_ball_detector_msgs/lib:${LD_LIBRARY_PATH} PYTHONPATH=/home/evan/Documents/algo_gaze_project/install/op3_ball_detector_msgs/local/lib/python3.10/dist-packages:${PYTHONPATH} /usr/bin/cmake /home/evan/Documents/algo_gaze_project/ROBOTIS-OP3-Demo/op3_ball_detector -DAMENT_CMAKE_SYMLINK_INSTALL=1 -DCMAKE_INSTALL_PREFIX=/home/evan/Documents/algo_gaze_project/install/op3_ball_detector
[3.188s] Invoking command in '/home/evan/Documents/algo_gaze_project/build/op3_ball_detector': AMENT_PREFIX_PATH=/home/evan/Documents/algo_gaze_project/install/usb_cam:/home/evan/Documents/algo_gaze_project/install/op3_ball_detector_msgs:${AMENT_PREFIX_PATH} CMAKE_PREFIX_PATH=/home/evan/Documents/algo_gaze_project/install/usb_cam:/home/evan/Documents/algo_gaze_project/install/op3_ball_detector_msgs:/opt/ros/humble LD_LIBRARY_PATH=/home/evan/Documents/algo_gaze_project/install/usb_cam/lib:/home/evan/Documents/algo_gaze_project/install/op3_ball_detector_msgs/lib:${LD_LIBRARY_PATH} PYTHONPATH=/home/evan/Documents/algo_gaze_project/install/op3_ball_detector_msgs/local/lib/python3.10/dist-packages:${PYTHONPATH} /usr/bin/cmake --build /home/evan/Documents/algo_gaze_project/build/op3_ball_detector -- -j12 -l12
[9.330s] In file included from [01m[K/home/evan/Documents/algo_gaze_project/ROBOTIS-OP3-Demo/op3_ball_detector/src/ball_detector.cpp:22[m[K:
[9.330s] [01m[K/home/evan/Documents/algo_gaze_project/ROBOTIS-OP3-Demo/op3_ball_detector/include/op3_ball_detector/ball_detector.h:34:10:[m[K [01;31m[Kfatal error: [m[Kcv_bridge/cv_bridge.hpp: No such file or directory
[9.330s]    34 | #include [01;31m[K<cv_bridge/cv_bridge.hpp>[m[K
[9.330s]       |          [01;31m[K^~~~~~~~~~~~~~~~~~~~~~~~~[m[K
[9.330s] compilation terminated.
[9.330s] In file included from [01m[K/home/evan/Documents/algo_gaze_project/ROBOTIS-OP3-Demo/op3_ball_detector/src/ball_detector_node.cpp:19[m[K:
[9.330s] [01m[K/home/evan/Documents/algo_gaze_project/ROBOTIS-OP3-Demo/op3_ball_detector/include/op3_ball_detector/ball_detector.h:34:10:[m[K [01;31m[Kfatal error: [m[Kcv_bridge/cv_bridge.hpp: No such file or directory
[9.330s]    34 | #include [01;31m[K<cv_bridge/cv_bridge.hpp>[m[K
[9.330s]       |          [01;31m[K^~~~~~~~~~~~~~~~~~~~~~~~~[m[K
[9.330s] compilation terminated.
[9.330s] gmake[2]: *** [CMakeFiles/ball_detector_node.dir/build.make:90: CMakeFiles/ball_detector_node.dir/src/ball_detector_node.cpp.o] Error 1
[9.330s] gmake[2]: *** Waiting for unfinished jobs....
[9.330s] gmake[2]: *** [CMakeFiles/ball_detector_node.dir/build.make:76: CMakeFiles/ball_detector_node.dir/src/ball_detector.cpp.o] Error 1
[9.330s] gmake[1]: *** [CMakeFiles/Makefile2:137: CMakeFiles/ball_detector_node.dir/all] Error 2
[9.331s] gmake: *** [Makefile:146: all] Error 2
[9.331s] [ 33%] [32mBuilding CXX object CMakeFiles/ball_detector_node.dir/src/ball_detector.cpp.o[0m
[9.331s] [ 66%] [32mBuilding CXX object CMakeFiles/ball_detector_node.dir/src/ball_detector_node.cpp.o[0m
[9.368s] Invoked command in '/home/evan/Documents/algo_gaze_project/build/op3_ball_detector' returned '2': AMENT_PREFIX_PATH=/home/evan/Documents/algo_gaze_project/install/usb_cam:/home/evan/Documents/algo_gaze_project/install/op3_ball_detector_msgs:${AMENT_PREFIX_PATH} CMAKE_PREFIX_PATH=/home/evan/Documents/algo_gaze_project/install/usb_cam:/home/evan/Documents/algo_gaze_project/install/op3_ball_detector_msgs:/opt/ros/humble LD_LIBRARY_PATH=/home/evan/Documents/algo_gaze_project/install/usb_cam/lib:/home/evan/Documents/algo_gaze_project/install/op3_ball_detector_msgs/lib:${LD_LIBRARY_PATH} PYTHONPATH=/home/evan/Documents/algo_gaze_project/install/op3_ball_detector_msgs/local/lib/python3.10/dist-packages:${PYTHONPATH} /usr/bin/cmake --build /home/evan/Documents/algo_gaze_project/build/op3_ball_detector -- -j12 -l12
