-- The C compiler identification is GNU 11.4.0
-- The CXX compiler identification is GNU 11.4.0
-- Detecting C compiler ABI info
-- Detecting C compiler ABI info - done
-- Check for working C compiler: /usr/bin/cc - skipped
-- Detecting C compile features
-- Detecting C compile features - done
-- Detecting CXX compiler ABI info
-- Detecting CXX compiler ABI info - done
-- Check for working CXX compiler: /usr/bin/c++ - skipped
-- Detecting CXX compile features
-- Detecting CXX compile features - done
-- Found ament_cmake: 1.3.14 (/opt/ros/humble/share/ament_cmake/cmake)
-- Found Python3: /usr/bin/python3 (found version "3.10.12") found components: Interpreter 
-- Override CMake install command with custom implementation using symlinks instead of copying resources
-- Found rosidl_default_generators: 1.2.1 (/opt/ros/humble/share/rosidl_default_generators/cmake)
-- Using all available rosidl_typesupport_c: rosidl_typesupport_fastrtps_c;rosidl_typesupport_introspection_c
-- Found rosidl_adapter: 3.1.8 (/opt/ros/humble/share/rosidl_adapter/cmake)
-- Using all available rosidl_typesupport_cpp: rosidl_typesupport_fastrtps_cpp;rosidl_typesupport_introspection_cpp
-- Found std_msgs: 4.9.1 (/opt/ros/humble/share/std_msgs/cmake)
-- Found ament_cmake_ros: 0.10.0 (/opt/ros/humble/share/ament_cmake_ros/cmake)
-- Using all available rosidl_typesupport_c: rosidl_typesupport_fastrtps_c;rosidl_typesupport_introspection_c
-- Using all available rosidl_typesupport_cpp: rosidl_typesupport_fastrtps_cpp;rosidl_typesupport_introspection_cpp
-- Found PythonInterp: /usr/bin/python3 (found suitable version "3.10.12", minimum required is "3.6") 
-- Found python_cmake_module: 0.10.0 (/opt/ros/humble/share/python_cmake_module/cmake)
-- Found PythonLibs: /usr/lib/x86_64-linux-gnu/libpython3.10.so (found suitable version "3.10.12", minimum required is "3.5") 
-- Using PYTHON_EXECUTABLE: /usr/bin/python3
-- Using PYTHON_INCLUDE_DIRS: /usr/include/python3.10
-- Using PYTHON_LIBRARIES: /usr/lib/x86_64-linux-gnu/libpython3.10.so
-- Found PythonExtra: .so  
-- Found ament_lint_auto: 0.12.15 (/opt/ros/humble/share/ament_lint_auto/cmake)
-- Added test 'copyright' to check source files copyright and LICENSE
-- Added test 'lint_cmake' to check CMake code style
-- Added test 'xmllint' to check XML markup files
-- Configuring done
-- Generating done
-- Build files have been written to: /home/evan/Documents/BRONE_audio_gaze_project/build/audio_gaze_msgs
[  3%] [34m[1mGenerating C code for ROS interfaces[0m
[  6%] [34m[1mGenerating Rust code for ROS interfaces[0m
[  9%] [34m[1mGenerating C++ code for ROS interfaces[0m
[  9%] Built target ament_cmake_python_symlink_audio_gaze_msgs
[  9%] Built target audio_gaze_msgs__rs
running egg_info
creating audio_gaze_msgs.egg-info
writing audio_gaze_msgs.egg-info/PKG-INFO
writing dependency_links to audio_gaze_msgs.egg-info/dependency_links.txt
writing top-level names to audio_gaze_msgs.egg-info/top_level.txt
writing manifest file 'audio_gaze_msgs.egg-info/SOURCES.txt'
reading manifest file 'audio_gaze_msgs.egg-info/SOURCES.txt'
writing manifest file 'audio_gaze_msgs.egg-info/SOURCES.txt'
[ 12%] [32mBuilding C object CMakeFiles/audio_gaze_msgs__rosidl_generator_c.dir/rosidl_generator_c/audio_gaze_msgs/msg/detail/audio_cue__functions.c.o[0m
[ 12%] Built target audio_gaze_msgs__cpp
[ 15%] [34m[1mGenerating C++ type support dispatch for ROS interfaces[0m
[ 18%] [34m[1mGenerating C++ type support for eProsima Fast-RTPS[0m
[ 21%] [34m[1mGenerating C++ introspection for ROS interfaces[0m
[ 21%] Built target ament_cmake_python_build_audio_gaze_msgs_egg
[ 25%] [32m[1mLinking C shared library libaudio_gaze_msgs__rosidl_generator_c.so[0m
[ 25%] Built target audio_gaze_msgs__rosidl_generator_c
[ 28%] [34m[1mGenerating C type support for eProsima Fast-RTPS[0m
[ 31%] [34m[1mGenerating C introspection for ROS interfaces[0m
[ 34%] [34m[1mGenerating C type support dispatch for ROS interfaces[0m
[ 37%] [32mBuilding CXX object CMakeFiles/audio_gaze_msgs__rosidl_typesupport_fastrtps_c.dir/rosidl_typesupport_fastrtps_c/audio_gaze_msgs/msg/detail/audio_cue__type_support_c.cpp.o[0m
[ 40%] [32mBuilding CXX object CMakeFiles/audio_gaze_msgs__rosidl_typesupport_introspection_cpp.dir/rosidl_typesupport_introspection_cpp/audio_gaze_msgs/msg/detail/audio_cue__type_support.cpp.o[0m
[ 43%] [32mBuilding CXX object CMakeFiles/audio_gaze_msgs__rosidl_typesupport_cpp.dir/rosidl_typesupport_cpp/audio_gaze_msgs/msg/audio_cue__type_support.cpp.o[0m
[ 46%] [32mBuilding CXX object CMakeFiles/audio_gaze_msgs__rosidl_typesupport_fastrtps_cpp.dir/rosidl_typesupport_fastrtps_cpp/audio_gaze_msgs/msg/detail/dds_fastrtps/audio_cue__type_support.cpp.o[0m
[ 50%] [32mBuilding C object CMakeFiles/audio_gaze_msgs__rosidl_typesupport_introspection_c.dir/rosidl_typesupport_introspection_c/audio_gaze_msgs/msg/detail/audio_cue__type_support.c.o[0m
[ 53%] [32mBuilding CXX object CMakeFiles/audio_gaze_msgs__rosidl_typesupport_c.dir/rosidl_typesupport_c/audio_gaze_msgs/msg/audio_cue__type_support.cpp.o[0m
[ 56%] [32m[1mLinking C shared library libaudio_gaze_msgs__rosidl_typesupport_introspection_c.so[0m
[ 59%] [32m[1mLinking CXX shared library libaudio_gaze_msgs__rosidl_typesupport_c.so[0m
[ 59%] Built target audio_gaze_msgs__rosidl_typesupport_introspection_c
[ 62%] [32m[1mLinking CXX shared library libaudio_gaze_msgs__rosidl_typesupport_fastrtps_c.so[0m
[ 62%] Built target audio_gaze_msgs__rosidl_typesupport_c
[ 62%] Built target audio_gaze_msgs__rosidl_typesupport_fastrtps_c
[ 65%] [32m[1mLinking CXX shared library libaudio_gaze_msgs__rosidl_typesupport_cpp.so[0m
[ 65%] Built target audio_gaze_msgs__rosidl_typesupport_cpp
[ 68%] [32m[1mLinking CXX shared library libaudio_gaze_msgs__rosidl_typesupport_introspection_cpp.so[0m
[ 68%] Built target audio_gaze_msgs__rosidl_typesupport_introspection_cpp
[ 71%] [32m[1mLinking CXX shared library libaudio_gaze_msgs__rosidl_typesupport_fastrtps_cpp.so[0m
[ 71%] Built target audio_gaze_msgs__rosidl_typesupport_fastrtps_cpp
[ 71%] Built target audio_gaze_msgs
[ 75%] [34m[1mGenerating Python code for ROS interfaces[0m
[ 75%] Built target audio_gaze_msgs__py
[ 78%] [32mBuilding C object CMakeFiles/audio_gaze_msgs__rosidl_generator_py.dir/rosidl_generator_py/audio_gaze_msgs/msg/_audio_cue_s.c.o[0m
[ 81%] [32m[1mLinking C shared library rosidl_generator_py/audio_gaze_msgs/libaudio_gaze_msgs__rosidl_generator_py.so[0m
[ 81%] Built target audio_gaze_msgs__rosidl_generator_py
[ 84%] [32mBuilding C object CMakeFiles/audio_gaze_msgs__rosidl_typesupport_fastrtps_c__pyext.dir/rosidl_generator_py/audio_gaze_msgs/_audio_gaze_msgs_s.ep.rosidl_typesupport_fastrtps_c.c.o[0m
[ 87%] [32m[1mLinking C shared library rosidl_generator_py/audio_gaze_msgs/audio_gaze_msgs_s__rosidl_typesupport_fastrtps_c.cpython-310-x86_64-linux-gnu.so[0m
[ 87%] Built target audio_gaze_msgs__rosidl_typesupport_fastrtps_c__pyext
[ 90%] [32mBuilding C object CMakeFiles/audio_gaze_msgs__rosidl_typesupport_c__pyext.dir/rosidl_generator_py/audio_gaze_msgs/_audio_gaze_msgs_s.ep.rosidl_typesupport_c.c.o[0m
[ 93%] [32m[1mLinking C shared library rosidl_generator_py/audio_gaze_msgs/audio_gaze_msgs_s__rosidl_typesupport_c.cpython-310-x86_64-linux-gnu.so[0m
[ 93%] Built target audio_gaze_msgs__rosidl_typesupport_c__pyext
[ 96%] [32mBuilding C object CMakeFiles/audio_gaze_msgs__rosidl_typesupport_introspection_c__pyext.dir/rosidl_generator_py/audio_gaze_msgs/_audio_gaze_msgs_s.ep.rosidl_typesupport_introspection_c.c.o[0m
[100%] [32m[1mLinking C shared library rosidl_generator_py/audio_gaze_msgs/audio_gaze_msgs_s__rosidl_typesupport_introspection_c.cpython-310-x86_64-linux-gnu.so[0m
[100%] Built target audio_gaze_msgs__rosidl_typesupport_introspection_c__pyext
-- Install configuration: ""
-- Execute custom install script
-- Symlinking: /home/evan/Documents/BRONE_audio_gaze_project/install/audio_gaze_msgs/share/ament_index/resource_index/rosidl_interfaces/audio_gaze_msgs
-- Symlinking: /home/evan/Documents/BRONE_audio_gaze_project/install/audio_gaze_msgs/include/audio_gaze_msgs/audio_gaze_msgs/msg/audio_cue.h
-- Symlinking: /home/evan/Documents/BRONE_audio_gaze_project/install/audio_gaze_msgs/include/audio_gaze_msgs/audio_gaze_msgs/msg/detail/audio_cue__functions.h
-- Symlinking: /home/evan/Documents/BRONE_audio_gaze_project/install/audio_gaze_msgs/include/audio_gaze_msgs/audio_gaze_msgs/msg/detail/audio_cue__struct.h
-- Symlinking: /home/evan/Documents/BRONE_audio_gaze_project/install/audio_gaze_msgs/include/audio_gaze_msgs/audio_gaze_msgs/msg/detail/audio_cue__type_support.h
-- Symlinking: /home/evan/Documents/BRONE_audio_gaze_project/install/audio_gaze_msgs/include/audio_gaze_msgs/audio_gaze_msgs/msg/rosidl_generator_c__visibility_control.h
-- Symlinking: /home/evan/Documents/BRONE_audio_gaze_project/install/audio_gaze_msgs/share/audio_gaze_msgs/environment/library_path.sh
-- Symlinking: /home/evan/Documents/BRONE_audio_gaze_project/install/audio_gaze_msgs/share/audio_gaze_msgs/environment/library_path.dsv
-- Symlinking: /home/evan/Documents/BRONE_audio_gaze_project/install/audio_gaze_msgs/include/audio_gaze_msgs/audio_gaze_msgs/msg/detail/audio_cue__rosidl_typesupport_fastrtps_c.h
-- Symlinking: /home/evan/Documents/BRONE_audio_gaze_project/install/audio_gaze_msgs/include/audio_gaze_msgs/audio_gaze_msgs/msg/rosidl_typesupport_fastrtps_c__visibility_control.h
-- Symlinking: /home/evan/Documents/BRONE_audio_gaze_project/install/audio_gaze_msgs/include/audio_gaze_msgs/audio_gaze_msgs/msg/detail/audio_cue__rosidl_typesupport_introspection_c.h
-- Symlinking: /home/evan/Documents/BRONE_audio_gaze_project/install/audio_gaze_msgs/include/audio_gaze_msgs/audio_gaze_msgs/msg/rosidl_typesupport_introspection_c__visibility_control.h
-- Symlinking: /home/evan/Documents/BRONE_audio_gaze_project/install/audio_gaze_msgs/include/audio_gaze_msgs/audio_gaze_msgs/msg/audio_cue.hpp
-- Symlinking: /home/evan/Documents/BRONE_audio_gaze_project/install/audio_gaze_msgs/include/audio_gaze_msgs/audio_gaze_msgs/msg/detail/audio_cue__builder.hpp
-- Symlinking: /home/evan/Documents/BRONE_audio_gaze_project/install/audio_gaze_msgs/include/audio_gaze_msgs/audio_gaze_msgs/msg/detail/audio_cue__struct.hpp
-- Symlinking: /home/evan/Documents/BRONE_audio_gaze_project/install/audio_gaze_msgs/include/audio_gaze_msgs/audio_gaze_msgs/msg/detail/audio_cue__traits.hpp
-- Symlinking: /home/evan/Documents/BRONE_audio_gaze_project/install/audio_gaze_msgs/include/audio_gaze_msgs/audio_gaze_msgs/msg/detail/audio_cue__type_support.hpp
-- Symlinking: /home/evan/Documents/BRONE_audio_gaze_project/install/audio_gaze_msgs/include/audio_gaze_msgs/audio_gaze_msgs/msg/rosidl_generator_cpp__visibility_control.hpp
-- Symlinking: /home/evan/Documents/BRONE_audio_gaze_project/install/audio_gaze_msgs/include/audio_gaze_msgs/audio_gaze_msgs/msg/detail/audio_cue__rosidl_typesupport_fastrtps_cpp.hpp
-- Symlinking: /home/evan/Documents/BRONE_audio_gaze_project/install/audio_gaze_msgs/include/audio_gaze_msgs/audio_gaze_msgs/msg/rosidl_typesupport_fastrtps_cpp__visibility_control.h
-- Symlinking: /home/evan/Documents/BRONE_audio_gaze_project/install/audio_gaze_msgs/include/audio_gaze_msgs/audio_gaze_msgs/msg/detail/audio_cue__rosidl_typesupport_introspection_cpp.hpp
-- Symlinking: /home/evan/Documents/BRONE_audio_gaze_project/install/audio_gaze_msgs/share/audio_gaze_msgs/environment/pythonpath.sh
-- Symlinking: /home/evan/Documents/BRONE_audio_gaze_project/install/audio_gaze_msgs/share/audio_gaze_msgs/environment/pythonpath.dsv
-- Symlinking: /home/evan/Documents/BRONE_audio_gaze_project/install/audio_gaze_msgs/local/lib/python3.10/dist-packages/audio_gaze_msgs-0.0.1-py3.10.egg-info/PKG-INFO
-- Symlinking: /home/evan/Documents/BRONE_audio_gaze_project/install/audio_gaze_msgs/local/lib/python3.10/dist-packages/audio_gaze_msgs-0.0.1-py3.10.egg-info/SOURCES.txt
-- Symlinking: /home/evan/Documents/BRONE_audio_gaze_project/install/audio_gaze_msgs/local/lib/python3.10/dist-packages/audio_gaze_msgs-0.0.1-py3.10.egg-info/dependency_links.txt
-- Symlinking: /home/evan/Documents/BRONE_audio_gaze_project/install/audio_gaze_msgs/local/lib/python3.10/dist-packages/audio_gaze_msgs-0.0.1-py3.10.egg-info/top_level.txt
-- Symlinking: /home/evan/Documents/BRONE_audio_gaze_project/install/audio_gaze_msgs/local/lib/python3.10/dist-packages/audio_gaze_msgs/__init__.py
-- Symlinking: /home/evan/Documents/BRONE_audio_gaze_project/install/audio_gaze_msgs/local/lib/python3.10/dist-packages/audio_gaze_msgs/_audio_gaze_msgs_s.ep.rosidl_typesupport_c.c
-- Symlinking: /home/evan/Documents/BRONE_audio_gaze_project/install/audio_gaze_msgs/local/lib/python3.10/dist-packages/audio_gaze_msgs/_audio_gaze_msgs_s.ep.rosidl_typesupport_fastrtps_c.c
-- Symlinking: /home/evan/Documents/BRONE_audio_gaze_project/install/audio_gaze_msgs/local/lib/python3.10/dist-packages/audio_gaze_msgs/_audio_gaze_msgs_s.ep.rosidl_typesupport_introspection_c.c
-- Symlinking: /home/evan/Documents/BRONE_audio_gaze_project/install/audio_gaze_msgs/local/lib/python3.10/dist-packages/audio_gaze_msgs/audio_gaze_msgs_s__rosidl_typesupport_c.cpython-310-x86_64-linux-gnu.so
-- Symlinking: /home/evan/Documents/BRONE_audio_gaze_project/install/audio_gaze_msgs/local/lib/python3.10/dist-packages/audio_gaze_msgs/audio_gaze_msgs_s__rosidl_typesupport_fastrtps_c.cpython-310-x86_64-linux-gnu.so
-- Symlinking: /home/evan/Documents/BRONE_audio_gaze_project/install/audio_gaze_msgs/local/lib/python3.10/dist-packages/audio_gaze_msgs/audio_gaze_msgs_s__rosidl_typesupport_introspection_c.cpython-310-x86_64-linux-gnu.so
-- Symlinking: /home/evan/Documents/BRONE_audio_gaze_project/install/audio_gaze_msgs/local/lib/python3.10/dist-packages/audio_gaze_msgs/libaudio_gaze_msgs__rosidl_generator_py.so
-- Symlinking: /home/evan/Documents/BRONE_audio_gaze_project/install/audio_gaze_msgs/local/lib/python3.10/dist-packages/audio_gaze_msgs/msg/__init__.py
-- Symlinking: /home/evan/Documents/BRONE_audio_gaze_project/install/audio_gaze_msgs/local/lib/python3.10/dist-packages/audio_gaze_msgs/msg/_audio_cue.py
-- Symlinking: /home/evan/Documents/BRONE_audio_gaze_project/install/audio_gaze_msgs/local/lib/python3.10/dist-packages/audio_gaze_msgs/msg/_audio_cue_s.c
-- Up-to-date symlink: /home/evan/Documents/BRONE_audio_gaze_project/install/audio_gaze_msgs/local/lib/python3.10/dist-packages/audio_gaze_msgs/audio_gaze_msgs_s__rosidl_typesupport_fastrtps_c.cpython-310-x86_64-linux-gnu.so
-- Up-to-date symlink: /home/evan/Documents/BRONE_audio_gaze_project/install/audio_gaze_msgs/local/lib/python3.10/dist-packages/audio_gaze_msgs/audio_gaze_msgs_s__rosidl_typesupport_introspection_c.cpython-310-x86_64-linux-gnu.so
-- Up-to-date symlink: /home/evan/Documents/BRONE_audio_gaze_project/install/audio_gaze_msgs/local/lib/python3.10/dist-packages/audio_gaze_msgs/audio_gaze_msgs_s__rosidl_typesupport_c.cpython-310-x86_64-linux-gnu.so
-- Symlinking: /home/evan/Documents/BRONE_audio_gaze_project/install/audio_gaze_msgs/share/ament_index/resource_index/rust_packages/audio_gaze_msgs
-- Symlinking: /home/evan/Documents/BRONE_audio_gaze_project/install/audio_gaze_msgs/share/audio_gaze_msgs/rust/Cargo.toml
-- Symlinking: /home/evan/Documents/BRONE_audio_gaze_project/install/audio_gaze_msgs/share/audio_gaze_msgs/rust/build.rs
-- Symlinking: /home/evan/Documents/BRONE_audio_gaze_project/install/audio_gaze_msgs/share/audio_gaze_msgs/rust/src/lib.rs
-- Symlinking: /home/evan/Documents/BRONE_audio_gaze_project/install/audio_gaze_msgs/share/audio_gaze_msgs/rust/src/msg.rs
-- Symlinking: /home/evan/Documents/BRONE_audio_gaze_project/install/audio_gaze_msgs/share/audio_gaze_msgs/rust/src/msg/rmw.rs
-- Symlinking: /home/evan/Documents/BRONE_audio_gaze_project/install/audio_gaze_msgs/share/audio_gaze_msgs/msg/AudioCue.idl
-- Symlinking: /home/evan/Documents/BRONE_audio_gaze_project/install/audio_gaze_msgs/share/audio_gaze_msgs/msg/AudioCue.msg
-- Symlinking: /home/evan/Documents/BRONE_audio_gaze_project/install/audio_gaze_msgs/share/ament_index/resource_index/package_run_dependencies/audio_gaze_msgs
-- Symlinking: /home/evan/Documents/BRONE_audio_gaze_project/install/audio_gaze_msgs/share/ament_index/resource_index/parent_prefix_path/audio_gaze_msgs
-- Symlinking: /home/evan/Documents/BRONE_audio_gaze_project/install/audio_gaze_msgs/share/audio_gaze_msgs/environment/ament_prefix_path.sh
-- Symlinking: /home/evan/Documents/BRONE_audio_gaze_project/install/audio_gaze_msgs/share/audio_gaze_msgs/environment/ament_prefix_path.dsv
-- Symlinking: /home/evan/Documents/BRONE_audio_gaze_project/install/audio_gaze_msgs/share/audio_gaze_msgs/environment/path.sh
-- Symlinking: /home/evan/Documents/BRONE_audio_gaze_project/install/audio_gaze_msgs/share/audio_gaze_msgs/environment/path.dsv
-- Symlinking: /home/evan/Documents/BRONE_audio_gaze_project/install/audio_gaze_msgs/share/audio_gaze_msgs/local_setup.bash
-- Symlinking: /home/evan/Documents/BRONE_audio_gaze_project/install/audio_gaze_msgs/share/audio_gaze_msgs/local_setup.sh
-- Symlinking: /home/evan/Documents/BRONE_audio_gaze_project/install/audio_gaze_msgs/share/audio_gaze_msgs/local_setup.zsh
-- Symlinking: /home/evan/Documents/BRONE_audio_gaze_project/install/audio_gaze_msgs/share/audio_gaze_msgs/local_setup.dsv
-- Symlinking: /home/evan/Documents/BRONE_audio_gaze_project/install/audio_gaze_msgs/share/audio_gaze_msgs/package.dsv
-- Symlinking: /home/evan/Documents/BRONE_audio_gaze_project/install/audio_gaze_msgs/share/ament_index/resource_index/packages/audio_gaze_msgs
-- Symlinking: /home/evan/Documents/BRONE_audio_gaze_project/install/audio_gaze_msgs/share/audio_gaze_msgs/cmake/rosidl_cmake-extras.cmake
-- Symlinking: /home/evan/Documents/BRONE_audio_gaze_project/install/audio_gaze_msgs/share/audio_gaze_msgs/cmake/ament_cmake_export_dependencies-extras.cmake
-- Symlinking: /home/evan/Documents/BRONE_audio_gaze_project/install/audio_gaze_msgs/share/audio_gaze_msgs/cmake/ament_cmake_export_include_directories-extras.cmake
-- Symlinking: /home/evan/Documents/BRONE_audio_gaze_project/install/audio_gaze_msgs/share/audio_gaze_msgs/cmake/ament_cmake_export_libraries-extras.cmake
-- Symlinking: /home/evan/Documents/BRONE_audio_gaze_project/install/audio_gaze_msgs/share/audio_gaze_msgs/cmake/ament_cmake_export_targets-extras.cmake
-- Symlinking: /home/evan/Documents/BRONE_audio_gaze_project/install/audio_gaze_msgs/share/audio_gaze_msgs/cmake/rosidl_cmake_export_typesupport_targets-extras.cmake
-- Symlinking: /home/evan/Documents/BRONE_audio_gaze_project/install/audio_gaze_msgs/share/audio_gaze_msgs/cmake/rosidl_cmake_export_typesupport_libraries-extras.cmake
-- Symlinking: /home/evan/Documents/BRONE_audio_gaze_project/install/audio_gaze_msgs/share/audio_gaze_msgs/cmake/audio_gaze_msgsConfig.cmake
-- Symlinking: /home/evan/Documents/BRONE_audio_gaze_project/install/audio_gaze_msgs/share/audio_gaze_msgs/cmake/audio_gaze_msgsConfig-version.cmake
-- Symlinking: /home/evan/Documents/BRONE_audio_gaze_project/install/audio_gaze_msgs/share/audio_gaze_msgs/package.xml
-- Installing: /home/evan/Documents/BRONE_audio_gaze_project/install/audio_gaze_msgs/lib/libaudio_gaze_msgs__rosidl_generator_c.so
-- Set runtime path of "/home/evan/Documents/BRONE_audio_gaze_project/install/audio_gaze_msgs/lib/libaudio_gaze_msgs__rosidl_generator_c.so" to ""
-- Installing: /home/evan/Documents/BRONE_audio_gaze_project/install/audio_gaze_msgs/lib/libaudio_gaze_msgs__rosidl_typesupport_fastrtps_c.so
-- Set runtime path of "/home/evan/Documents/BRONE_audio_gaze_project/install/audio_gaze_msgs/lib/libaudio_gaze_msgs__rosidl_typesupport_fastrtps_c.so" to ""
-- Installing: /home/evan/Documents/BRONE_audio_gaze_project/install/audio_gaze_msgs/lib/libaudio_gaze_msgs__rosidl_typesupport_introspection_c.so
-- Set runtime path of "/home/evan/Documents/BRONE_audio_gaze_project/install/audio_gaze_msgs/lib/libaudio_gaze_msgs__rosidl_typesupport_introspection_c.so" to ""
-- Installing: /home/evan/Documents/BRONE_audio_gaze_project/install/audio_gaze_msgs/lib/libaudio_gaze_msgs__rosidl_typesupport_c.so
-- Set runtime path of "/home/evan/Documents/BRONE_audio_gaze_project/install/audio_gaze_msgs/lib/libaudio_gaze_msgs__rosidl_typesupport_c.so" to ""
-- Installing: /home/evan/Documents/BRONE_audio_gaze_project/install/audio_gaze_msgs/lib/libaudio_gaze_msgs__rosidl_typesupport_fastrtps_cpp.so
-- Set runtime path of "/home/evan/Documents/BRONE_audio_gaze_project/install/audio_gaze_msgs/lib/libaudio_gaze_msgs__rosidl_typesupport_fastrtps_cpp.so" to ""
-- Installing: /home/evan/Documents/BRONE_audio_gaze_project/install/audio_gaze_msgs/lib/libaudio_gaze_msgs__rosidl_typesupport_introspection_cpp.so
-- Set runtime path of "/home/evan/Documents/BRONE_audio_gaze_project/install/audio_gaze_msgs/lib/libaudio_gaze_msgs__rosidl_typesupport_introspection_cpp.so" to ""
-- Installing: /home/evan/Documents/BRONE_audio_gaze_project/install/audio_gaze_msgs/lib/libaudio_gaze_msgs__rosidl_typesupport_cpp.so
-- Set runtime path of "/home/evan/Documents/BRONE_audio_gaze_project/install/audio_gaze_msgs/lib/libaudio_gaze_msgs__rosidl_typesupport_cpp.so" to ""
Listing '/home/evan/Documents/BRONE_audio_gaze_project/install/audio_gaze_msgs/local/lib/python3.10/dist-packages/audio_gaze_msgs'...
Compiling '/home/evan/Documents/BRONE_audio_gaze_project/install/audio_gaze_msgs/local/lib/python3.10/dist-packages/audio_gaze_msgs/__init__.py'...
Listing '/home/evan/Documents/BRONE_audio_gaze_project/install/audio_gaze_msgs/local/lib/python3.10/dist-packages/audio_gaze_msgs/msg'...
Compiling '/home/evan/Documents/BRONE_audio_gaze_project/install/audio_gaze_msgs/local/lib/python3.10/dist-packages/audio_gaze_msgs/msg/__init__.py'...
Compiling '/home/evan/Documents/BRONE_audio_gaze_project/install/audio_gaze_msgs/local/lib/python3.10/dist-packages/audio_gaze_msgs/msg/_audio_cue.py'...
-- Installing: /home/evan/Documents/BRONE_audio_gaze_project/install/audio_gaze_msgs/lib/libaudio_gaze_msgs__rosidl_generator_py.so
-- Set runtime path of "/home/evan/Documents/BRONE_audio_gaze_project/install/audio_gaze_msgs/lib/libaudio_gaze_msgs__rosidl_generator_py.so" to ""
-- Installing: /home/evan/Documents/BRONE_audio_gaze_project/install/audio_gaze_msgs/share/audio_gaze_msgs/cmake/export_audio_gaze_msgs__rosidl_generator_cExport.cmake
-- Installing: /home/evan/Documents/BRONE_audio_gaze_project/install/audio_gaze_msgs/share/audio_gaze_msgs/cmake/export_audio_gaze_msgs__rosidl_generator_cExport-noconfig.cmake
-- Installing: /home/evan/Documents/BRONE_audio_gaze_project/install/audio_gaze_msgs/share/audio_gaze_msgs/cmake/export_audio_gaze_msgs__rosidl_typesupport_fastrtps_cExport.cmake
-- Installing: /home/evan/Documents/BRONE_audio_gaze_project/install/audio_gaze_msgs/share/audio_gaze_msgs/cmake/export_audio_gaze_msgs__rosidl_typesupport_fastrtps_cExport-noconfig.cmake
-- Installing: /home/evan/Documents/BRONE_audio_gaze_project/install/audio_gaze_msgs/share/audio_gaze_msgs/cmake/audio_gaze_msgs__rosidl_typesupport_introspection_cExport.cmake
-- Installing: /home/evan/Documents/BRONE_audio_gaze_project/install/audio_gaze_msgs/share/audio_gaze_msgs/cmake/audio_gaze_msgs__rosidl_typesupport_introspection_cExport-noconfig.cmake
-- Installing: /home/evan/Documents/BRONE_audio_gaze_project/install/audio_gaze_msgs/share/audio_gaze_msgs/cmake/audio_gaze_msgs__rosidl_typesupport_cExport.cmake
-- Installing: /home/evan/Documents/BRONE_audio_gaze_project/install/audio_gaze_msgs/share/audio_gaze_msgs/cmake/audio_gaze_msgs__rosidl_typesupport_cExport-noconfig.cmake
-- Installing: /home/evan/Documents/BRONE_audio_gaze_project/install/audio_gaze_msgs/share/audio_gaze_msgs/cmake/export_audio_gaze_msgs__rosidl_generator_cppExport.cmake
-- Installing: /home/evan/Documents/BRONE_audio_gaze_project/install/audio_gaze_msgs/share/audio_gaze_msgs/cmake/export_audio_gaze_msgs__rosidl_typesupport_fastrtps_cppExport.cmake
-- Installing: /home/evan/Documents/BRONE_audio_gaze_project/install/audio_gaze_msgs/share/audio_gaze_msgs/cmake/export_audio_gaze_msgs__rosidl_typesupport_fastrtps_cppExport-noconfig.cmake
-- Installing: /home/evan/Documents/BRONE_audio_gaze_project/install/audio_gaze_msgs/share/audio_gaze_msgs/cmake/audio_gaze_msgs__rosidl_typesupport_introspection_cppExport.cmake
-- Installing: /home/evan/Documents/BRONE_audio_gaze_project/install/audio_gaze_msgs/share/audio_gaze_msgs/cmake/audio_gaze_msgs__rosidl_typesupport_introspection_cppExport-noconfig.cmake
-- Installing: /home/evan/Documents/BRONE_audio_gaze_project/install/audio_gaze_msgs/share/audio_gaze_msgs/cmake/audio_gaze_msgs__rosidl_typesupport_cppExport.cmake
-- Installing: /home/evan/Documents/BRONE_audio_gaze_project/install/audio_gaze_msgs/share/audio_gaze_msgs/cmake/audio_gaze_msgs__rosidl_typesupport_cppExport-noconfig.cmake
-- Installing: /home/evan/Documents/BRONE_audio_gaze_project/install/audio_gaze_msgs/share/audio_gaze_msgs/cmake/export_audio_gaze_msgs__rosidl_generator_pyExport.cmake
-- Installing: /home/evan/Documents/BRONE_audio_gaze_project/install/audio_gaze_msgs/share/audio_gaze_msgs/cmake/export_audio_gaze_msgs__rosidl_generator_pyExport-noconfig.cmake
