[0.035s] Invoking command in '/home/evan/Documents/BRONE_audio_gaze_project/build/audio_gaze_msgs': CMAKE_PREFIX_PATH=${CMAKE_PREFIX_PATH}:/home/evan/Documents/BRONE_audio_gaze_project/install/algo_gaze:/home/evan/Documents/BRONE_audio_gaze_project/install/brone_gaze:/opt/ros/humble /usr/bin/cmake /home/evan/Documents/BRONE_audio_gaze_project/audio_gaze_msgs -DAMENT_CMAKE_SYMLINK_INSTALL=1 -DCMAKE_INSTALL_PREFIX=/home/evan/Documents/BRONE_audio_gaze_project/install/audio_gaze_msgs
[2.214s] -- The C compiler identification is GNU 11.4.0
[2.214s] -- The CXX compiler identification is GNU 11.4.0
[2.214s] -- Detecting C compiler ABI info
[2.214s] -- Detecting C compiler ABI info - done
[2.214s] -- Check for working C compiler: /usr/bin/cc - skipped
[2.214s] -- Detecting C compile features
[2.214s] -- Detecting C compile features - done
[2.214s] -- Detecting CXX compiler ABI info
[2.215s] -- Detecting CXX compiler ABI info - done
[2.215s] -- Check for working CXX compiler: /usr/bin/c++ - skipped
[2.215s] -- Detecting CXX compile features
[2.215s] -- Detecting CXX compile features - done
[2.215s] -- Found ament_cmake: 1.3.14 (/opt/ros/humble/share/ament_cmake/cmake)
[2.215s] -- Found Python3: /usr/bin/python3 (found version "3.10.12") found components: Interpreter 
[2.215s] -- Override CMake install command with custom implementation using symlinks instead of copying resources
[2.215s] -- Found rosidl_default_generators: 1.2.1 (/opt/ros/humble/share/rosidl_default_generators/cmake)
[2.215s] -- Using all available rosidl_typesupport_c: rosidl_typesupport_fastrtps_c;rosidl_typesupport_introspection_c
[2.215s] -- Found rosidl_adapter: 3.1.8 (/opt/ros/humble/share/rosidl_adapter/cmake)
[2.216s] -- Using all available rosidl_typesupport_cpp: rosidl_typesupport_fastrtps_cpp;rosidl_typesupport_introspection_cpp
[2.216s] -- Found std_msgs: 4.9.1 (/opt/ros/humble/share/std_msgs/cmake)
[2.216s] -- Found ament_cmake_ros: 0.10.0 (/opt/ros/humble/share/ament_cmake_ros/cmake)
[2.216s] -- Using all available rosidl_typesupport_c: rosidl_typesupport_fastrtps_c;rosidl_typesupport_introspection_c
[2.877s] -- Using all available rosidl_typesupport_cpp: rosidl_typesupport_fastrtps_cpp;rosidl_typesupport_introspection_cpp
[2.937s] -- Found PythonInterp: /usr/bin/python3 (found suitable version "3.10.12", minimum required is "3.6") 
[2.938s] -- Found python_cmake_module: 0.10.0 (/opt/ros/humble/share/python_cmake_module/cmake)
[3.016s] -- Found PythonLibs: /usr/lib/x86_64-linux-gnu/libpython3.10.so (found suitable version "3.10.12", minimum required is "3.5") 
[3.016s] -- Using PYTHON_EXECUTABLE: /usr/bin/python3
[3.016s] -- Using PYTHON_INCLUDE_DIRS: /usr/include/python3.10
[3.016s] -- Using PYTHON_LIBRARIES: /usr/lib/x86_64-linux-gnu/libpython3.10.so
[3.055s] -- Found PythonExtra: .so  
[3.416s] -- Found ament_lint_auto: 0.12.15 (/opt/ros/humble/share/ament_lint_auto/cmake)
[3.512s] -- Added test 'copyright' to check source files copyright and LICENSE
[3.517s] -- Added test 'lint_cmake' to check CMake code style
[3.520s] -- Added test 'xmllint' to check XML markup files
[3.529s] -- Configuring done
[3.612s] -- Generating done
[3.631s] -- Build files have been written to: /home/evan/Documents/BRONE_audio_gaze_project/build/audio_gaze_msgs
[3.681s] Invoked command in '/home/evan/Documents/BRONE_audio_gaze_project/build/audio_gaze_msgs' returned '0': CMAKE_PREFIX_PATH=${CMAKE_PREFIX_PATH}:/home/evan/Documents/BRONE_audio_gaze_project/install/algo_gaze:/home/evan/Documents/BRONE_audio_gaze_project/install/brone_gaze:/opt/ros/humble /usr/bin/cmake /home/evan/Documents/BRONE_audio_gaze_project/audio_gaze_msgs -DAMENT_CMAKE_SYMLINK_INSTALL=1 -DCMAKE_INSTALL_PREFIX=/home/evan/Documents/BRONE_audio_gaze_project/install/audio_gaze_msgs
[3.681s] Invoking command in '/home/evan/Documents/BRONE_audio_gaze_project/build/audio_gaze_msgs': CMAKE_PREFIX_PATH=${CMAKE_PREFIX_PATH}:/home/evan/Documents/BRONE_audio_gaze_project/install/algo_gaze:/home/evan/Documents/BRONE_audio_gaze_project/install/brone_gaze:/opt/ros/humble /usr/bin/cmake --build /home/evan/Documents/BRONE_audio_gaze_project/build/audio_gaze_msgs -- -j12 -l12
[5.238s] [  3%] [34m[1mGenerating C code for ROS interfaces[0m
[5.239s] [  6%] [34m[1mGenerating Rust code for ROS interfaces[0m
[5.239s] [  9%] [34m[1mGenerating C++ code for ROS interfaces[0m
[5.239s] [  9%] Built target ament_cmake_python_symlink_audio_gaze_msgs
[5.239s] [  9%] Built target audio_gaze_msgs__rs
[5.239s] running egg_info
[5.239s] creating audio_gaze_msgs.egg-info
[5.239s] writing audio_gaze_msgs.egg-info/PKG-INFO
[5.240s] writing dependency_links to audio_gaze_msgs.egg-info/dependency_links.txt
[5.240s] writing top-level names to audio_gaze_msgs.egg-info/top_level.txt
[5.256s] writing manifest file 'audio_gaze_msgs.egg-info/SOURCES.txt'
[5.256s] reading manifest file 'audio_gaze_msgs.egg-info/SOURCES.txt'
[5.270s] writing manifest file 'audio_gaze_msgs.egg-info/SOURCES.txt'
[5.273s] [ 12%] [32mBuilding C object CMakeFiles/audio_gaze_msgs__rosidl_generator_c.dir/rosidl_generator_c/audio_gaze_msgs/msg/detail/audio_cue__functions.c.o[0m
[5.360s] [ 12%] Built target audio_gaze_msgs__cpp
[5.407s] [ 15%] [34m[1mGenerating C++ type support dispatch for ROS interfaces[0m
[5.414s] [ 18%] [34m[1mGenerating C++ type support for eProsima Fast-RTPS[0m
[5.422s] [ 21%] [34m[1mGenerating C++ introspection for ROS interfaces[0m
[5.436s] [ 21%] Built target ament_cmake_python_build_audio_gaze_msgs_egg
[5.529s] [ 25%] [32m[1mLinking C shared library libaudio_gaze_msgs__rosidl_generator_c.so[0m
[5.650s] [ 25%] Built target audio_gaze_msgs__rosidl_generator_c
[5.711s] [ 28%] [34m[1mGenerating C type support for eProsima Fast-RTPS[0m
[5.716s] [ 31%] [34m[1mGenerating C introspection for ROS interfaces[0m
[5.739s] [ 34%] [34m[1mGenerating C type support dispatch for ROS interfaces[0m
[7.017s] [ 37%] [32mBuilding CXX object CMakeFiles/audio_gaze_msgs__rosidl_typesupport_fastrtps_c.dir/rosidl_typesupport_fastrtps_c/audio_gaze_msgs/msg/detail/audio_cue__type_support_c.cpp.o[0m
[7.314s] [ 40%] [32mBuilding CXX object CMakeFiles/audio_gaze_msgs__rosidl_typesupport_introspection_cpp.dir/rosidl_typesupport_introspection_cpp/audio_gaze_msgs/msg/detail/audio_cue__type_support.cpp.o[0m
[7.416s] [ 43%] [32mBuilding CXX object CMakeFiles/audio_gaze_msgs__rosidl_typesupport_cpp.dir/rosidl_typesupport_cpp/audio_gaze_msgs/msg/audio_cue__type_support.cpp.o[0m
[7.447s] [ 46%] [32mBuilding CXX object CMakeFiles/audio_gaze_msgs__rosidl_typesupport_fastrtps_cpp.dir/rosidl_typesupport_fastrtps_cpp/audio_gaze_msgs/msg/detail/dds_fastrtps/audio_cue__type_support.cpp.o[0m
[7.579s] [ 50%] [32mBuilding C object CMakeFiles/audio_gaze_msgs__rosidl_typesupport_introspection_c.dir/rosidl_typesupport_introspection_c/audio_gaze_msgs/msg/detail/audio_cue__type_support.c.o[0m
[7.740s] [ 53%] [32mBuilding CXX object CMakeFiles/audio_gaze_msgs__rosidl_typesupport_c.dir/rosidl_typesupport_c/audio_gaze_msgs/msg/audio_cue__type_support.cpp.o[0m
[7.770s] [ 56%] [32m[1mLinking C shared library libaudio_gaze_msgs__rosidl_typesupport_introspection_c.so[0m
[7.989s] [ 59%] [32m[1mLinking CXX shared library libaudio_gaze_msgs__rosidl_typesupport_c.so[0m
[7.992s] [ 59%] Built target audio_gaze_msgs__rosidl_typesupport_introspection_c
[8.228s] [ 62%] [32m[1mLinking CXX shared library libaudio_gaze_msgs__rosidl_typesupport_fastrtps_c.so[0m
[8.284s] [ 62%] Built target audio_gaze_msgs__rosidl_typesupport_c
[8.580s] [ 62%] Built target audio_gaze_msgs__rosidl_typesupport_fastrtps_c
[9.521s] [ 65%] [32m[1mLinking CXX shared library libaudio_gaze_msgs__rosidl_typesupport_cpp.so[0m
[9.689s] [ 65%] Built target audio_gaze_msgs__rosidl_typesupport_cpp
[10.066s] [ 68%] [32m[1mLinking CXX shared library libaudio_gaze_msgs__rosidl_typesupport_introspection_cpp.so[0m
[10.493s] [ 68%] Built target audio_gaze_msgs__rosidl_typesupport_introspection_cpp
[10.656s] [ 71%] [32m[1mLinking CXX shared library libaudio_gaze_msgs__rosidl_typesupport_fastrtps_cpp.so[0m
[11.077s] [ 71%] Built target audio_gaze_msgs__rosidl_typesupport_fastrtps_cpp
[11.224s] [ 71%] Built target audio_gaze_msgs
[11.415s] [ 75%] [34m[1mGenerating Python code for ROS interfaces[0m
[15.062s] [ 75%] Built target audio_gaze_msgs__py
[15.142s] [ 78%] [32mBuilding C object CMakeFiles/audio_gaze_msgs__rosidl_generator_py.dir/rosidl_generator_py/audio_gaze_msgs/msg/_audio_cue_s.c.o[0m
[15.597s] [ 81%] [32m[1mLinking C shared library rosidl_generator_py/audio_gaze_msgs/libaudio_gaze_msgs__rosidl_generator_py.so[0m
[15.789s] [ 81%] Built target audio_gaze_msgs__rosidl_generator_py
[15.873s] [ 84%] [32mBuilding C object CMakeFiles/audio_gaze_msgs__rosidl_typesupport_fastrtps_c__pyext.dir/rosidl_generator_py/audio_gaze_msgs/_audio_gaze_msgs_s.ep.rosidl_typesupport_fastrtps_c.c.o[0m
[16.121s] [ 87%] [32m[1mLinking C shared library rosidl_generator_py/audio_gaze_msgs/audio_gaze_msgs_s__rosidl_typesupport_fastrtps_c.cpython-310-x86_64-linux-gnu.so[0m
[16.251s] [ 87%] Built target audio_gaze_msgs__rosidl_typesupport_fastrtps_c__pyext
[16.323s] [ 90%] [32mBuilding C object CMakeFiles/audio_gaze_msgs__rosidl_typesupport_c__pyext.dir/rosidl_generator_py/audio_gaze_msgs/_audio_gaze_msgs_s.ep.rosidl_typesupport_c.c.o[0m
[16.553s] [ 93%] [32m[1mLinking C shared library rosidl_generator_py/audio_gaze_msgs/audio_gaze_msgs_s__rosidl_typesupport_c.cpython-310-x86_64-linux-gnu.so[0m
[16.740s] [ 93%] Built target audio_gaze_msgs__rosidl_typesupport_c__pyext
[16.800s] [ 96%] [32mBuilding C object CMakeFiles/audio_gaze_msgs__rosidl_typesupport_introspection_c__pyext.dir/rosidl_generator_py/audio_gaze_msgs/_audio_gaze_msgs_s.ep.rosidl_typesupport_introspection_c.c.o[0m
[17.089s] [100%] [32m[1mLinking C shared library rosidl_generator_py/audio_gaze_msgs/audio_gaze_msgs_s__rosidl_typesupport_introspection_c.cpython-310-x86_64-linux-gnu.so[0m
[17.201s] [100%] Built target audio_gaze_msgs__rosidl_typesupport_introspection_c__pyext
[17.250s] Invoked command in '/home/evan/Documents/BRONE_audio_gaze_project/build/audio_gaze_msgs' returned '0': CMAKE_PREFIX_PATH=${CMAKE_PREFIX_PATH}:/home/evan/Documents/BRONE_audio_gaze_project/install/algo_gaze:/home/evan/Documents/BRONE_audio_gaze_project/install/brone_gaze:/opt/ros/humble /usr/bin/cmake --build /home/evan/Documents/BRONE_audio_gaze_project/build/audio_gaze_msgs -- -j12 -l12
[17.255s] Invoking command in '/home/evan/Documents/BRONE_audio_gaze_project/build/audio_gaze_msgs': CMAKE_PREFIX_PATH=${CMAKE_PREFIX_PATH}:/home/evan/Documents/BRONE_audio_gaze_project/install/algo_gaze:/home/evan/Documents/BRONE_audio_gaze_project/install/brone_gaze:/opt/ros/humble /usr/bin/cmake --install /home/evan/Documents/BRONE_audio_gaze_project/build/audio_gaze_msgs
[23.005s] -- Install configuration: ""
[23.005s] -- Execute custom install script
[23.005s] -- Symlinking: /home/evan/Documents/BRONE_audio_gaze_project/install/audio_gaze_msgs/share/ament_index/resource_index/rosidl_interfaces/audio_gaze_msgs
[23.005s] -- Symlinking: /home/evan/Documents/BRONE_audio_gaze_project/install/audio_gaze_msgs/include/audio_gaze_msgs/audio_gaze_msgs/msg/audio_cue.h
[23.005s] -- Symlinking: /home/evan/Documents/BRONE_audio_gaze_project/install/audio_gaze_msgs/include/audio_gaze_msgs/audio_gaze_msgs/msg/detail/audio_cue__functions.h
[23.005s] -- Symlinking: /home/evan/Documents/BRONE_audio_gaze_project/install/audio_gaze_msgs/include/audio_gaze_msgs/audio_gaze_msgs/msg/detail/audio_cue__struct.h
[23.005s] -- Symlinking: /home/evan/Documents/BRONE_audio_gaze_project/install/audio_gaze_msgs/include/audio_gaze_msgs/audio_gaze_msgs/msg/detail/audio_cue__type_support.h
[23.005s] -- Symlinking: /home/evan/Documents/BRONE_audio_gaze_project/install/audio_gaze_msgs/include/audio_gaze_msgs/audio_gaze_msgs/msg/rosidl_generator_c__visibility_control.h
[23.005s] -- Symlinking: /home/evan/Documents/BRONE_audio_gaze_project/install/audio_gaze_msgs/share/audio_gaze_msgs/environment/library_path.sh
[23.005s] -- Symlinking: /home/evan/Documents/BRONE_audio_gaze_project/install/audio_gaze_msgs/share/audio_gaze_msgs/environment/library_path.dsv
[23.005s] -- Symlinking: /home/evan/Documents/BRONE_audio_gaze_project/install/audio_gaze_msgs/include/audio_gaze_msgs/audio_gaze_msgs/msg/detail/audio_cue__rosidl_typesupport_fastrtps_c.h
[23.005s] -- Symlinking: /home/evan/Documents/BRONE_audio_gaze_project/install/audio_gaze_msgs/include/audio_gaze_msgs/audio_gaze_msgs/msg/rosidl_typesupport_fastrtps_c__visibility_control.h
[23.006s] -- Symlinking: /home/evan/Documents/BRONE_audio_gaze_project/install/audio_gaze_msgs/include/audio_gaze_msgs/audio_gaze_msgs/msg/detail/audio_cue__rosidl_typesupport_introspection_c.h
[23.006s] -- Symlinking: /home/evan/Documents/BRONE_audio_gaze_project/install/audio_gaze_msgs/include/audio_gaze_msgs/audio_gaze_msgs/msg/rosidl_typesupport_introspection_c__visibility_control.h
[23.006s] -- Symlinking: /home/evan/Documents/BRONE_audio_gaze_project/install/audio_gaze_msgs/include/audio_gaze_msgs/audio_gaze_msgs/msg/audio_cue.hpp
[23.006s] -- Symlinking: /home/evan/Documents/BRONE_audio_gaze_project/install/audio_gaze_msgs/include/audio_gaze_msgs/audio_gaze_msgs/msg/detail/audio_cue__builder.hpp
[23.006s] -- Symlinking: /home/evan/Documents/BRONE_audio_gaze_project/install/audio_gaze_msgs/include/audio_gaze_msgs/audio_gaze_msgs/msg/detail/audio_cue__struct.hpp
[23.006s] -- Symlinking: /home/evan/Documents/BRONE_audio_gaze_project/install/audio_gaze_msgs/include/audio_gaze_msgs/audio_gaze_msgs/msg/detail/audio_cue__traits.hpp
[23.006s] -- Symlinking: /home/evan/Documents/BRONE_audio_gaze_project/install/audio_gaze_msgs/include/audio_gaze_msgs/audio_gaze_msgs/msg/detail/audio_cue__type_support.hpp
[23.006s] -- Symlinking: /home/evan/Documents/BRONE_audio_gaze_project/install/audio_gaze_msgs/include/audio_gaze_msgs/audio_gaze_msgs/msg/rosidl_generator_cpp__visibility_control.hpp
[23.006s] -- Symlinking: /home/evan/Documents/BRONE_audio_gaze_project/install/audio_gaze_msgs/include/audio_gaze_msgs/audio_gaze_msgs/msg/detail/audio_cue__rosidl_typesupport_fastrtps_cpp.hpp
[23.006s] -- Symlinking: /home/evan/Documents/BRONE_audio_gaze_project/install/audio_gaze_msgs/include/audio_gaze_msgs/audio_gaze_msgs/msg/rosidl_typesupport_fastrtps_cpp__visibility_control.h
[23.006s] -- Symlinking: /home/evan/Documents/BRONE_audio_gaze_project/install/audio_gaze_msgs/include/audio_gaze_msgs/audio_gaze_msgs/msg/detail/audio_cue__rosidl_typesupport_introspection_cpp.hpp
[23.006s] -- Symlinking: /home/evan/Documents/BRONE_audio_gaze_project/install/audio_gaze_msgs/share/audio_gaze_msgs/environment/pythonpath.sh
[23.006s] -- Symlinking: /home/evan/Documents/BRONE_audio_gaze_project/install/audio_gaze_msgs/share/audio_gaze_msgs/environment/pythonpath.dsv
[23.007s] -- Symlinking: /home/evan/Documents/BRONE_audio_gaze_project/install/audio_gaze_msgs/local/lib/python3.10/dist-packages/audio_gaze_msgs-0.0.1-py3.10.egg-info/PKG-INFO
[23.007s] -- Symlinking: /home/evan/Documents/BRONE_audio_gaze_project/install/audio_gaze_msgs/local/lib/python3.10/dist-packages/audio_gaze_msgs-0.0.1-py3.10.egg-info/SOURCES.txt
[23.007s] -- Symlinking: /home/evan/Documents/BRONE_audio_gaze_project/install/audio_gaze_msgs/local/lib/python3.10/dist-packages/audio_gaze_msgs-0.0.1-py3.10.egg-info/dependency_links.txt
[23.010s] -- Symlinking: /home/evan/Documents/BRONE_audio_gaze_project/install/audio_gaze_msgs/local/lib/python3.10/dist-packages/audio_gaze_msgs-0.0.1-py3.10.egg-info/top_level.txt
[23.010s] -- Symlinking: /home/evan/Documents/BRONE_audio_gaze_project/install/audio_gaze_msgs/local/lib/python3.10/dist-packages/audio_gaze_msgs/__init__.py
[23.010s] -- Symlinking: /home/evan/Documents/BRONE_audio_gaze_project/install/audio_gaze_msgs/local/lib/python3.10/dist-packages/audio_gaze_msgs/_audio_gaze_msgs_s.ep.rosidl_typesupport_c.c
[23.010s] -- Symlinking: /home/evan/Documents/BRONE_audio_gaze_project/install/audio_gaze_msgs/local/lib/python3.10/dist-packages/audio_gaze_msgs/_audio_gaze_msgs_s.ep.rosidl_typesupport_fastrtps_c.c
[23.010s] -- Symlinking: /home/evan/Documents/BRONE_audio_gaze_project/install/audio_gaze_msgs/local/lib/python3.10/dist-packages/audio_gaze_msgs/_audio_gaze_msgs_s.ep.rosidl_typesupport_introspection_c.c
[23.010s] -- Symlinking: /home/evan/Documents/BRONE_audio_gaze_project/install/audio_gaze_msgs/local/lib/python3.10/dist-packages/audio_gaze_msgs/audio_gaze_msgs_s__rosidl_typesupport_c.cpython-310-x86_64-linux-gnu.so
[23.010s] -- Symlinking: /home/evan/Documents/BRONE_audio_gaze_project/install/audio_gaze_msgs/local/lib/python3.10/dist-packages/audio_gaze_msgs/audio_gaze_msgs_s__rosidl_typesupport_fastrtps_c.cpython-310-x86_64-linux-gnu.so
[23.010s] -- Symlinking: /home/evan/Documents/BRONE_audio_gaze_project/install/audio_gaze_msgs/local/lib/python3.10/dist-packages/audio_gaze_msgs/audio_gaze_msgs_s__rosidl_typesupport_introspection_c.cpython-310-x86_64-linux-gnu.so
[23.010s] -- Symlinking: /home/evan/Documents/BRONE_audio_gaze_project/install/audio_gaze_msgs/local/lib/python3.10/dist-packages/audio_gaze_msgs/libaudio_gaze_msgs__rosidl_generator_py.so
[23.011s] -- Symlinking: /home/evan/Documents/BRONE_audio_gaze_project/install/audio_gaze_msgs/local/lib/python3.10/dist-packages/audio_gaze_msgs/msg/__init__.py
[23.011s] -- Symlinking: /home/evan/Documents/BRONE_audio_gaze_project/install/audio_gaze_msgs/local/lib/python3.10/dist-packages/audio_gaze_msgs/msg/_audio_cue.py
[23.011s] -- Symlinking: /home/evan/Documents/BRONE_audio_gaze_project/install/audio_gaze_msgs/local/lib/python3.10/dist-packages/audio_gaze_msgs/msg/_audio_cue_s.c
[23.011s] -- Up-to-date symlink: /home/evan/Documents/BRONE_audio_gaze_project/install/audio_gaze_msgs/local/lib/python3.10/dist-packages/audio_gaze_msgs/audio_gaze_msgs_s__rosidl_typesupport_fastrtps_c.cpython-310-x86_64-linux-gnu.so
[23.011s] -- Up-to-date symlink: /home/evan/Documents/BRONE_audio_gaze_project/install/audio_gaze_msgs/local/lib/python3.10/dist-packages/audio_gaze_msgs/audio_gaze_msgs_s__rosidl_typesupport_introspection_c.cpython-310-x86_64-linux-gnu.so
[23.011s] -- Up-to-date symlink: /home/evan/Documents/BRONE_audio_gaze_project/install/audio_gaze_msgs/local/lib/python3.10/dist-packages/audio_gaze_msgs/audio_gaze_msgs_s__rosidl_typesupport_c.cpython-310-x86_64-linux-gnu.so
[23.011s] -- Symlinking: /home/evan/Documents/BRONE_audio_gaze_project/install/audio_gaze_msgs/share/ament_index/resource_index/rust_packages/audio_gaze_msgs
[23.011s] -- Symlinking: /home/evan/Documents/BRONE_audio_gaze_project/install/audio_gaze_msgs/share/audio_gaze_msgs/rust/Cargo.toml
[23.011s] -- Symlinking: /home/evan/Documents/BRONE_audio_gaze_project/install/audio_gaze_msgs/share/audio_gaze_msgs/rust/build.rs
[23.011s] -- Symlinking: /home/evan/Documents/BRONE_audio_gaze_project/install/audio_gaze_msgs/share/audio_gaze_msgs/rust/src/lib.rs
[23.011s] -- Symlinking: /home/evan/Documents/BRONE_audio_gaze_project/install/audio_gaze_msgs/share/audio_gaze_msgs/rust/src/msg.rs
[23.011s] -- Symlinking: /home/evan/Documents/BRONE_audio_gaze_project/install/audio_gaze_msgs/share/audio_gaze_msgs/rust/src/msg/rmw.rs
[23.011s] -- Symlinking: /home/evan/Documents/BRONE_audio_gaze_project/install/audio_gaze_msgs/share/audio_gaze_msgs/msg/AudioCue.idl
[23.012s] -- Symlinking: /home/evan/Documents/BRONE_audio_gaze_project/install/audio_gaze_msgs/share/audio_gaze_msgs/msg/AudioCue.msg
[23.012s] -- Symlinking: /home/evan/Documents/BRONE_audio_gaze_project/install/audio_gaze_msgs/share/ament_index/resource_index/package_run_dependencies/audio_gaze_msgs
[23.012s] -- Symlinking: /home/evan/Documents/BRONE_audio_gaze_project/install/audio_gaze_msgs/share/ament_index/resource_index/parent_prefix_path/audio_gaze_msgs
[23.012s] -- Symlinking: /home/evan/Documents/BRONE_audio_gaze_project/install/audio_gaze_msgs/share/audio_gaze_msgs/environment/ament_prefix_path.sh
[23.012s] -- Symlinking: /home/evan/Documents/BRONE_audio_gaze_project/install/audio_gaze_msgs/share/audio_gaze_msgs/environment/ament_prefix_path.dsv
[23.012s] -- Symlinking: /home/evan/Documents/BRONE_audio_gaze_project/install/audio_gaze_msgs/share/audio_gaze_msgs/environment/path.sh
[23.012s] -- Symlinking: /home/evan/Documents/BRONE_audio_gaze_project/install/audio_gaze_msgs/share/audio_gaze_msgs/environment/path.dsv
[23.012s] -- Symlinking: /home/evan/Documents/BRONE_audio_gaze_project/install/audio_gaze_msgs/share/audio_gaze_msgs/local_setup.bash
[23.012s] -- Symlinking: /home/evan/Documents/BRONE_audio_gaze_project/install/audio_gaze_msgs/share/audio_gaze_msgs/local_setup.sh
[23.012s] -- Symlinking: /home/evan/Documents/BRONE_audio_gaze_project/install/audio_gaze_msgs/share/audio_gaze_msgs/local_setup.zsh
[23.012s] -- Symlinking: /home/evan/Documents/BRONE_audio_gaze_project/install/audio_gaze_msgs/share/audio_gaze_msgs/local_setup.dsv
[23.012s] -- Symlinking: /home/evan/Documents/BRONE_audio_gaze_project/install/audio_gaze_msgs/share/audio_gaze_msgs/package.dsv
[23.012s] -- Symlinking: /home/evan/Documents/BRONE_audio_gaze_project/install/audio_gaze_msgs/share/ament_index/resource_index/packages/audio_gaze_msgs
[23.013s] -- Symlinking: /home/evan/Documents/BRONE_audio_gaze_project/install/audio_gaze_msgs/share/audio_gaze_msgs/cmake/rosidl_cmake-extras.cmake
[23.013s] -- Symlinking: /home/evan/Documents/BRONE_audio_gaze_project/install/audio_gaze_msgs/share/audio_gaze_msgs/cmake/ament_cmake_export_dependencies-extras.cmake
[23.013s] -- Symlinking: /home/evan/Documents/BRONE_audio_gaze_project/install/audio_gaze_msgs/share/audio_gaze_msgs/cmake/ament_cmake_export_include_directories-extras.cmake
[23.021s] -- Symlinking: /home/evan/Documents/BRONE_audio_gaze_project/install/audio_gaze_msgs/share/audio_gaze_msgs/cmake/ament_cmake_export_libraries-extras.cmake
[23.022s] -- Symlinking: /home/evan/Documents/BRONE_audio_gaze_project/install/audio_gaze_msgs/share/audio_gaze_msgs/cmake/ament_cmake_export_targets-extras.cmake
[23.022s] -- Symlinking: /home/evan/Documents/BRONE_audio_gaze_project/install/audio_gaze_msgs/share/audio_gaze_msgs/cmake/rosidl_cmake_export_typesupport_targets-extras.cmake
[23.022s] -- Symlinking: /home/evan/Documents/BRONE_audio_gaze_project/install/audio_gaze_msgs/share/audio_gaze_msgs/cmake/rosidl_cmake_export_typesupport_libraries-extras.cmake
[23.022s] -- Symlinking: /home/evan/Documents/BRONE_audio_gaze_project/install/audio_gaze_msgs/share/audio_gaze_msgs/cmake/audio_gaze_msgsConfig.cmake
[23.022s] -- Symlinking: /home/evan/Documents/BRONE_audio_gaze_project/install/audio_gaze_msgs/share/audio_gaze_msgs/cmake/audio_gaze_msgsConfig-version.cmake
[23.022s] -- Symlinking: /home/evan/Documents/BRONE_audio_gaze_project/install/audio_gaze_msgs/share/audio_gaze_msgs/package.xml
[23.022s] -- Installing: /home/evan/Documents/BRONE_audio_gaze_project/install/audio_gaze_msgs/lib/libaudio_gaze_msgs__rosidl_generator_c.so
[23.022s] -- Set runtime path of "/home/evan/Documents/BRONE_audio_gaze_project/install/audio_gaze_msgs/lib/libaudio_gaze_msgs__rosidl_generator_c.so" to ""
[23.022s] -- Installing: /home/evan/Documents/BRONE_audio_gaze_project/install/audio_gaze_msgs/lib/libaudio_gaze_msgs__rosidl_typesupport_fastrtps_c.so
[23.022s] -- Set runtime path of "/home/evan/Documents/BRONE_audio_gaze_project/install/audio_gaze_msgs/lib/libaudio_gaze_msgs__rosidl_typesupport_fastrtps_c.so" to ""
[23.022s] -- Installing: /home/evan/Documents/BRONE_audio_gaze_project/install/audio_gaze_msgs/lib/libaudio_gaze_msgs__rosidl_typesupport_introspection_c.so
[23.022s] -- Set runtime path of "/home/evan/Documents/BRONE_audio_gaze_project/install/audio_gaze_msgs/lib/libaudio_gaze_msgs__rosidl_typesupport_introspection_c.so" to ""
[23.023s] -- Installing: /home/evan/Documents/BRONE_audio_gaze_project/install/audio_gaze_msgs/lib/libaudio_gaze_msgs__rosidl_typesupport_c.so
[23.023s] -- Set runtime path of "/home/evan/Documents/BRONE_audio_gaze_project/install/audio_gaze_msgs/lib/libaudio_gaze_msgs__rosidl_typesupport_c.so" to ""
[23.023s] -- Installing: /home/evan/Documents/BRONE_audio_gaze_project/install/audio_gaze_msgs/lib/libaudio_gaze_msgs__rosidl_typesupport_fastrtps_cpp.so
[23.023s] -- Set runtime path of "/home/evan/Documents/BRONE_audio_gaze_project/install/audio_gaze_msgs/lib/libaudio_gaze_msgs__rosidl_typesupport_fastrtps_cpp.so" to ""
[23.023s] -- Installing: /home/evan/Documents/BRONE_audio_gaze_project/install/audio_gaze_msgs/lib/libaudio_gaze_msgs__rosidl_typesupport_introspection_cpp.so
[23.023s] -- Set runtime path of "/home/evan/Documents/BRONE_audio_gaze_project/install/audio_gaze_msgs/lib/libaudio_gaze_msgs__rosidl_typesupport_introspection_cpp.so" to ""
[23.023s] -- Installing: /home/evan/Documents/BRONE_audio_gaze_project/install/audio_gaze_msgs/lib/libaudio_gaze_msgs__rosidl_typesupport_cpp.so
[23.023s] -- Set runtime path of "/home/evan/Documents/BRONE_audio_gaze_project/install/audio_gaze_msgs/lib/libaudio_gaze_msgs__rosidl_typesupport_cpp.so" to ""
[23.023s] Listing '/home/evan/Documents/BRONE_audio_gaze_project/install/audio_gaze_msgs/local/lib/python3.10/dist-packages/audio_gaze_msgs'...
[23.029s] Compiling '/home/evan/Documents/BRONE_audio_gaze_project/install/audio_gaze_msgs/local/lib/python3.10/dist-packages/audio_gaze_msgs/__init__.py'...
[23.029s] Listing '/home/evan/Documents/BRONE_audio_gaze_project/install/audio_gaze_msgs/local/lib/python3.10/dist-packages/audio_gaze_msgs/msg'...
[23.029s] Compiling '/home/evan/Documents/BRONE_audio_gaze_project/install/audio_gaze_msgs/local/lib/python3.10/dist-packages/audio_gaze_msgs/msg/__init__.py'...
[23.029s] Compiling '/home/evan/Documents/BRONE_audio_gaze_project/install/audio_gaze_msgs/local/lib/python3.10/dist-packages/audio_gaze_msgs/msg/_audio_cue.py'...
[23.029s] -- Installing: /home/evan/Documents/BRONE_audio_gaze_project/install/audio_gaze_msgs/lib/libaudio_gaze_msgs__rosidl_generator_py.so
[23.029s] -- Set runtime path of "/home/evan/Documents/BRONE_audio_gaze_project/install/audio_gaze_msgs/lib/libaudio_gaze_msgs__rosidl_generator_py.so" to ""
[23.034s] -- Installing: /home/evan/Documents/BRONE_audio_gaze_project/install/audio_gaze_msgs/share/audio_gaze_msgs/cmake/export_audio_gaze_msgs__rosidl_generator_cExport.cmake
[23.034s] -- Installing: /home/evan/Documents/BRONE_audio_gaze_project/install/audio_gaze_msgs/share/audio_gaze_msgs/cmake/export_audio_gaze_msgs__rosidl_generator_cExport-noconfig.cmake
[23.034s] -- Installing: /home/evan/Documents/BRONE_audio_gaze_project/install/audio_gaze_msgs/share/audio_gaze_msgs/cmake/export_audio_gaze_msgs__rosidl_typesupport_fastrtps_cExport.cmake
[23.034s] -- Installing: /home/evan/Documents/BRONE_audio_gaze_project/install/audio_gaze_msgs/share/audio_gaze_msgs/cmake/export_audio_gaze_msgs__rosidl_typesupport_fastrtps_cExport-noconfig.cmake
[23.034s] -- Installing: /home/evan/Documents/BRONE_audio_gaze_project/install/audio_gaze_msgs/share/audio_gaze_msgs/cmake/audio_gaze_msgs__rosidl_typesupport_introspection_cExport.cmake
[23.034s] -- Installing: /home/evan/Documents/BRONE_audio_gaze_project/install/audio_gaze_msgs/share/audio_gaze_msgs/cmake/audio_gaze_msgs__rosidl_typesupport_introspection_cExport-noconfig.cmake
[23.034s] -- Installing: /home/evan/Documents/BRONE_audio_gaze_project/install/audio_gaze_msgs/share/audio_gaze_msgs/cmake/audio_gaze_msgs__rosidl_typesupport_cExport.cmake
[23.034s] -- Installing: /home/evan/Documents/BRONE_audio_gaze_project/install/audio_gaze_msgs/share/audio_gaze_msgs/cmake/audio_gaze_msgs__rosidl_typesupport_cExport-noconfig.cmake
[23.035s] -- Installing: /home/evan/Documents/BRONE_audio_gaze_project/install/audio_gaze_msgs/share/audio_gaze_msgs/cmake/export_audio_gaze_msgs__rosidl_generator_cppExport.cmake
[23.035s] -- Installing: /home/evan/Documents/BRONE_audio_gaze_project/install/audio_gaze_msgs/share/audio_gaze_msgs/cmake/export_audio_gaze_msgs__rosidl_typesupport_fastrtps_cppExport.cmake
[23.035s] -- Installing: /home/evan/Documents/BRONE_audio_gaze_project/install/audio_gaze_msgs/share/audio_gaze_msgs/cmake/export_audio_gaze_msgs__rosidl_typesupport_fastrtps_cppExport-noconfig.cmake
[23.035s] -- Installing: /home/evan/Documents/BRONE_audio_gaze_project/install/audio_gaze_msgs/share/audio_gaze_msgs/cmake/audio_gaze_msgs__rosidl_typesupport_introspection_cppExport.cmake
[23.035s] -- Installing: /home/evan/Documents/BRONE_audio_gaze_project/install/audio_gaze_msgs/share/audio_gaze_msgs/cmake/audio_gaze_msgs__rosidl_typesupport_introspection_cppExport-noconfig.cmake
[23.035s] -- Installing: /home/evan/Documents/BRONE_audio_gaze_project/install/audio_gaze_msgs/share/audio_gaze_msgs/cmake/audio_gaze_msgs__rosidl_typesupport_cppExport.cmake
[23.035s] -- Installing: /home/evan/Documents/BRONE_audio_gaze_project/install/audio_gaze_msgs/share/audio_gaze_msgs/cmake/audio_gaze_msgs__rosidl_typesupport_cppExport-noconfig.cmake
[23.035s] -- Installing: /home/evan/Documents/BRONE_audio_gaze_project/install/audio_gaze_msgs/share/audio_gaze_msgs/cmake/export_audio_gaze_msgs__rosidl_generator_pyExport.cmake
[23.035s] -- Installing: /home/evan/Documents/BRONE_audio_gaze_project/install/audio_gaze_msgs/share/audio_gaze_msgs/cmake/export_audio_gaze_msgs__rosidl_generator_pyExport-noconfig.cmake
[23.061s] Invoked command in '/home/evan/Documents/BRONE_audio_gaze_project/build/audio_gaze_msgs' returned '0': CMAKE_PREFIX_PATH=${CMAKE_PREFIX_PATH}:/home/evan/Documents/BRONE_audio_gaze_project/install/algo_gaze:/home/evan/Documents/BRONE_audio_gaze_project/install/brone_gaze:/opt/ros/humble /usr/bin/cmake --install /home/evan/Documents/BRONE_audio_gaze_project/build/audio_gaze_msgs
