[0.021s] Invoking command in '/home/evan/Documents/BRONE_audio_gaze_project/build/op3_web_setting_tool': CMAKE_PREFIX_PATH=${CMAKE_PREFIX_PATH}:/home/evan/Documents/BRONE_audio_gaze_project/install/algo_gaze:/home/evan/Documents/BRONE_audio_gaze_project/install/brone_gaze:/opt/ros/humble /usr/bin/cmake /home/evan/Documents/BRONE_audio_gaze_project/ROBOTIS-OP3-Tools/op3_web_setting_tool -DAMENT_CMAKE_SYMLINK_INSTALL=1 -DCMAKE_INSTALL_PREFIX=/home/evan/Documents/BRONE_audio_gaze_project/install/op3_web_setting_tool
[1.798s] -- The C compiler identification is GNU 11.4.0
[1.798s] -- The CXX compiler identification is GNU 11.4.0
[1.798s] -- Detecting C compiler ABI info
[1.798s] -- Detecting C compiler ABI info - done
[1.799s] -- Check for working C compiler: /usr/bin/cc - skipped
[1.799s] -- Detecting C compile features
[1.799s] -- Detecting C compile features - done
[1.799s] -- Detecting CXX compiler ABI info
[1.799s] -- Detecting CXX compiler ABI info - done
[1.799s] -- Check for working CXX compiler: /usr/bin/c++ - skipped
[1.799s] -- Detecting CXX compile features
[1.799s] -- Detecting CXX compile features - done
[1.799s] -- Found ament_cmake: 1.3.14 (/opt/ros/humble/share/ament_cmake/cmake)
[1.799s] -- Found Python3: /usr/bin/python3 (found version "3.10.12") found components: Interpreter 
[1.799s] -- Override CMake install command with custom implementation using symlinks instead of copying resources
[1.799s] -- Configuring done
[1.799s] -- Generating done
[1.799s] -- Build files have been written to: /home/evan/Documents/BRONE_audio_gaze_project/build/op3_web_setting_tool
[1.831s] Invoked command in '/home/evan/Documents/BRONE_audio_gaze_project/build/op3_web_setting_tool' returned '0': CMAKE_PREFIX_PATH=${CMAKE_PREFIX_PATH}:/home/evan/Documents/BRONE_audio_gaze_project/install/algo_gaze:/home/evan/Documents/BRONE_audio_gaze_project/install/brone_gaze:/opt/ros/humble /usr/bin/cmake /home/evan/Documents/BRONE_audio_gaze_project/ROBOTIS-OP3-Tools/op3_web_setting_tool -DAMENT_CMAKE_SYMLINK_INSTALL=1 -DCMAKE_INSTALL_PREFIX=/home/evan/Documents/BRONE_audio_gaze_project/install/op3_web_setting_tool
[1.837s] Invoking command in '/home/evan/Documents/BRONE_audio_gaze_project/build/op3_web_setting_tool': CMAKE_PREFIX_PATH=${CMAKE_PREFIX_PATH}:/home/evan/Documents/BRONE_audio_gaze_project/install/algo_gaze:/home/evan/Documents/BRONE_audio_gaze_project/install/brone_gaze:/opt/ros/humble /usr/bin/cmake --build /home/evan/Documents/BRONE_audio_gaze_project/build/op3_web_setting_tool -- -j12 -l12
[2.414s] Invoked command in '/home/evan/Documents/BRONE_audio_gaze_project/build/op3_web_setting_tool' returned '0': CMAKE_PREFIX_PATH=${CMAKE_PREFIX_PATH}:/home/evan/Documents/BRONE_audio_gaze_project/install/algo_gaze:/home/evan/Documents/BRONE_audio_gaze_project/install/brone_gaze:/opt/ros/humble /usr/bin/cmake --build /home/evan/Documents/BRONE_audio_gaze_project/build/op3_web_setting_tool -- -j12 -l12
[2.415s] Invoking command in '/home/evan/Documents/BRONE_audio_gaze_project/build/op3_web_setting_tool': CMAKE_PREFIX_PATH=${CMAKE_PREFIX_PATH}:/home/evan/Documents/BRONE_audio_gaze_project/install/algo_gaze:/home/evan/Documents/BRONE_audio_gaze_project/install/brone_gaze:/opt/ros/humble /usr/bin/cmake --install /home/evan/Documents/BRONE_audio_gaze_project/build/op3_web_setting_tool
[3.145s] -- Install configuration: ""
[3.145s] -- Execute custom install script
[3.145s] -- Symlinking: /home/evan/Documents/BRONE_audio_gaze_project/install/op3_web_setting_tool/share/op3_web_setting_tool/html/index.html
[3.145s] -- Symlinking: /home/evan/Documents/BRONE_audio_gaze_project/install/op3_web_setting_tool/share/op3_web_setting_tool/html/js/EventEmitter2.js
[3.145s] -- Symlinking: /home/evan/Documents/BRONE_audio_gaze_project/install/op3_web_setting_tool/share/op3_web_setting_tool/html/js/jquery-ui.css
[3.145s] -- Symlinking: /home/evan/Documents/BRONE_audio_gaze_project/install/op3_web_setting_tool/share/op3_web_setting_tool/html/js/jquery-ui.js
[3.145s] -- Symlinking: /home/evan/Documents/BRONE_audio_gaze_project/install/op3_web_setting_tool/share/op3_web_setting_tool/html/js/jquery.js
[3.145s] -- Symlinking: /home/evan/Documents/BRONE_audio_gaze_project/install/op3_web_setting_tool/share/op3_web_setting_tool/html/js/mjpegcanvas.js
[3.145s] -- Symlinking: /home/evan/Documents/BRONE_audio_gaze_project/install/op3_web_setting_tool/share/op3_web_setting_tool/html/js/roslib.js
[3.145s] -- Symlinking: /home/evan/Documents/BRONE_audio_gaze_project/install/op3_web_setting_tool/share/op3_web_setting_tool/launch/web_setting_server.launch.xml
[3.145s] -- Symlinking: /home/evan/Documents/BRONE_audio_gaze_project/install/op3_web_setting_tool/share/ament_index/resource_index/package_run_dependencies/op3_web_setting_tool
[3.145s] -- Symlinking: /home/evan/Documents/BRONE_audio_gaze_project/install/op3_web_setting_tool/share/ament_index/resource_index/parent_prefix_path/op3_web_setting_tool
[3.145s] -- Symlinking: /home/evan/Documents/BRONE_audio_gaze_project/install/op3_web_setting_tool/share/op3_web_setting_tool/environment/ament_prefix_path.sh
[3.145s] -- Symlinking: /home/evan/Documents/BRONE_audio_gaze_project/install/op3_web_setting_tool/share/op3_web_setting_tool/environment/ament_prefix_path.dsv
[3.146s] -- Symlinking: /home/evan/Documents/BRONE_audio_gaze_project/install/op3_web_setting_tool/share/op3_web_setting_tool/environment/path.sh
[3.146s] -- Symlinking: /home/evan/Documents/BRONE_audio_gaze_project/install/op3_web_setting_tool/share/op3_web_setting_tool/environment/path.dsv
[3.146s] -- Symlinking: /home/evan/Documents/BRONE_audio_gaze_project/install/op3_web_setting_tool/share/op3_web_setting_tool/local_setup.bash
[3.146s] -- Symlinking: /home/evan/Documents/BRONE_audio_gaze_project/install/op3_web_setting_tool/share/op3_web_setting_tool/local_setup.sh
[3.146s] -- Symlinking: /home/evan/Documents/BRONE_audio_gaze_project/install/op3_web_setting_tool/share/op3_web_setting_tool/local_setup.zsh
[3.146s] -- Symlinking: /home/evan/Documents/BRONE_audio_gaze_project/install/op3_web_setting_tool/share/op3_web_setting_tool/local_setup.dsv
[3.146s] -- Symlinking: /home/evan/Documents/BRONE_audio_gaze_project/install/op3_web_setting_tool/share/op3_web_setting_tool/package.dsv
[3.146s] -- Symlinking: /home/evan/Documents/BRONE_audio_gaze_project/install/op3_web_setting_tool/share/ament_index/resource_index/packages/op3_web_setting_tool
[3.146s] -- Symlinking: /home/evan/Documents/BRONE_audio_gaze_project/install/op3_web_setting_tool/share/op3_web_setting_tool/cmake/op3_web_setting_toolConfig.cmake
[3.146s] -- Symlinking: /home/evan/Documents/BRONE_audio_gaze_project/install/op3_web_setting_tool/share/op3_web_setting_tool/cmake/op3_web_setting_toolConfig-version.cmake
[3.146s] -- Symlinking: /home/evan/Documents/BRONE_audio_gaze_project/install/op3_web_setting_tool/share/op3_web_setting_tool/package.xml
[3.172s] Invoked command in '/home/evan/Documents/BRONE_audio_gaze_project/build/op3_web_setting_tool' returned '0': CMAKE_PREFIX_PATH=${CMAKE_PREFIX_PATH}:/home/evan/Documents/BRONE_audio_gaze_project/install/algo_gaze:/home/evan/Documents/BRONE_audio_gaze_project/install/brone_gaze:/opt/ros/humble /usr/bin/cmake --install /home/evan/Documents/BRONE_audio_gaze_project/build/op3_web_setting_tool
