[0.087s] Invoking command in '/home/evan/Documents/algo_gaze_project/build/op3_kinematics_dynamics': AMENT_PREFIX_PATH=/home/evan/Documents/algo_gaze_project/install/robotis_math:${AMENT_PREFIX_PATH} CMAKE_PREFIX_PATH=/home/evan/Documents/algo_gaze_project/install/robotis_math:/opt/ros/humble LD_LIBRARY_PATH=/home/evan/Documents/algo_gaze_project/install/robotis_math/lib:${LD_LIBRARY_PATH} /usr/bin/cmake /home/evan/Documents/algo_gaze_project/ROBOTIS-OP3/op3_kinematics_dynamics -DAMENT_CMAKE_SYMLINK_INSTALL=1 -DCMAKE_INSTALL_PREFIX=/home/evan/Documents/algo_gaze_project/install/op3_kinematics_dynamics
[2.339s] -- The C compiler identification is GNU 11.4.0
[2.339s] -- The CXX compiler identification is GNU 11.4.0
[2.339s] -- Detecting C compiler ABI info
[2.339s] -- Detecting C compiler ABI info - done
[2.339s] -- Check for working C compiler: /usr/bin/cc - skipped
[2.340s] -- Detecting C compile features
[2.340s] -- Detecting C compile features - done
[2.340s] -- Detecting CXX compiler ABI info
[2.340s] -- Detecting CXX compiler ABI info - done
[2.340s] -- Check for working CXX compiler: /usr/bin/c++ - skipped
[2.340s] -- Detecting CXX compile features
[2.340s] -- Detecting CXX compile features - done
[2.340s] -- Found ament_cmake: 1.3.14 (/opt/ros/humble/share/ament_cmake/cmake)
[2.340s] -- Found Python3: /usr/bin/python3 (found version "3.10.12") found components: Interpreter 
[2.340s] -- Override CMake install command with custom implementation using symlinks instead of copying resources
[2.340s] -- Found rclcpp: 16.0.19 (/opt/ros/humble/share/rclcpp/cmake)
[2.340s] -- Found rosidl_generator_c: 3.1.8 (/opt/ros/humble/share/rosidl_generator_c/cmake)
[2.340s] -- Found rosidl_adapter: 3.1.8 (/opt/ros/humble/share/rosidl_adapter/cmake)
[2.340s] -- Found rosidl_generator_cpp: 3.1.8 (/opt/ros/humble/share/rosidl_generator_cpp/cmake)
[2.340s] -- Using all available rosidl_typesupport_c: rosidl_typesupport_fastrtps_c;rosidl_typesupport_introspection_c
[2.340s] -- Using all available rosidl_typesupport_cpp: rosidl_typesupport_fastrtps_cpp;rosidl_typesupport_introspection_cpp
[2.340s] -- Found rmw_implementation_cmake: 6.1.2 (/opt/ros/humble/share/rmw_implementation_cmake/cmake)
[2.340s] -- Found rmw_fastrtps_cpp: 6.2.10 (/opt/ros/humble/share/rmw_fastrtps_cpp/cmake)
[2.340s] -- Found OpenSSL: /usr/lib/x86_64-linux-gnu/libcrypto.so (found version "3.0.2")  
[2.340s] -- Found FastRTPS: /opt/ros/humble/include  
[2.341s] -- Using RMW implementation 'rmw_fastrtps_cpp' as default
[2.341s] -- Looking for pthread.h
[2.341s] -- Looking for pthread.h - found
[2.341s] -- Performing Test CMAKE_HAVE_LIBC_PTHREAD
[2.341s] -- Performing Test CMAKE_HAVE_LIBC_PTHREAD - Success
[2.341s] -- Found Threads: TRUE  
[2.341s] -- Found robotis_math: 0.2.6 (/home/evan/Documents/algo_gaze_project/install/robotis_math/share/robotis_math/cmake)
[2.358s] -- Configuring done
[2.374s] -- Generating done
[2.393s] -- Build files have been written to: /home/evan/Documents/algo_gaze_project/build/op3_kinematics_dynamics
[2.459s] Invoked command in '/home/evan/Documents/algo_gaze_project/build/op3_kinematics_dynamics' returned '0': AMENT_PREFIX_PATH=/home/evan/Documents/algo_gaze_project/install/robotis_math:${AMENT_PREFIX_PATH} CMAKE_PREFIX_PATH=/home/evan/Documents/algo_gaze_project/install/robotis_math:/opt/ros/humble LD_LIBRARY_PATH=/home/evan/Documents/algo_gaze_project/install/robotis_math/lib:${LD_LIBRARY_PATH} /usr/bin/cmake /home/evan/Documents/algo_gaze_project/ROBOTIS-OP3/op3_kinematics_dynamics -DAMENT_CMAKE_SYMLINK_INSTALL=1 -DCMAKE_INSTALL_PREFIX=/home/evan/Documents/algo_gaze_project/install/op3_kinematics_dynamics
[2.460s] Invoking command in '/home/evan/Documents/algo_gaze_project/build/op3_kinematics_dynamics': AMENT_PREFIX_PATH=/home/evan/Documents/algo_gaze_project/install/robotis_math:${AMENT_PREFIX_PATH} CMAKE_PREFIX_PATH=/home/evan/Documents/algo_gaze_project/install/robotis_math:/opt/ros/humble LD_LIBRARY_PATH=/home/evan/Documents/algo_gaze_project/install/robotis_math/lib:${LD_LIBRARY_PATH} /usr/bin/cmake --build /home/evan/Documents/algo_gaze_project/build/op3_kinematics_dynamics -- -j12 -l12
[2.916s] [ 33%] [32mBuilding CXX object CMakeFiles/op3_kinematics_dynamics.dir/src/link_data.cpp.o[0m
[2.935s] [ 66%] [32mBuilding CXX object CMakeFiles/op3_kinematics_dynamics.dir/src/op3_kinematics_dynamics.cpp.o[0m
[23.592s] [100%] [32m[1mLinking CXX shared library libop3_kinematics_dynamics.so[0m
[24.157s] [100%] Built target op3_kinematics_dynamics
