-- The C compiler identification is GNU 11.4.0
-- The CXX compiler identification is GNU 11.4.0
-- Detecting C compiler ABI info
-- Detecting C compiler ABI info - done
-- Check for working C compiler: /usr/bin/cc - skipped
-- Detecting C compile features
-- Detecting C compile features - done
-- Detecting CXX compiler ABI info
-- Detecting CXX compiler ABI info - done
-- Check for working CXX compiler: /usr/bin/c++ - skipped
-- Detecting CXX compile features
-- Detecting CXX compile features - done
-- Found ament_cmake: 1.3.14 (/opt/ros/humble/share/ament_cmake/cmake)
-- Found Python3: /usr/bin/python3 (found version "3.10.12") found components: Interpreter 
-- Override CMake install command with custom implementation using symlinks instead of copying resources
-- Found ament_index_cpp: 1.4.1 (/opt/ros/humble/share/ament_index_cpp/cmake)
-- Found rclcpp: 16.0.19 (/opt/ros/humble/share/rclcpp/cmake)
-- Found rosidl_generator_c: 3.1.8 (/opt/ros/humble/share/rosidl_generator_c/cmake)
-- Found rosidl_adapter: 3.1.8 (/opt/ros/humble/share/rosidl_adapter/cmake)
-- Found rosidl_generator_cpp: 3.1.8 (/opt/ros/humble/share/rosidl_generator_cpp/cmake)
-- Using all available rosidl_typesupport_c: rosidl_typesupport_fastrtps_c;rosidl_typesupport_introspection_c
-- Using all available rosidl_typesupport_cpp: rosidl_typesupport_fastrtps_cpp;rosidl_typesupport_introspection_cpp
-- Found rmw_implementation_cmake: 6.1.2 (/opt/ros/humble/share/rmw_implementation_cmake/cmake)
-- Found rmw_fastrtps_cpp: 6.2.10 (/opt/ros/humble/share/rmw_fastrtps_cpp/cmake)
-- Found OpenSSL: /usr/lib/x86_64-linux-gnu/libcrypto.so (found version "3.0.2")  
-- Found FastRTPS: /opt/ros/humble/include  
-- Using RMW implementation 'rmw_fastrtps_cpp' as default
-- Looking for pthread.h
-- Looking for pthread.h - found
-- Performing Test CMAKE_HAVE_LIBC_PTHREAD
-- Performing Test CMAKE_HAVE_LIBC_PTHREAD - Success
-- Found Threads: TRUE  
-- Found sensor_msgs: 4.9.1 (/opt/ros/humble/share/sensor_msgs/cmake)
-- Found robotis_controller_msgs: 0.1.4 (/home/evan/Documents/algo_gaze_project/install/robotis_controller_msgs/share/robotis_controller_msgs/cmake)
-- Found op3_walking_module_msgs: 0.1.1 (/home/evan/Documents/algo_gaze_project/install/op3_walking_module_msgs/share/op3_walking_module_msgs/cmake)
-- Found op3_action_module_msgs: 0.1.1 (/home/evan/Documents/algo_gaze_project/install/op3_action_module_msgs/share/op3_action_module_msgs/cmake)
-- Found robotis_math: 0.2.6 (/home/evan/Documents/algo_gaze_project/install/robotis_math/share/robotis_math/cmake)
-- Found op3_ball_detector: 0.1.0 (/home/evan/Documents/algo_gaze_project/install/op3_ball_detector/share/op3_ball_detector/cmake)
-- Found op3_ball_detector_msgs: 0.1.0 (/home/evan/Documents/algo_gaze_project/install/op3_ball_detector_msgs/share/op3_ball_detector_msgs/cmake)
-- Found Boost: /usr/lib/x86_64-linux-gnu/cmake/Boost-1.74.0/BoostConfig.cmake (found version "1.74.0") found components: thread 
-- Found PkgConfig: /usr/bin/pkg-config (found version "0.29.2") 
-- Checking for module 'yaml-cpp'
--   Found yaml-cpp, version 0.7.0
-- Configuring done
-- Generating done
-- Build files have been written to: /home/evan/Documents/algo_gaze_project/build/op3_demo
[ 16%] [32mBuilding CXX object CMakeFiles/self_test_node.dir/src/soccer/ball_tracker.cpp.o[0m
[ 16%] [32mBuilding CXX object CMakeFiles/self_test_node.dir/src/vision/vision_demo.cpp.o[0m
[ 22%] [32mBuilding CXX object CMakeFiles/self_test_node.dir/src/vision/face_tracker.cpp.o[0m
[ 22%] [32mBuilding CXX object CMakeFiles/self_test_node.dir/src/soccer/soccer_demo.cpp.o[0m
[ 27%] [32mBuilding CXX object CMakeFiles/op_demo_node.dir/src/soccer/soccer_demo.cpp.o[0m
[ 33%] [32mBuilding CXX object CMakeFiles/self_test_node.dir/src/test_node.cpp.o[0m
[ 38%] [32mBuilding CXX object CMakeFiles/self_test_node.dir/src/soccer/ball_follower.cpp.o[0m
[ 44%] [32mBuilding CXX object CMakeFiles/self_test_node.dir/src/test/mic_test.cpp.o[0m
[ 50%] [32mBuilding CXX object CMakeFiles/op_demo_node.dir/src/soccer/ball_tracker.cpp.o[0m
[ 55%] [32mBuilding CXX object CMakeFiles/self_test_node.dir/src/test/button_test.cpp.o[0m
[ 61%] [32mBuilding CXX object CMakeFiles/op_demo_node.dir/src/demo_node.cpp.o[0m
[ 66%] [32mBuilding CXX object CMakeFiles/self_test_node.dir/src/action/action_demo.cpp.o[0m
