-- The C compiler identification is GNU 11.4.0
-- The CXX compiler identification is GNU 11.4.0
-- Detecting C compiler ABI info
-- Detecting C compiler ABI info - done
-- Check for working C compiler: /usr/bin/cc - skipped
-- Detecting C compile features
-- Detecting C compile features - done
-- Detecting CXX compiler ABI info
-- Detecting CXX compiler ABI info - done
-- Check for working CXX compiler: /usr/bin/c++ - skipped
-- Detecting CXX compile features
-- Detecting CXX compile features - done
-- Found ament_cmake: 1.3.14 (/opt/ros/humble/share/ament_cmake/cmake)
-- Found Python3: /usr/bin/python3 (found version "3.10.12") found components: Interpreter 
-- Override CMake install command with custom implementation using symlinks instead of copying resources
-- Found rclcpp: 16.0.19 (/opt/ros/humble/share/rclcpp/cmake)
-- Found rosidl_generator_c: 3.1.8 (/opt/ros/humble/share/rosidl_generator_c/cmake)
-- Found rosidl_adapter: 3.1.8 (/opt/ros/humble/share/rosidl_adapter/cmake)
-- Found rosidl_generator_cpp: 3.1.8 (/opt/ros/humble/share/rosidl_generator_cpp/cmake)
-- Using all available rosidl_typesupport_c: rosidl_typesupport_fastrtps_c;rosidl_typesupport_introspection_c
-- Using all available rosidl_typesupport_cpp: rosidl_typesupport_fastrtps_cpp;rosidl_typesupport_introspection_cpp
-- Found rmw_implementation_cmake: 6.1.2 (/opt/ros/humble/share/rmw_implementation_cmake/cmake)
-- Found rmw_fastrtps_cpp: 6.2.10 (/opt/ros/humble/share/rmw_fastrtps_cpp/cmake)
-- Found OpenSSL: /usr/lib/x86_64-linux-gnu/libcrypto.so (found version "3.0.2")  
-- Found FastRTPS: /opt/ros/humble/include  
-- Using RMW implementation 'rmw_fastrtps_cpp' as default
-- Looking for pthread.h
-- Looking for pthread.h - found
-- Performing Test CMAKE_HAVE_LIBC_PTHREAD
-- Performing Test CMAKE_HAVE_LIBC_PTHREAD - Success
-- Found Threads: TRUE  
-- Found sensor_msgs: 4.9.1 (/opt/ros/humble/share/sensor_msgs/cmake)
-- Found robotis_controller_msgs: 0.1.4 (/home/evan/Documents/BRONE_audio_gaze_project/install/robotis_controller_msgs/share/robotis_controller_msgs/cmake)
-- Configuring done
-- Generating done
-- Build files have been written to: /home/evan/Documents/BRONE_audio_gaze_project/build/op3_read_write_demo
[ 50%] [32mBuilding CXX object CMakeFiles/read_write.dir/src/read_write.cpp.o[0m
[100%] [32m[1mLinking CXX executable read_write[0m
[100%] Built target read_write
-- Install configuration: ""
-- Execute custom install script
-- Symlinking: /home/evan/Documents/BRONE_audio_gaze_project/install/op3_read_write_demo/lib/op3_read_write_demo/read_write
-- Symlinking: /home/evan/Documents/BRONE_audio_gaze_project/install/op3_read_write_demo/share/op3_read_write_demo/launch/op3_read_write.launch.xml
-- Symlinking: /home/evan/Documents/BRONE_audio_gaze_project/install/op3_read_write_demo/share/ament_index/resource_index/package_run_dependencies/op3_read_write_demo
-- Symlinking: /home/evan/Documents/BRONE_audio_gaze_project/install/op3_read_write_demo/share/ament_index/resource_index/parent_prefix_path/op3_read_write_demo
-- Symlinking: /home/evan/Documents/BRONE_audio_gaze_project/install/op3_read_write_demo/share/op3_read_write_demo/environment/ament_prefix_path.sh
-- Symlinking: /home/evan/Documents/BRONE_audio_gaze_project/install/op3_read_write_demo/share/op3_read_write_demo/environment/ament_prefix_path.dsv
-- Symlinking: /home/evan/Documents/BRONE_audio_gaze_project/install/op3_read_write_demo/share/op3_read_write_demo/environment/path.sh
-- Symlinking: /home/evan/Documents/BRONE_audio_gaze_project/install/op3_read_write_demo/share/op3_read_write_demo/environment/path.dsv
-- Symlinking: /home/evan/Documents/BRONE_audio_gaze_project/install/op3_read_write_demo/share/op3_read_write_demo/local_setup.bash
-- Symlinking: /home/evan/Documents/BRONE_audio_gaze_project/install/op3_read_write_demo/share/op3_read_write_demo/local_setup.sh
-- Symlinking: /home/evan/Documents/BRONE_audio_gaze_project/install/op3_read_write_demo/share/op3_read_write_demo/local_setup.zsh
-- Symlinking: /home/evan/Documents/BRONE_audio_gaze_project/install/op3_read_write_demo/share/op3_read_write_demo/local_setup.dsv
-- Symlinking: /home/evan/Documents/BRONE_audio_gaze_project/install/op3_read_write_demo/share/op3_read_write_demo/package.dsv
-- Symlinking: /home/evan/Documents/BRONE_audio_gaze_project/install/op3_read_write_demo/share/ament_index/resource_index/packages/op3_read_write_demo
-- Symlinking: /home/evan/Documents/BRONE_audio_gaze_project/install/op3_read_write_demo/share/op3_read_write_demo/cmake/op3_read_write_demoConfig.cmake
-- Symlinking: /home/evan/Documents/BRONE_audio_gaze_project/install/op3_read_write_demo/share/op3_read_write_demo/cmake/op3_read_write_demoConfig-version.cmake
-- Symlinking: /home/evan/Documents/BRONE_audio_gaze_project/install/op3_read_write_demo/share/op3_read_write_demo/package.xml
