-- The C compiler identification is GNU 11.4.0
-- The CXX compiler identification is GNU 11.4.0
-- Detecting C compiler ABI info
-- Detecting C compiler ABI info - done
-- Check for working C compiler: /usr/bin/cc - skipped
-- Detecting C compile features
-- Detecting C compile features - done
-- Detecting CXX compiler ABI info
-- Detecting CXX compiler ABI info - done
-- Check for working CXX compiler: /usr/bin/c++ - skipped
-- Detecting CXX compile features
-- Detecting CXX compile features - done
-- Found ament_cmake: 1.3.14 (/opt/ros/humble/share/ament_cmake/cmake)
-- Found Python3: /usr/bin/python3 (found version "3.10.12") found components: Interpreter 
-- Override CMake install command with custom implementation using symlinks instead of copying resources
-- Found ament_index_cpp: 1.4.1 (/opt/ros/humble/share/ament_index_cpp/cmake)
-- Found rclcpp: 16.0.19 (/opt/ros/humble/share/rclcpp/cmake)
-- Found rosidl_generator_c: 3.1.8 (/opt/ros/humble/share/rosidl_generator_c/cmake)
-- Found rosidl_adapter: 3.1.8 (/opt/ros/humble/share/rosidl_adapter/cmake)
-- Found rosidl_generator_cpp: 3.1.8 (/opt/ros/humble/share/rosidl_generator_cpp/cmake)
-- Using all available rosidl_typesupport_c: rosidl_typesupport_fastrtps_c;rosidl_typesupport_introspection_c
-- Using all available rosidl_typesupport_cpp: rosidl_typesupport_fastrtps_cpp;rosidl_typesupport_introspection_cpp
-- Found rmw_implementation_cmake: 6.1.2 (/opt/ros/humble/share/rmw_implementation_cmake/cmake)
-- Found rmw_fastrtps_cpp: 6.2.10 (/opt/ros/humble/share/rmw_fastrtps_cpp/cmake)
-- Found OpenSSL: /usr/lib/x86_64-linux-gnu/libcrypto.so (found version "3.0.2")  
-- Found FastRTPS: /opt/ros/humble/include  
-- Using RMW implementation 'rmw_fastrtps_cpp' as default
-- Looking for pthread.h
-- Looking for pthread.h - found
-- Performing Test CMAKE_HAVE_LIBC_PTHREAD
-- Performing Test CMAKE_HAVE_LIBC_PTHREAD - Success
-- Found Threads: TRUE  
-- Found sensor_msgs: 4.9.1 (/opt/ros/humble/share/sensor_msgs/cmake)
-- Found webots_ros2_driver: 2025.0.0 (/opt/ros/humble/share/webots_ros2_driver/cmake)
-- Found eigen3_cmake_module: 0.1.1 (/opt/ros/humble/share/eigen3_cmake_module/cmake)
-- Found Eigen3: TRUE (found version "3.4.0") 
-- Ensuring Eigen3 include directory is part of orocos-kdl CMake target
-- Found PkgConfig: /usr/bin/pkg-config (found version "0.29.2") 
-- Checking for module 'yaml-cpp'
--   Found yaml-cpp, version 0.7.0
-- Configuring done
-- Generating done
-- Build files have been written to: /home/evan/Documents/BRONE_audio_gaze_project/build/op3_webots_ros2
[ 33%] [32mBuilding CXX object CMakeFiles/op3_extern_controller.dir/src/op3_extern_controller.cpp.o[0m
[ 66%] [32mBuilding CXX object CMakeFiles/op3_extern_controller.dir/src/extern_controller_main.cpp.o[0m
[100%] [32m[1mLinking CXX executable op3_extern_controller[0m
[100%] Built target op3_extern_controller
-- Install configuration: ""
-- Execute custom install script
-- Symlinking: /home/evan/Documents/BRONE_audio_gaze_project/install/op3_webots_ros2/lib/op3_webots_ros2/op3_extern_controller
-- Symlinking: /home/evan/Documents/BRONE_audio_gaze_project/install/op3_webots_ros2/include/op3_webots_ros2/op3_extern_controller.hpp
-- Symlinking: /home/evan/Documents/BRONE_audio_gaze_project/install/op3_webots_ros2/share/op3_webots_ros2//launch/robot_launch.py
-- Symlinking: /home/evan/Documents/BRONE_audio_gaze_project/install/op3_webots_ros2/share/op3_webots_ros2//resource/op3_pid_gain_default.yaml
-- Symlinking: /home/evan/Documents/BRONE_audio_gaze_project/install/op3_webots_ros2/share/op3_webots_ros2//images/grid.png
-- Symlinking: /home/evan/Documents/BRONE_audio_gaze_project/install/op3_webots_ros2/share/op3_webots_ros2//protos/RobotisOp3.proto
-- Symlinking: /home/evan/Documents/BRONE_audio_gaze_project/install/op3_webots_ros2/share/op3_webots_ros2//worlds/.robotis_op3_extern.jpg
-- Symlinking: /home/evan/Documents/BRONE_audio_gaze_project/install/op3_webots_ros2/share/op3_webots_ros2//worlds/.robotis_op3_extern.wbproj
-- Symlinking: /home/evan/Documents/BRONE_audio_gaze_project/install/op3_webots_ros2/share/op3_webots_ros2//worlds/my_world.wbt
-- Symlinking: /home/evan/Documents/BRONE_audio_gaze_project/install/op3_webots_ros2/share/op3_webots_ros2//worlds/robotis_op3_extern.wbt
-- Symlinking: /home/evan/Documents/BRONE_audio_gaze_project/install/op3_webots_ros2/share/ament_index/resource_index/package_run_dependencies/op3_webots_ros2
-- Symlinking: /home/evan/Documents/BRONE_audio_gaze_project/install/op3_webots_ros2/share/ament_index/resource_index/parent_prefix_path/op3_webots_ros2
-- Symlinking: /home/evan/Documents/BRONE_audio_gaze_project/install/op3_webots_ros2/share/op3_webots_ros2/environment/ament_prefix_path.sh
-- Symlinking: /home/evan/Documents/BRONE_audio_gaze_project/install/op3_webots_ros2/share/op3_webots_ros2/environment/ament_prefix_path.dsv
-- Symlinking: /home/evan/Documents/BRONE_audio_gaze_project/install/op3_webots_ros2/share/op3_webots_ros2/environment/path.sh
-- Symlinking: /home/evan/Documents/BRONE_audio_gaze_project/install/op3_webots_ros2/share/op3_webots_ros2/environment/path.dsv
-- Symlinking: /home/evan/Documents/BRONE_audio_gaze_project/install/op3_webots_ros2/share/op3_webots_ros2/local_setup.bash
-- Symlinking: /home/evan/Documents/BRONE_audio_gaze_project/install/op3_webots_ros2/share/op3_webots_ros2/local_setup.sh
-- Symlinking: /home/evan/Documents/BRONE_audio_gaze_project/install/op3_webots_ros2/share/op3_webots_ros2/local_setup.zsh
-- Symlinking: /home/evan/Documents/BRONE_audio_gaze_project/install/op3_webots_ros2/share/op3_webots_ros2/local_setup.dsv
-- Symlinking: /home/evan/Documents/BRONE_audio_gaze_project/install/op3_webots_ros2/share/op3_webots_ros2/package.dsv
-- Symlinking: /home/evan/Documents/BRONE_audio_gaze_project/install/op3_webots_ros2/share/ament_index/resource_index/packages/op3_webots_ros2
-- Symlinking: /home/evan/Documents/BRONE_audio_gaze_project/install/op3_webots_ros2/share/op3_webots_ros2/cmake/op3_webots_ros2Config.cmake
-- Symlinking: /home/evan/Documents/BRONE_audio_gaze_project/install/op3_webots_ros2/share/op3_webots_ros2/cmake/op3_webots_ros2Config-version.cmake
-- Symlinking: /home/evan/Documents/BRONE_audio_gaze_project/install/op3_webots_ros2/share/op3_webots_ros2/package.xml
