[0.029s] Invoking command in '/home/evan/Documents/BRONE_audio_gaze_project/build/op3_webots_ros2': CMAKE_PREFIX_PATH=${CMAKE_PREFIX_PATH}:/home/evan/Documents/BRONE_audio_gaze_project/install/algo_gaze:/home/evan/Documents/BRONE_audio_gaze_project/install/brone_gaze:/opt/ros/humble /usr/bin/cmake /home/evan/Documents/BRONE_audio_gaze_project/ROBOTIS-OP3-Simulations/op3_webots_ros2 -DAMENT_CMAKE_SYMLINK_INSTALL=1 -DCMAKE_INSTALL_PREFIX=/home/evan/Documents/BRONE_audio_gaze_project/install/op3_webots_ros2
[1.022s] -- The C compiler identification is GNU 11.4.0
[1.022s] -- The CXX compiler identification is GNU 11.4.0
[1.022s] -- Detecting C compiler ABI info
[1.022s] -- Detecting C compiler ABI info - done
[1.022s] -- Check for working C compiler: /usr/bin/cc - skipped
[1.022s] -- Detecting C compile features
[1.022s] -- Detecting C compile features - done
[1.022s] -- Detecting CXX compiler ABI info
[1.022s] -- Detecting CXX compiler ABI info - done
[1.023s] -- Check for working CXX compiler: /usr/bin/c++ - skipped
[1.023s] -- Detecting CXX compile features
[1.023s] -- Detecting CXX compile features - done
[1.023s] -- Found ament_cmake: 1.3.14 (/opt/ros/humble/share/ament_cmake/cmake)
[1.023s] -- Found Python3: /usr/bin/python3 (found version "3.10.12") found components: Interpreter 
[1.023s] -- Override CMake install command with custom implementation using symlinks instead of copying resources
[1.023s] -- Found ament_index_cpp: 1.4.1 (/opt/ros/humble/share/ament_index_cpp/cmake)
[1.023s] -- Found rclcpp: 16.0.19 (/opt/ros/humble/share/rclcpp/cmake)
[1.023s] -- Found rosidl_generator_c: 3.1.8 (/opt/ros/humble/share/rosidl_generator_c/cmake)
[1.023s] -- Found rosidl_adapter: 3.1.8 (/opt/ros/humble/share/rosidl_adapter/cmake)
[1.023s] -- Found rosidl_generator_cpp: 3.1.8 (/opt/ros/humble/share/rosidl_generator_cpp/cmake)
[1.023s] -- Using all available rosidl_typesupport_c: rosidl_typesupport_fastrtps_c;rosidl_typesupport_introspection_c
[1.035s] -- Using all available rosidl_typesupport_cpp: rosidl_typesupport_fastrtps_cpp;rosidl_typesupport_introspection_cpp
[1.121s] -- Found rmw_implementation_cmake: 6.1.2 (/opt/ros/humble/share/rmw_implementation_cmake/cmake)
[1.127s] -- Found rmw_fastrtps_cpp: 6.2.10 (/opt/ros/humble/share/rmw_fastrtps_cpp/cmake)
[1.282s] -- Found OpenSSL: /usr/lib/x86_64-linux-gnu/libcrypto.so (found version "3.0.2")  
[1.326s] -- Found FastRTPS: /opt/ros/humble/include  
[1.384s] -- Using RMW implementation 'rmw_fastrtps_cpp' as default
[1.396s] -- Looking for pthread.h
[1.484s] -- Looking for pthread.h - found
[1.485s] -- Performing Test CMAKE_HAVE_LIBC_PTHREAD
[1.582s] -- Performing Test CMAKE_HAVE_LIBC_PTHREAD - Success
[1.584s] -- Found Threads: TRUE  
[1.649s] -- Found sensor_msgs: 4.9.1 (/opt/ros/humble/share/sensor_msgs/cmake)
[1.689s] -- Found webots_ros2_driver: 2025.0.0 (/opt/ros/humble/share/webots_ros2_driver/cmake)
[1.727s] -- Found eigen3_cmake_module: 0.1.1 (/opt/ros/humble/share/eigen3_cmake_module/cmake)
[1.730s] -- Found Eigen3: TRUE (found version "3.4.0") 
[1.730s] -- Ensuring Eigen3 include directory is part of orocos-kdl CMake target
[2.054s] -- Found PkgConfig: /usr/bin/pkg-config (found version "0.29.2") 
[2.056s] -- Checking for module 'yaml-cpp'
[2.090s] --   Found yaml-cpp, version 0.7.0
[2.313s] -- Configuring done
[2.372s] -- Generating done
[2.380s] -- Build files have been written to: /home/evan/Documents/BRONE_audio_gaze_project/build/op3_webots_ros2
[2.399s] Invoked command in '/home/evan/Documents/BRONE_audio_gaze_project/build/op3_webots_ros2' returned '0': CMAKE_PREFIX_PATH=${CMAKE_PREFIX_PATH}:/home/evan/Documents/BRONE_audio_gaze_project/install/algo_gaze:/home/evan/Documents/BRONE_audio_gaze_project/install/brone_gaze:/opt/ros/humble /usr/bin/cmake /home/evan/Documents/BRONE_audio_gaze_project/ROBOTIS-OP3-Simulations/op3_webots_ros2 -DAMENT_CMAKE_SYMLINK_INSTALL=1 -DCMAKE_INSTALL_PREFIX=/home/evan/Documents/BRONE_audio_gaze_project/install/op3_webots_ros2
[2.409s] Invoking command in '/home/evan/Documents/BRONE_audio_gaze_project/build/op3_webots_ros2': CMAKE_PREFIX_PATH=${CMAKE_PREFIX_PATH}:/home/evan/Documents/BRONE_audio_gaze_project/install/algo_gaze:/home/evan/Documents/BRONE_audio_gaze_project/install/brone_gaze:/opt/ros/humble /usr/bin/cmake --build /home/evan/Documents/BRONE_audio_gaze_project/build/op3_webots_ros2 -- -j12 -l12
[3.877s] [ 33%] [32mBuilding CXX object CMakeFiles/op3_extern_controller.dir/src/op3_extern_controller.cpp.o[0m
[18.161s] [ 66%] [32mBuilding CXX object CMakeFiles/op3_extern_controller.dir/src/extern_controller_main.cpp.o[0m
[22.321s] [100%] [32m[1mLinking CXX executable op3_extern_controller[0m
[23.220s] [100%] Built target op3_extern_controller
[23.234s] Invoked command in '/home/evan/Documents/BRONE_audio_gaze_project/build/op3_webots_ros2' returned '0': CMAKE_PREFIX_PATH=${CMAKE_PREFIX_PATH}:/home/evan/Documents/BRONE_audio_gaze_project/install/algo_gaze:/home/evan/Documents/BRONE_audio_gaze_project/install/brone_gaze:/opt/ros/humble /usr/bin/cmake --build /home/evan/Documents/BRONE_audio_gaze_project/build/op3_webots_ros2 -- -j12 -l12
[23.242s] Invoking command in '/home/evan/Documents/BRONE_audio_gaze_project/build/op3_webots_ros2': CMAKE_PREFIX_PATH=${CMAKE_PREFIX_PATH}:/home/evan/Documents/BRONE_audio_gaze_project/install/algo_gaze:/home/evan/Documents/BRONE_audio_gaze_project/install/brone_gaze:/opt/ros/humble /usr/bin/cmake --install /home/evan/Documents/BRONE_audio_gaze_project/build/op3_webots_ros2
[24.618s] -- Install configuration: ""
[24.618s] -- Execute custom install script
[24.618s] -- Symlinking: /home/evan/Documents/BRONE_audio_gaze_project/install/op3_webots_ros2/lib/op3_webots_ros2/op3_extern_controller
[24.618s] -- Symlinking: /home/evan/Documents/BRONE_audio_gaze_project/install/op3_webots_ros2/include/op3_webots_ros2/op3_extern_controller.hpp
[24.618s] -- Symlinking: /home/evan/Documents/BRONE_audio_gaze_project/install/op3_webots_ros2/share/op3_webots_ros2//launch/robot_launch.py
[24.618s] -- Symlinking: /home/evan/Documents/BRONE_audio_gaze_project/install/op3_webots_ros2/share/op3_webots_ros2//resource/op3_pid_gain_default.yaml
[24.618s] -- Symlinking: /home/evan/Documents/BRONE_audio_gaze_project/install/op3_webots_ros2/share/op3_webots_ros2//images/grid.png
[24.619s] -- Symlinking: /home/evan/Documents/BRONE_audio_gaze_project/install/op3_webots_ros2/share/op3_webots_ros2//protos/RobotisOp3.proto
[24.620s] -- Symlinking: /home/evan/Documents/BRONE_audio_gaze_project/install/op3_webots_ros2/share/op3_webots_ros2//worlds/.robotis_op3_extern.jpg
[24.621s] -- Symlinking: /home/evan/Documents/BRONE_audio_gaze_project/install/op3_webots_ros2/share/op3_webots_ros2//worlds/.robotis_op3_extern.wbproj
[24.621s] -- Symlinking: /home/evan/Documents/BRONE_audio_gaze_project/install/op3_webots_ros2/share/op3_webots_ros2//worlds/my_world.wbt
[24.621s] -- Symlinking: /home/evan/Documents/BRONE_audio_gaze_project/install/op3_webots_ros2/share/op3_webots_ros2//worlds/robotis_op3_extern.wbt
[24.621s] -- Symlinking: /home/evan/Documents/BRONE_audio_gaze_project/install/op3_webots_ros2/share/ament_index/resource_index/package_run_dependencies/op3_webots_ros2
[24.621s] -- Symlinking: /home/evan/Documents/BRONE_audio_gaze_project/install/op3_webots_ros2/share/ament_index/resource_index/parent_prefix_path/op3_webots_ros2
[24.621s] -- Symlinking: /home/evan/Documents/BRONE_audio_gaze_project/install/op3_webots_ros2/share/op3_webots_ros2/environment/ament_prefix_path.sh
[24.621s] -- Symlinking: /home/evan/Documents/BRONE_audio_gaze_project/install/op3_webots_ros2/share/op3_webots_ros2/environment/ament_prefix_path.dsv
[24.621s] -- Symlinking: /home/evan/Documents/BRONE_audio_gaze_project/install/op3_webots_ros2/share/op3_webots_ros2/environment/path.sh
[24.622s] -- Symlinking: /home/evan/Documents/BRONE_audio_gaze_project/install/op3_webots_ros2/share/op3_webots_ros2/environment/path.dsv
[24.622s] -- Symlinking: /home/evan/Documents/BRONE_audio_gaze_project/install/op3_webots_ros2/share/op3_webots_ros2/local_setup.bash
[24.622s] -- Symlinking: /home/evan/Documents/BRONE_audio_gaze_project/install/op3_webots_ros2/share/op3_webots_ros2/local_setup.sh
[24.622s] -- Symlinking: /home/evan/Documents/BRONE_audio_gaze_project/install/op3_webots_ros2/share/op3_webots_ros2/local_setup.zsh
[24.622s] -- Symlinking: /home/evan/Documents/BRONE_audio_gaze_project/install/op3_webots_ros2/share/op3_webots_ros2/local_setup.dsv
[24.622s] -- Symlinking: /home/evan/Documents/BRONE_audio_gaze_project/install/op3_webots_ros2/share/op3_webots_ros2/package.dsv
[24.622s] -- Symlinking: /home/evan/Documents/BRONE_audio_gaze_project/install/op3_webots_ros2/share/ament_index/resource_index/packages/op3_webots_ros2
[24.622s] -- Symlinking: /home/evan/Documents/BRONE_audio_gaze_project/install/op3_webots_ros2/share/op3_webots_ros2/cmake/op3_webots_ros2Config.cmake
[24.622s] -- Symlinking: /home/evan/Documents/BRONE_audio_gaze_project/install/op3_webots_ros2/share/op3_webots_ros2/cmake/op3_webots_ros2Config-version.cmake
[24.623s] -- Symlinking: /home/evan/Documents/BRONE_audio_gaze_project/install/op3_webots_ros2/share/op3_webots_ros2/package.xml
[24.655s] Invoked command in '/home/evan/Documents/BRONE_audio_gaze_project/build/op3_webots_ros2' returned '0': CMAKE_PREFIX_PATH=${CMAKE_PREFIX_PATH}:/home/evan/Documents/BRONE_audio_gaze_project/install/algo_gaze:/home/evan/Documents/BRONE_audio_gaze_project/install/brone_gaze:/opt/ros/humble /usr/bin/cmake --install /home/evan/Documents/BRONE_audio_gaze_project/build/op3_webots_ros2
