[0.030s] Invoking command in '/home/evan/Documents/algo_gaze_project/build/op3_camera_setting_tool_msgs': CMAKE_PREFIX_PATH=/opt/ros/humble /usr/bin/cmake /home/evan/Documents/algo_gaze_project/ROBOTIS-OP3-msgs/op3_camera_setting_tool_msgs -DAMENT_CMAKE_SYMLINK_INSTALL=1 -DCMAKE_INSTALL_PREFIX=/home/evan/Documents/algo_gaze_project/install/op3_camera_setting_tool_msgs
[2.185s] -- The C compiler identification is GNU 11.4.0
[2.185s] -- The CXX compiler identification is GNU 11.4.0
[2.187s] -- Detecting C compiler ABI info
[2.187s] -- Detecting C compiler ABI info - done
[2.187s] -- Check for working C compiler: /usr/bin/cc - skipped
[2.187s] -- Detecting C compile features
[2.187s] -- Detecting C compile features - done
[2.187s] -- Detecting CXX compiler ABI info
[2.188s] -- Detecting CXX compiler ABI info - done
[2.188s] -- Check for working CXX compiler: /usr/bin/c++ - skipped
[2.188s] -- Detecting CXX compile features
[2.188s] -- Detecting CXX compile features - done
[2.188s] -- Found ament_cmake: 1.3.14 (/opt/ros/humble/share/ament_cmake/cmake)
[2.188s] -- Found Python3: /usr/bin/python3 (found version "3.10.12") found components: Interpreter 
[2.188s] -- Override CMake install command with custom implementation using symlinks instead of copying resources
[2.188s] -- Found std_msgs: 4.9.1 (/opt/ros/humble/share/std_msgs/cmake)
[2.188s] -- Found rosidl_generator_c: 3.1.8 (/opt/ros/humble/share/rosidl_generator_c/cmake)
[2.188s] -- Found rosidl_adapter: 3.1.8 (/opt/ros/humble/share/rosidl_adapter/cmake)
[2.188s] -- Found rosidl_generator_cpp: 3.1.8 (/opt/ros/humble/share/rosidl_generator_cpp/cmake)
[2.188s] -- Using all available rosidl_typesupport_c: rosidl_typesupport_fastrtps_c;rosidl_typesupport_introspection_c
[2.188s] -- Using all available rosidl_typesupport_cpp: rosidl_typesupport_fastrtps_cpp;rosidl_typesupport_introspection_cpp
[2.188s] -- Found rosidl_default_generators: 1.2.1 (/opt/ros/humble/share/rosidl_default_generators/cmake)
[2.188s] -- Found ament_cmake_ros: 0.10.0 (/opt/ros/humble/share/ament_cmake_ros/cmake)
[2.237s] -- Using all available rosidl_typesupport_c: rosidl_typesupport_fastrtps_c;rosidl_typesupport_introspection_c
[2.890s] -- Using all available rosidl_typesupport_cpp: rosidl_typesupport_fastrtps_cpp;rosidl_typesupport_introspection_cpp
[2.996s] -- Found PythonInterp: /usr/bin/python3 (found suitable version "3.10.12", minimum required is "3.6") 
[3.000s] -- Found python_cmake_module: 0.10.0 (/opt/ros/humble/share/python_cmake_module/cmake)
[3.097s] -- Found PythonLibs: /usr/lib/x86_64-linux-gnu/libpython3.10.so (found suitable version "3.10.12", minimum required is "3.5") 
[3.098s] -- Using PYTHON_EXECUTABLE: /usr/bin/python3
[3.098s] -- Using PYTHON_INCLUDE_DIRS: /usr/include/python3.10
[3.098s] -- Using PYTHON_LIBRARIES: /usr/lib/x86_64-linux-gnu/libpython3.10.so
[3.178s] -- Found PythonExtra: .so  
[3.598s] -- Configuring done
[3.724s] -- Generating done
[3.762s] -- Build files have been written to: /home/evan/Documents/algo_gaze_project/build/op3_camera_setting_tool_msgs
[3.800s] Invoked command in '/home/evan/Documents/algo_gaze_project/build/op3_camera_setting_tool_msgs' returned '0': CMAKE_PREFIX_PATH=/opt/ros/humble /usr/bin/cmake /home/evan/Documents/algo_gaze_project/ROBOTIS-OP3-msgs/op3_camera_setting_tool_msgs -DAMENT_CMAKE_SYMLINK_INSTALL=1 -DCMAKE_INSTALL_PREFIX=/home/evan/Documents/algo_gaze_project/install/op3_camera_setting_tool_msgs
[3.801s] Invoking command in '/home/evan/Documents/algo_gaze_project/build/op3_camera_setting_tool_msgs': CMAKE_PREFIX_PATH=/opt/ros/humble /usr/bin/cmake --build /home/evan/Documents/algo_gaze_project/build/op3_camera_setting_tool_msgs -- -j12 -l12
[3.941s] [  1%] [34m[1mGenerating C code for ROS interfaces[0m
[3.967s] [  3%] [34m[1mGenerating Rust code for ROS interfaces[0m
[3.969s] [  4%] [34m[1mGenerating C++ code for ROS interfaces[0m
[4.007s] [  4%] Built target ament_cmake_python_symlink_op3_camera_setting_tool_msgs
[4.843s] running egg_info
[4.845s] creating op3_camera_setting_tool_msgs.egg-info
[4.846s] writing op3_camera_setting_tool_msgs.egg-info/PKG-INFO
[4.847s] writing dependency_links to op3_camera_setting_tool_msgs.egg-info/dependency_links.txt
[4.847s] writing top-level names to op3_camera_setting_tool_msgs.egg-info/top_level.txt
[4.847s] writing manifest file 'op3_camera_setting_tool_msgs.egg-info/SOURCES.txt'
[4.851s] reading manifest file 'op3_camera_setting_tool_msgs.egg-info/SOURCES.txt'
[4.853s] writing manifest file 'op3_camera_setting_tool_msgs.egg-info/SOURCES.txt'
[4.956s] [  4%] Built target ament_cmake_python_build_op3_camera_setting_tool_msgs_egg
[5.728s] [  4%] Built target op3_camera_setting_tool_msgs__rs
[7.273s] [  4%] Built target op3_camera_setting_tool_msgs__cpp
[7.326s] [  6%] [34m[1mGenerating C++ type support for eProsima Fast-RTPS[0m
[7.357s] [  7%] [34m[1mGenerating C++ introspection for ROS interfaces[0m
[7.369s] [  9%] [34m[1mGenerating C++ type support dispatch for ROS interfaces[0m
[8.802s] [ 12%] [32mBuilding C object CMakeFiles/op3_camera_setting_tool_msgs__rosidl_generator_c.dir/rosidl_generator_c/op3_camera_setting_tool_msgs/srv/detail/get_parameters__functions.c.o[0m
[8.863s] [ 14%] [32mBuilding C object CMakeFiles/op3_camera_setting_tool_msgs__rosidl_generator_c.dir/rosidl_generator_c/op3_camera_setting_tool_msgs/srv/detail/set_parameters__functions.c.o[0m
[8.863s] [ 14%] [32mBuilding C object CMakeFiles/op3_camera_setting_tool_msgs__rosidl_generator_c.dir/rosidl_generator_c/op3_camera_setting_tool_msgs/msg/detail/camera_params__functions.c.o[0m
[8.863s] [ 15%] [32mBuilding C object CMakeFiles/op3_camera_setting_tool_msgs__rosidl_generator_c.dir/rosidl_generator_c/op3_camera_setting_tool_msgs/msg/detail/v4l_parameters__functions.c.o[0m
[8.863s] [ 17%] [32mBuilding C object CMakeFiles/op3_camera_setting_tool_msgs__rosidl_generator_c.dir/rosidl_generator_c/op3_camera_setting_tool_msgs/msg/detail/v4l_parameter__functions.c.o[0m
[9.608s] [ 18%] [32m[1mLinking C shared library libop3_camera_setting_tool_msgs__rosidl_generator_c.so[0m
[10.046s] [ 18%] Built target op3_camera_setting_tool_msgs__rosidl_generator_c
[10.146s] [ 20%] [34m[1mGenerating C introspection for ROS interfaces[0m
[10.156s] [ 21%] [34m[1mGenerating C type support for eProsima Fast-RTPS[0m
[10.174s] [ 23%] [34m[1mGenerating C type support dispatch for ROS interfaces[0m
[10.235s] [ 25%] [32mBuilding CXX object CMakeFiles/op3_camera_setting_tool_msgs__rosidl_typesupport_cpp.dir/rosidl_typesupport_cpp/op3_camera_setting_tool_msgs/msg/camera_params__type_support.cpp.o[0m
[10.253s] [ 26%] [32mBuilding CXX object CMakeFiles/op3_camera_setting_tool_msgs__rosidl_typesupport_cpp.dir/rosidl_typesupport_cpp/op3_camera_setting_tool_msgs/msg/v4l_parameter__type_support.cpp.o[0m
[10.270s] [ 28%] [32mBuilding CXX object CMakeFiles/op3_camera_setting_tool_msgs__rosidl_typesupport_cpp.dir/rosidl_typesupport_cpp/op3_camera_setting_tool_msgs/msg/v4l_parameters__type_support.cpp.o[0m
[10.277s] [ 29%] [32mBuilding CXX object CMakeFiles/op3_camera_setting_tool_msgs__rosidl_typesupport_cpp.dir/rosidl_typesupport_cpp/op3_camera_setting_tool_msgs/srv/get_parameters__type_support.cpp.o[0m
[10.294s] [ 31%] [32mBuilding CXX object CMakeFiles/op3_camera_setting_tool_msgs__rosidl_typesupport_cpp.dir/rosidl_typesupport_cpp/op3_camera_setting_tool_msgs/srv/set_parameters__type_support.cpp.o[0m
[12.046s] [ 32%] [32mBuilding CXX object CMakeFiles/op3_camera_setting_tool_msgs__rosidl_typesupport_fastrtps_cpp.dir/rosidl_typesupport_fastrtps_cpp/op3_camera_setting_tool_msgs/msg/detail/dds_fastrtps/camera_params__type_support.cpp.o[0m
[13.228s] [ 34%] [32m[1mLinking CXX shared library libop3_camera_setting_tool_msgs__rosidl_typesupport_cpp.so[0m
[13.538s] [ 34%] Built target op3_camera_setting_tool_msgs__rosidl_typesupport_cpp
[13.565s] [ 35%] [32mBuilding CXX object CMakeFiles/op3_camera_setting_tool_msgs__rosidl_typesupport_introspection_cpp.dir/rosidl_typesupport_introspection_cpp/op3_camera_setting_tool_msgs/msg/detail/camera_params__type_support.cpp.o[0m
[13.660s] [ 37%] [32mBuilding CXX object CMakeFiles/op3_camera_setting_tool_msgs__rosidl_typesupport_fastrtps_cpp.dir/rosidl_typesupport_fastrtps_cpp/op3_camera_setting_tool_msgs/srv/detail/dds_fastrtps/set_parameters__type_support.cpp.o[0m
[13.758s] [ 39%] [32mBuilding CXX object CMakeFiles/op3_camera_setting_tool_msgs__rosidl_typesupport_c.dir/rosidl_typesupport_c/op3_camera_setting_tool_msgs/msg/camera_params__type_support.cpp.o[0m
[13.931s] [ 40%] [32mBuilding CXX object CMakeFiles/op3_camera_setting_tool_msgs__rosidl_typesupport_c.dir/rosidl_typesupport_c/op3_camera_setting_tool_msgs/msg/v4l_parameter__type_support.cpp.o[0m
[14.101s] [ 42%] [32mBuilding CXX object CMakeFiles/op3_camera_setting_tool_msgs__rosidl_typesupport_c.dir/rosidl_typesupport_c/op3_camera_setting_tool_msgs/msg/v4l_parameters__type_support.cpp.o[0m
[14.244s] [ 43%] [32mBuilding CXX object CMakeFiles/op3_camera_setting_tool_msgs__rosidl_typesupport_c.dir/rosidl_typesupport_c/op3_camera_setting_tool_msgs/srv/get_parameters__type_support.cpp.o[0m
[14.335s] [ 45%] [32mBuilding CXX object CMakeFiles/op3_camera_setting_tool_msgs__rosidl_typesupport_c.dir/rosidl_typesupport_c/op3_camera_setting_tool_msgs/srv/set_parameters__type_support.cpp.o[0m
[14.436s] [ 46%] [32m[1mLinking CXX shared library libop3_camera_setting_tool_msgs__rosidl_typesupport_c.so[0m
[14.577s] [ 46%] Built target op3_camera_setting_tool_msgs__rosidl_typesupport_c
[14.953s] [ 48%] [32mBuilding C object CMakeFiles/op3_camera_setting_tool_msgs__rosidl_typesupport_introspection_c.dir/rosidl_typesupport_introspection_c/op3_camera_setting_tool_msgs/msg/detail/camera_params__type_support.c.o[0m
[15.046s] [ 50%] [32mBuilding C object CMakeFiles/op3_camera_setting_tool_msgs__rosidl_typesupport_introspection_c.dir/rosidl_typesupport_introspection_c/op3_camera_setting_tool_msgs/msg/detail/v4l_parameter__type_support.c.o[0m
[15.106s] [ 51%] [32mBuilding C object CMakeFiles/op3_camera_setting_tool_msgs__rosidl_typesupport_introspection_c.dir/rosidl_typesupport_introspection_c/op3_camera_setting_tool_msgs/msg/detail/v4l_parameters__type_support.c.o[0m
[15.195s] [ 53%] [32mBuilding C object CMakeFiles/op3_camera_setting_tool_msgs__rosidl_typesupport_introspection_c.dir/rosidl_typesupport_introspection_c/op3_camera_setting_tool_msgs/srv/detail/get_parameters__type_support.c.o[0m
[15.281s] [ 54%] [32mBuilding C object CMakeFiles/op3_camera_setting_tool_msgs__rosidl_typesupport_introspection_c.dir/rosidl_typesupport_introspection_c/op3_camera_setting_tool_msgs/srv/detail/set_parameters__type_support.c.o[0m
[15.350s] [ 56%] [32m[1mLinking C shared library libop3_camera_setting_tool_msgs__rosidl_typesupport_introspection_c.so[0m
[15.382s] [ 57%] [32mBuilding CXX object CMakeFiles/op3_camera_setting_tool_msgs__rosidl_typesupport_fastrtps_c.dir/rosidl_typesupport_fastrtps_c/op3_camera_setting_tool_msgs/msg/detail/camera_params__type_support_c.cpp.o[0m
[15.447s] [ 57%] Built target op3_camera_setting_tool_msgs__rosidl_typesupport_introspection_c
[15.553s] [ 59%] [32mBuilding CXX object CMakeFiles/op3_camera_setting_tool_msgs__rosidl_typesupport_introspection_cpp.dir/rosidl_typesupport_introspection_cpp/op3_camera_setting_tool_msgs/srv/detail/set_parameters__type_support.cpp.o[0m
[15.884s] [ 60%] [32mBuilding CXX object CMakeFiles/op3_camera_setting_tool_msgs__rosidl_typesupport_fastrtps_cpp.dir/rosidl_typesupport_fastrtps_cpp/op3_camera_setting_tool_msgs/srv/detail/dds_fastrtps/get_parameters__type_support.cpp.o[0m
[16.292s] [ 62%] [32mBuilding CXX object CMakeFiles/op3_camera_setting_tool_msgs__rosidl_typesupport_fastrtps_c.dir/rosidl_typesupport_fastrtps_c/op3_camera_setting_tool_msgs/srv/detail/set_parameters__type_support_c.cpp.o[0m
[17.164s] [ 64%] [32mBuilding CXX object CMakeFiles/op3_camera_setting_tool_msgs__rosidl_typesupport_introspection_cpp.dir/rosidl_typesupport_introspection_cpp/op3_camera_setting_tool_msgs/srv/detail/get_parameters__type_support.cpp.o[0m
[17.271s] [ 65%] [32mBuilding CXX object CMakeFiles/op3_camera_setting_tool_msgs__rosidl_typesupport_fastrtps_cpp.dir/rosidl_typesupport_fastrtps_cpp/op3_camera_setting_tool_msgs/msg/detail/dds_fastrtps/v4l_parameters__type_support.cpp.o[0m
[17.345s] [ 67%] [32mBuilding CXX object CMakeFiles/op3_camera_setting_tool_msgs__rosidl_typesupport_fastrtps_c.dir/rosidl_typesupport_fastrtps_c/op3_camera_setting_tool_msgs/srv/detail/get_parameters__type_support_c.cpp.o[0m
[18.494s] [ 68%] [32mBuilding CXX object CMakeFiles/op3_camera_setting_tool_msgs__rosidl_typesupport_introspection_cpp.dir/rosidl_typesupport_introspection_cpp/op3_camera_setting_tool_msgs/msg/detail/v4l_parameters__type_support.cpp.o[0m
[18.530s] [ 70%] [32mBuilding CXX object CMakeFiles/op3_camera_setting_tool_msgs__rosidl_typesupport_fastrtps_c.dir/rosidl_typesupport_fastrtps_c/op3_camera_setting_tool_msgs/msg/detail/v4l_parameters__type_support_c.cpp.o[0m
[18.664s] [ 71%] [32mBuilding CXX object CMakeFiles/op3_camera_setting_tool_msgs__rosidl_typesupport_fastrtps_cpp.dir/rosidl_typesupport_fastrtps_cpp/op3_camera_setting_tool_msgs/msg/detail/dds_fastrtps/v4l_parameter__type_support.cpp.o[0m
[19.100s] [ 73%] [32mBuilding CXX object CMakeFiles/op3_camera_setting_tool_msgs__rosidl_typesupport_fastrtps_c.dir/rosidl_typesupport_fastrtps_c/op3_camera_setting_tool_msgs/msg/detail/v4l_parameter__type_support_c.cpp.o[0m
[19.927s] [ 75%] [32mBuilding CXX object CMakeFiles/op3_camera_setting_tool_msgs__rosidl_typesupport_introspection_cpp.dir/rosidl_typesupport_introspection_cpp/op3_camera_setting_tool_msgs/msg/detail/v4l_parameter__type_support.cpp.o[0m
[20.031s] [ 76%] [32m[1mLinking CXX shared library libop3_camera_setting_tool_msgs__rosidl_typesupport_fastrtps_cpp.so[0m
[20.123s] [ 78%] [32m[1mLinking CXX shared library libop3_camera_setting_tool_msgs__rosidl_typesupport_fastrtps_c.so[0m
[20.249s] [ 78%] Built target op3_camera_setting_tool_msgs__rosidl_typesupport_fastrtps_cpp
[20.344s] [ 78%] Built target op3_camera_setting_tool_msgs__rosidl_typesupport_fastrtps_c
[20.674s] [ 79%] [32m[1mLinking CXX shared library libop3_camera_setting_tool_msgs__rosidl_typesupport_introspection_cpp.so[0m
[20.915s] [ 79%] Built target op3_camera_setting_tool_msgs__rosidl_typesupport_introspection_cpp
[20.964s] [ 79%] Built target op3_camera_setting_tool_msgs
[21.024s] [ 81%] [34m[1mGenerating Python code for ROS interfaces[0m
[22.956s] [ 81%] Built target op3_camera_setting_tool_msgs__py
[23.014s] [ 82%] [32mBuilding C object CMakeFiles/op3_camera_setting_tool_msgs__rosidl_generator_py.dir/rosidl_generator_py/op3_camera_setting_tool_msgs/msg/_camera_params_s.c.o[0m
[23.205s] [ 84%] [32mBuilding C object CMakeFiles/op3_camera_setting_tool_msgs__rosidl_generator_py.dir/rosidl_generator_py/op3_camera_setting_tool_msgs/srv/_set_parameters_s.c.o[0m
[23.497s] [ 85%] [32mBuilding C object CMakeFiles/op3_camera_setting_tool_msgs__rosidl_generator_py.dir/rosidl_generator_py/op3_camera_setting_tool_msgs/srv/_get_parameters_s.c.o[0m
[23.746s] [ 87%] [32mBuilding C object CMakeFiles/op3_camera_setting_tool_msgs__rosidl_generator_py.dir/rosidl_generator_py/op3_camera_setting_tool_msgs/msg/_v4l_parameters_s.c.o[0m
[23.979s] [ 89%] [32mBuilding C object CMakeFiles/op3_camera_setting_tool_msgs__rosidl_generator_py.dir/rosidl_generator_py/op3_camera_setting_tool_msgs/msg/_v4l_parameter_s.c.o[0m
[24.161s] [ 90%] [32m[1mLinking C shared library rosidl_generator_py/op3_camera_setting_tool_msgs/libop3_camera_setting_tool_msgs__rosidl_generator_py.so[0m
[24.304s] [ 90%] Built target op3_camera_setting_tool_msgs__rosidl_generator_py
[24.343s] [ 92%] [32mBuilding C object CMakeFiles/op3_camera_setting_tool_msgs__rosidl_typesupport_fastrtps_c__pyext.dir/rosidl_generator_py/op3_camera_setting_tool_msgs/_op3_camera_setting_tool_msgs_s.ep.rosidl_typesupport_fastrtps_c.c.o[0m
[24.557s] [ 93%] [32m[1mLinking C shared library rosidl_generator_py/op3_camera_setting_tool_msgs/op3_camera_setting_tool_msgs_s__rosidl_typesupport_fastrtps_c.cpython-310-x86_64-linux-gnu.so[0m
[24.615s] [ 93%] Built target op3_camera_setting_tool_msgs__rosidl_typesupport_fastrtps_c__pyext
[24.656s] [ 95%] [32mBuilding C object CMakeFiles/op3_camera_setting_tool_msgs__rosidl_typesupport_c__pyext.dir/rosidl_generator_py/op3_camera_setting_tool_msgs/_op3_camera_setting_tool_msgs_s.ep.rosidl_typesupport_c.c.o[0m
[24.875s] [ 96%] [32m[1mLinking C shared library rosidl_generator_py/op3_camera_setting_tool_msgs/op3_camera_setting_tool_msgs_s__rosidl_typesupport_c.cpython-310-x86_64-linux-gnu.so[0m
[24.975s] [ 96%] Built target op3_camera_setting_tool_msgs__rosidl_typesupport_c__pyext
[25.027s] [ 98%] [32mBuilding C object CMakeFiles/op3_camera_setting_tool_msgs__rosidl_typesupport_introspection_c__pyext.dir/rosidl_generator_py/op3_camera_setting_tool_msgs/_op3_camera_setting_tool_msgs_s.ep.rosidl_typesupport_introspection_c.c.o[0m
[25.233s] [100%] [32m[1mLinking C shared library rosidl_generator_py/op3_camera_setting_tool_msgs/op3_camera_setting_tool_msgs_s__rosidl_typesupport_introspection_c.cpython-310-x86_64-linux-gnu.so[0m
[25.338s] [100%] Built target op3_camera_setting_tool_msgs__rosidl_typesupport_introspection_c__pyext
[25.365s] Invoked command in '/home/evan/Documents/algo_gaze_project/build/op3_camera_setting_tool_msgs' returned '0': CMAKE_PREFIX_PATH=/opt/ros/humble /usr/bin/cmake --build /home/evan/Documents/algo_gaze_project/build/op3_camera_setting_tool_msgs -- -j12 -l12
[25.368s] Invoking command in '/home/evan/Documents/algo_gaze_project/build/op3_camera_setting_tool_msgs': CMAKE_PREFIX_PATH=/opt/ros/humble /usr/bin/cmake --install /home/evan/Documents/algo_gaze_project/build/op3_camera_setting_tool_msgs
[26.726s] -- Install configuration: ""
[26.727s] -- Execute custom install script
[26.727s] -- Symlinking: /home/evan/Documents/algo_gaze_project/install/op3_camera_setting_tool_msgs/share/ament_index/resource_index/rosidl_interfaces/op3_camera_setting_tool_msgs
[26.727s] -- Symlinking: /home/evan/Documents/algo_gaze_project/install/op3_camera_setting_tool_msgs/include/op3_camera_setting_tool_msgs/op3_camera_setting_tool_msgs/msg/camera_params.h
[26.727s] -- Symlinking: /home/evan/Documents/algo_gaze_project/install/op3_camera_setting_tool_msgs/include/op3_camera_setting_tool_msgs/op3_camera_setting_tool_msgs/msg/detail/camera_params__functions.h
[26.727s] -- Symlinking: /home/evan/Documents/algo_gaze_project/install/op3_camera_setting_tool_msgs/include/op3_camera_setting_tool_msgs/op3_camera_setting_tool_msgs/msg/detail/camera_params__struct.h
[26.727s] -- Symlinking: /home/evan/Documents/algo_gaze_project/install/op3_camera_setting_tool_msgs/include/op3_camera_setting_tool_msgs/op3_camera_setting_tool_msgs/msg/detail/camera_params__type_support.h
[26.727s] -- Symlinking: /home/evan/Documents/algo_gaze_project/install/op3_camera_setting_tool_msgs/include/op3_camera_setting_tool_msgs/op3_camera_setting_tool_msgs/msg/detail/v4l_parameter__functions.h
[26.727s] -- Symlinking: /home/evan/Documents/algo_gaze_project/install/op3_camera_setting_tool_msgs/include/op3_camera_setting_tool_msgs/op3_camera_setting_tool_msgs/msg/detail/v4l_parameter__struct.h
[26.727s] -- Symlinking: /home/evan/Documents/algo_gaze_project/install/op3_camera_setting_tool_msgs/include/op3_camera_setting_tool_msgs/op3_camera_setting_tool_msgs/msg/detail/v4l_parameter__type_support.h
[26.727s] -- Symlinking: /home/evan/Documents/algo_gaze_project/install/op3_camera_setting_tool_msgs/include/op3_camera_setting_tool_msgs/op3_camera_setting_tool_msgs/msg/detail/v4l_parameters__functions.h
[26.727s] -- Symlinking: /home/evan/Documents/algo_gaze_project/install/op3_camera_setting_tool_msgs/include/op3_camera_setting_tool_msgs/op3_camera_setting_tool_msgs/msg/detail/v4l_parameters__struct.h
[26.728s] -- Symlinking: /home/evan/Documents/algo_gaze_project/install/op3_camera_setting_tool_msgs/include/op3_camera_setting_tool_msgs/op3_camera_setting_tool_msgs/msg/detail/v4l_parameters__type_support.h
[26.728s] -- Symlinking: /home/evan/Documents/algo_gaze_project/install/op3_camera_setting_tool_msgs/include/op3_camera_setting_tool_msgs/op3_camera_setting_tool_msgs/msg/rosidl_generator_c__visibility_control.h
[26.728s] -- Symlinking: /home/evan/Documents/algo_gaze_project/install/op3_camera_setting_tool_msgs/include/op3_camera_setting_tool_msgs/op3_camera_setting_tool_msgs/msg/v4l_parameter.h
[26.728s] -- Symlinking: /home/evan/Documents/algo_gaze_project/install/op3_camera_setting_tool_msgs/include/op3_camera_setting_tool_msgs/op3_camera_setting_tool_msgs/msg/v4l_parameters.h
[26.728s] -- Symlinking: /home/evan/Documents/algo_gaze_project/install/op3_camera_setting_tool_msgs/include/op3_camera_setting_tool_msgs/op3_camera_setting_tool_msgs/srv/detail/get_parameters__functions.h
[26.728s] -- Symlinking: /home/evan/Documents/algo_gaze_project/install/op3_camera_setting_tool_msgs/include/op3_camera_setting_tool_msgs/op3_camera_setting_tool_msgs/srv/detail/get_parameters__struct.h
[26.728s] -- Symlinking: /home/evan/Documents/algo_gaze_project/install/op3_camera_setting_tool_msgs/include/op3_camera_setting_tool_msgs/op3_camera_setting_tool_msgs/srv/detail/get_parameters__type_support.h
[26.728s] -- Symlinking: /home/evan/Documents/algo_gaze_project/install/op3_camera_setting_tool_msgs/include/op3_camera_setting_tool_msgs/op3_camera_setting_tool_msgs/srv/detail/set_parameters__functions.h
[26.728s] -- Symlinking: /home/evan/Documents/algo_gaze_project/install/op3_camera_setting_tool_msgs/include/op3_camera_setting_tool_msgs/op3_camera_setting_tool_msgs/srv/detail/set_parameters__struct.h
[26.728s] -- Symlinking: /home/evan/Documents/algo_gaze_project/install/op3_camera_setting_tool_msgs/include/op3_camera_setting_tool_msgs/op3_camera_setting_tool_msgs/srv/detail/set_parameters__type_support.h
[26.728s] -- Symlinking: /home/evan/Documents/algo_gaze_project/install/op3_camera_setting_tool_msgs/include/op3_camera_setting_tool_msgs/op3_camera_setting_tool_msgs/srv/get_parameters.h
[26.729s] -- Symlinking: /home/evan/Documents/algo_gaze_project/install/op3_camera_setting_tool_msgs/include/op3_camera_setting_tool_msgs/op3_camera_setting_tool_msgs/srv/set_parameters.h
[26.729s] -- Symlinking: /home/evan/Documents/algo_gaze_project/install/op3_camera_setting_tool_msgs/share/op3_camera_setting_tool_msgs/environment/library_path.sh
[26.729s] -- Symlinking: /home/evan/Documents/algo_gaze_project/install/op3_camera_setting_tool_msgs/share/op3_camera_setting_tool_msgs/environment/library_path.dsv
[26.729s] -- Symlinking: /home/evan/Documents/algo_gaze_project/install/op3_camera_setting_tool_msgs/include/op3_camera_setting_tool_msgs/op3_camera_setting_tool_msgs/msg/detail/camera_params__rosidl_typesupport_fastrtps_c.h
[26.729s] -- Symlinking: /home/evan/Documents/algo_gaze_project/install/op3_camera_setting_tool_msgs/include/op3_camera_setting_tool_msgs/op3_camera_setting_tool_msgs/msg/detail/v4l_parameter__rosidl_typesupport_fastrtps_c.h
[26.729s] -- Symlinking: /home/evan/Documents/algo_gaze_project/install/op3_camera_setting_tool_msgs/include/op3_camera_setting_tool_msgs/op3_camera_setting_tool_msgs/msg/detail/v4l_parameters__rosidl_typesupport_fastrtps_c.h
[26.729s] -- Symlinking: /home/evan/Documents/algo_gaze_project/install/op3_camera_setting_tool_msgs/include/op3_camera_setting_tool_msgs/op3_camera_setting_tool_msgs/msg/rosidl_typesupport_fastrtps_c__visibility_control.h
[26.729s] -- Symlinking: /home/evan/Documents/algo_gaze_project/install/op3_camera_setting_tool_msgs/include/op3_camera_setting_tool_msgs/op3_camera_setting_tool_msgs/srv/detail/get_parameters__rosidl_typesupport_fastrtps_c.h
[26.729s] -- Symlinking: /home/evan/Documents/algo_gaze_project/install/op3_camera_setting_tool_msgs/include/op3_camera_setting_tool_msgs/op3_camera_setting_tool_msgs/srv/detail/set_parameters__rosidl_typesupport_fastrtps_c.h
[26.729s] -- Symlinking: /home/evan/Documents/algo_gaze_project/install/op3_camera_setting_tool_msgs/include/op3_camera_setting_tool_msgs/op3_camera_setting_tool_msgs/msg/camera_params.hpp
[26.729s] -- Symlinking: /home/evan/Documents/algo_gaze_project/install/op3_camera_setting_tool_msgs/include/op3_camera_setting_tool_msgs/op3_camera_setting_tool_msgs/msg/detail/camera_params__builder.hpp
[26.730s] -- Symlinking: /home/evan/Documents/algo_gaze_project/install/op3_camera_setting_tool_msgs/include/op3_camera_setting_tool_msgs/op3_camera_setting_tool_msgs/msg/detail/camera_params__struct.hpp
[26.730s] -- Symlinking: /home/evan/Documents/algo_gaze_project/install/op3_camera_setting_tool_msgs/include/op3_camera_setting_tool_msgs/op3_camera_setting_tool_msgs/msg/detail/camera_params__traits.hpp
[26.730s] -- Symlinking: /home/evan/Documents/algo_gaze_project/install/op3_camera_setting_tool_msgs/include/op3_camera_setting_tool_msgs/op3_camera_setting_tool_msgs/msg/detail/camera_params__type_support.hpp
[26.730s] -- Symlinking: /home/evan/Documents/algo_gaze_project/install/op3_camera_setting_tool_msgs/include/op3_camera_setting_tool_msgs/op3_camera_setting_tool_msgs/msg/detail/v4l_parameter__builder.hpp
[26.730s] -- Symlinking: /home/evan/Documents/algo_gaze_project/install/op3_camera_setting_tool_msgs/include/op3_camera_setting_tool_msgs/op3_camera_setting_tool_msgs/msg/detail/v4l_parameter__struct.hpp
[26.730s] -- Symlinking: /home/evan/Documents/algo_gaze_project/install/op3_camera_setting_tool_msgs/include/op3_camera_setting_tool_msgs/op3_camera_setting_tool_msgs/msg/detail/v4l_parameter__traits.hpp
[26.730s] -- Symlinking: /home/evan/Documents/algo_gaze_project/install/op3_camera_setting_tool_msgs/include/op3_camera_setting_tool_msgs/op3_camera_setting_tool_msgs/msg/detail/v4l_parameter__type_support.hpp
[26.730s] -- Symlinking: /home/evan/Documents/algo_gaze_project/install/op3_camera_setting_tool_msgs/include/op3_camera_setting_tool_msgs/op3_camera_setting_tool_msgs/msg/detail/v4l_parameters__builder.hpp
[26.730s] -- Symlinking: /home/evan/Documents/algo_gaze_project/install/op3_camera_setting_tool_msgs/include/op3_camera_setting_tool_msgs/op3_camera_setting_tool_msgs/msg/detail/v4l_parameters__struct.hpp
[26.731s] -- Symlinking: /home/evan/Documents/algo_gaze_project/install/op3_camera_setting_tool_msgs/include/op3_camera_setting_tool_msgs/op3_camera_setting_tool_msgs/msg/detail/v4l_parameters__traits.hpp
[26.731s] -- Symlinking: /home/evan/Documents/algo_gaze_project/install/op3_camera_setting_tool_msgs/include/op3_camera_setting_tool_msgs/op3_camera_setting_tool_msgs/msg/detail/v4l_parameters__type_support.hpp
[26.731s] -- Symlinking: /home/evan/Documents/algo_gaze_project/install/op3_camera_setting_tool_msgs/include/op3_camera_setting_tool_msgs/op3_camera_setting_tool_msgs/msg/rosidl_generator_cpp__visibility_control.hpp
[26.734s] -- Symlinking: /home/evan/Documents/algo_gaze_project/install/op3_camera_setting_tool_msgs/include/op3_camera_setting_tool_msgs/op3_camera_setting_tool_msgs/msg/v4l_parameter.hpp
[26.734s] -- Symlinking: /home/evan/Documents/algo_gaze_project/install/op3_camera_setting_tool_msgs/include/op3_camera_setting_tool_msgs/op3_camera_setting_tool_msgs/msg/v4l_parameters.hpp
[26.734s] -- Symlinking: /home/evan/Documents/algo_gaze_project/install/op3_camera_setting_tool_msgs/include/op3_camera_setting_tool_msgs/op3_camera_setting_tool_msgs/srv/detail/get_parameters__builder.hpp
[26.734s] -- Symlinking: /home/evan/Documents/algo_gaze_project/install/op3_camera_setting_tool_msgs/include/op3_camera_setting_tool_msgs/op3_camera_setting_tool_msgs/srv/detail/get_parameters__struct.hpp
[26.735s] -- Symlinking: /home/evan/Documents/algo_gaze_project/install/op3_camera_setting_tool_msgs/include/op3_camera_setting_tool_msgs/op3_camera_setting_tool_msgs/srv/detail/get_parameters__traits.hpp
[26.735s] -- Symlinking: /home/evan/Documents/algo_gaze_project/install/op3_camera_setting_tool_msgs/include/op3_camera_setting_tool_msgs/op3_camera_setting_tool_msgs/srv/detail/get_parameters__type_support.hpp
[26.735s] -- Symlinking: /home/evan/Documents/algo_gaze_project/install/op3_camera_setting_tool_msgs/include/op3_camera_setting_tool_msgs/op3_camera_setting_tool_msgs/srv/detail/set_parameters__builder.hpp
[26.735s] -- Symlinking: /home/evan/Documents/algo_gaze_project/install/op3_camera_setting_tool_msgs/include/op3_camera_setting_tool_msgs/op3_camera_setting_tool_msgs/srv/detail/set_parameters__struct.hpp
[26.735s] -- Symlinking: /home/evan/Documents/algo_gaze_project/install/op3_camera_setting_tool_msgs/include/op3_camera_setting_tool_msgs/op3_camera_setting_tool_msgs/srv/detail/set_parameters__traits.hpp
[26.735s] -- Symlinking: /home/evan/Documents/algo_gaze_project/install/op3_camera_setting_tool_msgs/include/op3_camera_setting_tool_msgs/op3_camera_setting_tool_msgs/srv/detail/set_parameters__type_support.hpp
[26.735s] -- Symlinking: /home/evan/Documents/algo_gaze_project/install/op3_camera_setting_tool_msgs/include/op3_camera_setting_tool_msgs/op3_camera_setting_tool_msgs/srv/get_parameters.hpp
[26.735s] -- Symlinking: /home/evan/Documents/algo_gaze_project/install/op3_camera_setting_tool_msgs/include/op3_camera_setting_tool_msgs/op3_camera_setting_tool_msgs/srv/set_parameters.hpp
[26.735s] -- Symlinking: /home/evan/Documents/algo_gaze_project/install/op3_camera_setting_tool_msgs/include/op3_camera_setting_tool_msgs/op3_camera_setting_tool_msgs/msg/detail/camera_params__rosidl_typesupport_fastrtps_cpp.hpp
[26.737s] -- Symlinking: /home/evan/Documents/algo_gaze_project/install/op3_camera_setting_tool_msgs/include/op3_camera_setting_tool_msgs/op3_camera_setting_tool_msgs/msg/detail/v4l_parameter__rosidl_typesupport_fastrtps_cpp.hpp
[26.737s] -- Symlinking: /home/evan/Documents/algo_gaze_project/install/op3_camera_setting_tool_msgs/include/op3_camera_setting_tool_msgs/op3_camera_setting_tool_msgs/msg/detail/v4l_parameters__rosidl_typesupport_fastrtps_cpp.hpp
[26.737s] -- Symlinking: /home/evan/Documents/algo_gaze_project/install/op3_camera_setting_tool_msgs/include/op3_camera_setting_tool_msgs/op3_camera_setting_tool_msgs/msg/rosidl_typesupport_fastrtps_cpp__visibility_control.h
[26.737s] -- Symlinking: /home/evan/Documents/algo_gaze_project/install/op3_camera_setting_tool_msgs/include/op3_camera_setting_tool_msgs/op3_camera_setting_tool_msgs/srv/detail/get_parameters__rosidl_typesupport_fastrtps_cpp.hpp
[26.737s] -- Symlinking: /home/evan/Documents/algo_gaze_project/install/op3_camera_setting_tool_msgs/include/op3_camera_setting_tool_msgs/op3_camera_setting_tool_msgs/srv/detail/set_parameters__rosidl_typesupport_fastrtps_cpp.hpp
[26.737s] -- Symlinking: /home/evan/Documents/algo_gaze_project/install/op3_camera_setting_tool_msgs/include/op3_camera_setting_tool_msgs/op3_camera_setting_tool_msgs/msg/detail/camera_params__rosidl_typesupport_introspection_c.h
[26.737s] -- Symlinking: /home/evan/Documents/algo_gaze_project/install/op3_camera_setting_tool_msgs/include/op3_camera_setting_tool_msgs/op3_camera_setting_tool_msgs/msg/detail/v4l_parameter__rosidl_typesupport_introspection_c.h
[26.737s] -- Symlinking: /home/evan/Documents/algo_gaze_project/install/op3_camera_setting_tool_msgs/include/op3_camera_setting_tool_msgs/op3_camera_setting_tool_msgs/msg/detail/v4l_parameters__rosidl_typesupport_introspection_c.h
[26.738s] -- Symlinking: /home/evan/Documents/algo_gaze_project/install/op3_camera_setting_tool_msgs/include/op3_camera_setting_tool_msgs/op3_camera_setting_tool_msgs/msg/rosidl_typesupport_introspection_c__visibility_control.h
[26.738s] -- Symlinking: /home/evan/Documents/algo_gaze_project/install/op3_camera_setting_tool_msgs/include/op3_camera_setting_tool_msgs/op3_camera_setting_tool_msgs/srv/detail/get_parameters__rosidl_typesupport_introspection_c.h
[26.738s] -- Symlinking: /home/evan/Documents/algo_gaze_project/install/op3_camera_setting_tool_msgs/include/op3_camera_setting_tool_msgs/op3_camera_setting_tool_msgs/srv/detail/set_parameters__rosidl_typesupport_introspection_c.h
[26.738s] -- Symlinking: /home/evan/Documents/algo_gaze_project/install/op3_camera_setting_tool_msgs/include/op3_camera_setting_tool_msgs/op3_camera_setting_tool_msgs/msg/detail/camera_params__rosidl_typesupport_introspection_cpp.hpp
[26.738s] -- Symlinking: /home/evan/Documents/algo_gaze_project/install/op3_camera_setting_tool_msgs/include/op3_camera_setting_tool_msgs/op3_camera_setting_tool_msgs/msg/detail/v4l_parameter__rosidl_typesupport_introspection_cpp.hpp
[26.738s] -- Symlinking: /home/evan/Documents/algo_gaze_project/install/op3_camera_setting_tool_msgs/include/op3_camera_setting_tool_msgs/op3_camera_setting_tool_msgs/msg/detail/v4l_parameters__rosidl_typesupport_introspection_cpp.hpp
[26.738s] -- Symlinking: /home/evan/Documents/algo_gaze_project/install/op3_camera_setting_tool_msgs/include/op3_camera_setting_tool_msgs/op3_camera_setting_tool_msgs/srv/detail/get_parameters__rosidl_typesupport_introspection_cpp.hpp
[26.738s] -- Symlinking: /home/evan/Documents/algo_gaze_project/install/op3_camera_setting_tool_msgs/include/op3_camera_setting_tool_msgs/op3_camera_setting_tool_msgs/srv/detail/set_parameters__rosidl_typesupport_introspection_cpp.hpp
[26.738s] -- Symlinking: /home/evan/Documents/algo_gaze_project/install/op3_camera_setting_tool_msgs/share/op3_camera_setting_tool_msgs/environment/pythonpath.sh
[26.738s] -- Symlinking: /home/evan/Documents/algo_gaze_project/install/op3_camera_setting_tool_msgs/share/op3_camera_setting_tool_msgs/environment/pythonpath.dsv
[26.739s] -- Symlinking: /home/evan/Documents/algo_gaze_project/install/op3_camera_setting_tool_msgs/local/lib/python3.10/dist-packages/op3_camera_setting_tool_msgs-0.1.0-py3.10.egg-info/PKG-INFO
[26.739s] -- Symlinking: /home/evan/Documents/algo_gaze_project/install/op3_camera_setting_tool_msgs/local/lib/python3.10/dist-packages/op3_camera_setting_tool_msgs-0.1.0-py3.10.egg-info/SOURCES.txt
[26.739s] -- Symlinking: /home/evan/Documents/algo_gaze_project/install/op3_camera_setting_tool_msgs/local/lib/python3.10/dist-packages/op3_camera_setting_tool_msgs-0.1.0-py3.10.egg-info/dependency_links.txt
[26.739s] -- Symlinking: /home/evan/Documents/algo_gaze_project/install/op3_camera_setting_tool_msgs/local/lib/python3.10/dist-packages/op3_camera_setting_tool_msgs-0.1.0-py3.10.egg-info/top_level.txt
[26.739s] -- Symlinking: /home/evan/Documents/algo_gaze_project/install/op3_camera_setting_tool_msgs/local/lib/python3.10/dist-packages/op3_camera_setting_tool_msgs/__init__.py
[26.739s] -- Symlinking: /home/evan/Documents/algo_gaze_project/install/op3_camera_setting_tool_msgs/local/lib/python3.10/dist-packages/op3_camera_setting_tool_msgs/_op3_camera_setting_tool_msgs_s.ep.rosidl_typesupport_c.c
[26.739s] -- Symlinking: /home/evan/Documents/algo_gaze_project/install/op3_camera_setting_tool_msgs/local/lib/python3.10/dist-packages/op3_camera_setting_tool_msgs/_op3_camera_setting_tool_msgs_s.ep.rosidl_typesupport_fastrtps_c.c
[26.739s] -- Symlinking: /home/evan/Documents/algo_gaze_project/install/op3_camera_setting_tool_msgs/local/lib/python3.10/dist-packages/op3_camera_setting_tool_msgs/_op3_camera_setting_tool_msgs_s.ep.rosidl_typesupport_introspection_c.c
[26.739s] -- Symlinking: /home/evan/Documents/algo_gaze_project/install/op3_camera_setting_tool_msgs/local/lib/python3.10/dist-packages/op3_camera_setting_tool_msgs/libop3_camera_setting_tool_msgs__rosidl_generator_py.so
[26.739s] -- Symlinking: /home/evan/Documents/algo_gaze_project/install/op3_camera_setting_tool_msgs/local/lib/python3.10/dist-packages/op3_camera_setting_tool_msgs/msg/__init__.py
[26.739s] -- Symlinking: /home/evan/Documents/algo_gaze_project/install/op3_camera_setting_tool_msgs/local/lib/python3.10/dist-packages/op3_camera_setting_tool_msgs/msg/_camera_params.py
[26.752s] -- Symlinking: /home/evan/Documents/algo_gaze_project/install/op3_camera_setting_tool_msgs/local/lib/python3.10/dist-packages/op3_camera_setting_tool_msgs/msg/_camera_params_s.c
[26.762s] -- Symlinking: /home/evan/Documents/algo_gaze_project/install/op3_camera_setting_tool_msgs/local/lib/python3.10/dist-packages/op3_camera_setting_tool_msgs/msg/_v4l_parameter.py
[26.773s] -- Symlinking: /home/evan/Documents/algo_gaze_project/install/op3_camera_setting_tool_msgs/local/lib/python3.10/dist-packages/op3_camera_setting_tool_msgs/msg/_v4l_parameter_s.c
[26.784s] -- Symlinking: /home/evan/Documents/algo_gaze_project/install/op3_camera_setting_tool_msgs/local/lib/python3.10/dist-packages/op3_camera_setting_tool_msgs/msg/_v4l_parameters.py
[26.798s] -- Symlinking: /home/evan/Documents/algo_gaze_project/install/op3_camera_setting_tool_msgs/local/lib/python3.10/dist-packages/op3_camera_setting_tool_msgs/msg/_v4l_parameters_s.c
[26.809s] -- Symlinking: /home/evan/Documents/algo_gaze_project/install/op3_camera_setting_tool_msgs/local/lib/python3.10/dist-packages/op3_camera_setting_tool_msgs/op3_camera_setting_tool_msgs_s__rosidl_typesupport_c.cpython-310-x86_64-linux-gnu.so
[26.820s] -- Symlinking: /home/evan/Documents/algo_gaze_project/install/op3_camera_setting_tool_msgs/local/lib/python3.10/dist-packages/op3_camera_setting_tool_msgs/op3_camera_setting_tool_msgs_s__rosidl_typesupport_fastrtps_c.cpython-310-x86_64-linux-gnu.so
[26.832s] -- Symlinking: /home/evan/Documents/algo_gaze_project/install/op3_camera_setting_tool_msgs/local/lib/python3.10/dist-packages/op3_camera_setting_tool_msgs/op3_camera_setting_tool_msgs_s__rosidl_typesupport_introspection_c.cpython-310-x86_64-linux-gnu.so
[26.844s] -- Symlinking: /home/evan/Documents/algo_gaze_project/install/op3_camera_setting_tool_msgs/local/lib/python3.10/dist-packages/op3_camera_setting_tool_msgs/srv/__init__.py
[26.861s] -- Symlinking: /home/evan/Documents/algo_gaze_project/install/op3_camera_setting_tool_msgs/local/lib/python3.10/dist-packages/op3_camera_setting_tool_msgs/srv/_get_parameters.py
[26.874s] -- Symlinking: /home/evan/Documents/algo_gaze_project/install/op3_camera_setting_tool_msgs/local/lib/python3.10/dist-packages/op3_camera_setting_tool_msgs/srv/_get_parameters_s.c
[26.886s] -- Symlinking: /home/evan/Documents/algo_gaze_project/install/op3_camera_setting_tool_msgs/local/lib/python3.10/dist-packages/op3_camera_setting_tool_msgs/srv/_set_parameters.py
[26.896s] -- Symlinking: /home/evan/Documents/algo_gaze_project/install/op3_camera_setting_tool_msgs/local/lib/python3.10/dist-packages/op3_camera_setting_tool_msgs/srv/_set_parameters_s.c
[26.907s] -- Up-to-date symlink: /home/evan/Documents/algo_gaze_project/install/op3_camera_setting_tool_msgs/local/lib/python3.10/dist-packages/op3_camera_setting_tool_msgs/op3_camera_setting_tool_msgs_s__rosidl_typesupport_fastrtps_c.cpython-310-x86_64-linux-gnu.so
[26.907s] -- Up-to-date symlink: /home/evan/Documents/algo_gaze_project/install/op3_camera_setting_tool_msgs/local/lib/python3.10/dist-packages/op3_camera_setting_tool_msgs/op3_camera_setting_tool_msgs_s__rosidl_typesupport_introspection_c.cpython-310-x86_64-linux-gnu.so
[26.907s] -- Up-to-date symlink: /home/evan/Documents/algo_gaze_project/install/op3_camera_setting_tool_msgs/local/lib/python3.10/dist-packages/op3_camera_setting_tool_msgs/op3_camera_setting_tool_msgs_s__rosidl_typesupport_c.cpython-310-x86_64-linux-gnu.so
[26.908s] -- Symlinking: /home/evan/Documents/algo_gaze_project/install/op3_camera_setting_tool_msgs/share/ament_index/resource_index/rust_packages/op3_camera_setting_tool_msgs
[26.919s] -- Symlinking: /home/evan/Documents/algo_gaze_project/install/op3_camera_setting_tool_msgs/share/op3_camera_setting_tool_msgs/rust/Cargo.toml
[26.931s] -- Symlinking: /home/evan/Documents/algo_gaze_project/install/op3_camera_setting_tool_msgs/share/op3_camera_setting_tool_msgs/rust/build.rs
[26.941s] -- Symlinking: /home/evan/Documents/algo_gaze_project/install/op3_camera_setting_tool_msgs/share/op3_camera_setting_tool_msgs/rust/src/lib.rs
[26.951s] -- Symlinking: /home/evan/Documents/algo_gaze_project/install/op3_camera_setting_tool_msgs/share/op3_camera_setting_tool_msgs/rust/src/msg.rs
[26.958s] -- Symlinking: /home/evan/Documents/algo_gaze_project/install/op3_camera_setting_tool_msgs/share/op3_camera_setting_tool_msgs/rust/src/msg/rmw.rs
[26.965s] -- Symlinking: /home/evan/Documents/algo_gaze_project/install/op3_camera_setting_tool_msgs/share/op3_camera_setting_tool_msgs/rust/src/srv.rs
[26.976s] -- Symlinking: /home/evan/Documents/algo_gaze_project/install/op3_camera_setting_tool_msgs/share/op3_camera_setting_tool_msgs/rust/src/srv/rmw.rs
[26.983s] -- Symlinking: /home/evan/Documents/algo_gaze_project/install/op3_camera_setting_tool_msgs/share/op3_camera_setting_tool_msgs/msg/CameraParams.idl
[26.993s] -- Symlinking: /home/evan/Documents/algo_gaze_project/install/op3_camera_setting_tool_msgs/share/op3_camera_setting_tool_msgs/msg/V4lParameter.idl
[26.999s] -- Symlinking: /home/evan/Documents/algo_gaze_project/install/op3_camera_setting_tool_msgs/share/op3_camera_setting_tool_msgs/msg/V4lParameters.idl
[27.011s] -- Symlinking: /home/evan/Documents/algo_gaze_project/install/op3_camera_setting_tool_msgs/share/op3_camera_setting_tool_msgs/srv/GetParameters.idl
[27.024s] -- Symlinking: /home/evan/Documents/algo_gaze_project/install/op3_camera_setting_tool_msgs/share/op3_camera_setting_tool_msgs/srv/SetParameters.idl
[27.031s] -- Symlinking: /home/evan/Documents/algo_gaze_project/install/op3_camera_setting_tool_msgs/share/op3_camera_setting_tool_msgs/msg/CameraParams.msg
[27.040s] -- Symlinking: /home/evan/Documents/algo_gaze_project/install/op3_camera_setting_tool_msgs/share/op3_camera_setting_tool_msgs/msg/V4lParameter.msg
[27.048s] -- Symlinking: /home/evan/Documents/algo_gaze_project/install/op3_camera_setting_tool_msgs/share/op3_camera_setting_tool_msgs/msg/V4lParameters.msg
[27.056s] -- Symlinking: /home/evan/Documents/algo_gaze_project/install/op3_camera_setting_tool_msgs/share/op3_camera_setting_tool_msgs/srv/GetParameters.srv
[27.064s] -- Symlinking: /home/evan/Documents/algo_gaze_project/install/op3_camera_setting_tool_msgs/share/op3_camera_setting_tool_msgs/srv/GetParameters_Request.msg
[27.076s] -- Symlinking: /home/evan/Documents/algo_gaze_project/install/op3_camera_setting_tool_msgs/share/op3_camera_setting_tool_msgs/srv/GetParameters_Response.msg
[27.085s] -- Symlinking: /home/evan/Documents/algo_gaze_project/install/op3_camera_setting_tool_msgs/share/op3_camera_setting_tool_msgs/srv/SetParameters.srv
[27.096s] -- Symlinking: /home/evan/Documents/algo_gaze_project/install/op3_camera_setting_tool_msgs/share/op3_camera_setting_tool_msgs/srv/SetParameters_Request.msg
[27.106s] -- Symlinking: /home/evan/Documents/algo_gaze_project/install/op3_camera_setting_tool_msgs/share/op3_camera_setting_tool_msgs/srv/SetParameters_Response.msg
[27.116s] -- Symlinking: /home/evan/Documents/algo_gaze_project/install/op3_camera_setting_tool_msgs/share/ament_index/resource_index/package_run_dependencies/op3_camera_setting_tool_msgs
[27.127s] -- Symlinking: /home/evan/Documents/algo_gaze_project/install/op3_camera_setting_tool_msgs/share/ament_index/resource_index/parent_prefix_path/op3_camera_setting_tool_msgs
[27.135s] -- Symlinking: /home/evan/Documents/algo_gaze_project/install/op3_camera_setting_tool_msgs/share/op3_camera_setting_tool_msgs/environment/ament_prefix_path.sh
[27.144s] -- Symlinking: /home/evan/Documents/algo_gaze_project/install/op3_camera_setting_tool_msgs/share/op3_camera_setting_tool_msgs/environment/ament_prefix_path.dsv
[27.154s] -- Symlinking: /home/evan/Documents/algo_gaze_project/install/op3_camera_setting_tool_msgs/share/op3_camera_setting_tool_msgs/environment/path.sh
[27.164s] -- Symlinking: /home/evan/Documents/algo_gaze_project/install/op3_camera_setting_tool_msgs/share/op3_camera_setting_tool_msgs/environment/path.dsv
[27.173s] -- Symlinking: /home/evan/Documents/algo_gaze_project/install/op3_camera_setting_tool_msgs/share/op3_camera_setting_tool_msgs/local_setup.bash
[27.182s] -- Symlinking: /home/evan/Documents/algo_gaze_project/install/op3_camera_setting_tool_msgs/share/op3_camera_setting_tool_msgs/local_setup.sh
[27.190s] -- Symlinking: /home/evan/Documents/algo_gaze_project/install/op3_camera_setting_tool_msgs/share/op3_camera_setting_tool_msgs/local_setup.zsh
[27.197s] -- Symlinking: /home/evan/Documents/algo_gaze_project/install/op3_camera_setting_tool_msgs/share/op3_camera_setting_tool_msgs/local_setup.dsv
[27.209s] -- Symlinking: /home/evan/Documents/algo_gaze_project/install/op3_camera_setting_tool_msgs/share/op3_camera_setting_tool_msgs/package.dsv
[27.221s] -- Symlinking: /home/evan/Documents/algo_gaze_project/install/op3_camera_setting_tool_msgs/share/ament_index/resource_index/packages/op3_camera_setting_tool_msgs
[27.230s] -- Symlinking: /home/evan/Documents/algo_gaze_project/install/op3_camera_setting_tool_msgs/share/op3_camera_setting_tool_msgs/cmake/rosidl_cmake-extras.cmake
[27.242s] -- Symlinking: /home/evan/Documents/algo_gaze_project/install/op3_camera_setting_tool_msgs/share/op3_camera_setting_tool_msgs/cmake/ament_cmake_export_dependencies-extras.cmake
[27.254s] -- Symlinking: /home/evan/Documents/algo_gaze_project/install/op3_camera_setting_tool_msgs/share/op3_camera_setting_tool_msgs/cmake/ament_cmake_export_include_directories-extras.cmake
[27.271s] -- Symlinking: /home/evan/Documents/algo_gaze_project/install/op3_camera_setting_tool_msgs/share/op3_camera_setting_tool_msgs/cmake/ament_cmake_export_libraries-extras.cmake
[27.291s] -- Symlinking: /home/evan/Documents/algo_gaze_project/install/op3_camera_setting_tool_msgs/share/op3_camera_setting_tool_msgs/cmake/ament_cmake_export_targets-extras.cmake
[27.311s] -- Symlinking: /home/evan/Documents/algo_gaze_project/install/op3_camera_setting_tool_msgs/share/op3_camera_setting_tool_msgs/cmake/rosidl_cmake_export_typesupport_targets-extras.cmake
[27.330s] -- Symlinking: /home/evan/Documents/algo_gaze_project/install/op3_camera_setting_tool_msgs/share/op3_camera_setting_tool_msgs/cmake/rosidl_cmake_export_typesupport_libraries-extras.cmake
[27.349s] -- Symlinking: /home/evan/Documents/algo_gaze_project/install/op3_camera_setting_tool_msgs/share/op3_camera_setting_tool_msgs/cmake/op3_camera_setting_tool_msgsConfig.cmake
[27.366s] -- Symlinking: /home/evan/Documents/algo_gaze_project/install/op3_camera_setting_tool_msgs/share/op3_camera_setting_tool_msgs/cmake/op3_camera_setting_tool_msgsConfig-version.cmake
[27.385s] -- Symlinking: /home/evan/Documents/algo_gaze_project/install/op3_camera_setting_tool_msgs/share/op3_camera_setting_tool_msgs/package.xml
[27.398s] -- Installing: /home/evan/Documents/algo_gaze_project/install/op3_camera_setting_tool_msgs/lib/libop3_camera_setting_tool_msgs__rosidl_generator_c.so
[27.398s] -- Set runtime path of "/home/evan/Documents/algo_gaze_project/install/op3_camera_setting_tool_msgs/lib/libop3_camera_setting_tool_msgs__rosidl_generator_c.so" to ""
[27.398s] -- Installing: /home/evan/Documents/algo_gaze_project/install/op3_camera_setting_tool_msgs/lib/libop3_camera_setting_tool_msgs__rosidl_typesupport_fastrtps_c.so
[27.399s] -- Set runtime path of "/home/evan/Documents/algo_gaze_project/install/op3_camera_setting_tool_msgs/lib/libop3_camera_setting_tool_msgs__rosidl_typesupport_fastrtps_c.so" to ""
[27.400s] -- Installing: /home/evan/Documents/algo_gaze_project/install/op3_camera_setting_tool_msgs/lib/libop3_camera_setting_tool_msgs__rosidl_typesupport_fastrtps_cpp.so
[27.401s] -- Set runtime path of "/home/evan/Documents/algo_gaze_project/install/op3_camera_setting_tool_msgs/lib/libop3_camera_setting_tool_msgs__rosidl_typesupport_fastrtps_cpp.so" to ""
[27.401s] -- Installing: /home/evan/Documents/algo_gaze_project/install/op3_camera_setting_tool_msgs/lib/libop3_camera_setting_tool_msgs__rosidl_typesupport_introspection_c.so
[27.402s] -- Set runtime path of "/home/evan/Documents/algo_gaze_project/install/op3_camera_setting_tool_msgs/lib/libop3_camera_setting_tool_msgs__rosidl_typesupport_introspection_c.so" to ""
[27.402s] -- Installing: /home/evan/Documents/algo_gaze_project/install/op3_camera_setting_tool_msgs/lib/libop3_camera_setting_tool_msgs__rosidl_typesupport_c.so
[27.403s] -- Set runtime path of "/home/evan/Documents/algo_gaze_project/install/op3_camera_setting_tool_msgs/lib/libop3_camera_setting_tool_msgs__rosidl_typesupport_c.so" to ""
[27.404s] -- Installing: /home/evan/Documents/algo_gaze_project/install/op3_camera_setting_tool_msgs/lib/libop3_camera_setting_tool_msgs__rosidl_typesupport_introspection_cpp.so
[27.405s] -- Set runtime path of "/home/evan/Documents/algo_gaze_project/install/op3_camera_setting_tool_msgs/lib/libop3_camera_setting_tool_msgs__rosidl_typesupport_introspection_cpp.so" to ""
[27.405s] -- Installing: /home/evan/Documents/algo_gaze_project/install/op3_camera_setting_tool_msgs/lib/libop3_camera_setting_tool_msgs__rosidl_typesupport_cpp.so
[27.407s] -- Set runtime path of "/home/evan/Documents/algo_gaze_project/install/op3_camera_setting_tool_msgs/lib/libop3_camera_setting_tool_msgs__rosidl_typesupport_cpp.so" to ""
[27.467s] Listing '/home/evan/Documents/algo_gaze_project/install/op3_camera_setting_tool_msgs/local/lib/python3.10/dist-packages/op3_camera_setting_tool_msgs'...
[27.468s] Compiling '/home/evan/Documents/algo_gaze_project/install/op3_camera_setting_tool_msgs/local/lib/python3.10/dist-packages/op3_camera_setting_tool_msgs/__init__.py'...
[27.468s] Listing '/home/evan/Documents/algo_gaze_project/install/op3_camera_setting_tool_msgs/local/lib/python3.10/dist-packages/op3_camera_setting_tool_msgs/msg'...
[27.468s] Compiling '/home/evan/Documents/algo_gaze_project/install/op3_camera_setting_tool_msgs/local/lib/python3.10/dist-packages/op3_camera_setting_tool_msgs/msg/__init__.py'...
[27.468s] Compiling '/home/evan/Documents/algo_gaze_project/install/op3_camera_setting_tool_msgs/local/lib/python3.10/dist-packages/op3_camera_setting_tool_msgs/msg/_camera_params.py'...
[27.468s] Compiling '/home/evan/Documents/algo_gaze_project/install/op3_camera_setting_tool_msgs/local/lib/python3.10/dist-packages/op3_camera_setting_tool_msgs/msg/_v4l_parameter.py'...
[27.468s] Compiling '/home/evan/Documents/algo_gaze_project/install/op3_camera_setting_tool_msgs/local/lib/python3.10/dist-packages/op3_camera_setting_tool_msgs/msg/_v4l_parameters.py'...
[27.468s] Listing '/home/evan/Documents/algo_gaze_project/install/op3_camera_setting_tool_msgs/local/lib/python3.10/dist-packages/op3_camera_setting_tool_msgs/srv'...
[27.468s] Compiling '/home/evan/Documents/algo_gaze_project/install/op3_camera_setting_tool_msgs/local/lib/python3.10/dist-packages/op3_camera_setting_tool_msgs/srv/__init__.py'...
[27.468s] Compiling '/home/evan/Documents/algo_gaze_project/install/op3_camera_setting_tool_msgs/local/lib/python3.10/dist-packages/op3_camera_setting_tool_msgs/srv/_get_parameters.py'...
[27.468s] Compiling '/home/evan/Documents/algo_gaze_project/install/op3_camera_setting_tool_msgs/local/lib/python3.10/dist-packages/op3_camera_setting_tool_msgs/srv/_set_parameters.py'...
[27.475s] -- Installing: /home/evan/Documents/algo_gaze_project/install/op3_camera_setting_tool_msgs/lib/libop3_camera_setting_tool_msgs__rosidl_generator_py.so
[27.475s] -- Set runtime path of "/home/evan/Documents/algo_gaze_project/install/op3_camera_setting_tool_msgs/lib/libop3_camera_setting_tool_msgs__rosidl_generator_py.so" to ""
[27.475s] -- Installing: /home/evan/Documents/algo_gaze_project/install/op3_camera_setting_tool_msgs/share/op3_camera_setting_tool_msgs/cmake/export_op3_camera_setting_tool_msgs__rosidl_generator_cExport.cmake
[27.475s] -- Installing: /home/evan/Documents/algo_gaze_project/install/op3_camera_setting_tool_msgs/share/op3_camera_setting_tool_msgs/cmake/export_op3_camera_setting_tool_msgs__rosidl_generator_cExport-noconfig.cmake
[27.475s] -- Installing: /home/evan/Documents/algo_gaze_project/install/op3_camera_setting_tool_msgs/share/op3_camera_setting_tool_msgs/cmake/export_op3_camera_setting_tool_msgs__rosidl_typesupport_fastrtps_cExport.cmake
[27.476s] -- Installing: /home/evan/Documents/algo_gaze_project/install/op3_camera_setting_tool_msgs/share/op3_camera_setting_tool_msgs/cmake/export_op3_camera_setting_tool_msgs__rosidl_typesupport_fastrtps_cExport-noconfig.cmake
[27.476s] -- Installing: /home/evan/Documents/algo_gaze_project/install/op3_camera_setting_tool_msgs/share/op3_camera_setting_tool_msgs/cmake/export_op3_camera_setting_tool_msgs__rosidl_generator_cppExport.cmake
[27.476s] -- Installing: /home/evan/Documents/algo_gaze_project/install/op3_camera_setting_tool_msgs/share/op3_camera_setting_tool_msgs/cmake/export_op3_camera_setting_tool_msgs__rosidl_typesupport_fastrtps_cppExport.cmake
[27.477s] -- Installing: /home/evan/Documents/algo_gaze_project/install/op3_camera_setting_tool_msgs/share/op3_camera_setting_tool_msgs/cmake/export_op3_camera_setting_tool_msgs__rosidl_typesupport_fastrtps_cppExport-noconfig.cmake
[27.477s] -- Installing: /home/evan/Documents/algo_gaze_project/install/op3_camera_setting_tool_msgs/share/op3_camera_setting_tool_msgs/cmake/op3_camera_setting_tool_msgs__rosidl_typesupport_introspection_cExport.cmake
[27.477s] -- Installing: /home/evan/Documents/algo_gaze_project/install/op3_camera_setting_tool_msgs/share/op3_camera_setting_tool_msgs/cmake/op3_camera_setting_tool_msgs__rosidl_typesupport_introspection_cExport-noconfig.cmake
[27.478s] -- Installing: /home/evan/Documents/algo_gaze_project/install/op3_camera_setting_tool_msgs/share/op3_camera_setting_tool_msgs/cmake/op3_camera_setting_tool_msgs__rosidl_typesupport_cExport.cmake
[27.478s] -- Installing: /home/evan/Documents/algo_gaze_project/install/op3_camera_setting_tool_msgs/share/op3_camera_setting_tool_msgs/cmake/op3_camera_setting_tool_msgs__rosidl_typesupport_cExport-noconfig.cmake
[27.478s] -- Installing: /home/evan/Documents/algo_gaze_project/install/op3_camera_setting_tool_msgs/share/op3_camera_setting_tool_msgs/cmake/op3_camera_setting_tool_msgs__rosidl_typesupport_introspection_cppExport.cmake
[27.478s] -- Installing: /home/evan/Documents/algo_gaze_project/install/op3_camera_setting_tool_msgs/share/op3_camera_setting_tool_msgs/cmake/op3_camera_setting_tool_msgs__rosidl_typesupport_introspection_cppExport-noconfig.cmake
[27.479s] -- Installing: /home/evan/Documents/algo_gaze_project/install/op3_camera_setting_tool_msgs/share/op3_camera_setting_tool_msgs/cmake/op3_camera_setting_tool_msgs__rosidl_typesupport_cppExport.cmake
[27.479s] -- Installing: /home/evan/Documents/algo_gaze_project/install/op3_camera_setting_tool_msgs/share/op3_camera_setting_tool_msgs/cmake/op3_camera_setting_tool_msgs__rosidl_typesupport_cppExport-noconfig.cmake
[27.479s] -- Installing: /home/evan/Documents/algo_gaze_project/install/op3_camera_setting_tool_msgs/share/op3_camera_setting_tool_msgs/cmake/export_op3_camera_setting_tool_msgs__rosidl_generator_pyExport.cmake
[27.480s] -- Installing: /home/evan/Documents/algo_gaze_project/install/op3_camera_setting_tool_msgs/share/op3_camera_setting_tool_msgs/cmake/export_op3_camera_setting_tool_msgs__rosidl_generator_pyExport-noconfig.cmake
[27.489s] Invoked command in '/home/evan/Documents/algo_gaze_project/build/op3_camera_setting_tool_msgs' returned '0': CMAKE_PREFIX_PATH=/opt/ros/humble /usr/bin/cmake --install /home/evan/Documents/algo_gaze_project/build/op3_camera_setting_tool_msgs
