[35m[1mConsolidate compiler generated dependencies of target op3_head_control_module[0m
[100%] Built target op3_head_control_module
-- Install configuration: ""
-- Execute custom install script
-- Symlinking: /home/evan/Documents/algo_gaze_project/install/op3_head_control_module/lib/libop3_head_control_module.a
-- Symlinking: /home/evan/Documents/algo_gaze_project/install/op3_head_control_module/include/op3_head_control_module/head_control_module.h
-- Symlinking: /home/evan/Documents/algo_gaze_project/install/op3_head_control_module/share/op3_head_control_module/environment/library_path.sh
-- Symlinking: /home/evan/Documents/algo_gaze_project/install/op3_head_control_module/share/op3_head_control_module/environment/library_path.dsv
-- Symlinking: /home/evan/Documents/algo_gaze_project/install/op3_head_control_module/share/ament_index/resource_index/package_run_dependencies/op3_head_control_module
-- Symlinking: /home/evan/Documents/algo_gaze_project/install/op3_head_control_module/share/ament_index/resource_index/parent_prefix_path/op3_head_control_module
-- Symlinking: /home/evan/Documents/algo_gaze_project/install/op3_head_control_module/share/op3_head_control_module/environment/ament_prefix_path.sh
-- Symlinking: /home/evan/Documents/algo_gaze_project/install/op3_head_control_module/share/op3_head_control_module/environment/ament_prefix_path.dsv
-- Symlinking: /home/evan/Documents/algo_gaze_project/install/op3_head_control_module/share/op3_head_control_module/environment/path.sh
-- Symlinking: /home/evan/Documents/algo_gaze_project/install/op3_head_control_module/share/op3_head_control_module/environment/path.dsv
-- Symlinking: /home/evan/Documents/algo_gaze_project/install/op3_head_control_module/share/op3_head_control_module/local_setup.bash
-- Symlinking: /home/evan/Documents/algo_gaze_project/install/op3_head_control_module/share/op3_head_control_module/local_setup.sh
-- Symlinking: /home/evan/Documents/algo_gaze_project/install/op3_head_control_module/share/op3_head_control_module/local_setup.zsh
-- Symlinking: /home/evan/Documents/algo_gaze_project/install/op3_head_control_module/share/op3_head_control_module/local_setup.dsv
-- Symlinking: /home/evan/Documents/algo_gaze_project/install/op3_head_control_module/share/op3_head_control_module/package.dsv
-- Symlinking: /home/evan/Documents/algo_gaze_project/install/op3_head_control_module/share/ament_index/resource_index/packages/op3_head_control_module
-- Symlinking: /home/evan/Documents/algo_gaze_project/install/op3_head_control_module/share/op3_head_control_module/cmake/ament_cmake_export_include_directories-extras.cmake
-- Symlinking: /home/evan/Documents/algo_gaze_project/install/op3_head_control_module/share/op3_head_control_module/cmake/ament_cmake_export_libraries-extras.cmake
-- Symlinking: /home/evan/Documents/algo_gaze_project/install/op3_head_control_module/share/op3_head_control_module/cmake/ament_cmake_export_dependencies-extras.cmake
-- Symlinking: /home/evan/Documents/algo_gaze_project/install/op3_head_control_module/share/op3_head_control_module/cmake/op3_head_control_moduleConfig.cmake
-- Symlinking: /home/evan/Documents/algo_gaze_project/install/op3_head_control_module/share/op3_head_control_module/cmake/op3_head_control_moduleConfig-version.cmake
-- Symlinking: /home/evan/Documents/algo_gaze_project/install/op3_head_control_module/share/op3_head_control_module/package.xml
