[0.049s] Invoking command in '/home/evan/Documents/algo_gaze_project/build/robotis_device': AMENT_PREFIX_PATH=/home/evan/Documents/algo_gaze_project/install/dynamixel_sdk:${AMENT_PREFIX_PATH} CMAKE_PREFIX_PATH=/home/evan/Documents/algo_gaze_project/install/dynamixel_sdk:/opt/ros/humble LD_LIBRARY_PATH=/home/evan/Documents/algo_gaze_project/install/dynamixel_sdk/lib:${LD_LIBRARY_PATH} PYTHONPATH=/home/evan/Documents/algo_gaze_project/install/dynamixel_sdk/local/lib/python3.10/dist-packages:${PYTHONPATH} /usr/bin/cmake /home/evan/Documents/algo_gaze_project/ROBOTIS-Framework/robotis_device -DAMENT_CMAKE_SYMLINK_INSTALL=1 -DCMAKE_INSTALL_PREFIX=/home/evan/Documents/algo_gaze_project/install/robotis_device
[16.211s] -- The C compiler identification is GNU 11.4.0
[16.211s] -- The CXX compiler identification is GNU 11.4.0
[16.211s] -- Detecting C compiler ABI info
[16.211s] -- Detecting C compiler ABI info - done
[16.211s] -- Check for working C compiler: /usr/bin/cc - skipped
[16.211s] -- Detecting C compile features
[16.211s] -- Detecting C compile features - done
[16.211s] -- Detecting CXX compiler ABI info
[16.211s] -- Detecting CXX compiler ABI info - done
[16.211s] -- Check for working CXX compiler: /usr/bin/c++ - skipped
[16.211s] -- Detecting CXX compile features
[16.211s] -- Detecting CXX compile features - done
[16.211s] -- Found ament_cmake: 1.3.14 (/opt/ros/humble/share/ament_cmake/cmake)
[16.211s] -- Found Python3: /usr/bin/python3 (found version "3.10.12") found components: Interpreter 
[16.211s] -- Override CMake install command with custom implementation using symlinks instead of copying resources
[16.211s] -- Found rclcpp: 16.0.19 (/opt/ros/humble/share/rclcpp/cmake)
[16.211s] -- Found rosidl_generator_c: 3.1.8 (/opt/ros/humble/share/rosidl_generator_c/cmake)
[16.212s] -- Found rosidl_adapter: 3.1.8 (/opt/ros/humble/share/rosidl_adapter/cmake)
[16.212s] -- Found rosidl_generator_cpp: 3.1.8 (/opt/ros/humble/share/rosidl_generator_cpp/cmake)
[16.212s] -- Using all available rosidl_typesupport_c: rosidl_typesupport_fastrtps_c;rosidl_typesupport_introspection_c
[16.212s] -- Using all available rosidl_typesupport_cpp: rosidl_typesupport_fastrtps_cpp;rosidl_typesupport_introspection_cpp
[16.212s] -- Found rmw_implementation_cmake: 6.1.2 (/opt/ros/humble/share/rmw_implementation_cmake/cmake)
[16.212s] -- Found rmw_fastrtps_cpp: 6.2.10 (/opt/ros/humble/share/rmw_fastrtps_cpp/cmake)
[16.212s] -- Found OpenSSL: /usr/lib/x86_64-linux-gnu/libcrypto.so (found version "3.0.2")  
[16.212s] -- Found FastRTPS: /opt/ros/humble/include  
[16.212s] -- Using RMW implementation 'rmw_fastrtps_cpp' as default
[16.212s] -- Looking for pthread.h
[16.212s] -- Looking for pthread.h - found
[16.212s] -- Performing Test CMAKE_HAVE_LIBC_PTHREAD
[16.212s] -- Performing Test CMAKE_HAVE_LIBC_PTHREAD - Success
[16.212s] -- Found Threads: TRUE  
[16.212s] -- Found dynamixel_sdk: 3.8.4 (/home/evan/Documents/algo_gaze_project/install/dynamixel_sdk/share/dynamixel_sdk/cmake)
[16.212s] -- Configuring done
[16.212s] -- Generating done
[16.213s] -- Build files have been written to: /home/evan/Documents/algo_gaze_project/build/robotis_device
[16.241s] Invoked command in '/home/evan/Documents/algo_gaze_project/build/robotis_device' returned '0': AMENT_PREFIX_PATH=/home/evan/Documents/algo_gaze_project/install/dynamixel_sdk:${AMENT_PREFIX_PATH} CMAKE_PREFIX_PATH=/home/evan/Documents/algo_gaze_project/install/dynamixel_sdk:/opt/ros/humble LD_LIBRARY_PATH=/home/evan/Documents/algo_gaze_project/install/dynamixel_sdk/lib:${LD_LIBRARY_PATH} PYTHONPATH=/home/evan/Documents/algo_gaze_project/install/dynamixel_sdk/local/lib/python3.10/dist-packages:${PYTHONPATH} /usr/bin/cmake /home/evan/Documents/algo_gaze_project/ROBOTIS-Framework/robotis_device -DAMENT_CMAKE_SYMLINK_INSTALL=1 -DCMAKE_INSTALL_PREFIX=/home/evan/Documents/algo_gaze_project/install/robotis_device
[16.241s] Invoking command in '/home/evan/Documents/algo_gaze_project/build/robotis_device': AMENT_PREFIX_PATH=/home/evan/Documents/algo_gaze_project/install/dynamixel_sdk:${AMENT_PREFIX_PATH} CMAKE_PREFIX_PATH=/home/evan/Documents/algo_gaze_project/install/dynamixel_sdk:/opt/ros/humble LD_LIBRARY_PATH=/home/evan/Documents/algo_gaze_project/install/dynamixel_sdk/lib:${LD_LIBRARY_PATH} PYTHONPATH=/home/evan/Documents/algo_gaze_project/install/dynamixel_sdk/local/lib/python3.10/dist-packages:${PYTHONPATH} /usr/bin/cmake --build /home/evan/Documents/algo_gaze_project/build/robotis_device -- -j12 -l12
[17.022s] [ 25%] [32mBuilding CXX object CMakeFiles/robotis_device.dir/src/robotis_device/robot.cpp.o[0m
[17.731s] [ 50%] [32mBuilding CXX object CMakeFiles/robotis_device.dir/src/robotis_device/dynamixel.cpp.o[0m
[18.355s] [ 75%] [32mBuilding CXX object CMakeFiles/robotis_device.dir/src/robotis_device/sensor.cpp.o[0m
[18.976s] [100%] [32m[1mLinking CXX shared library librobotis_device.so[0m
[22.067s] [100%] Built target robotis_device
[22.096s] Invoked command in '/home/evan/Documents/algo_gaze_project/build/robotis_device' returned '0': AMENT_PREFIX_PATH=/home/evan/Documents/algo_gaze_project/install/dynamixel_sdk:${AMENT_PREFIX_PATH} CMAKE_PREFIX_PATH=/home/evan/Documents/algo_gaze_project/install/dynamixel_sdk:/opt/ros/humble LD_LIBRARY_PATH=/home/evan/Documents/algo_gaze_project/install/dynamixel_sdk/lib:${LD_LIBRARY_PATH} PYTHONPATH=/home/evan/Documents/algo_gaze_project/install/dynamixel_sdk/local/lib/python3.10/dist-packages:${PYTHONPATH} /usr/bin/cmake --build /home/evan/Documents/algo_gaze_project/build/robotis_device -- -j12 -l12
[22.103s] Invoking command in '/home/evan/Documents/algo_gaze_project/build/robotis_device': AMENT_PREFIX_PATH=/home/evan/Documents/algo_gaze_project/install/dynamixel_sdk:${AMENT_PREFIX_PATH} CMAKE_PREFIX_PATH=/home/evan/Documents/algo_gaze_project/install/dynamixel_sdk:/opt/ros/humble LD_LIBRARY_PATH=/home/evan/Documents/algo_gaze_project/install/dynamixel_sdk/lib:${LD_LIBRARY_PATH} PYTHONPATH=/home/evan/Documents/algo_gaze_project/install/dynamixel_sdk/local/lib/python3.10/dist-packages:${PYTHONPATH} /usr/bin/cmake --install /home/evan/Documents/algo_gaze_project/build/robotis_device
[22.730s] -- Install configuration: ""
[22.730s] -- Execute custom install script
[22.730s] -- Symlinking: /home/evan/Documents/algo_gaze_project/install/robotis_device/lib/librobotis_device.so
[22.730s] -- Symlinking: /home/evan/Documents/algo_gaze_project/install/robotis_device/include/robotis_device/control_table_item.h
[22.731s] -- Symlinking: /home/evan/Documents/algo_gaze_project/install/robotis_device/include/robotis_device/device.h
[22.731s] -- Symlinking: /home/evan/Documents/algo_gaze_project/install/robotis_device/include/robotis_device/dynamixel.h
[22.731s] -- Symlinking: /home/evan/Documents/algo_gaze_project/install/robotis_device/include/robotis_device/dynamixel_state.h
[22.731s] -- Symlinking: /home/evan/Documents/algo_gaze_project/install/robotis_device/include/robotis_device/robot.h
[22.731s] -- Symlinking: /home/evan/Documents/algo_gaze_project/install/robotis_device/include/robotis_device/sensor.h
[22.731s] -- Symlinking: /home/evan/Documents/algo_gaze_project/install/robotis_device/include/robotis_device/sensor_state.h
[22.731s] -- Symlinking: /home/evan/Documents/algo_gaze_project/install/robotis_device/include/robotis_device/time_stamp.h
[22.731s] -- Symlinking: /home/evan/Documents/algo_gaze_project/install/robotis_device/share/robotis_device/devices/dynamixel/GRIPPER.device
[22.731s] -- Symlinking: /home/evan/Documents/algo_gaze_project/install/robotis_device/share/robotis_device/devices/dynamixel/GRIPPER_TORQUE.device
[22.731s] -- Symlinking: /home/evan/Documents/algo_gaze_project/install/robotis_device/share/robotis_device/devices/dynamixel/H42-20-S300-R(A).device
[22.731s] -- Symlinking: /home/evan/Documents/algo_gaze_project/install/robotis_device/share/robotis_device/devices/dynamixel/H42-20-S300-R.device
[22.731s] -- Symlinking: /home/evan/Documents/algo_gaze_project/install/robotis_device/share/robotis_device/devices/dynamixel/H42P-020-S300-R.device
[22.732s] -- Symlinking: /home/evan/Documents/algo_gaze_project/install/robotis_device/share/robotis_device/devices/dynamixel/H54-100-B210-R-NR.device
[22.732s] -- Symlinking: /home/evan/Documents/algo_gaze_project/install/robotis_device/share/robotis_device/devices/dynamixel/H54-100-S500-R(A).device
[22.732s] -- Symlinking: /home/evan/Documents/algo_gaze_project/install/robotis_device/share/robotis_device/devices/dynamixel/H54-100-S500-R.device
[22.733s] -- Symlinking: /home/evan/Documents/algo_gaze_project/install/robotis_device/share/robotis_device/devices/dynamixel/H54-200-B500-R.device
[22.733s] -- Symlinking: /home/evan/Documents/algo_gaze_project/install/robotis_device/share/robotis_device/devices/dynamixel/H54-200-S500-R(A).device
[22.733s] -- Symlinking: /home/evan/Documents/algo_gaze_project/install/robotis_device/share/robotis_device/devices/dynamixel/H54-200-S500-R.device
[22.733s] -- Symlinking: /home/evan/Documents/algo_gaze_project/install/robotis_device/share/robotis_device/devices/dynamixel/H54P-100-S500-R.device
[22.733s] -- Symlinking: /home/evan/Documents/algo_gaze_project/install/robotis_device/share/robotis_device/devices/dynamixel/H54P-200-B500-R.device
[22.733s] -- Symlinking: /home/evan/Documents/algo_gaze_project/install/robotis_device/share/robotis_device/devices/dynamixel/H54P-200-S500-R.device
[22.733s] -- Symlinking: /home/evan/Documents/algo_gaze_project/install/robotis_device/share/robotis_device/devices/dynamixel/L42-10-S300-R.device
[22.733s] -- Symlinking: /home/evan/Documents/algo_gaze_project/install/robotis_device/share/robotis_device/devices/dynamixel/L54-30-S400-R.device
[22.733s] -- Symlinking: /home/evan/Documents/algo_gaze_project/install/robotis_device/share/robotis_device/devices/dynamixel/L54-30-S500-R.device
[22.733s] -- Symlinking: /home/evan/Documents/algo_gaze_project/install/robotis_device/share/robotis_device/devices/dynamixel/L54-50-S290-R.device
[22.733s] -- Symlinking: /home/evan/Documents/algo_gaze_project/install/robotis_device/share/robotis_device/devices/dynamixel/L54-50-S500-R.device
[22.733s] -- Symlinking: /home/evan/Documents/algo_gaze_project/install/robotis_device/share/robotis_device/devices/dynamixel/M42-10-S260-R.device
[22.733s] -- Symlinking: /home/evan/Documents/algo_gaze_project/install/robotis_device/share/robotis_device/devices/dynamixel/M54-40-S250-R.device
[22.734s] -- Symlinking: /home/evan/Documents/algo_gaze_project/install/robotis_device/share/robotis_device/devices/dynamixel/M54-60-S250-R.device
[22.734s] -- Symlinking: /home/evan/Documents/algo_gaze_project/install/robotis_device/share/robotis_device/devices/dynamixel/MX-106.device
[22.734s] -- Symlinking: /home/evan/Documents/algo_gaze_project/install/robotis_device/share/robotis_device/devices/dynamixel/MX-28.device
[22.734s] -- Symlinking: /home/evan/Documents/algo_gaze_project/install/robotis_device/share/robotis_device/devices/dynamixel/MX-64.device
[22.734s] -- Symlinking: /home/evan/Documents/algo_gaze_project/install/robotis_device/share/robotis_device/devices/dynamixel/PH42-020-S300-R.device
[22.734s] -- Symlinking: /home/evan/Documents/algo_gaze_project/install/robotis_device/share/robotis_device/devices/dynamixel/PH54-100-S500-R.device
[22.734s] -- Symlinking: /home/evan/Documents/algo_gaze_project/install/robotis_device/share/robotis_device/devices/dynamixel/PH54-200-S500-R.device
[22.734s] -- Symlinking: /home/evan/Documents/algo_gaze_project/install/robotis_device/share/robotis_device/devices/dynamixel/RH-P12-RN(A).device
[22.734s] -- Symlinking: /home/evan/Documents/algo_gaze_project/install/robotis_device/share/robotis_device/devices/dynamixel/RH-P12-RN.device
[22.734s] -- Symlinking: /home/evan/Documents/algo_gaze_project/install/robotis_device/share/robotis_device/devices/dynamixel/XM-430.device
[22.734s] -- Symlinking: /home/evan/Documents/algo_gaze_project/install/robotis_device/share/robotis_device/devices/dynamixel/XM430-W210.device
[22.734s] -- Symlinking: /home/evan/Documents/algo_gaze_project/install/robotis_device/share/robotis_device/devices/dynamixel/XM430-W350.device
[22.734s] -- Symlinking: /home/evan/Documents/algo_gaze_project/install/robotis_device/share/robotis_device/devices/dynamixel/XM540-W150.device
[22.734s] -- Symlinking: /home/evan/Documents/algo_gaze_project/install/robotis_device/share/robotis_device/devices/dynamixel/XM540-W270.device
[22.734s] -- Symlinking: /home/evan/Documents/algo_gaze_project/install/robotis_device/share/robotis_device/devices/sensor/CM-740.device
[22.734s] -- Symlinking: /home/evan/Documents/algo_gaze_project/install/robotis_device/share/robotis_device/devices/sensor/OPEN-CR.device
[22.734s] -- Symlinking: /home/evan/Documents/algo_gaze_project/install/robotis_device/share/robotis_device/environment/library_path.sh
[22.734s] -- Symlinking: /home/evan/Documents/algo_gaze_project/install/robotis_device/share/robotis_device/environment/library_path.dsv
[22.734s] -- Symlinking: /home/evan/Documents/algo_gaze_project/install/robotis_device/share/ament_index/resource_index/package_run_dependencies/robotis_device
[22.734s] -- Symlinking: /home/evan/Documents/algo_gaze_project/install/robotis_device/share/ament_index/resource_index/parent_prefix_path/robotis_device
[22.734s] -- Symlinking: /home/evan/Documents/algo_gaze_project/install/robotis_device/share/robotis_device/environment/ament_prefix_path.sh
[22.734s] -- Symlinking: /home/evan/Documents/algo_gaze_project/install/robotis_device/share/robotis_device/environment/ament_prefix_path.dsv
[22.735s] -- Symlinking: /home/evan/Documents/algo_gaze_project/install/robotis_device/share/robotis_device/environment/path.sh
[22.735s] -- Symlinking: /home/evan/Documents/algo_gaze_project/install/robotis_device/share/robotis_device/environment/path.dsv
[22.735s] -- Symlinking: /home/evan/Documents/algo_gaze_project/install/robotis_device/share/robotis_device/local_setup.bash
[22.735s] -- Symlinking: /home/evan/Documents/algo_gaze_project/install/robotis_device/share/robotis_device/local_setup.sh
[22.735s] -- Symlinking: /home/evan/Documents/algo_gaze_project/install/robotis_device/share/robotis_device/local_setup.zsh
[22.735s] -- Symlinking: /home/evan/Documents/algo_gaze_project/install/robotis_device/share/robotis_device/local_setup.dsv
[22.735s] -- Symlinking: /home/evan/Documents/algo_gaze_project/install/robotis_device/share/robotis_device/package.dsv
[22.735s] -- Symlinking: /home/evan/Documents/algo_gaze_project/install/robotis_device/share/ament_index/resource_index/packages/robotis_device
[22.735s] -- Symlinking: /home/evan/Documents/algo_gaze_project/install/robotis_device/share/robotis_device/cmake/ament_cmake_export_include_directories-extras.cmake
[22.735s] -- Symlinking: /home/evan/Documents/algo_gaze_project/install/robotis_device/share/robotis_device/cmake/ament_cmake_export_libraries-extras.cmake
[22.735s] -- Symlinking: /home/evan/Documents/algo_gaze_project/install/robotis_device/share/robotis_device/cmake/ament_cmake_export_dependencies-extras.cmake
[22.735s] -- Symlinking: /home/evan/Documents/algo_gaze_project/install/robotis_device/share/robotis_device/cmake/robotis_deviceConfig.cmake
[22.735s] -- Symlinking: /home/evan/Documents/algo_gaze_project/install/robotis_device/share/robotis_device/cmake/robotis_deviceConfig-version.cmake
[22.741s] -- Symlinking: /home/evan/Documents/algo_gaze_project/install/robotis_device/share/robotis_device/package.xml
