-- The C compiler identification is GNU 11.4.0
-- The CXX compiler identification is GNU 11.4.0
-- Detecting C compiler ABI info
-- Detecting C compiler ABI info - done
-- Check for working C compiler: /usr/bin/cc - skipped
-- Detecting C compile features
-- Detecting C compile features - done
-- Detecting CXX compiler ABI info
-- Detecting CXX compiler ABI info - done
-- Check for working CXX compiler: /usr/bin/c++ - skipped
-- Detecting CXX compile features
-- Detecting CXX compile features - done
-- Found ament_cmake: 1.3.14 (/opt/ros/humble/share/ament_cmake/cmake)
-- Found Python3: /usr/bin/python3 (found version "3.10.12") found components: Interpreter 
-- Override CMake install command with custom implementation using symlinks instead of copying resources
-- Found ament_index_cpp: 1.4.1 (/opt/ros/humble/share/ament_index_cpp/cmake)
-- Found rclcpp: 16.0.19 (/opt/ros/humble/share/rclcpp/cmake)
-- Found rosidl_generator_c: 3.1.8 (/opt/ros/humble/share/rosidl_generator_c/cmake)
-- Found rosidl_adapter: 3.1.8 (/opt/ros/humble/share/rosidl_adapter/cmake)
-- Found rosidl_generator_cpp: 3.1.8 (/opt/ros/humble/share/rosidl_generator_cpp/cmake)
-- Using all available rosidl_typesupport_c: rosidl_typesupport_fastrtps_c;rosidl_typesupport_introspection_c
-- Using all available rosidl_typesupport_cpp: rosidl_typesupport_fastrtps_cpp;rosidl_typesupport_introspection_cpp
-- Found rmw_implementation_cmake: 6.1.2 (/opt/ros/humble/share/rmw_implementation_cmake/cmake)
-- Found rmw_fastrtps_cpp: 6.2.10 (/opt/ros/humble/share/rmw_fastrtps_cpp/cmake)
-- Found OpenSSL: /usr/lib/x86_64-linux-gnu/libcrypto.so (found version "3.0.2")  
-- Found FastRTPS: /opt/ros/humble/include  
-- Using RMW implementation 'rmw_fastrtps_cpp' as default
-- Looking for pthread.h
-- Looking for pthread.h - found
-- Performing Test CMAKE_HAVE_LIBC_PTHREAD
-- Performing Test CMAKE_HAVE_LIBC_PTHREAD - Success
-- Found Threads: TRUE  
-- Found sensor_msgs: 4.9.1 (/opt/ros/humble/share/sensor_msgs/cmake)
-- Found visualization_msgs: 4.9.1 (/opt/ros/humble/share/visualization_msgs/cmake)
-- Found robotis_controller_msgs: 0.1.4 (/home/evan/Documents/BRONE_audio_gaze_project/install/robotis_controller_msgs/share/robotis_controller_msgs/cmake)
-- Found op3_walking_module_msgs: 0.1.1 (/home/evan/Documents/BRONE_audio_gaze_project/install/op3_walking_module_msgs/share/op3_walking_module_msgs/cmake)
-- Found op3_online_walking_module_msgs: 0.1.1 (/home/evan/Documents/BRONE_audio_gaze_project/install/op3_online_walking_module_msgs/share/op3_online_walking_module_msgs/cmake)
-- Found interactive_markers: 2.3.2 (/opt/ros/humble/share/interactive_markers/cmake)
-- Found tf2_geometry_msgs: 0.25.20 (/opt/ros/humble/share/tf2_geometry_msgs/cmake)
-- Found eigen3_cmake_module: 0.1.1 (/opt/ros/humble/share/eigen3_cmake_module/cmake)
-- Found Eigen3: TRUE (found version "3.4.0") 
-- Ensuring Eigen3 include directory is part of orocos-kdl CMake target
-- Found PkgConfig: /usr/bin/pkg-config (found version "0.29.2") 
-- Checking for module 'yaml-cpp'
--   Found yaml-cpp, version 0.7.0
-- Configuring done
-- Generating done
-- Build files have been written to: /home/evan/Documents/BRONE_audio_gaze_project/build/op3_gui_demo
[  5%] [34m[1mGenerating ui_preview_walking_form.h[0m
[ 11%] [34m[1mGenerating ui_main_window.h[0m
[ 17%] [34m[1mGenerating qrc_images.cpp[0m
[ 23%] [34m[1mGenerating include/op3_gui_demo/moc_qnode.cpp[0m
[ 29%] [34m[1mGenerating include/op3_gui_demo/moc_preview_walking_form.cpp[0m
[ 35%] [34m[1mGenerating include/op3_gui_demo/moc_main_window.cpp[0m
[ 41%] [32mBuilding CXX object CMakeFiles/op3_gui_demo.dir/src/main.cpp.o[0m
[ 47%] [32mBuilding CXX object CMakeFiles/op3_gui_demo.dir/qrc_images.cpp.o[0m
[ 52%] [32mBuilding CXX object CMakeFiles/op3_gui_demo.dir/include/op3_gui_demo/moc_qnode.cpp.o[0m
[ 58%] [32mBuilding CXX object CMakeFiles/op3_gui_demo.dir/include/op3_gui_demo/moc_preview_walking_form.cpp.o[0m
[ 64%] [32mBuilding CXX object CMakeFiles/op3_gui_demo.dir/include/op3_gui_demo/moc_main_window.cpp.o[0m
[ 76%] [32mBuilding CXX object CMakeFiles/op3_gui_demo.dir/src/qnode_default_demo.cpp.o[0m
[ 76%] [32mBuilding CXX object CMakeFiles/op3_gui_demo.dir/src/qnode_preview_walking.cpp.o[0m
[ 82%] [32mBuilding CXX object CMakeFiles/op3_gui_demo.dir/src/main_window.cpp.o[0m
[ 94%] [32mBuilding CXX object CMakeFiles/op3_gui_demo.dir/src/qnode.cpp.o[0m
[ 94%] [32mBuilding CXX object CMakeFiles/op3_gui_demo.dir/src/preview_walking_form.cpp.o[0m
[100%] [32m[1mLinking CXX executable op3_gui_demo[0m
[100%] Built target op3_gui_demo
-- Install configuration: ""
-- Execute custom install script
-- Symlinking: /home/evan/Documents/BRONE_audio_gaze_project/install/op3_gui_demo/lib/op3_gui_demo/op3_gui_demo
-- Symlinking: /home/evan/Documents/BRONE_audio_gaze_project/install/op3_gui_demo/share/op3_gui_demo/resources/images.qrc
-- Symlinking: /home/evan/Documents/BRONE_audio_gaze_project/install/op3_gui_demo/share/op3_gui_demo/resources/images/icon.png
-- Symlinking: /home/evan/Documents/BRONE_audio_gaze_project/install/op3_gui_demo/share/op3_gui_demo/launch/op3_demo.launch.py
-- Symlinking: /home/evan/Documents/BRONE_audio_gaze_project/install/op3_gui_demo/share/op3_gui_demo/config/gui_config.yaml
-- Symlinking: /home/evan/Documents/BRONE_audio_gaze_project/install/op3_gui_demo/share/op3_gui_demo/config/gui_motion.yaml
-- Symlinking: /home/evan/Documents/BRONE_audio_gaze_project/install/op3_gui_demo/share/op3_gui_demo/config/init_pose.yaml
-- Symlinking: /home/evan/Documents/BRONE_audio_gaze_project/install/op3_gui_demo/share/op3_gui_demo/config/zero_pose.yaml
-- Symlinking: /home/evan/Documents/BRONE_audio_gaze_project/install/op3_gui_demo/share/ament_index/resource_index/package_run_dependencies/op3_gui_demo
-- Symlinking: /home/evan/Documents/BRONE_audio_gaze_project/install/op3_gui_demo/share/ament_index/resource_index/parent_prefix_path/op3_gui_demo
-- Symlinking: /home/evan/Documents/BRONE_audio_gaze_project/install/op3_gui_demo/share/op3_gui_demo/environment/ament_prefix_path.sh
-- Symlinking: /home/evan/Documents/BRONE_audio_gaze_project/install/op3_gui_demo/share/op3_gui_demo/environment/ament_prefix_path.dsv
-- Symlinking: /home/evan/Documents/BRONE_audio_gaze_project/install/op3_gui_demo/share/op3_gui_demo/environment/path.sh
-- Symlinking: /home/evan/Documents/BRONE_audio_gaze_project/install/op3_gui_demo/share/op3_gui_demo/environment/path.dsv
-- Symlinking: /home/evan/Documents/BRONE_audio_gaze_project/install/op3_gui_demo/share/op3_gui_demo/local_setup.bash
-- Symlinking: /home/evan/Documents/BRONE_audio_gaze_project/install/op3_gui_demo/share/op3_gui_demo/local_setup.sh
-- Symlinking: /home/evan/Documents/BRONE_audio_gaze_project/install/op3_gui_demo/share/op3_gui_demo/local_setup.zsh
-- Symlinking: /home/evan/Documents/BRONE_audio_gaze_project/install/op3_gui_demo/share/op3_gui_demo/local_setup.dsv
-- Symlinking: /home/evan/Documents/BRONE_audio_gaze_project/install/op3_gui_demo/share/op3_gui_demo/package.dsv
-- Symlinking: /home/evan/Documents/BRONE_audio_gaze_project/install/op3_gui_demo/share/ament_index/resource_index/packages/op3_gui_demo
-- Symlinking: /home/evan/Documents/BRONE_audio_gaze_project/install/op3_gui_demo/share/op3_gui_demo/cmake/op3_gui_demoConfig.cmake
-- Symlinking: /home/evan/Documents/BRONE_audio_gaze_project/install/op3_gui_demo/share/op3_gui_demo/cmake/op3_gui_demoConfig-version.cmake
-- Symlinking: /home/evan/Documents/BRONE_audio_gaze_project/install/op3_gui_demo/share/op3_gui_demo/package.xml
