[0.035s] Invoking command in '/home/evan/Documents/algo_gaze_project/build/op3_navigation': CMAKE_PREFIX_PATH=/opt/ros/humble /usr/bin/cmake /home/evan/Documents/algo_gaze_project/ROBOTIS-OP3-Tools/op3_navigation -DAMENT_CMAKE_SYMLINK_INSTALL=1 -DCMAKE_INSTALL_PREFIX=/home/evan/Documents/algo_gaze_project/install/op3_navigation
[1.614s] -- The C compiler identification is GNU 11.4.0
[1.614s] -- The CXX compiler identification is GNU 11.4.0
[1.615s] -- Detecting C compiler ABI info
[1.617s] -- Detecting C compiler ABI info - done
[1.617s] -- Check for working C compiler: /usr/bin/cc - skipped
[1.617s] -- Detecting C compile features
[1.617s] -- Detecting C compile features - done
[1.617s] -- Detecting CXX compiler ABI info
[1.617s] -- Detecting CXX compiler ABI info - done
[1.617s] -- Check for working CXX compiler: /usr/bin/c++ - skipped
[1.617s] -- Detecting CXX compile features
[1.617s] -- Detecting CXX compile features - done
[1.617s] -- Found ament_cmake: 1.3.14 (/opt/ros/humble/share/ament_cmake/cmake)
[1.617s] -- Found Python3: /usr/bin/python3 (found version "3.10.12") found components: Interpreter 
[1.617s] -- Override CMake install command with custom implementation using symlinks instead of copying resources
[1.618s] -- Configuring done
[1.618s] -- Generating done
[1.618s] -- Build files have been written to: /home/evan/Documents/algo_gaze_project/build/op3_navigation
[1.634s] Invoked command in '/home/evan/Documents/algo_gaze_project/build/op3_navigation' returned '0': CMAKE_PREFIX_PATH=/opt/ros/humble /usr/bin/cmake /home/evan/Documents/algo_gaze_project/ROBOTIS-OP3-Tools/op3_navigation -DAMENT_CMAKE_SYMLINK_INSTALL=1 -DCMAKE_INSTALL_PREFIX=/home/evan/Documents/algo_gaze_project/install/op3_navigation
[1.635s] Invoking command in '/home/evan/Documents/algo_gaze_project/build/op3_navigation': CMAKE_PREFIX_PATH=/opt/ros/humble /usr/bin/cmake --build /home/evan/Documents/algo_gaze_project/build/op3_navigation -- -j12 -l12
