-- The C compiler identification is GNU 11.4.0
-- The CXX compiler identification is GNU 11.4.0
-- Detecting C compiler ABI info
-- Detecting C compiler ABI info - done
-- Check for working C compiler: /usr/bin/cc - skipped
-- Detecting C compile features
-- Detecting C compile features - done
-- Detecting CXX compiler ABI info
-- Detecting CXX compiler ABI info - done
-- Check for working CXX compiler: /usr/bin/c++ - skipped
-- Detecting CXX compile features
-- Detecting CXX compile features - done
-- Found ament_cmake: 1.3.14 (/opt/ros/humble/share/ament_cmake/cmake)
-- Found Python3: /usr/bin/python3 (found version "3.10.12") found components: Interpreter 
-- Override CMake install command with custom implementation using symlinks instead of copying resources
-- Found std_msgs: 4.9.1 (/opt/ros/humble/share/std_msgs/cmake)
-- Found rosidl_generator_c: 3.1.8 (/opt/ros/humble/share/rosidl_generator_c/cmake)
-- Found rosidl_adapter: 3.1.8 (/opt/ros/humble/share/rosidl_adapter/cmake)
-- Found rosidl_generator_cpp: 3.1.8 (/opt/ros/humble/share/rosidl_generator_cpp/cmake)
-- Using all available rosidl_typesupport_c: rosidl_typesupport_fastrtps_c;rosidl_typesupport_introspection_c
-- Using all available rosidl_typesupport_cpp: rosidl_typesupport_fastrtps_cpp;rosidl_typesupport_introspection_cpp
-- Found sensor_msgs: 4.9.1 (/opt/ros/humble/share/sensor_msgs/cmake)
-- Found rosidl_default_generators: 1.2.1 (/opt/ros/humble/share/rosidl_default_generators/cmake)
-- Found ament_cmake_ros: 0.10.0 (/opt/ros/humble/share/ament_cmake_ros/cmake)
-- Using all available rosidl_typesupport_c: rosidl_typesupport_fastrtps_c;rosidl_typesupport_introspection_c
-- Using all available rosidl_typesupport_cpp: rosidl_typesupport_fastrtps_cpp;rosidl_typesupport_introspection_cpp
-- Found PythonInterp: /usr/bin/python3 (found suitable version "3.10.12", minimum required is "3.6") 
-- Found python_cmake_module: 0.10.0 (/opt/ros/humble/share/python_cmake_module/cmake)
-- Found PythonLibs: /usr/lib/x86_64-linux-gnu/libpython3.10.so (found suitable version "3.10.12", minimum required is "3.5") 
-- Using PYTHON_EXECUTABLE: /usr/bin/python3
-- Using PYTHON_INCLUDE_DIRS: /usr/include/python3.10
-- Using PYTHON_LIBRARIES: /usr/lib/x86_64-linux-gnu/libpython3.10.so
-- Found PythonExtra: .so  
-- Configuring done
-- Generating done
-- Build files have been written to: /home/evan/Documents/BRONE_audio_gaze_project/build/op3_online_walking_module_msgs
[  1%] [34m[1mGenerating C code for ROS interfaces[0m
[  2%] [34m[1mGenerating Rust code for ROS interfaces[0m
[  2%] [34m[1mGenerating C++ code for ROS interfaces[0m
[  2%] Built target ament_cmake_python_symlink_op3_online_walking_module_msgs
running egg_info
creating op3_online_walking_module_msgs.egg-info
writing op3_online_walking_module_msgs.egg-info/PKG-INFO
writing dependency_links to op3_online_walking_module_msgs.egg-info/dependency_links.txt
writing top-level names to op3_online_walking_module_msgs.egg-info/top_level.txt
writing manifest file 'op3_online_walking_module_msgs.egg-info/SOURCES.txt'
reading manifest file 'op3_online_walking_module_msgs.egg-info/SOURCES.txt'
writing manifest file 'op3_online_walking_module_msgs.egg-info/SOURCES.txt'
[  2%] Built target ament_cmake_python_build_op3_online_walking_module_msgs_egg
[  2%] Built target op3_online_walking_module_msgs__rs
[  2%] Built target op3_online_walking_module_msgs__cpp
[  3%] [32mBuilding C object CMakeFiles/op3_online_walking_module_msgs__rosidl_generator_c.dir/rosidl_generator_c/op3_online_walking_module_msgs/msg/detail/joint_pose__functions.c.o[0m
[  4%] [32mBuilding C object CMakeFiles/op3_online_walking_module_msgs__rosidl_generator_c.dir/rosidl_generator_c/op3_online_walking_module_msgs/msg/detail/step2_d_array__functions.c.o[0m
[  4%] [32mBuilding C object CMakeFiles/op3_online_walking_module_msgs__rosidl_generator_c.dir/rosidl_generator_c/op3_online_walking_module_msgs/srv/detail/get_joint_pose__functions.c.o[0m
[  5%] [32mBuilding C object CMakeFiles/op3_online_walking_module_msgs__rosidl_generator_c.dir/rosidl_generator_c/op3_online_walking_module_msgs/srv/detail/get_kinematics_pose__functions.c.o[0m
[  6%] [32mBuilding C object CMakeFiles/op3_online_walking_module_msgs__rosidl_generator_c.dir/rosidl_generator_c/op3_online_walking_module_msgs/srv/detail/get_preview_matrix__functions.c.o[0m
[  7%] [32mBuilding C object CMakeFiles/op3_online_walking_module_msgs__rosidl_generator_c.dir/rosidl_generator_c/op3_online_walking_module_msgs/msg/detail/step2_d__functions.c.o[0m
[  8%] [32mBuilding C object CMakeFiles/op3_online_walking_module_msgs__rosidl_generator_c.dir/rosidl_generator_c/op3_online_walking_module_msgs/msg/detail/walking_param__functions.c.o[0m
[  9%] [32mBuilding C object CMakeFiles/op3_online_walking_module_msgs__rosidl_generator_c.dir/rosidl_generator_c/op3_online_walking_module_msgs/msg/detail/preview_response__functions.c.o[0m
[ 10%] [32mBuilding C object CMakeFiles/op3_online_walking_module_msgs__rosidl_generator_c.dir/rosidl_generator_c/op3_online_walking_module_msgs/msg/detail/preview_request__functions.c.o[0m
[ 10%] [32mBuilding C object CMakeFiles/op3_online_walking_module_msgs__rosidl_generator_c.dir/rosidl_generator_c/op3_online_walking_module_msgs/msg/detail/foot_step_array__functions.c.o[0m
[ 11%] [32mBuilding C object CMakeFiles/op3_online_walking_module_msgs__rosidl_generator_c.dir/rosidl_generator_c/op3_online_walking_module_msgs/msg/detail/foot_step_command__functions.c.o[0m
[ 12%] [32mBuilding C object CMakeFiles/op3_online_walking_module_msgs__rosidl_generator_c.dir/rosidl_generator_c/op3_online_walking_module_msgs/msg/detail/kinematics_pose__functions.c.o[0m
[ 13%] [32m[1mLinking C shared library libop3_online_walking_module_msgs__rosidl_generator_c.so[0m
[ 13%] Built target op3_online_walking_module_msgs__rosidl_generator_c
[ 14%] [34m[1mGenerating C++ type support dispatch for ROS interfaces[0m
[ 15%] [32mBuilding CXX object CMakeFiles/op3_online_walking_module_msgs__rosidl_typesupport_cpp.dir/rosidl_typesupport_cpp/op3_online_walking_module_msgs/msg/joint_pose__type_support.cpp.o[0m
[ 16%] [32mBuilding CXX object CMakeFiles/op3_online_walking_module_msgs__rosidl_typesupport_cpp.dir/rosidl_typesupport_cpp/op3_online_walking_module_msgs/msg/walking_param__type_support.cpp.o[0m
[ 17%] [32mBuilding CXX object CMakeFiles/op3_online_walking_module_msgs__rosidl_typesupport_cpp.dir/rosidl_typesupport_cpp/op3_online_walking_module_msgs/msg/step2_d__type_support.cpp.o[0m
[ 17%] [32mBuilding CXX object CMakeFiles/op3_online_walking_module_msgs__rosidl_typesupport_cpp.dir/rosidl_typesupport_cpp/op3_online_walking_module_msgs/msg/step2_d_array__type_support.cpp.o[0m
[ 18%] [32mBuilding CXX object CMakeFiles/op3_online_walking_module_msgs__rosidl_typesupport_cpp.dir/rosidl_typesupport_cpp/op3_online_walking_module_msgs/srv/get_joint_pose__type_support.cpp.o[0m
[ 19%] [32mBuilding CXX object CMakeFiles/op3_online_walking_module_msgs__rosidl_typesupport_cpp.dir/rosidl_typesupport_cpp/op3_online_walking_module_msgs/srv/get_kinematics_pose__type_support.cpp.o[0m
[ 20%] [32mBuilding CXX object CMakeFiles/op3_online_walking_module_msgs__rosidl_typesupport_cpp.dir/rosidl_typesupport_cpp/op3_online_walking_module_msgs/srv/get_preview_matrix__type_support.cpp.o[0m
[ 21%] [32mBuilding CXX object CMakeFiles/op3_online_walking_module_msgs__rosidl_typesupport_cpp.dir/rosidl_typesupport_cpp/op3_online_walking_module_msgs/msg/preview_response__type_support.cpp.o[0m
[ 22%] [32mBuilding CXX object CMakeFiles/op3_online_walking_module_msgs__rosidl_typesupport_cpp.dir/rosidl_typesupport_cpp/op3_online_walking_module_msgs/msg/preview_request__type_support.cpp.o[0m
[ 23%] [32mBuilding CXX object CMakeFiles/op3_online_walking_module_msgs__rosidl_typesupport_cpp.dir/rosidl_typesupport_cpp/op3_online_walking_module_msgs/msg/foot_step_array__type_support.cpp.o[0m
[ 23%] [32mBuilding CXX object CMakeFiles/op3_online_walking_module_msgs__rosidl_typesupport_cpp.dir/rosidl_typesupport_cpp/op3_online_walking_module_msgs/msg/foot_step_command__type_support.cpp.o[0m
[ 24%] [32mBuilding CXX object CMakeFiles/op3_online_walking_module_msgs__rosidl_typesupport_cpp.dir/rosidl_typesupport_cpp/op3_online_walking_module_msgs/msg/kinematics_pose__type_support.cpp.o[0m
[ 25%] [32m[1mLinking CXX shared library libop3_online_walking_module_msgs__rosidl_typesupport_cpp.so[0m
[ 25%] Built target op3_online_walking_module_msgs__rosidl_typesupport_cpp
[ 26%] [34m[1mGenerating C type support dispatch for ROS interfaces[0m
[ 26%] [32mBuilding CXX object CMakeFiles/op3_online_walking_module_msgs__rosidl_typesupport_c.dir/rosidl_typesupport_c/op3_online_walking_module_msgs/msg/joint_pose__type_support.cpp.o[0m
[ 27%] [32mBuilding CXX object CMakeFiles/op3_online_walking_module_msgs__rosidl_typesupport_c.dir/rosidl_typesupport_c/op3_online_walking_module_msgs/msg/step2_d__type_support.cpp.o[0m
[ 28%] [32mBuilding CXX object CMakeFiles/op3_online_walking_module_msgs__rosidl_typesupport_c.dir/rosidl_typesupport_c/op3_online_walking_module_msgs/msg/step2_d_array__type_support.cpp.o[0m
[ 29%] [32mBuilding CXX object CMakeFiles/op3_online_walking_module_msgs__rosidl_typesupport_c.dir/rosidl_typesupport_c/op3_online_walking_module_msgs/srv/get_joint_pose__type_support.cpp.o[0m
[ 30%] [32mBuilding CXX object CMakeFiles/op3_online_walking_module_msgs__rosidl_typesupport_c.dir/rosidl_typesupport_c/op3_online_walking_module_msgs/srv/get_kinematics_pose__type_support.cpp.o[0m
[ 31%] [32mBuilding CXX object CMakeFiles/op3_online_walking_module_msgs__rosidl_typesupport_c.dir/rosidl_typesupport_c/op3_online_walking_module_msgs/srv/get_preview_matrix__type_support.cpp.o[0m
[ 31%] [32mBuilding CXX object CMakeFiles/op3_online_walking_module_msgs__rosidl_typesupport_c.dir/rosidl_typesupport_c/op3_online_walking_module_msgs/msg/walking_param__type_support.cpp.o[0m
[ 32%] [32mBuilding CXX object CMakeFiles/op3_online_walking_module_msgs__rosidl_typesupport_c.dir/rosidl_typesupport_c/op3_online_walking_module_msgs/msg/preview_response__type_support.cpp.o[0m
[ 33%] [32mBuilding CXX object CMakeFiles/op3_online_walking_module_msgs__rosidl_typesupport_c.dir/rosidl_typesupport_c/op3_online_walking_module_msgs/msg/preview_request__type_support.cpp.o[0m
[ 34%] [32mBuilding CXX object CMakeFiles/op3_online_walking_module_msgs__rosidl_typesupport_c.dir/rosidl_typesupport_c/op3_online_walking_module_msgs/msg/foot_step_array__type_support.cpp.o[0m
[ 35%] [32mBuilding CXX object CMakeFiles/op3_online_walking_module_msgs__rosidl_typesupport_c.dir/rosidl_typesupport_c/op3_online_walking_module_msgs/msg/foot_step_command__type_support.cpp.o[0m
[ 36%] [32mBuilding CXX object CMakeFiles/op3_online_walking_module_msgs__rosidl_typesupport_c.dir/rosidl_typesupport_c/op3_online_walking_module_msgs/msg/kinematics_pose__type_support.cpp.o[0m
[ 36%] [32m[1mLinking CXX shared library libop3_online_walking_module_msgs__rosidl_typesupport_c.so[0m
[ 36%] Built target op3_online_walking_module_msgs__rosidl_typesupport_c
[ 37%] [34m[1mGenerating C introspection for ROS interfaces[0m
[ 37%] [32mBuilding C object CMakeFiles/op3_online_walking_module_msgs__rosidl_typesupport_introspection_c.dir/rosidl_typesupport_introspection_c/op3_online_walking_module_msgs/msg/detail/joint_pose__type_support.c.o[0m
[ 38%] [32mBuilding C object CMakeFiles/op3_online_walking_module_msgs__rosidl_typesupport_introspection_c.dir/rosidl_typesupport_introspection_c/op3_online_walking_module_msgs/msg/detail/step2_d_array__type_support.c.o[0m
[ 39%] [32mBuilding C object CMakeFiles/op3_online_walking_module_msgs__rosidl_typesupport_introspection_c.dir/rosidl_typesupport_introspection_c/op3_online_walking_module_msgs/srv/detail/get_joint_pose__type_support.c.o[0m
[ 40%] [32mBuilding C object CMakeFiles/op3_online_walking_module_msgs__rosidl_typesupport_introspection_c.dir/rosidl_typesupport_introspection_c/op3_online_walking_module_msgs/srv/detail/get_kinematics_pose__type_support.c.o[0m
[ 41%] [32mBuilding C object CMakeFiles/op3_online_walking_module_msgs__rosidl_typesupport_introspection_c.dir/rosidl_typesupport_introspection_c/op3_online_walking_module_msgs/srv/detail/get_preview_matrix__type_support.c.o[0m
[ 42%] [32mBuilding C object CMakeFiles/op3_online_walking_module_msgs__rosidl_typesupport_introspection_c.dir/rosidl_typesupport_introspection_c/op3_online_walking_module_msgs/msg/detail/step2_d__type_support.c.o[0m
[ 42%] [32mBuilding C object CMakeFiles/op3_online_walking_module_msgs__rosidl_typesupport_introspection_c.dir/rosidl_typesupport_introspection_c/op3_online_walking_module_msgs/msg/detail/walking_param__type_support.c.o[0m
[ 43%] [32mBuilding C object CMakeFiles/op3_online_walking_module_msgs__rosidl_typesupport_introspection_c.dir/rosidl_typesupport_introspection_c/op3_online_walking_module_msgs/msg/detail/preview_response__type_support.c.o[0m
[ 44%] [32mBuilding C object CMakeFiles/op3_online_walking_module_msgs__rosidl_typesupport_introspection_c.dir/rosidl_typesupport_introspection_c/op3_online_walking_module_msgs/msg/detail/preview_request__type_support.c.o[0m
[ 45%] [32mBuilding C object CMakeFiles/op3_online_walking_module_msgs__rosidl_typesupport_introspection_c.dir/rosidl_typesupport_introspection_c/op3_online_walking_module_msgs/msg/detail/foot_step_array__type_support.c.o[0m
[ 46%] [32mBuilding C object CMakeFiles/op3_online_walking_module_msgs__rosidl_typesupport_introspection_c.dir/rosidl_typesupport_introspection_c/op3_online_walking_module_msgs/msg/detail/foot_step_command__type_support.c.o[0m
[ 47%] [32mBuilding C object CMakeFiles/op3_online_walking_module_msgs__rosidl_typesupport_introspection_c.dir/rosidl_typesupport_introspection_c/op3_online_walking_module_msgs/msg/detail/kinematics_pose__type_support.c.o[0m
[ 47%] [32m[1mLinking C shared library libop3_online_walking_module_msgs__rosidl_typesupport_introspection_c.so[0m
[ 47%] Built target op3_online_walking_module_msgs__rosidl_typesupport_introspection_c
[ 48%] [34m[1mGenerating C type support for eProsima Fast-RTPS[0m
[ 48%] [32mBuilding CXX object CMakeFiles/op3_online_walking_module_msgs__rosidl_typesupport_fastrtps_c.dir/rosidl_typesupport_fastrtps_c/op3_online_walking_module_msgs/msg/detail/joint_pose__type_support_c.cpp.o[0m
[ 49%] [32mBuilding CXX object CMakeFiles/op3_online_walking_module_msgs__rosidl_typesupport_fastrtps_c.dir/rosidl_typesupport_fastrtps_c/op3_online_walking_module_msgs/srv/detail/get_joint_pose__type_support_c.cpp.o[0m
[ 50%] [32mBuilding CXX object CMakeFiles/op3_online_walking_module_msgs__rosidl_typesupport_fastrtps_c.dir/rosidl_typesupport_fastrtps_c/op3_online_walking_module_msgs/srv/detail/get_kinematics_pose__type_support_c.cpp.o[0m
[ 51%] [32mBuilding CXX object CMakeFiles/op3_online_walking_module_msgs__rosidl_typesupport_fastrtps_c.dir/rosidl_typesupport_fastrtps_c/op3_online_walking_module_msgs/srv/detail/get_preview_matrix__type_support_c.cpp.o[0m
[ 52%] [32mBuilding CXX object CMakeFiles/op3_online_walking_module_msgs__rosidl_typesupport_fastrtps_c.dir/rosidl_typesupport_fastrtps_c/op3_online_walking_module_msgs/msg/detail/step2_d_array__type_support_c.cpp.o[0m
[ 53%] [32mBuilding CXX object CMakeFiles/op3_online_walking_module_msgs__rosidl_typesupport_fastrtps_c.dir/rosidl_typesupport_fastrtps_c/op3_online_walking_module_msgs/msg/detail/step2_d__type_support_c.cpp.o[0m
[ 53%] [32mBuilding CXX object CMakeFiles/op3_online_walking_module_msgs__rosidl_typesupport_fastrtps_c.dir/rosidl_typesupport_fastrtps_c/op3_online_walking_module_msgs/msg/detail/walking_param__type_support_c.cpp.o[0m
[ 54%] [32mBuilding CXX object CMakeFiles/op3_online_walking_module_msgs__rosidl_typesupport_fastrtps_c.dir/rosidl_typesupport_fastrtps_c/op3_online_walking_module_msgs/msg/detail/preview_response__type_support_c.cpp.o[0m
[ 55%] [32mBuilding CXX object CMakeFiles/op3_online_walking_module_msgs__rosidl_typesupport_fastrtps_c.dir/rosidl_typesupport_fastrtps_c/op3_online_walking_module_msgs/msg/detail/preview_request__type_support_c.cpp.o[0m
[ 56%] [32mBuilding CXX object CMakeFiles/op3_online_walking_module_msgs__rosidl_typesupport_fastrtps_c.dir/rosidl_typesupport_fastrtps_c/op3_online_walking_module_msgs/msg/detail/foot_step_array__type_support_c.cpp.o[0m
[ 57%] [32mBuilding CXX object CMakeFiles/op3_online_walking_module_msgs__rosidl_typesupport_fastrtps_c.dir/rosidl_typesupport_fastrtps_c/op3_online_walking_module_msgs/msg/detail/foot_step_command__type_support_c.cpp.o[0m
[ 58%] [32mBuilding CXX object CMakeFiles/op3_online_walking_module_msgs__rosidl_typesupport_fastrtps_c.dir/rosidl_typesupport_fastrtps_c/op3_online_walking_module_msgs/msg/detail/kinematics_pose__type_support_c.cpp.o[0m
[ 58%] [32m[1mLinking CXX shared library libop3_online_walking_module_msgs__rosidl_typesupport_fastrtps_c.so[0m
[ 58%] Built target op3_online_walking_module_msgs__rosidl_typesupport_fastrtps_c
[ 59%] [34m[1mGenerating C++ introspection for ROS interfaces[0m
[ 60%] [32mBuilding CXX object CMakeFiles/op3_online_walking_module_msgs__rosidl_typesupport_introspection_cpp.dir/rosidl_typesupport_introspection_cpp/op3_online_walking_module_msgs/msg/detail/joint_pose__type_support.cpp.o[0m
[ 61%] [32mBuilding CXX object CMakeFiles/op3_online_walking_module_msgs__rosidl_typesupport_introspection_cpp.dir/rosidl_typesupport_introspection_cpp/op3_online_walking_module_msgs/srv/detail/get_kinematics_pose__type_support.cpp.o[0m
[ 62%] [32mBuilding CXX object CMakeFiles/op3_online_walking_module_msgs__rosidl_typesupport_introspection_cpp.dir/rosidl_typesupport_introspection_cpp/op3_online_walking_module_msgs/srv/detail/get_preview_matrix__type_support.cpp.o[0m
[ 63%] [32mBuilding CXX object CMakeFiles/op3_online_walking_module_msgs__rosidl_typesupport_introspection_cpp.dir/rosidl_typesupport_introspection_cpp/op3_online_walking_module_msgs/srv/detail/get_joint_pose__type_support.cpp.o[0m
[ 63%] [32mBuilding CXX object CMakeFiles/op3_online_walking_module_msgs__rosidl_typesupport_introspection_cpp.dir/rosidl_typesupport_introspection_cpp/op3_online_walking_module_msgs/msg/detail/step2_d_array__type_support.cpp.o[0m
[ 64%] [32mBuilding CXX object CMakeFiles/op3_online_walking_module_msgs__rosidl_typesupport_introspection_cpp.dir/rosidl_typesupport_introspection_cpp/op3_online_walking_module_msgs/msg/detail/step2_d__type_support.cpp.o[0m
[ 65%] [32mBuilding CXX object CMakeFiles/op3_online_walking_module_msgs__rosidl_typesupport_introspection_cpp.dir/rosidl_typesupport_introspection_cpp/op3_online_walking_module_msgs/msg/detail/walking_param__type_support.cpp.o[0m
[ 66%] [32mBuilding CXX object CMakeFiles/op3_online_walking_module_msgs__rosidl_typesupport_introspection_cpp.dir/rosidl_typesupport_introspection_cpp/op3_online_walking_module_msgs/msg/detail/preview_response__type_support.cpp.o[0m
[ 67%] [32mBuilding CXX object CMakeFiles/op3_online_walking_module_msgs__rosidl_typesupport_introspection_cpp.dir/rosidl_typesupport_introspection_cpp/op3_online_walking_module_msgs/msg/detail/preview_request__type_support.cpp.o[0m
[ 68%] [32mBuilding CXX object CMakeFiles/op3_online_walking_module_msgs__rosidl_typesupport_introspection_cpp.dir/rosidl_typesupport_introspection_cpp/op3_online_walking_module_msgs/msg/detail/foot_step_array__type_support.cpp.o[0m
[ 68%] [32mBuilding CXX object CMakeFiles/op3_online_walking_module_msgs__rosidl_typesupport_introspection_cpp.dir/rosidl_typesupport_introspection_cpp/op3_online_walking_module_msgs/msg/detail/foot_step_command__type_support.cpp.o[0m
[ 69%] [32mBuilding CXX object CMakeFiles/op3_online_walking_module_msgs__rosidl_typesupport_introspection_cpp.dir/rosidl_typesupport_introspection_cpp/op3_online_walking_module_msgs/msg/detail/kinematics_pose__type_support.cpp.o[0m
[ 70%] [32m[1mLinking CXX shared library libop3_online_walking_module_msgs__rosidl_typesupport_introspection_cpp.so[0m
[ 70%] Built target op3_online_walking_module_msgs__rosidl_typesupport_introspection_cpp
[ 71%] [34m[1mGenerating C++ type support for eProsima Fast-RTPS[0m
[ 72%] [32mBuilding CXX object CMakeFiles/op3_online_walking_module_msgs__rosidl_typesupport_fastrtps_cpp.dir/rosidl_typesupport_fastrtps_cpp/op3_online_walking_module_msgs/msg/detail/dds_fastrtps/joint_pose__type_support.cpp.o[0m
[ 73%] [32mBuilding CXX object CMakeFiles/op3_online_walking_module_msgs__rosidl_typesupport_fastrtps_cpp.dir/rosidl_typesupport_fastrtps_cpp/op3_online_walking_module_msgs/srv/detail/dds_fastrtps/get_preview_matrix__type_support.cpp.o[0m
[ 74%] [32mBuilding CXX object CMakeFiles/op3_online_walking_module_msgs__rosidl_typesupport_fastrtps_cpp.dir/rosidl_typesupport_fastrtps_cpp/op3_online_walking_module_msgs/srv/detail/dds_fastrtps/get_kinematics_pose__type_support.cpp.o[0m
[ 75%] [32mBuilding CXX object CMakeFiles/op3_online_walking_module_msgs__rosidl_typesupport_fastrtps_cpp.dir/rosidl_typesupport_fastrtps_cpp/op3_online_walking_module_msgs/srv/detail/dds_fastrtps/get_joint_pose__type_support.cpp.o[0m
[ 75%] [32mBuilding CXX object CMakeFiles/op3_online_walking_module_msgs__rosidl_typesupport_fastrtps_cpp.dir/rosidl_typesupport_fastrtps_cpp/op3_online_walking_module_msgs/msg/detail/dds_fastrtps/step2_d_array__type_support.cpp.o[0m
[ 76%] [32mBuilding CXX object CMakeFiles/op3_online_walking_module_msgs__rosidl_typesupport_fastrtps_cpp.dir/rosidl_typesupport_fastrtps_cpp/op3_online_walking_module_msgs/msg/detail/dds_fastrtps/step2_d__type_support.cpp.o[0m
[ 77%] [32mBuilding CXX object CMakeFiles/op3_online_walking_module_msgs__rosidl_typesupport_fastrtps_cpp.dir/rosidl_typesupport_fastrtps_cpp/op3_online_walking_module_msgs/msg/detail/dds_fastrtps/walking_param__type_support.cpp.o[0m
[ 78%] [32mBuilding CXX object CMakeFiles/op3_online_walking_module_msgs__rosidl_typesupport_fastrtps_cpp.dir/rosidl_typesupport_fastrtps_cpp/op3_online_walking_module_msgs/msg/detail/dds_fastrtps/preview_response__type_support.cpp.o[0m
[ 79%] [32mBuilding CXX object CMakeFiles/op3_online_walking_module_msgs__rosidl_typesupport_fastrtps_cpp.dir/rosidl_typesupport_fastrtps_cpp/op3_online_walking_module_msgs/msg/detail/dds_fastrtps/preview_request__type_support.cpp.o[0m
[ 80%] [32mBuilding CXX object CMakeFiles/op3_online_walking_module_msgs__rosidl_typesupport_fastrtps_cpp.dir/rosidl_typesupport_fastrtps_cpp/op3_online_walking_module_msgs/msg/detail/dds_fastrtps/foot_step_array__type_support.cpp.o[0m
[ 80%] [32mBuilding CXX object CMakeFiles/op3_online_walking_module_msgs__rosidl_typesupport_fastrtps_cpp.dir/rosidl_typesupport_fastrtps_cpp/op3_online_walking_module_msgs/msg/detail/dds_fastrtps/foot_step_command__type_support.cpp.o[0m
[ 81%] [32mBuilding CXX object CMakeFiles/op3_online_walking_module_msgs__rosidl_typesupport_fastrtps_cpp.dir/rosidl_typesupport_fastrtps_cpp/op3_online_walking_module_msgs/msg/detail/dds_fastrtps/kinematics_pose__type_support.cpp.o[0m
[ 82%] [32m[1mLinking CXX shared library libop3_online_walking_module_msgs__rosidl_typesupport_fastrtps_cpp.so[0m
[ 82%] Built target op3_online_walking_module_msgs__rosidl_typesupport_fastrtps_cpp
[ 82%] Built target op3_online_walking_module_msgs
[ 83%] [34m[1mGenerating Python code for ROS interfaces[0m
[ 83%] Built target op3_online_walking_module_msgs__py
[ 84%] [32mBuilding C object CMakeFiles/op3_online_walking_module_msgs__rosidl_generator_py.dir/rosidl_generator_py/op3_online_walking_module_msgs/msg/_joint_pose_s.c.o[0m
[ 85%] [32mBuilding C object CMakeFiles/op3_online_walking_module_msgs__rosidl_generator_py.dir/rosidl_generator_py/op3_online_walking_module_msgs/srv/_get_preview_matrix_s.c.o[0m
[ 86%] [32mBuilding C object CMakeFiles/op3_online_walking_module_msgs__rosidl_generator_py.dir/rosidl_generator_py/op3_online_walking_module_msgs/srv/_get_kinematics_pose_s.c.o[0m
[ 87%] [32mBuilding C object CMakeFiles/op3_online_walking_module_msgs__rosidl_generator_py.dir/rosidl_generator_py/op3_online_walking_module_msgs/srv/_get_joint_pose_s.c.o[0m
[ 87%] [32mBuilding C object CMakeFiles/op3_online_walking_module_msgs__rosidl_generator_py.dir/rosidl_generator_py/op3_online_walking_module_msgs/msg/_step2_d_array_s.c.o[0m
[ 88%] [32mBuilding C object CMakeFiles/op3_online_walking_module_msgs__rosidl_generator_py.dir/rosidl_generator_py/op3_online_walking_module_msgs/msg/_step2_d_s.c.o[0m
[ 89%] [32mBuilding C object CMakeFiles/op3_online_walking_module_msgs__rosidl_generator_py.dir/rosidl_generator_py/op3_online_walking_module_msgs/msg/_walking_param_s.c.o[0m
[ 90%] [32mBuilding C object CMakeFiles/op3_online_walking_module_msgs__rosidl_generator_py.dir/rosidl_generator_py/op3_online_walking_module_msgs/msg/_preview_response_s.c.o[0m
[ 91%] [32mBuilding C object CMakeFiles/op3_online_walking_module_msgs__rosidl_generator_py.dir/rosidl_generator_py/op3_online_walking_module_msgs/msg/_preview_request_s.c.o[0m
[ 92%] [32mBuilding C object CMakeFiles/op3_online_walking_module_msgs__rosidl_generator_py.dir/rosidl_generator_py/op3_online_walking_module_msgs/msg/_foot_step_array_s.c.o[0m
[ 92%] [32mBuilding C object CMakeFiles/op3_online_walking_module_msgs__rosidl_generator_py.dir/rosidl_generator_py/op3_online_walking_module_msgs/msg/_foot_step_command_s.c.o[0m
[ 93%] [32mBuilding C object CMakeFiles/op3_online_walking_module_msgs__rosidl_generator_py.dir/rosidl_generator_py/op3_online_walking_module_msgs/msg/_kinematics_pose_s.c.o[0m
[ 94%] [32m[1mLinking C shared library rosidl_generator_py/op3_online_walking_module_msgs/libop3_online_walking_module_msgs__rosidl_generator_py.so[0m
[ 94%] Built target op3_online_walking_module_msgs__rosidl_generator_py
[ 95%] [32mBuilding C object CMakeFiles/op3_online_walking_module_msgs__rosidl_typesupport_fastrtps_c__pyext.dir/rosidl_generator_py/op3_online_walking_module_msgs/_op3_online_walking_module_msgs_s.ep.rosidl_typesupport_fastrtps_c.c.o[0m
[ 96%] [32m[1mLinking C shared library rosidl_generator_py/op3_online_walking_module_msgs/op3_online_walking_module_msgs_s__rosidl_typesupport_fastrtps_c.cpython-310-x86_64-linux-gnu.so[0m
[ 96%] Built target op3_online_walking_module_msgs__rosidl_typesupport_fastrtps_c__pyext
[ 97%] [32mBuilding C object CMakeFiles/op3_online_walking_module_msgs__rosidl_typesupport_c__pyext.dir/rosidl_generator_py/op3_online_walking_module_msgs/_op3_online_walking_module_msgs_s.ep.rosidl_typesupport_c.c.o[0m
[ 98%] [32m[1mLinking C shared library rosidl_generator_py/op3_online_walking_module_msgs/op3_online_walking_module_msgs_s__rosidl_typesupport_c.cpython-310-x86_64-linux-gnu.so[0m
[ 98%] Built target op3_online_walking_module_msgs__rosidl_typesupport_c__pyext
[ 99%] [32mBuilding C object CMakeFiles/op3_online_walking_module_msgs__rosidl_typesupport_introspection_c__pyext.dir/rosidl_generator_py/op3_online_walking_module_msgs/_op3_online_walking_module_msgs_s.ep.rosidl_typesupport_introspection_c.c.o[0m
[100%] [32m[1mLinking C shared library rosidl_generator_py/op3_online_walking_module_msgs/op3_online_walking_module_msgs_s__rosidl_typesupport_introspection_c.cpython-310-x86_64-linux-gnu.so[0m
[100%] Built target op3_online_walking_module_msgs__rosidl_typesupport_introspection_c__pyext
-- Install configuration: ""
-- Execute custom install script
-- Symlinking: /home/evan/Documents/BRONE_audio_gaze_project/install/op3_online_walking_module_msgs/share/ament_index/resource_index/rosidl_interfaces/op3_online_walking_module_msgs
-- Symlinking: /home/evan/Documents/BRONE_audio_gaze_project/install/op3_online_walking_module_msgs/include/op3_online_walking_module_msgs/op3_online_walking_module_msgs/msg/detail/foot_step_array__functions.h
-- Symlinking: /home/evan/Documents/BRONE_audio_gaze_project/install/op3_online_walking_module_msgs/include/op3_online_walking_module_msgs/op3_online_walking_module_msgs/msg/detail/foot_step_array__struct.h
-- Symlinking: /home/evan/Documents/BRONE_audio_gaze_project/install/op3_online_walking_module_msgs/include/op3_online_walking_module_msgs/op3_online_walking_module_msgs/msg/detail/foot_step_array__type_support.h
-- Symlinking: /home/evan/Documents/BRONE_audio_gaze_project/install/op3_online_walking_module_msgs/include/op3_online_walking_module_msgs/op3_online_walking_module_msgs/msg/detail/foot_step_command__functions.h
-- Symlinking: /home/evan/Documents/BRONE_audio_gaze_project/install/op3_online_walking_module_msgs/include/op3_online_walking_module_msgs/op3_online_walking_module_msgs/msg/detail/foot_step_command__struct.h
-- Symlinking: /home/evan/Documents/BRONE_audio_gaze_project/install/op3_online_walking_module_msgs/include/op3_online_walking_module_msgs/op3_online_walking_module_msgs/msg/detail/foot_step_command__type_support.h
-- Symlinking: /home/evan/Documents/BRONE_audio_gaze_project/install/op3_online_walking_module_msgs/include/op3_online_walking_module_msgs/op3_online_walking_module_msgs/msg/detail/joint_pose__functions.h
-- Symlinking: /home/evan/Documents/BRONE_audio_gaze_project/install/op3_online_walking_module_msgs/include/op3_online_walking_module_msgs/op3_online_walking_module_msgs/msg/detail/joint_pose__struct.h
-- Symlinking: /home/evan/Documents/BRONE_audio_gaze_project/install/op3_online_walking_module_msgs/include/op3_online_walking_module_msgs/op3_online_walking_module_msgs/msg/detail/joint_pose__type_support.h
-- Symlinking: /home/evan/Documents/BRONE_audio_gaze_project/install/op3_online_walking_module_msgs/include/op3_online_walking_module_msgs/op3_online_walking_module_msgs/msg/detail/kinematics_pose__functions.h
-- Symlinking: /home/evan/Documents/BRONE_audio_gaze_project/install/op3_online_walking_module_msgs/include/op3_online_walking_module_msgs/op3_online_walking_module_msgs/msg/detail/kinematics_pose__struct.h
-- Symlinking: /home/evan/Documents/BRONE_audio_gaze_project/install/op3_online_walking_module_msgs/include/op3_online_walking_module_msgs/op3_online_walking_module_msgs/msg/detail/kinematics_pose__type_support.h
-- Symlinking: /home/evan/Documents/BRONE_audio_gaze_project/install/op3_online_walking_module_msgs/include/op3_online_walking_module_msgs/op3_online_walking_module_msgs/msg/detail/preview_request__functions.h
-- Symlinking: /home/evan/Documents/BRONE_audio_gaze_project/install/op3_online_walking_module_msgs/include/op3_online_walking_module_msgs/op3_online_walking_module_msgs/msg/detail/preview_request__struct.h
-- Symlinking: /home/evan/Documents/BRONE_audio_gaze_project/install/op3_online_walking_module_msgs/include/op3_online_walking_module_msgs/op3_online_walking_module_msgs/msg/detail/preview_request__type_support.h
-- Symlinking: /home/evan/Documents/BRONE_audio_gaze_project/install/op3_online_walking_module_msgs/include/op3_online_walking_module_msgs/op3_online_walking_module_msgs/msg/detail/preview_response__functions.h
-- Symlinking: /home/evan/Documents/BRONE_audio_gaze_project/install/op3_online_walking_module_msgs/include/op3_online_walking_module_msgs/op3_online_walking_module_msgs/msg/detail/preview_response__struct.h
-- Symlinking: /home/evan/Documents/BRONE_audio_gaze_project/install/op3_online_walking_module_msgs/include/op3_online_walking_module_msgs/op3_online_walking_module_msgs/msg/detail/preview_response__type_support.h
-- Symlinking: /home/evan/Documents/BRONE_audio_gaze_project/install/op3_online_walking_module_msgs/include/op3_online_walking_module_msgs/op3_online_walking_module_msgs/msg/detail/step2_d__functions.h
-- Symlinking: /home/evan/Documents/BRONE_audio_gaze_project/install/op3_online_walking_module_msgs/include/op3_online_walking_module_msgs/op3_online_walking_module_msgs/msg/detail/step2_d__struct.h
-- Symlinking: /home/evan/Documents/BRONE_audio_gaze_project/install/op3_online_walking_module_msgs/include/op3_online_walking_module_msgs/op3_online_walking_module_msgs/msg/detail/step2_d__type_support.h
-- Symlinking: /home/evan/Documents/BRONE_audio_gaze_project/install/op3_online_walking_module_msgs/include/op3_online_walking_module_msgs/op3_online_walking_module_msgs/msg/detail/step2_d_array__functions.h
-- Symlinking: /home/evan/Documents/BRONE_audio_gaze_project/install/op3_online_walking_module_msgs/include/op3_online_walking_module_msgs/op3_online_walking_module_msgs/msg/detail/step2_d_array__struct.h
-- Symlinking: /home/evan/Documents/BRONE_audio_gaze_project/install/op3_online_walking_module_msgs/include/op3_online_walking_module_msgs/op3_online_walking_module_msgs/msg/detail/step2_d_array__type_support.h
-- Symlinking: /home/evan/Documents/BRONE_audio_gaze_project/install/op3_online_walking_module_msgs/include/op3_online_walking_module_msgs/op3_online_walking_module_msgs/msg/detail/walking_param__functions.h
-- Symlinking: /home/evan/Documents/BRONE_audio_gaze_project/install/op3_online_walking_module_msgs/include/op3_online_walking_module_msgs/op3_online_walking_module_msgs/msg/detail/walking_param__struct.h
-- Symlinking: /home/evan/Documents/BRONE_audio_gaze_project/install/op3_online_walking_module_msgs/include/op3_online_walking_module_msgs/op3_online_walking_module_msgs/msg/detail/walking_param__type_support.h
-- Symlinking: /home/evan/Documents/BRONE_audio_gaze_project/install/op3_online_walking_module_msgs/include/op3_online_walking_module_msgs/op3_online_walking_module_msgs/msg/foot_step_array.h
-- Symlinking: /home/evan/Documents/BRONE_audio_gaze_project/install/op3_online_walking_module_msgs/include/op3_online_walking_module_msgs/op3_online_walking_module_msgs/msg/foot_step_command.h
-- Symlinking: /home/evan/Documents/BRONE_audio_gaze_project/install/op3_online_walking_module_msgs/include/op3_online_walking_module_msgs/op3_online_walking_module_msgs/msg/joint_pose.h
-- Symlinking: /home/evan/Documents/BRONE_audio_gaze_project/install/op3_online_walking_module_msgs/include/op3_online_walking_module_msgs/op3_online_walking_module_msgs/msg/kinematics_pose.h
-- Symlinking: /home/evan/Documents/BRONE_audio_gaze_project/install/op3_online_walking_module_msgs/include/op3_online_walking_module_msgs/op3_online_walking_module_msgs/msg/preview_request.h
-- Symlinking: /home/evan/Documents/BRONE_audio_gaze_project/install/op3_online_walking_module_msgs/include/op3_online_walking_module_msgs/op3_online_walking_module_msgs/msg/preview_response.h
-- Symlinking: /home/evan/Documents/BRONE_audio_gaze_project/install/op3_online_walking_module_msgs/include/op3_online_walking_module_msgs/op3_online_walking_module_msgs/msg/rosidl_generator_c__visibility_control.h
-- Symlinking: /home/evan/Documents/BRONE_audio_gaze_project/install/op3_online_walking_module_msgs/include/op3_online_walking_module_msgs/op3_online_walking_module_msgs/msg/step2_d.h
-- Symlinking: /home/evan/Documents/BRONE_audio_gaze_project/install/op3_online_walking_module_msgs/include/op3_online_walking_module_msgs/op3_online_walking_module_msgs/msg/step2_d_array.h
-- Symlinking: /home/evan/Documents/BRONE_audio_gaze_project/install/op3_online_walking_module_msgs/include/op3_online_walking_module_msgs/op3_online_walking_module_msgs/msg/walking_param.h
-- Symlinking: /home/evan/Documents/BRONE_audio_gaze_project/install/op3_online_walking_module_msgs/include/op3_online_walking_module_msgs/op3_online_walking_module_msgs/srv/detail/get_joint_pose__functions.h
-- Symlinking: /home/evan/Documents/BRONE_audio_gaze_project/install/op3_online_walking_module_msgs/include/op3_online_walking_module_msgs/op3_online_walking_module_msgs/srv/detail/get_joint_pose__struct.h
-- Symlinking: /home/evan/Documents/BRONE_audio_gaze_project/install/op3_online_walking_module_msgs/include/op3_online_walking_module_msgs/op3_online_walking_module_msgs/srv/detail/get_joint_pose__type_support.h
-- Symlinking: /home/evan/Documents/BRONE_audio_gaze_project/install/op3_online_walking_module_msgs/include/op3_online_walking_module_msgs/op3_online_walking_module_msgs/srv/detail/get_kinematics_pose__functions.h
-- Symlinking: /home/evan/Documents/BRONE_audio_gaze_project/install/op3_online_walking_module_msgs/include/op3_online_walking_module_msgs/op3_online_walking_module_msgs/srv/detail/get_kinematics_pose__struct.h
-- Symlinking: /home/evan/Documents/BRONE_audio_gaze_project/install/op3_online_walking_module_msgs/include/op3_online_walking_module_msgs/op3_online_walking_module_msgs/srv/detail/get_kinematics_pose__type_support.h
-- Symlinking: /home/evan/Documents/BRONE_audio_gaze_project/install/op3_online_walking_module_msgs/include/op3_online_walking_module_msgs/op3_online_walking_module_msgs/srv/detail/get_preview_matrix__functions.h
-- Symlinking: /home/evan/Documents/BRONE_audio_gaze_project/install/op3_online_walking_module_msgs/include/op3_online_walking_module_msgs/op3_online_walking_module_msgs/srv/detail/get_preview_matrix__struct.h
-- Symlinking: /home/evan/Documents/BRONE_audio_gaze_project/install/op3_online_walking_module_msgs/include/op3_online_walking_module_msgs/op3_online_walking_module_msgs/srv/detail/get_preview_matrix__type_support.h
-- Symlinking: /home/evan/Documents/BRONE_audio_gaze_project/install/op3_online_walking_module_msgs/include/op3_online_walking_module_msgs/op3_online_walking_module_msgs/srv/get_joint_pose.h
-- Symlinking: /home/evan/Documents/BRONE_audio_gaze_project/install/op3_online_walking_module_msgs/include/op3_online_walking_module_msgs/op3_online_walking_module_msgs/srv/get_kinematics_pose.h
-- Symlinking: /home/evan/Documents/BRONE_audio_gaze_project/install/op3_online_walking_module_msgs/include/op3_online_walking_module_msgs/op3_online_walking_module_msgs/srv/get_preview_matrix.h
-- Symlinking: /home/evan/Documents/BRONE_audio_gaze_project/install/op3_online_walking_module_msgs/share/op3_online_walking_module_msgs/environment/library_path.sh
-- Symlinking: /home/evan/Documents/BRONE_audio_gaze_project/install/op3_online_walking_module_msgs/share/op3_online_walking_module_msgs/environment/library_path.dsv
-- Symlinking: /home/evan/Documents/BRONE_audio_gaze_project/install/op3_online_walking_module_msgs/include/op3_online_walking_module_msgs/op3_online_walking_module_msgs/msg/detail/foot_step_array__rosidl_typesupport_fastrtps_c.h
-- Symlinking: /home/evan/Documents/BRONE_audio_gaze_project/install/op3_online_walking_module_msgs/include/op3_online_walking_module_msgs/op3_online_walking_module_msgs/msg/detail/foot_step_command__rosidl_typesupport_fastrtps_c.h
-- Symlinking: /home/evan/Documents/BRONE_audio_gaze_project/install/op3_online_walking_module_msgs/include/op3_online_walking_module_msgs/op3_online_walking_module_msgs/msg/detail/joint_pose__rosidl_typesupport_fastrtps_c.h
-- Symlinking: /home/evan/Documents/BRONE_audio_gaze_project/install/op3_online_walking_module_msgs/include/op3_online_walking_module_msgs/op3_online_walking_module_msgs/msg/detail/kinematics_pose__rosidl_typesupport_fastrtps_c.h
-- Symlinking: /home/evan/Documents/BRONE_audio_gaze_project/install/op3_online_walking_module_msgs/include/op3_online_walking_module_msgs/op3_online_walking_module_msgs/msg/detail/preview_request__rosidl_typesupport_fastrtps_c.h
-- Symlinking: /home/evan/Documents/BRONE_audio_gaze_project/install/op3_online_walking_module_msgs/include/op3_online_walking_module_msgs/op3_online_walking_module_msgs/msg/detail/preview_response__rosidl_typesupport_fastrtps_c.h
-- Symlinking: /home/evan/Documents/BRONE_audio_gaze_project/install/op3_online_walking_module_msgs/include/op3_online_walking_module_msgs/op3_online_walking_module_msgs/msg/detail/step2_d__rosidl_typesupport_fastrtps_c.h
-- Symlinking: /home/evan/Documents/BRONE_audio_gaze_project/install/op3_online_walking_module_msgs/include/op3_online_walking_module_msgs/op3_online_walking_module_msgs/msg/detail/step2_d_array__rosidl_typesupport_fastrtps_c.h
-- Symlinking: /home/evan/Documents/BRONE_audio_gaze_project/install/op3_online_walking_module_msgs/include/op3_online_walking_module_msgs/op3_online_walking_module_msgs/msg/detail/walking_param__rosidl_typesupport_fastrtps_c.h
-- Symlinking: /home/evan/Documents/BRONE_audio_gaze_project/install/op3_online_walking_module_msgs/include/op3_online_walking_module_msgs/op3_online_walking_module_msgs/msg/rosidl_typesupport_fastrtps_c__visibility_control.h
-- Symlinking: /home/evan/Documents/BRONE_audio_gaze_project/install/op3_online_walking_module_msgs/include/op3_online_walking_module_msgs/op3_online_walking_module_msgs/srv/detail/get_joint_pose__rosidl_typesupport_fastrtps_c.h
-- Symlinking: /home/evan/Documents/BRONE_audio_gaze_project/install/op3_online_walking_module_msgs/include/op3_online_walking_module_msgs/op3_online_walking_module_msgs/srv/detail/get_kinematics_pose__rosidl_typesupport_fastrtps_c.h
-- Symlinking: /home/evan/Documents/BRONE_audio_gaze_project/install/op3_online_walking_module_msgs/include/op3_online_walking_module_msgs/op3_online_walking_module_msgs/srv/detail/get_preview_matrix__rosidl_typesupport_fastrtps_c.h
-- Symlinking: /home/evan/Documents/BRONE_audio_gaze_project/install/op3_online_walking_module_msgs/include/op3_online_walking_module_msgs/op3_online_walking_module_msgs/msg/detail/foot_step_array__builder.hpp
-- Symlinking: /home/evan/Documents/BRONE_audio_gaze_project/install/op3_online_walking_module_msgs/include/op3_online_walking_module_msgs/op3_online_walking_module_msgs/msg/detail/foot_step_array__struct.hpp
-- Symlinking: /home/evan/Documents/BRONE_audio_gaze_project/install/op3_online_walking_module_msgs/include/op3_online_walking_module_msgs/op3_online_walking_module_msgs/msg/detail/foot_step_array__traits.hpp
-- Symlinking: /home/evan/Documents/BRONE_audio_gaze_project/install/op3_online_walking_module_msgs/include/op3_online_walking_module_msgs/op3_online_walking_module_msgs/msg/detail/foot_step_array__type_support.hpp
-- Symlinking: /home/evan/Documents/BRONE_audio_gaze_project/install/op3_online_walking_module_msgs/include/op3_online_walking_module_msgs/op3_online_walking_module_msgs/msg/detail/foot_step_command__builder.hpp
-- Symlinking: /home/evan/Documents/BRONE_audio_gaze_project/install/op3_online_walking_module_msgs/include/op3_online_walking_module_msgs/op3_online_walking_module_msgs/msg/detail/foot_step_command__struct.hpp
-- Symlinking: /home/evan/Documents/BRONE_audio_gaze_project/install/op3_online_walking_module_msgs/include/op3_online_walking_module_msgs/op3_online_walking_module_msgs/msg/detail/foot_step_command__traits.hpp
-- Symlinking: /home/evan/Documents/BRONE_audio_gaze_project/install/op3_online_walking_module_msgs/include/op3_online_walking_module_msgs/op3_online_walking_module_msgs/msg/detail/foot_step_command__type_support.hpp
-- Symlinking: /home/evan/Documents/BRONE_audio_gaze_project/install/op3_online_walking_module_msgs/include/op3_online_walking_module_msgs/op3_online_walking_module_msgs/msg/detail/joint_pose__builder.hpp
-- Symlinking: /home/evan/Documents/BRONE_audio_gaze_project/install/op3_online_walking_module_msgs/include/op3_online_walking_module_msgs/op3_online_walking_module_msgs/msg/detail/joint_pose__struct.hpp
-- Symlinking: /home/evan/Documents/BRONE_audio_gaze_project/install/op3_online_walking_module_msgs/include/op3_online_walking_module_msgs/op3_online_walking_module_msgs/msg/detail/joint_pose__traits.hpp
-- Symlinking: /home/evan/Documents/BRONE_audio_gaze_project/install/op3_online_walking_module_msgs/include/op3_online_walking_module_msgs/op3_online_walking_module_msgs/msg/detail/joint_pose__type_support.hpp
-- Symlinking: /home/evan/Documents/BRONE_audio_gaze_project/install/op3_online_walking_module_msgs/include/op3_online_walking_module_msgs/op3_online_walking_module_msgs/msg/detail/kinematics_pose__builder.hpp
-- Symlinking: /home/evan/Documents/BRONE_audio_gaze_project/install/op3_online_walking_module_msgs/include/op3_online_walking_module_msgs/op3_online_walking_module_msgs/msg/detail/kinematics_pose__struct.hpp
-- Symlinking: /home/evan/Documents/BRONE_audio_gaze_project/install/op3_online_walking_module_msgs/include/op3_online_walking_module_msgs/op3_online_walking_module_msgs/msg/detail/kinematics_pose__traits.hpp
-- Symlinking: /home/evan/Documents/BRONE_audio_gaze_project/install/op3_online_walking_module_msgs/include/op3_online_walking_module_msgs/op3_online_walking_module_msgs/msg/detail/kinematics_pose__type_support.hpp
-- Symlinking: /home/evan/Documents/BRONE_audio_gaze_project/install/op3_online_walking_module_msgs/include/op3_online_walking_module_msgs/op3_online_walking_module_msgs/msg/detail/preview_request__builder.hpp
-- Symlinking: /home/evan/Documents/BRONE_audio_gaze_project/install/op3_online_walking_module_msgs/include/op3_online_walking_module_msgs/op3_online_walking_module_msgs/msg/detail/preview_request__struct.hpp
-- Symlinking: /home/evan/Documents/BRONE_audio_gaze_project/install/op3_online_walking_module_msgs/include/op3_online_walking_module_msgs/op3_online_walking_module_msgs/msg/detail/preview_request__traits.hpp
-- Symlinking: /home/evan/Documents/BRONE_audio_gaze_project/install/op3_online_walking_module_msgs/include/op3_online_walking_module_msgs/op3_online_walking_module_msgs/msg/detail/preview_request__type_support.hpp
-- Symlinking: /home/evan/Documents/BRONE_audio_gaze_project/install/op3_online_walking_module_msgs/include/op3_online_walking_module_msgs/op3_online_walking_module_msgs/msg/detail/preview_response__builder.hpp
-- Symlinking: /home/evan/Documents/BRONE_audio_gaze_project/install/op3_online_walking_module_msgs/include/op3_online_walking_module_msgs/op3_online_walking_module_msgs/msg/detail/preview_response__struct.hpp
-- Symlinking: /home/evan/Documents/BRONE_audio_gaze_project/install/op3_online_walking_module_msgs/include/op3_online_walking_module_msgs/op3_online_walking_module_msgs/msg/detail/preview_response__traits.hpp
-- Symlinking: /home/evan/Documents/BRONE_audio_gaze_project/install/op3_online_walking_module_msgs/include/op3_online_walking_module_msgs/op3_online_walking_module_msgs/msg/detail/preview_response__type_support.hpp
-- Symlinking: /home/evan/Documents/BRONE_audio_gaze_project/install/op3_online_walking_module_msgs/include/op3_online_walking_module_msgs/op3_online_walking_module_msgs/msg/detail/step2_d__builder.hpp
-- Symlinking: /home/evan/Documents/BRONE_audio_gaze_project/install/op3_online_walking_module_msgs/include/op3_online_walking_module_msgs/op3_online_walking_module_msgs/msg/detail/step2_d__struct.hpp
-- Symlinking: /home/evan/Documents/BRONE_audio_gaze_project/install/op3_online_walking_module_msgs/include/op3_online_walking_module_msgs/op3_online_walking_module_msgs/msg/detail/step2_d__traits.hpp
-- Symlinking: /home/evan/Documents/BRONE_audio_gaze_project/install/op3_online_walking_module_msgs/include/op3_online_walking_module_msgs/op3_online_walking_module_msgs/msg/detail/step2_d__type_support.hpp
-- Symlinking: /home/evan/Documents/BRONE_audio_gaze_project/install/op3_online_walking_module_msgs/include/op3_online_walking_module_msgs/op3_online_walking_module_msgs/msg/detail/step2_d_array__builder.hpp
-- Symlinking: /home/evan/Documents/BRONE_audio_gaze_project/install/op3_online_walking_module_msgs/include/op3_online_walking_module_msgs/op3_online_walking_module_msgs/msg/detail/step2_d_array__struct.hpp
-- Symlinking: /home/evan/Documents/BRONE_audio_gaze_project/install/op3_online_walking_module_msgs/include/op3_online_walking_module_msgs/op3_online_walking_module_msgs/msg/detail/step2_d_array__traits.hpp
-- Symlinking: /home/evan/Documents/BRONE_audio_gaze_project/install/op3_online_walking_module_msgs/include/op3_online_walking_module_msgs/op3_online_walking_module_msgs/msg/detail/step2_d_array__type_support.hpp
-- Symlinking: /home/evan/Documents/BRONE_audio_gaze_project/install/op3_online_walking_module_msgs/include/op3_online_walking_module_msgs/op3_online_walking_module_msgs/msg/detail/walking_param__builder.hpp
-- Symlinking: /home/evan/Documents/BRONE_audio_gaze_project/install/op3_online_walking_module_msgs/include/op3_online_walking_module_msgs/op3_online_walking_module_msgs/msg/detail/walking_param__struct.hpp
-- Symlinking: /home/evan/Documents/BRONE_audio_gaze_project/install/op3_online_walking_module_msgs/include/op3_online_walking_module_msgs/op3_online_walking_module_msgs/msg/detail/walking_param__traits.hpp
-- Symlinking: /home/evan/Documents/BRONE_audio_gaze_project/install/op3_online_walking_module_msgs/include/op3_online_walking_module_msgs/op3_online_walking_module_msgs/msg/detail/walking_param__type_support.hpp
-- Symlinking: /home/evan/Documents/BRONE_audio_gaze_project/install/op3_online_walking_module_msgs/include/op3_online_walking_module_msgs/op3_online_walking_module_msgs/msg/foot_step_array.hpp
-- Symlinking: /home/evan/Documents/BRONE_audio_gaze_project/install/op3_online_walking_module_msgs/include/op3_online_walking_module_msgs/op3_online_walking_module_msgs/msg/foot_step_command.hpp
-- Symlinking: /home/evan/Documents/BRONE_audio_gaze_project/install/op3_online_walking_module_msgs/include/op3_online_walking_module_msgs/op3_online_walking_module_msgs/msg/joint_pose.hpp
-- Symlinking: /home/evan/Documents/BRONE_audio_gaze_project/install/op3_online_walking_module_msgs/include/op3_online_walking_module_msgs/op3_online_walking_module_msgs/msg/kinematics_pose.hpp
-- Symlinking: /home/evan/Documents/BRONE_audio_gaze_project/install/op3_online_walking_module_msgs/include/op3_online_walking_module_msgs/op3_online_walking_module_msgs/msg/preview_request.hpp
-- Symlinking: /home/evan/Documents/BRONE_audio_gaze_project/install/op3_online_walking_module_msgs/include/op3_online_walking_module_msgs/op3_online_walking_module_msgs/msg/preview_response.hpp
-- Symlinking: /home/evan/Documents/BRONE_audio_gaze_project/install/op3_online_walking_module_msgs/include/op3_online_walking_module_msgs/op3_online_walking_module_msgs/msg/rosidl_generator_cpp__visibility_control.hpp
-- Symlinking: /home/evan/Documents/BRONE_audio_gaze_project/install/op3_online_walking_module_msgs/include/op3_online_walking_module_msgs/op3_online_walking_module_msgs/msg/step2_d.hpp
-- Symlinking: /home/evan/Documents/BRONE_audio_gaze_project/install/op3_online_walking_module_msgs/include/op3_online_walking_module_msgs/op3_online_walking_module_msgs/msg/step2_d_array.hpp
-- Symlinking: /home/evan/Documents/BRONE_audio_gaze_project/install/op3_online_walking_module_msgs/include/op3_online_walking_module_msgs/op3_online_walking_module_msgs/msg/walking_param.hpp
-- Symlinking: /home/evan/Documents/BRONE_audio_gaze_project/install/op3_online_walking_module_msgs/include/op3_online_walking_module_msgs/op3_online_walking_module_msgs/srv/detail/get_joint_pose__builder.hpp
-- Symlinking: /home/evan/Documents/BRONE_audio_gaze_project/install/op3_online_walking_module_msgs/include/op3_online_walking_module_msgs/op3_online_walking_module_msgs/srv/detail/get_joint_pose__struct.hpp
-- Symlinking: /home/evan/Documents/BRONE_audio_gaze_project/install/op3_online_walking_module_msgs/include/op3_online_walking_module_msgs/op3_online_walking_module_msgs/srv/detail/get_joint_pose__traits.hpp
-- Symlinking: /home/evan/Documents/BRONE_audio_gaze_project/install/op3_online_walking_module_msgs/include/op3_online_walking_module_msgs/op3_online_walking_module_msgs/srv/detail/get_joint_pose__type_support.hpp
-- Symlinking: /home/evan/Documents/BRONE_audio_gaze_project/install/op3_online_walking_module_msgs/include/op3_online_walking_module_msgs/op3_online_walking_module_msgs/srv/detail/get_kinematics_pose__builder.hpp
-- Symlinking: /home/evan/Documents/BRONE_audio_gaze_project/install/op3_online_walking_module_msgs/include/op3_online_walking_module_msgs/op3_online_walking_module_msgs/srv/detail/get_kinematics_pose__struct.hpp
-- Symlinking: /home/evan/Documents/BRONE_audio_gaze_project/install/op3_online_walking_module_msgs/include/op3_online_walking_module_msgs/op3_online_walking_module_msgs/srv/detail/get_kinematics_pose__traits.hpp
-- Symlinking: /home/evan/Documents/BRONE_audio_gaze_project/install/op3_online_walking_module_msgs/include/op3_online_walking_module_msgs/op3_online_walking_module_msgs/srv/detail/get_kinematics_pose__type_support.hpp
-- Symlinking: /home/evan/Documents/BRONE_audio_gaze_project/install/op3_online_walking_module_msgs/include/op3_online_walking_module_msgs/op3_online_walking_module_msgs/srv/detail/get_preview_matrix__builder.hpp
-- Symlinking: /home/evan/Documents/BRONE_audio_gaze_project/install/op3_online_walking_module_msgs/include/op3_online_walking_module_msgs/op3_online_walking_module_msgs/srv/detail/get_preview_matrix__struct.hpp
-- Symlinking: /home/evan/Documents/BRONE_audio_gaze_project/install/op3_online_walking_module_msgs/include/op3_online_walking_module_msgs/op3_online_walking_module_msgs/srv/detail/get_preview_matrix__traits.hpp
-- Symlinking: /home/evan/Documents/BRONE_audio_gaze_project/install/op3_online_walking_module_msgs/include/op3_online_walking_module_msgs/op3_online_walking_module_msgs/srv/detail/get_preview_matrix__type_support.hpp
-- Symlinking: /home/evan/Documents/BRONE_audio_gaze_project/install/op3_online_walking_module_msgs/include/op3_online_walking_module_msgs/op3_online_walking_module_msgs/srv/get_joint_pose.hpp
-- Symlinking: /home/evan/Documents/BRONE_audio_gaze_project/install/op3_online_walking_module_msgs/include/op3_online_walking_module_msgs/op3_online_walking_module_msgs/srv/get_kinematics_pose.hpp
-- Symlinking: /home/evan/Documents/BRONE_audio_gaze_project/install/op3_online_walking_module_msgs/include/op3_online_walking_module_msgs/op3_online_walking_module_msgs/srv/get_preview_matrix.hpp
-- Symlinking: /home/evan/Documents/BRONE_audio_gaze_project/install/op3_online_walking_module_msgs/include/op3_online_walking_module_msgs/op3_online_walking_module_msgs/msg/detail/foot_step_array__rosidl_typesupport_fastrtps_cpp.hpp
-- Symlinking: /home/evan/Documents/BRONE_audio_gaze_project/install/op3_online_walking_module_msgs/include/op3_online_walking_module_msgs/op3_online_walking_module_msgs/msg/detail/foot_step_command__rosidl_typesupport_fastrtps_cpp.hpp
-- Symlinking: /home/evan/Documents/BRONE_audio_gaze_project/install/op3_online_walking_module_msgs/include/op3_online_walking_module_msgs/op3_online_walking_module_msgs/msg/detail/joint_pose__rosidl_typesupport_fastrtps_cpp.hpp
-- Symlinking: /home/evan/Documents/BRONE_audio_gaze_project/install/op3_online_walking_module_msgs/include/op3_online_walking_module_msgs/op3_online_walking_module_msgs/msg/detail/kinematics_pose__rosidl_typesupport_fastrtps_cpp.hpp
-- Symlinking: /home/evan/Documents/BRONE_audio_gaze_project/install/op3_online_walking_module_msgs/include/op3_online_walking_module_msgs/op3_online_walking_module_msgs/msg/detail/preview_request__rosidl_typesupport_fastrtps_cpp.hpp
-- Symlinking: /home/evan/Documents/BRONE_audio_gaze_project/install/op3_online_walking_module_msgs/include/op3_online_walking_module_msgs/op3_online_walking_module_msgs/msg/detail/preview_response__rosidl_typesupport_fastrtps_cpp.hpp
-- Symlinking: /home/evan/Documents/BRONE_audio_gaze_project/install/op3_online_walking_module_msgs/include/op3_online_walking_module_msgs/op3_online_walking_module_msgs/msg/detail/step2_d__rosidl_typesupport_fastrtps_cpp.hpp
-- Symlinking: /home/evan/Documents/BRONE_audio_gaze_project/install/op3_online_walking_module_msgs/include/op3_online_walking_module_msgs/op3_online_walking_module_msgs/msg/detail/step2_d_array__rosidl_typesupport_fastrtps_cpp.hpp
-- Symlinking: /home/evan/Documents/BRONE_audio_gaze_project/install/op3_online_walking_module_msgs/include/op3_online_walking_module_msgs/op3_online_walking_module_msgs/msg/detail/walking_param__rosidl_typesupport_fastrtps_cpp.hpp
-- Symlinking: /home/evan/Documents/BRONE_audio_gaze_project/install/op3_online_walking_module_msgs/include/op3_online_walking_module_msgs/op3_online_walking_module_msgs/msg/rosidl_typesupport_fastrtps_cpp__visibility_control.h
-- Symlinking: /home/evan/Documents/BRONE_audio_gaze_project/install/op3_online_walking_module_msgs/include/op3_online_walking_module_msgs/op3_online_walking_module_msgs/srv/detail/get_joint_pose__rosidl_typesupport_fastrtps_cpp.hpp
-- Symlinking: /home/evan/Documents/BRONE_audio_gaze_project/install/op3_online_walking_module_msgs/include/op3_online_walking_module_msgs/op3_online_walking_module_msgs/srv/detail/get_kinematics_pose__rosidl_typesupport_fastrtps_cpp.hpp
-- Symlinking: /home/evan/Documents/BRONE_audio_gaze_project/install/op3_online_walking_module_msgs/include/op3_online_walking_module_msgs/op3_online_walking_module_msgs/srv/detail/get_preview_matrix__rosidl_typesupport_fastrtps_cpp.hpp
-- Symlinking: /home/evan/Documents/BRONE_audio_gaze_project/install/op3_online_walking_module_msgs/include/op3_online_walking_module_msgs/op3_online_walking_module_msgs/msg/detail/foot_step_array__rosidl_typesupport_introspection_c.h
-- Symlinking: /home/evan/Documents/BRONE_audio_gaze_project/install/op3_online_walking_module_msgs/include/op3_online_walking_module_msgs/op3_online_walking_module_msgs/msg/detail/foot_step_command__rosidl_typesupport_introspection_c.h
-- Symlinking: /home/evan/Documents/BRONE_audio_gaze_project/install/op3_online_walking_module_msgs/include/op3_online_walking_module_msgs/op3_online_walking_module_msgs/msg/detail/joint_pose__rosidl_typesupport_introspection_c.h
-- Symlinking: /home/evan/Documents/BRONE_audio_gaze_project/install/op3_online_walking_module_msgs/include/op3_online_walking_module_msgs/op3_online_walking_module_msgs/msg/detail/kinematics_pose__rosidl_typesupport_introspection_c.h
-- Symlinking: /home/evan/Documents/BRONE_audio_gaze_project/install/op3_online_walking_module_msgs/include/op3_online_walking_module_msgs/op3_online_walking_module_msgs/msg/detail/preview_request__rosidl_typesupport_introspection_c.h
-- Symlinking: /home/evan/Documents/BRONE_audio_gaze_project/install/op3_online_walking_module_msgs/include/op3_online_walking_module_msgs/op3_online_walking_module_msgs/msg/detail/preview_response__rosidl_typesupport_introspection_c.h
-- Symlinking: /home/evan/Documents/BRONE_audio_gaze_project/install/op3_online_walking_module_msgs/include/op3_online_walking_module_msgs/op3_online_walking_module_msgs/msg/detail/step2_d__rosidl_typesupport_introspection_c.h
-- Symlinking: /home/evan/Documents/BRONE_audio_gaze_project/install/op3_online_walking_module_msgs/include/op3_online_walking_module_msgs/op3_online_walking_module_msgs/msg/detail/step2_d_array__rosidl_typesupport_introspection_c.h
-- Symlinking: /home/evan/Documents/BRONE_audio_gaze_project/install/op3_online_walking_module_msgs/include/op3_online_walking_module_msgs/op3_online_walking_module_msgs/msg/detail/walking_param__rosidl_typesupport_introspection_c.h
-- Symlinking: /home/evan/Documents/BRONE_audio_gaze_project/install/op3_online_walking_module_msgs/include/op3_online_walking_module_msgs/op3_online_walking_module_msgs/msg/rosidl_typesupport_introspection_c__visibility_control.h
-- Symlinking: /home/evan/Documents/BRONE_audio_gaze_project/install/op3_online_walking_module_msgs/include/op3_online_walking_module_msgs/op3_online_walking_module_msgs/srv/detail/get_joint_pose__rosidl_typesupport_introspection_c.h
-- Symlinking: /home/evan/Documents/BRONE_audio_gaze_project/install/op3_online_walking_module_msgs/include/op3_online_walking_module_msgs/op3_online_walking_module_msgs/srv/detail/get_kinematics_pose__rosidl_typesupport_introspection_c.h
-- Symlinking: /home/evan/Documents/BRONE_audio_gaze_project/install/op3_online_walking_module_msgs/include/op3_online_walking_module_msgs/op3_online_walking_module_msgs/srv/detail/get_preview_matrix__rosidl_typesupport_introspection_c.h
-- Symlinking: /home/evan/Documents/BRONE_audio_gaze_project/install/op3_online_walking_module_msgs/include/op3_online_walking_module_msgs/op3_online_walking_module_msgs/msg/detail/foot_step_array__rosidl_typesupport_introspection_cpp.hpp
-- Symlinking: /home/evan/Documents/BRONE_audio_gaze_project/install/op3_online_walking_module_msgs/include/op3_online_walking_module_msgs/op3_online_walking_module_msgs/msg/detail/foot_step_command__rosidl_typesupport_introspection_cpp.hpp
-- Symlinking: /home/evan/Documents/BRONE_audio_gaze_project/install/op3_online_walking_module_msgs/include/op3_online_walking_module_msgs/op3_online_walking_module_msgs/msg/detail/joint_pose__rosidl_typesupport_introspection_cpp.hpp
-- Symlinking: /home/evan/Documents/BRONE_audio_gaze_project/install/op3_online_walking_module_msgs/include/op3_online_walking_module_msgs/op3_online_walking_module_msgs/msg/detail/kinematics_pose__rosidl_typesupport_introspection_cpp.hpp
-- Symlinking: /home/evan/Documents/BRONE_audio_gaze_project/install/op3_online_walking_module_msgs/include/op3_online_walking_module_msgs/op3_online_walking_module_msgs/msg/detail/preview_request__rosidl_typesupport_introspection_cpp.hpp
-- Symlinking: /home/evan/Documents/BRONE_audio_gaze_project/install/op3_online_walking_module_msgs/include/op3_online_walking_module_msgs/op3_online_walking_module_msgs/msg/detail/preview_response__rosidl_typesupport_introspection_cpp.hpp
-- Symlinking: /home/evan/Documents/BRONE_audio_gaze_project/install/op3_online_walking_module_msgs/include/op3_online_walking_module_msgs/op3_online_walking_module_msgs/msg/detail/step2_d__rosidl_typesupport_introspection_cpp.hpp
-- Symlinking: /home/evan/Documents/BRONE_audio_gaze_project/install/op3_online_walking_module_msgs/include/op3_online_walking_module_msgs/op3_online_walking_module_msgs/msg/detail/step2_d_array__rosidl_typesupport_introspection_cpp.hpp
-- Symlinking: /home/evan/Documents/BRONE_audio_gaze_project/install/op3_online_walking_module_msgs/include/op3_online_walking_module_msgs/op3_online_walking_module_msgs/msg/detail/walking_param__rosidl_typesupport_introspection_cpp.hpp
-- Symlinking: /home/evan/Documents/BRONE_audio_gaze_project/install/op3_online_walking_module_msgs/include/op3_online_walking_module_msgs/op3_online_walking_module_msgs/srv/detail/get_joint_pose__rosidl_typesupport_introspection_cpp.hpp
-- Symlinking: /home/evan/Documents/BRONE_audio_gaze_project/install/op3_online_walking_module_msgs/include/op3_online_walking_module_msgs/op3_online_walking_module_msgs/srv/detail/get_kinematics_pose__rosidl_typesupport_introspection_cpp.hpp
-- Symlinking: /home/evan/Documents/BRONE_audio_gaze_project/install/op3_online_walking_module_msgs/include/op3_online_walking_module_msgs/op3_online_walking_module_msgs/srv/detail/get_preview_matrix__rosidl_typesupport_introspection_cpp.hpp
-- Symlinking: /home/evan/Documents/BRONE_audio_gaze_project/install/op3_online_walking_module_msgs/share/op3_online_walking_module_msgs/environment/pythonpath.sh
-- Symlinking: /home/evan/Documents/BRONE_audio_gaze_project/install/op3_online_walking_module_msgs/share/op3_online_walking_module_msgs/environment/pythonpath.dsv
-- Symlinking: /home/evan/Documents/BRONE_audio_gaze_project/install/op3_online_walking_module_msgs/local/lib/python3.10/dist-packages/op3_online_walking_module_msgs-0.1.1-py3.10.egg-info/PKG-INFO
-- Symlinking: /home/evan/Documents/BRONE_audio_gaze_project/install/op3_online_walking_module_msgs/local/lib/python3.10/dist-packages/op3_online_walking_module_msgs-0.1.1-py3.10.egg-info/SOURCES.txt
-- Symlinking: /home/evan/Documents/BRONE_audio_gaze_project/install/op3_online_walking_module_msgs/local/lib/python3.10/dist-packages/op3_online_walking_module_msgs-0.1.1-py3.10.egg-info/dependency_links.txt
-- Symlinking: /home/evan/Documents/BRONE_audio_gaze_project/install/op3_online_walking_module_msgs/local/lib/python3.10/dist-packages/op3_online_walking_module_msgs-0.1.1-py3.10.egg-info/top_level.txt
-- Symlinking: /home/evan/Documents/BRONE_audio_gaze_project/install/op3_online_walking_module_msgs/local/lib/python3.10/dist-packages/op3_online_walking_module_msgs/__init__.py
-- Symlinking: /home/evan/Documents/BRONE_audio_gaze_project/install/op3_online_walking_module_msgs/local/lib/python3.10/dist-packages/op3_online_walking_module_msgs/_op3_online_walking_module_msgs_s.ep.rosidl_typesupport_c.c
-- Symlinking: /home/evan/Documents/BRONE_audio_gaze_project/install/op3_online_walking_module_msgs/local/lib/python3.10/dist-packages/op3_online_walking_module_msgs/_op3_online_walking_module_msgs_s.ep.rosidl_typesupport_fastrtps_c.c
-- Symlinking: /home/evan/Documents/BRONE_audio_gaze_project/install/op3_online_walking_module_msgs/local/lib/python3.10/dist-packages/op3_online_walking_module_msgs/_op3_online_walking_module_msgs_s.ep.rosidl_typesupport_introspection_c.c
-- Symlinking: /home/evan/Documents/BRONE_audio_gaze_project/install/op3_online_walking_module_msgs/local/lib/python3.10/dist-packages/op3_online_walking_module_msgs/libop3_online_walking_module_msgs__rosidl_generator_py.so
-- Symlinking: /home/evan/Documents/BRONE_audio_gaze_project/install/op3_online_walking_module_msgs/local/lib/python3.10/dist-packages/op3_online_walking_module_msgs/msg/__init__.py
-- Symlinking: /home/evan/Documents/BRONE_audio_gaze_project/install/op3_online_walking_module_msgs/local/lib/python3.10/dist-packages/op3_online_walking_module_msgs/msg/_foot_step_array.py
-- Symlinking: /home/evan/Documents/BRONE_audio_gaze_project/install/op3_online_walking_module_msgs/local/lib/python3.10/dist-packages/op3_online_walking_module_msgs/msg/_foot_step_array_s.c
-- Symlinking: /home/evan/Documents/BRONE_audio_gaze_project/install/op3_online_walking_module_msgs/local/lib/python3.10/dist-packages/op3_online_walking_module_msgs/msg/_foot_step_command.py
-- Symlinking: /home/evan/Documents/BRONE_audio_gaze_project/install/op3_online_walking_module_msgs/local/lib/python3.10/dist-packages/op3_online_walking_module_msgs/msg/_foot_step_command_s.c
-- Symlinking: /home/evan/Documents/BRONE_audio_gaze_project/install/op3_online_walking_module_msgs/local/lib/python3.10/dist-packages/op3_online_walking_module_msgs/msg/_joint_pose.py
-- Symlinking: /home/evan/Documents/BRONE_audio_gaze_project/install/op3_online_walking_module_msgs/local/lib/python3.10/dist-packages/op3_online_walking_module_msgs/msg/_joint_pose_s.c
-- Symlinking: /home/evan/Documents/BRONE_audio_gaze_project/install/op3_online_walking_module_msgs/local/lib/python3.10/dist-packages/op3_online_walking_module_msgs/msg/_kinematics_pose.py
-- Symlinking: /home/evan/Documents/BRONE_audio_gaze_project/install/op3_online_walking_module_msgs/local/lib/python3.10/dist-packages/op3_online_walking_module_msgs/msg/_kinematics_pose_s.c
-- Symlinking: /home/evan/Documents/BRONE_audio_gaze_project/install/op3_online_walking_module_msgs/local/lib/python3.10/dist-packages/op3_online_walking_module_msgs/msg/_preview_request.py
-- Symlinking: /home/evan/Documents/BRONE_audio_gaze_project/install/op3_online_walking_module_msgs/local/lib/python3.10/dist-packages/op3_online_walking_module_msgs/msg/_preview_request_s.c
-- Symlinking: /home/evan/Documents/BRONE_audio_gaze_project/install/op3_online_walking_module_msgs/local/lib/python3.10/dist-packages/op3_online_walking_module_msgs/msg/_preview_response.py
-- Symlinking: /home/evan/Documents/BRONE_audio_gaze_project/install/op3_online_walking_module_msgs/local/lib/python3.10/dist-packages/op3_online_walking_module_msgs/msg/_preview_response_s.c
-- Symlinking: /home/evan/Documents/BRONE_audio_gaze_project/install/op3_online_walking_module_msgs/local/lib/python3.10/dist-packages/op3_online_walking_module_msgs/msg/_step2_d.py
-- Symlinking: /home/evan/Documents/BRONE_audio_gaze_project/install/op3_online_walking_module_msgs/local/lib/python3.10/dist-packages/op3_online_walking_module_msgs/msg/_step2_d_array.py
-- Symlinking: /home/evan/Documents/BRONE_audio_gaze_project/install/op3_online_walking_module_msgs/local/lib/python3.10/dist-packages/op3_online_walking_module_msgs/msg/_step2_d_array_s.c
-- Symlinking: /home/evan/Documents/BRONE_audio_gaze_project/install/op3_online_walking_module_msgs/local/lib/python3.10/dist-packages/op3_online_walking_module_msgs/msg/_step2_d_s.c
-- Symlinking: /home/evan/Documents/BRONE_audio_gaze_project/install/op3_online_walking_module_msgs/local/lib/python3.10/dist-packages/op3_online_walking_module_msgs/msg/_walking_param.py
-- Symlinking: /home/evan/Documents/BRONE_audio_gaze_project/install/op3_online_walking_module_msgs/local/lib/python3.10/dist-packages/op3_online_walking_module_msgs/msg/_walking_param_s.c
-- Symlinking: /home/evan/Documents/BRONE_audio_gaze_project/install/op3_online_walking_module_msgs/local/lib/python3.10/dist-packages/op3_online_walking_module_msgs/op3_online_walking_module_msgs_s__rosidl_typesupport_c.cpython-310-x86_64-linux-gnu.so
-- Symlinking: /home/evan/Documents/BRONE_audio_gaze_project/install/op3_online_walking_module_msgs/local/lib/python3.10/dist-packages/op3_online_walking_module_msgs/op3_online_walking_module_msgs_s__rosidl_typesupport_fastrtps_c.cpython-310-x86_64-linux-gnu.so
-- Symlinking: /home/evan/Documents/BRONE_audio_gaze_project/install/op3_online_walking_module_msgs/local/lib/python3.10/dist-packages/op3_online_walking_module_msgs/op3_online_walking_module_msgs_s__rosidl_typesupport_introspection_c.cpython-310-x86_64-linux-gnu.so
-- Symlinking: /home/evan/Documents/BRONE_audio_gaze_project/install/op3_online_walking_module_msgs/local/lib/python3.10/dist-packages/op3_online_walking_module_msgs/srv/__init__.py
-- Symlinking: /home/evan/Documents/BRONE_audio_gaze_project/install/op3_online_walking_module_msgs/local/lib/python3.10/dist-packages/op3_online_walking_module_msgs/srv/_get_joint_pose.py
-- Symlinking: /home/evan/Documents/BRONE_audio_gaze_project/install/op3_online_walking_module_msgs/local/lib/python3.10/dist-packages/op3_online_walking_module_msgs/srv/_get_joint_pose_s.c
-- Symlinking: /home/evan/Documents/BRONE_audio_gaze_project/install/op3_online_walking_module_msgs/local/lib/python3.10/dist-packages/op3_online_walking_module_msgs/srv/_get_kinematics_pose.py
-- Symlinking: /home/evan/Documents/BRONE_audio_gaze_project/install/op3_online_walking_module_msgs/local/lib/python3.10/dist-packages/op3_online_walking_module_msgs/srv/_get_kinematics_pose_s.c
-- Symlinking: /home/evan/Documents/BRONE_audio_gaze_project/install/op3_online_walking_module_msgs/local/lib/python3.10/dist-packages/op3_online_walking_module_msgs/srv/_get_preview_matrix.py
-- Symlinking: /home/evan/Documents/BRONE_audio_gaze_project/install/op3_online_walking_module_msgs/local/lib/python3.10/dist-packages/op3_online_walking_module_msgs/srv/_get_preview_matrix_s.c
-- Up-to-date symlink: /home/evan/Documents/BRONE_audio_gaze_project/install/op3_online_walking_module_msgs/local/lib/python3.10/dist-packages/op3_online_walking_module_msgs/op3_online_walking_module_msgs_s__rosidl_typesupport_fastrtps_c.cpython-310-x86_64-linux-gnu.so
-- Up-to-date symlink: /home/evan/Documents/BRONE_audio_gaze_project/install/op3_online_walking_module_msgs/local/lib/python3.10/dist-packages/op3_online_walking_module_msgs/op3_online_walking_module_msgs_s__rosidl_typesupport_introspection_c.cpython-310-x86_64-linux-gnu.so
-- Up-to-date symlink: /home/evan/Documents/BRONE_audio_gaze_project/install/op3_online_walking_module_msgs/local/lib/python3.10/dist-packages/op3_online_walking_module_msgs/op3_online_walking_module_msgs_s__rosidl_typesupport_c.cpython-310-x86_64-linux-gnu.so
-- Symlinking: /home/evan/Documents/BRONE_audio_gaze_project/install/op3_online_walking_module_msgs/share/ament_index/resource_index/rust_packages/op3_online_walking_module_msgs
-- Symlinking: /home/evan/Documents/BRONE_audio_gaze_project/install/op3_online_walking_module_msgs/share/op3_online_walking_module_msgs/rust/Cargo.toml
-- Symlinking: /home/evan/Documents/BRONE_audio_gaze_project/install/op3_online_walking_module_msgs/share/op3_online_walking_module_msgs/rust/build.rs
-- Symlinking: /home/evan/Documents/BRONE_audio_gaze_project/install/op3_online_walking_module_msgs/share/op3_online_walking_module_msgs/rust/src/lib.rs
-- Symlinking: /home/evan/Documents/BRONE_audio_gaze_project/install/op3_online_walking_module_msgs/share/op3_online_walking_module_msgs/rust/src/msg.rs
-- Symlinking: /home/evan/Documents/BRONE_audio_gaze_project/install/op3_online_walking_module_msgs/share/op3_online_walking_module_msgs/rust/src/msg/rmw.rs
-- Symlinking: /home/evan/Documents/BRONE_audio_gaze_project/install/op3_online_walking_module_msgs/share/op3_online_walking_module_msgs/rust/src/srv.rs
-- Symlinking: /home/evan/Documents/BRONE_audio_gaze_project/install/op3_online_walking_module_msgs/share/op3_online_walking_module_msgs/rust/src/srv/rmw.rs
-- Symlinking: /home/evan/Documents/BRONE_audio_gaze_project/install/op3_online_walking_module_msgs/share/op3_online_walking_module_msgs/msg/JointPose.idl
-- Symlinking: /home/evan/Documents/BRONE_audio_gaze_project/install/op3_online_walking_module_msgs/share/op3_online_walking_module_msgs/msg/KinematicsPose.idl
-- Symlinking: /home/evan/Documents/BRONE_audio_gaze_project/install/op3_online_walking_module_msgs/share/op3_online_walking_module_msgs/msg/FootStepCommand.idl
-- Symlinking: /home/evan/Documents/BRONE_audio_gaze_project/install/op3_online_walking_module_msgs/share/op3_online_walking_module_msgs/msg/FootStepArray.idl
-- Symlinking: /home/evan/Documents/BRONE_audio_gaze_project/install/op3_online_walking_module_msgs/share/op3_online_walking_module_msgs/msg/PreviewRequest.idl
-- Symlinking: /home/evan/Documents/BRONE_audio_gaze_project/install/op3_online_walking_module_msgs/share/op3_online_walking_module_msgs/msg/PreviewResponse.idl
-- Symlinking: /home/evan/Documents/BRONE_audio_gaze_project/install/op3_online_walking_module_msgs/share/op3_online_walking_module_msgs/msg/WalkingParam.idl
-- Symlinking: /home/evan/Documents/BRONE_audio_gaze_project/install/op3_online_walking_module_msgs/share/op3_online_walking_module_msgs/msg/Step2D.idl
-- Symlinking: /home/evan/Documents/BRONE_audio_gaze_project/install/op3_online_walking_module_msgs/share/op3_online_walking_module_msgs/msg/Step2DArray.idl
-- Symlinking: /home/evan/Documents/BRONE_audio_gaze_project/install/op3_online_walking_module_msgs/share/op3_online_walking_module_msgs/srv/GetJointPose.idl
-- Symlinking: /home/evan/Documents/BRONE_audio_gaze_project/install/op3_online_walking_module_msgs/share/op3_online_walking_module_msgs/srv/GetKinematicsPose.idl
-- Symlinking: /home/evan/Documents/BRONE_audio_gaze_project/install/op3_online_walking_module_msgs/share/op3_online_walking_module_msgs/srv/GetPreviewMatrix.idl
-- Symlinking: /home/evan/Documents/BRONE_audio_gaze_project/install/op3_online_walking_module_msgs/share/op3_online_walking_module_msgs/msg/JointPose.msg
-- Symlinking: /home/evan/Documents/BRONE_audio_gaze_project/install/op3_online_walking_module_msgs/share/op3_online_walking_module_msgs/msg/KinematicsPose.msg
-- Symlinking: /home/evan/Documents/BRONE_audio_gaze_project/install/op3_online_walking_module_msgs/share/op3_online_walking_module_msgs/msg/FootStepCommand.msg
-- Symlinking: /home/evan/Documents/BRONE_audio_gaze_project/install/op3_online_walking_module_msgs/share/op3_online_walking_module_msgs/msg/FootStepArray.msg
-- Symlinking: /home/evan/Documents/BRONE_audio_gaze_project/install/op3_online_walking_module_msgs/share/op3_online_walking_module_msgs/msg/PreviewRequest.msg
-- Symlinking: /home/evan/Documents/BRONE_audio_gaze_project/install/op3_online_walking_module_msgs/share/op3_online_walking_module_msgs/msg/PreviewResponse.msg
-- Symlinking: /home/evan/Documents/BRONE_audio_gaze_project/install/op3_online_walking_module_msgs/share/op3_online_walking_module_msgs/msg/WalkingParam.msg
-- Symlinking: /home/evan/Documents/BRONE_audio_gaze_project/install/op3_online_walking_module_msgs/share/op3_online_walking_module_msgs/msg/Step2D.msg
-- Symlinking: /home/evan/Documents/BRONE_audio_gaze_project/install/op3_online_walking_module_msgs/share/op3_online_walking_module_msgs/msg/Step2DArray.msg
-- Symlinking: /home/evan/Documents/BRONE_audio_gaze_project/install/op3_online_walking_module_msgs/share/op3_online_walking_module_msgs/srv/GetJointPose.srv
-- Symlinking: /home/evan/Documents/BRONE_audio_gaze_project/install/op3_online_walking_module_msgs/share/op3_online_walking_module_msgs/srv/GetJointPose_Request.msg
-- Symlinking: /home/evan/Documents/BRONE_audio_gaze_project/install/op3_online_walking_module_msgs/share/op3_online_walking_module_msgs/srv/GetJointPose_Response.msg
-- Symlinking: /home/evan/Documents/BRONE_audio_gaze_project/install/op3_online_walking_module_msgs/share/op3_online_walking_module_msgs/srv/GetKinematicsPose.srv
-- Symlinking: /home/evan/Documents/BRONE_audio_gaze_project/install/op3_online_walking_module_msgs/share/op3_online_walking_module_msgs/srv/GetKinematicsPose_Request.msg
-- Symlinking: /home/evan/Documents/BRONE_audio_gaze_project/install/op3_online_walking_module_msgs/share/op3_online_walking_module_msgs/srv/GetKinematicsPose_Response.msg
-- Symlinking: /home/evan/Documents/BRONE_audio_gaze_project/install/op3_online_walking_module_msgs/share/op3_online_walking_module_msgs/srv/GetPreviewMatrix.srv
-- Symlinking: /home/evan/Documents/BRONE_audio_gaze_project/install/op3_online_walking_module_msgs/share/op3_online_walking_module_msgs/srv/GetPreviewMatrix_Request.msg
-- Symlinking: /home/evan/Documents/BRONE_audio_gaze_project/install/op3_online_walking_module_msgs/share/op3_online_walking_module_msgs/srv/GetPreviewMatrix_Response.msg
-- Symlinking: /home/evan/Documents/BRONE_audio_gaze_project/install/op3_online_walking_module_msgs/share/ament_index/resource_index/package_run_dependencies/op3_online_walking_module_msgs
-- Symlinking: /home/evan/Documents/BRONE_audio_gaze_project/install/op3_online_walking_module_msgs/share/ament_index/resource_index/parent_prefix_path/op3_online_walking_module_msgs
-- Symlinking: /home/evan/Documents/BRONE_audio_gaze_project/install/op3_online_walking_module_msgs/share/op3_online_walking_module_msgs/environment/ament_prefix_path.sh
-- Symlinking: /home/evan/Documents/BRONE_audio_gaze_project/install/op3_online_walking_module_msgs/share/op3_online_walking_module_msgs/environment/ament_prefix_path.dsv
-- Symlinking: /home/evan/Documents/BRONE_audio_gaze_project/install/op3_online_walking_module_msgs/share/op3_online_walking_module_msgs/environment/path.sh
-- Symlinking: /home/evan/Documents/BRONE_audio_gaze_project/install/op3_online_walking_module_msgs/share/op3_online_walking_module_msgs/environment/path.dsv
-- Symlinking: /home/evan/Documents/BRONE_audio_gaze_project/install/op3_online_walking_module_msgs/share/op3_online_walking_module_msgs/local_setup.bash
-- Symlinking: /home/evan/Documents/BRONE_audio_gaze_project/install/op3_online_walking_module_msgs/share/op3_online_walking_module_msgs/local_setup.sh
-- Symlinking: /home/evan/Documents/BRONE_audio_gaze_project/install/op3_online_walking_module_msgs/share/op3_online_walking_module_msgs/local_setup.zsh
-- Symlinking: /home/evan/Documents/BRONE_audio_gaze_project/install/op3_online_walking_module_msgs/share/op3_online_walking_module_msgs/local_setup.dsv
-- Symlinking: /home/evan/Documents/BRONE_audio_gaze_project/install/op3_online_walking_module_msgs/share/op3_online_walking_module_msgs/package.dsv
-- Symlinking: /home/evan/Documents/BRONE_audio_gaze_project/install/op3_online_walking_module_msgs/share/ament_index/resource_index/packages/op3_online_walking_module_msgs
-- Symlinking: /home/evan/Documents/BRONE_audio_gaze_project/install/op3_online_walking_module_msgs/share/op3_online_walking_module_msgs/cmake/rosidl_cmake-extras.cmake
-- Symlinking: /home/evan/Documents/BRONE_audio_gaze_project/install/op3_online_walking_module_msgs/share/op3_online_walking_module_msgs/cmake/ament_cmake_export_dependencies-extras.cmake
-- Symlinking: /home/evan/Documents/BRONE_audio_gaze_project/install/op3_online_walking_module_msgs/share/op3_online_walking_module_msgs/cmake/ament_cmake_export_include_directories-extras.cmake
-- Symlinking: /home/evan/Documents/BRONE_audio_gaze_project/install/op3_online_walking_module_msgs/share/op3_online_walking_module_msgs/cmake/ament_cmake_export_libraries-extras.cmake
-- Symlinking: /home/evan/Documents/BRONE_audio_gaze_project/install/op3_online_walking_module_msgs/share/op3_online_walking_module_msgs/cmake/ament_cmake_export_targets-extras.cmake
-- Symlinking: /home/evan/Documents/BRONE_audio_gaze_project/install/op3_online_walking_module_msgs/share/op3_online_walking_module_msgs/cmake/rosidl_cmake_export_typesupport_targets-extras.cmake
-- Symlinking: /home/evan/Documents/BRONE_audio_gaze_project/install/op3_online_walking_module_msgs/share/op3_online_walking_module_msgs/cmake/rosidl_cmake_export_typesupport_libraries-extras.cmake
-- Symlinking: /home/evan/Documents/BRONE_audio_gaze_project/install/op3_online_walking_module_msgs/share/op3_online_walking_module_msgs/cmake/op3_online_walking_module_msgsConfig.cmake
-- Symlinking: /home/evan/Documents/BRONE_audio_gaze_project/install/op3_online_walking_module_msgs/share/op3_online_walking_module_msgs/cmake/op3_online_walking_module_msgsConfig-version.cmake
-- Symlinking: /home/evan/Documents/BRONE_audio_gaze_project/install/op3_online_walking_module_msgs/share/op3_online_walking_module_msgs/package.xml
-- Installing: /home/evan/Documents/BRONE_audio_gaze_project/install/op3_online_walking_module_msgs/lib/libop3_online_walking_module_msgs__rosidl_generator_c.so
-- Set runtime path of "/home/evan/Documents/BRONE_audio_gaze_project/install/op3_online_walking_module_msgs/lib/libop3_online_walking_module_msgs__rosidl_generator_c.so" to ""
-- Installing: /home/evan/Documents/BRONE_audio_gaze_project/install/op3_online_walking_module_msgs/lib/libop3_online_walking_module_msgs__rosidl_typesupport_fastrtps_c.so
-- Set runtime path of "/home/evan/Documents/BRONE_audio_gaze_project/install/op3_online_walking_module_msgs/lib/libop3_online_walking_module_msgs__rosidl_typesupport_fastrtps_c.so" to ""
-- Installing: /home/evan/Documents/BRONE_audio_gaze_project/install/op3_online_walking_module_msgs/lib/libop3_online_walking_module_msgs__rosidl_typesupport_fastrtps_cpp.so
-- Set runtime path of "/home/evan/Documents/BRONE_audio_gaze_project/install/op3_online_walking_module_msgs/lib/libop3_online_walking_module_msgs__rosidl_typesupport_fastrtps_cpp.so" to ""
-- Installing: /home/evan/Documents/BRONE_audio_gaze_project/install/op3_online_walking_module_msgs/lib/libop3_online_walking_module_msgs__rosidl_typesupport_introspection_c.so
-- Set runtime path of "/home/evan/Documents/BRONE_audio_gaze_project/install/op3_online_walking_module_msgs/lib/libop3_online_walking_module_msgs__rosidl_typesupport_introspection_c.so" to ""
-- Installing: /home/evan/Documents/BRONE_audio_gaze_project/install/op3_online_walking_module_msgs/lib/libop3_online_walking_module_msgs__rosidl_typesupport_c.so
-- Set runtime path of "/home/evan/Documents/BRONE_audio_gaze_project/install/op3_online_walking_module_msgs/lib/libop3_online_walking_module_msgs__rosidl_typesupport_c.so" to ""
-- Installing: /home/evan/Documents/BRONE_audio_gaze_project/install/op3_online_walking_module_msgs/lib/libop3_online_walking_module_msgs__rosidl_typesupport_introspection_cpp.so
-- Set runtime path of "/home/evan/Documents/BRONE_audio_gaze_project/install/op3_online_walking_module_msgs/lib/libop3_online_walking_module_msgs__rosidl_typesupport_introspection_cpp.so" to ""
-- Installing: /home/evan/Documents/BRONE_audio_gaze_project/install/op3_online_walking_module_msgs/lib/libop3_online_walking_module_msgs__rosidl_typesupport_cpp.so
-- Set runtime path of "/home/evan/Documents/BRONE_audio_gaze_project/install/op3_online_walking_module_msgs/lib/libop3_online_walking_module_msgs__rosidl_typesupport_cpp.so" to ""
Listing '/home/evan/Documents/BRONE_audio_gaze_project/install/op3_online_walking_module_msgs/local/lib/python3.10/dist-packages/op3_online_walking_module_msgs'...
Compiling '/home/evan/Documents/BRONE_audio_gaze_project/install/op3_online_walking_module_msgs/local/lib/python3.10/dist-packages/op3_online_walking_module_msgs/__init__.py'...
Listing '/home/evan/Documents/BRONE_audio_gaze_project/install/op3_online_walking_module_msgs/local/lib/python3.10/dist-packages/op3_online_walking_module_msgs/msg'...
Compiling '/home/evan/Documents/BRONE_audio_gaze_project/install/op3_online_walking_module_msgs/local/lib/python3.10/dist-packages/op3_online_walking_module_msgs/msg/__init__.py'...
Compiling '/home/evan/Documents/BRONE_audio_gaze_project/install/op3_online_walking_module_msgs/local/lib/python3.10/dist-packages/op3_online_walking_module_msgs/msg/_foot_step_array.py'...
Compiling '/home/evan/Documents/BRONE_audio_gaze_project/install/op3_online_walking_module_msgs/local/lib/python3.10/dist-packages/op3_online_walking_module_msgs/msg/_foot_step_command.py'...
Compiling '/home/evan/Documents/BRONE_audio_gaze_project/install/op3_online_walking_module_msgs/local/lib/python3.10/dist-packages/op3_online_walking_module_msgs/msg/_joint_pose.py'...
Compiling '/home/evan/Documents/BRONE_audio_gaze_project/install/op3_online_walking_module_msgs/local/lib/python3.10/dist-packages/op3_online_walking_module_msgs/msg/_kinematics_pose.py'...
Compiling '/home/evan/Documents/BRONE_audio_gaze_project/install/op3_online_walking_module_msgs/local/lib/python3.10/dist-packages/op3_online_walking_module_msgs/msg/_preview_request.py'...
Compiling '/home/evan/Documents/BRONE_audio_gaze_project/install/op3_online_walking_module_msgs/local/lib/python3.10/dist-packages/op3_online_walking_module_msgs/msg/_preview_response.py'...
Compiling '/home/evan/Documents/BRONE_audio_gaze_project/install/op3_online_walking_module_msgs/local/lib/python3.10/dist-packages/op3_online_walking_module_msgs/msg/_step2_d.py'...
Compiling '/home/evan/Documents/BRONE_audio_gaze_project/install/op3_online_walking_module_msgs/local/lib/python3.10/dist-packages/op3_online_walking_module_msgs/msg/_step2_d_array.py'...
Compiling '/home/evan/Documents/BRONE_audio_gaze_project/install/op3_online_walking_module_msgs/local/lib/python3.10/dist-packages/op3_online_walking_module_msgs/msg/_walking_param.py'...
Listing '/home/evan/Documents/BRONE_audio_gaze_project/install/op3_online_walking_module_msgs/local/lib/python3.10/dist-packages/op3_online_walking_module_msgs/srv'...
Compiling '/home/evan/Documents/BRONE_audio_gaze_project/install/op3_online_walking_module_msgs/local/lib/python3.10/dist-packages/op3_online_walking_module_msgs/srv/__init__.py'...
Compiling '/home/evan/Documents/BRONE_audio_gaze_project/install/op3_online_walking_module_msgs/local/lib/python3.10/dist-packages/op3_online_walking_module_msgs/srv/_get_joint_pose.py'...
Compiling '/home/evan/Documents/BRONE_audio_gaze_project/install/op3_online_walking_module_msgs/local/lib/python3.10/dist-packages/op3_online_walking_module_msgs/srv/_get_kinematics_pose.py'...
Compiling '/home/evan/Documents/BRONE_audio_gaze_project/install/op3_online_walking_module_msgs/local/lib/python3.10/dist-packages/op3_online_walking_module_msgs/srv/_get_preview_matrix.py'...
-- Installing: /home/evan/Documents/BRONE_audio_gaze_project/install/op3_online_walking_module_msgs/lib/libop3_online_walking_module_msgs__rosidl_generator_py.so
-- Set runtime path of "/home/evan/Documents/BRONE_audio_gaze_project/install/op3_online_walking_module_msgs/lib/libop3_online_walking_module_msgs__rosidl_generator_py.so" to ""
-- Installing: /home/evan/Documents/BRONE_audio_gaze_project/install/op3_online_walking_module_msgs/share/op3_online_walking_module_msgs/cmake/export_op3_online_walking_module_msgs__rosidl_generator_cExport.cmake
-- Installing: /home/evan/Documents/BRONE_audio_gaze_project/install/op3_online_walking_module_msgs/share/op3_online_walking_module_msgs/cmake/export_op3_online_walking_module_msgs__rosidl_generator_cExport-noconfig.cmake
-- Installing: /home/evan/Documents/BRONE_audio_gaze_project/install/op3_online_walking_module_msgs/share/op3_online_walking_module_msgs/cmake/export_op3_online_walking_module_msgs__rosidl_typesupport_fastrtps_cExport.cmake
-- Installing: /home/evan/Documents/BRONE_audio_gaze_project/install/op3_online_walking_module_msgs/share/op3_online_walking_module_msgs/cmake/export_op3_online_walking_module_msgs__rosidl_typesupport_fastrtps_cExport-noconfig.cmake
-- Installing: /home/evan/Documents/BRONE_audio_gaze_project/install/op3_online_walking_module_msgs/share/op3_online_walking_module_msgs/cmake/export_op3_online_walking_module_msgs__rosidl_generator_cppExport.cmake
-- Installing: /home/evan/Documents/BRONE_audio_gaze_project/install/op3_online_walking_module_msgs/share/op3_online_walking_module_msgs/cmake/export_op3_online_walking_module_msgs__rosidl_typesupport_fastrtps_cppExport.cmake
-- Installing: /home/evan/Documents/BRONE_audio_gaze_project/install/op3_online_walking_module_msgs/share/op3_online_walking_module_msgs/cmake/export_op3_online_walking_module_msgs__rosidl_typesupport_fastrtps_cppExport-noconfig.cmake
-- Installing: /home/evan/Documents/BRONE_audio_gaze_project/install/op3_online_walking_module_msgs/share/op3_online_walking_module_msgs/cmake/op3_online_walking_module_msgs__rosidl_typesupport_introspection_cExport.cmake
-- Installing: /home/evan/Documents/BRONE_audio_gaze_project/install/op3_online_walking_module_msgs/share/op3_online_walking_module_msgs/cmake/op3_online_walking_module_msgs__rosidl_typesupport_introspection_cExport-noconfig.cmake
-- Installing: /home/evan/Documents/BRONE_audio_gaze_project/install/op3_online_walking_module_msgs/share/op3_online_walking_module_msgs/cmake/op3_online_walking_module_msgs__rosidl_typesupport_cExport.cmake
-- Installing: /home/evan/Documents/BRONE_audio_gaze_project/install/op3_online_walking_module_msgs/share/op3_online_walking_module_msgs/cmake/op3_online_walking_module_msgs__rosidl_typesupport_cExport-noconfig.cmake
-- Installing: /home/evan/Documents/BRONE_audio_gaze_project/install/op3_online_walking_module_msgs/share/op3_online_walking_module_msgs/cmake/op3_online_walking_module_msgs__rosidl_typesupport_introspection_cppExport.cmake
-- Installing: /home/evan/Documents/BRONE_audio_gaze_project/install/op3_online_walking_module_msgs/share/op3_online_walking_module_msgs/cmake/op3_online_walking_module_msgs__rosidl_typesupport_introspection_cppExport-noconfig.cmake
-- Installing: /home/evan/Documents/BRONE_audio_gaze_project/install/op3_online_walking_module_msgs/share/op3_online_walking_module_msgs/cmake/op3_online_walking_module_msgs__rosidl_typesupport_cppExport.cmake
-- Installing: /home/evan/Documents/BRONE_audio_gaze_project/install/op3_online_walking_module_msgs/share/op3_online_walking_module_msgs/cmake/op3_online_walking_module_msgs__rosidl_typesupport_cppExport-noconfig.cmake
-- Installing: /home/evan/Documents/BRONE_audio_gaze_project/install/op3_online_walking_module_msgs/share/op3_online_walking_module_msgs/cmake/export_op3_online_walking_module_msgs__rosidl_generator_pyExport.cmake
-- Installing: /home/evan/Documents/BRONE_audio_gaze_project/install/op3_online_walking_module_msgs/share/op3_online_walking_module_msgs/cmake/export_op3_online_walking_module_msgs__rosidl_generator_pyExport-noconfig.cmake
