[0.034s] Invoking command in '/home/evan/Documents/BRONE_audio_gaze_project/build/op3_online_walking_module_msgs': CMAKE_PREFIX_PATH=${CMAKE_PREFIX_PATH}:/home/evan/Documents/BRONE_audio_gaze_project/install/algo_gaze:/home/evan/Documents/BRONE_audio_gaze_project/install/brone_gaze:/opt/ros/humble /usr/bin/cmake /home/evan/Documents/BRONE_audio_gaze_project/ROBOTIS-OP3-msgs/op3_online_walking_module_msgs -DAMENT_CMAKE_SYMLINK_INSTALL=1 -DCMAKE_INSTALL_PREFIX=/home/evan/Documents/BRONE_audio_gaze_project/install/op3_online_walking_module_msgs
[0.114s] -- The C compiler identification is GNU 11.4.0
[0.198s] -- The CXX compiler identification is GNU 11.4.0
[0.215s] -- Detecting C compiler ABI info
[0.302s] -- Detecting C compiler ABI info - done
[0.309s] -- Check for working C compiler: /usr/bin/cc - skipped
[0.310s] -- Detecting C compile features
[0.311s] -- Detecting C compile features - done
[0.315s] -- Detecting CXX compiler ABI info
[0.417s] -- Detecting CXX compiler ABI info - done
[0.441s] -- Check for working CXX compiler: /usr/bin/c++ - skipped
[0.442s] -- Detecting CXX compile features
[0.442s] -- Detecting CXX compile features - done
[0.443s] -- Found ament_cmake: 1.3.14 (/opt/ros/humble/share/ament_cmake/cmake)
[0.692s] -- Found Python3: /usr/bin/python3 (found version "3.10.12") found components: Interpreter 
[0.818s] -- Override CMake install command with custom implementation using symlinks instead of copying resources
[0.873s] -- Found std_msgs: 4.9.1 (/opt/ros/humble/share/std_msgs/cmake)
[0.925s] -- Found rosidl_generator_c: 3.1.8 (/opt/ros/humble/share/rosidl_generator_c/cmake)
[0.930s] -- Found rosidl_adapter: 3.1.8 (/opt/ros/humble/share/rosidl_adapter/cmake)
[0.940s] -- Found rosidl_generator_cpp: 3.1.8 (/opt/ros/humble/share/rosidl_generator_cpp/cmake)
[0.954s] -- Using all available rosidl_typesupport_c: rosidl_typesupport_fastrtps_c;rosidl_typesupport_introspection_c
[0.973s] -- Using all available rosidl_typesupport_cpp: rosidl_typesupport_fastrtps_cpp;rosidl_typesupport_introspection_cpp
[1.005s] -- Found sensor_msgs: 4.9.1 (/opt/ros/humble/share/sensor_msgs/cmake)
[1.047s] -- Found rosidl_default_generators: 1.2.1 (/opt/ros/humble/share/rosidl_default_generators/cmake)
[1.883s] -- Found ament_cmake_ros: 0.10.0 (/opt/ros/humble/share/ament_cmake_ros/cmake)
[3.192s] -- Using all available rosidl_typesupport_c: rosidl_typesupport_fastrtps_c;rosidl_typesupport_introspection_c
[3.762s] -- Using all available rosidl_typesupport_cpp: rosidl_typesupport_fastrtps_cpp;rosidl_typesupport_introspection_cpp
[3.887s] -- Found PythonInterp: /usr/bin/python3 (found suitable version "3.10.12", minimum required is "3.6") 
[3.903s] -- Found python_cmake_module: 0.10.0 (/opt/ros/humble/share/python_cmake_module/cmake)
[4.047s] -- Found PythonLibs: /usr/lib/x86_64-linux-gnu/libpython3.10.so (found suitable version "3.10.12", minimum required is "3.5") 
[4.048s] -- Using PYTHON_EXECUTABLE: /usr/bin/python3
[4.048s] -- Using PYTHON_INCLUDE_DIRS: /usr/include/python3.10
[4.048s] -- Using PYTHON_LIBRARIES: /usr/lib/x86_64-linux-gnu/libpython3.10.so
[4.199s] -- Found PythonExtra: .so  
[4.938s] -- Configuring done
[5.254s] -- Generating done
[5.325s] -- Build files have been written to: /home/evan/Documents/BRONE_audio_gaze_project/build/op3_online_walking_module_msgs
[5.392s] Invoked command in '/home/evan/Documents/BRONE_audio_gaze_project/build/op3_online_walking_module_msgs' returned '0': CMAKE_PREFIX_PATH=${CMAKE_PREFIX_PATH}:/home/evan/Documents/BRONE_audio_gaze_project/install/algo_gaze:/home/evan/Documents/BRONE_audio_gaze_project/install/brone_gaze:/opt/ros/humble /usr/bin/cmake /home/evan/Documents/BRONE_audio_gaze_project/ROBOTIS-OP3-msgs/op3_online_walking_module_msgs -DAMENT_CMAKE_SYMLINK_INSTALL=1 -DCMAKE_INSTALL_PREFIX=/home/evan/Documents/BRONE_audio_gaze_project/install/op3_online_walking_module_msgs
[5.392s] Invoking command in '/home/evan/Documents/BRONE_audio_gaze_project/build/op3_online_walking_module_msgs': CMAKE_PREFIX_PATH=${CMAKE_PREFIX_PATH}:/home/evan/Documents/BRONE_audio_gaze_project/install/algo_gaze:/home/evan/Documents/BRONE_audio_gaze_project/install/brone_gaze:/opt/ros/humble /usr/bin/cmake --build /home/evan/Documents/BRONE_audio_gaze_project/build/op3_online_walking_module_msgs -- -j12 -l12
[17.375s] [  1%] [34m[1mGenerating C code for ROS interfaces[0m
[17.375s] [  2%] [34m[1mGenerating Rust code for ROS interfaces[0m
[17.375s] [  2%] [34m[1mGenerating C++ code for ROS interfaces[0m
[17.375s] [  2%] Built target ament_cmake_python_symlink_op3_online_walking_module_msgs
[17.375s] running egg_info
[17.375s] creating op3_online_walking_module_msgs.egg-info
[17.375s] writing op3_online_walking_module_msgs.egg-info/PKG-INFO
[17.376s] writing dependency_links to op3_online_walking_module_msgs.egg-info/dependency_links.txt
[17.376s] writing top-level names to op3_online_walking_module_msgs.egg-info/top_level.txt
[17.376s] writing manifest file 'op3_online_walking_module_msgs.egg-info/SOURCES.txt'
[17.376s] reading manifest file 'op3_online_walking_module_msgs.egg-info/SOURCES.txt'
[17.376s] writing manifest file 'op3_online_walking_module_msgs.egg-info/SOURCES.txt'
[17.376s] [  2%] Built target ament_cmake_python_build_op3_online_walking_module_msgs_egg
[17.376s] [  2%] Built target op3_online_walking_module_msgs__rs
[17.376s] [  2%] Built target op3_online_walking_module_msgs__cpp
[17.376s] [  3%] [32mBuilding C object CMakeFiles/op3_online_walking_module_msgs__rosidl_generator_c.dir/rosidl_generator_c/op3_online_walking_module_msgs/msg/detail/joint_pose__functions.c.o[0m
[17.376s] [  4%] [32mBuilding C object CMakeFiles/op3_online_walking_module_msgs__rosidl_generator_c.dir/rosidl_generator_c/op3_online_walking_module_msgs/msg/detail/step2_d_array__functions.c.o[0m
[17.376s] [  4%] [32mBuilding C object CMakeFiles/op3_online_walking_module_msgs__rosidl_generator_c.dir/rosidl_generator_c/op3_online_walking_module_msgs/srv/detail/get_joint_pose__functions.c.o[0m
[17.376s] [  5%] [32mBuilding C object CMakeFiles/op3_online_walking_module_msgs__rosidl_generator_c.dir/rosidl_generator_c/op3_online_walking_module_msgs/srv/detail/get_kinematics_pose__functions.c.o[0m
[17.376s] [  6%] [32mBuilding C object CMakeFiles/op3_online_walking_module_msgs__rosidl_generator_c.dir/rosidl_generator_c/op3_online_walking_module_msgs/srv/detail/get_preview_matrix__functions.c.o[0m
[17.376s] [  7%] [32mBuilding C object CMakeFiles/op3_online_walking_module_msgs__rosidl_generator_c.dir/rosidl_generator_c/op3_online_walking_module_msgs/msg/detail/step2_d__functions.c.o[0m
[17.376s] [  8%] [32mBuilding C object CMakeFiles/op3_online_walking_module_msgs__rosidl_generator_c.dir/rosidl_generator_c/op3_online_walking_module_msgs/msg/detail/walking_param__functions.c.o[0m
[17.376s] [  9%] [32mBuilding C object CMakeFiles/op3_online_walking_module_msgs__rosidl_generator_c.dir/rosidl_generator_c/op3_online_walking_module_msgs/msg/detail/preview_response__functions.c.o[0m
[17.377s] [ 10%] [32mBuilding C object CMakeFiles/op3_online_walking_module_msgs__rosidl_generator_c.dir/rosidl_generator_c/op3_online_walking_module_msgs/msg/detail/preview_request__functions.c.o[0m
[17.377s] [ 10%] [32mBuilding C object CMakeFiles/op3_online_walking_module_msgs__rosidl_generator_c.dir/rosidl_generator_c/op3_online_walking_module_msgs/msg/detail/foot_step_array__functions.c.o[0m
[17.377s] [ 11%] [32mBuilding C object CMakeFiles/op3_online_walking_module_msgs__rosidl_generator_c.dir/rosidl_generator_c/op3_online_walking_module_msgs/msg/detail/foot_step_command__functions.c.o[0m
[17.377s] [ 12%] [32mBuilding C object CMakeFiles/op3_online_walking_module_msgs__rosidl_generator_c.dir/rosidl_generator_c/op3_online_walking_module_msgs/msg/detail/kinematics_pose__functions.c.o[0m
[17.400s] [ 13%] [32m[1mLinking C shared library libop3_online_walking_module_msgs__rosidl_generator_c.so[0m
[17.540s] [ 13%] Built target op3_online_walking_module_msgs__rosidl_generator_c
[17.570s] [ 14%] [34m[1mGenerating C++ type support dispatch for ROS interfaces[0m
[19.694s] [ 15%] [32mBuilding CXX object CMakeFiles/op3_online_walking_module_msgs__rosidl_typesupport_cpp.dir/rosidl_typesupport_cpp/op3_online_walking_module_msgs/msg/joint_pose__type_support.cpp.o[0m
[20.192s] [ 16%] [32mBuilding CXX object CMakeFiles/op3_online_walking_module_msgs__rosidl_typesupport_cpp.dir/rosidl_typesupport_cpp/op3_online_walking_module_msgs/msg/walking_param__type_support.cpp.o[0m
[20.564s] [ 17%] [32mBuilding CXX object CMakeFiles/op3_online_walking_module_msgs__rosidl_typesupport_cpp.dir/rosidl_typesupport_cpp/op3_online_walking_module_msgs/msg/step2_d__type_support.cpp.o[0m
[21.046s] [ 17%] [32mBuilding CXX object CMakeFiles/op3_online_walking_module_msgs__rosidl_typesupport_cpp.dir/rosidl_typesupport_cpp/op3_online_walking_module_msgs/msg/step2_d_array__type_support.cpp.o[0m
[21.404s] [ 18%] [32mBuilding CXX object CMakeFiles/op3_online_walking_module_msgs__rosidl_typesupport_cpp.dir/rosidl_typesupport_cpp/op3_online_walking_module_msgs/srv/get_joint_pose__type_support.cpp.o[0m
[21.743s] [ 19%] [32mBuilding CXX object CMakeFiles/op3_online_walking_module_msgs__rosidl_typesupport_cpp.dir/rosidl_typesupport_cpp/op3_online_walking_module_msgs/srv/get_kinematics_pose__type_support.cpp.o[0m
[22.159s] [ 20%] [32mBuilding CXX object CMakeFiles/op3_online_walking_module_msgs__rosidl_typesupport_cpp.dir/rosidl_typesupport_cpp/op3_online_walking_module_msgs/srv/get_preview_matrix__type_support.cpp.o[0m
[22.474s] [ 21%] [32mBuilding CXX object CMakeFiles/op3_online_walking_module_msgs__rosidl_typesupport_cpp.dir/rosidl_typesupport_cpp/op3_online_walking_module_msgs/msg/preview_response__type_support.cpp.o[0m
[23.001s] [ 22%] [32mBuilding CXX object CMakeFiles/op3_online_walking_module_msgs__rosidl_typesupport_cpp.dir/rosidl_typesupport_cpp/op3_online_walking_module_msgs/msg/preview_request__type_support.cpp.o[0m
[23.416s] [ 23%] [32mBuilding CXX object CMakeFiles/op3_online_walking_module_msgs__rosidl_typesupport_cpp.dir/rosidl_typesupport_cpp/op3_online_walking_module_msgs/msg/foot_step_array__type_support.cpp.o[0m
[23.866s] [ 23%] [32mBuilding CXX object CMakeFiles/op3_online_walking_module_msgs__rosidl_typesupport_cpp.dir/rosidl_typesupport_cpp/op3_online_walking_module_msgs/msg/foot_step_command__type_support.cpp.o[0m
[24.311s] [ 24%] [32mBuilding CXX object CMakeFiles/op3_online_walking_module_msgs__rosidl_typesupport_cpp.dir/rosidl_typesupport_cpp/op3_online_walking_module_msgs/msg/kinematics_pose__type_support.cpp.o[0m
[24.759s] [ 25%] [32m[1mLinking CXX shared library libop3_online_walking_module_msgs__rosidl_typesupport_cpp.so[0m
[24.828s] [ 25%] Built target op3_online_walking_module_msgs__rosidl_typesupport_cpp
[24.847s] [ 26%] [34m[1mGenerating C type support dispatch for ROS interfaces[0m
[25.685s] [ 26%] [32mBuilding CXX object CMakeFiles/op3_online_walking_module_msgs__rosidl_typesupport_c.dir/rosidl_typesupport_c/op3_online_walking_module_msgs/msg/joint_pose__type_support.cpp.o[0m
[25.728s] [ 27%] [32mBuilding CXX object CMakeFiles/op3_online_walking_module_msgs__rosidl_typesupport_c.dir/rosidl_typesupport_c/op3_online_walking_module_msgs/msg/step2_d__type_support.cpp.o[0m
[25.766s] [ 28%] [32mBuilding CXX object CMakeFiles/op3_online_walking_module_msgs__rosidl_typesupport_c.dir/rosidl_typesupport_c/op3_online_walking_module_msgs/msg/step2_d_array__type_support.cpp.o[0m
[25.804s] [ 29%] [32mBuilding CXX object CMakeFiles/op3_online_walking_module_msgs__rosidl_typesupport_c.dir/rosidl_typesupport_c/op3_online_walking_module_msgs/srv/get_joint_pose__type_support.cpp.o[0m
[25.853s] [ 30%] [32mBuilding CXX object CMakeFiles/op3_online_walking_module_msgs__rosidl_typesupport_c.dir/rosidl_typesupport_c/op3_online_walking_module_msgs/srv/get_kinematics_pose__type_support.cpp.o[0m
[25.893s] [ 31%] [32mBuilding CXX object CMakeFiles/op3_online_walking_module_msgs__rosidl_typesupport_c.dir/rosidl_typesupport_c/op3_online_walking_module_msgs/srv/get_preview_matrix__type_support.cpp.o[0m
[25.939s] [ 31%] [32mBuilding CXX object CMakeFiles/op3_online_walking_module_msgs__rosidl_typesupport_c.dir/rosidl_typesupport_c/op3_online_walking_module_msgs/msg/walking_param__type_support.cpp.o[0m
[25.973s] [ 32%] [32mBuilding CXX object CMakeFiles/op3_online_walking_module_msgs__rosidl_typesupport_c.dir/rosidl_typesupport_c/op3_online_walking_module_msgs/msg/preview_response__type_support.cpp.o[0m
[26.016s] [ 33%] [32mBuilding CXX object CMakeFiles/op3_online_walking_module_msgs__rosidl_typesupport_c.dir/rosidl_typesupport_c/op3_online_walking_module_msgs/msg/preview_request__type_support.cpp.o[0m
[26.057s] [ 34%] [32mBuilding CXX object CMakeFiles/op3_online_walking_module_msgs__rosidl_typesupport_c.dir/rosidl_typesupport_c/op3_online_walking_module_msgs/msg/foot_step_array__type_support.cpp.o[0m
[26.094s] [ 35%] [32mBuilding CXX object CMakeFiles/op3_online_walking_module_msgs__rosidl_typesupport_c.dir/rosidl_typesupport_c/op3_online_walking_module_msgs/msg/foot_step_command__type_support.cpp.o[0m
[26.133s] [ 36%] [32mBuilding CXX object CMakeFiles/op3_online_walking_module_msgs__rosidl_typesupport_c.dir/rosidl_typesupport_c/op3_online_walking_module_msgs/msg/kinematics_pose__type_support.cpp.o[0m
[26.177s] [ 36%] [32m[1mLinking CXX shared library libop3_online_walking_module_msgs__rosidl_typesupport_c.so[0m
[26.251s] [ 36%] Built target op3_online_walking_module_msgs__rosidl_typesupport_c
[26.265s] [ 37%] [34m[1mGenerating C introspection for ROS interfaces[0m
[27.521s] [ 37%] [32mBuilding C object CMakeFiles/op3_online_walking_module_msgs__rosidl_typesupport_introspection_c.dir/rosidl_typesupport_introspection_c/op3_online_walking_module_msgs/msg/detail/joint_pose__type_support.c.o[0m
[27.566s] [ 38%] [32mBuilding C object CMakeFiles/op3_online_walking_module_msgs__rosidl_typesupport_introspection_c.dir/rosidl_typesupport_introspection_c/op3_online_walking_module_msgs/msg/detail/step2_d_array__type_support.c.o[0m
[27.606s] [ 39%] [32mBuilding C object CMakeFiles/op3_online_walking_module_msgs__rosidl_typesupport_introspection_c.dir/rosidl_typesupport_introspection_c/op3_online_walking_module_msgs/srv/detail/get_joint_pose__type_support.c.o[0m
[27.656s] [ 40%] [32mBuilding C object CMakeFiles/op3_online_walking_module_msgs__rosidl_typesupport_introspection_c.dir/rosidl_typesupport_introspection_c/op3_online_walking_module_msgs/srv/detail/get_kinematics_pose__type_support.c.o[0m
[27.700s] [ 41%] [32mBuilding C object CMakeFiles/op3_online_walking_module_msgs__rosidl_typesupport_introspection_c.dir/rosidl_typesupport_introspection_c/op3_online_walking_module_msgs/srv/detail/get_preview_matrix__type_support.c.o[0m
[27.753s] [ 42%] [32mBuilding C object CMakeFiles/op3_online_walking_module_msgs__rosidl_typesupport_introspection_c.dir/rosidl_typesupport_introspection_c/op3_online_walking_module_msgs/msg/detail/step2_d__type_support.c.o[0m
[27.808s] [ 42%] [32mBuilding C object CMakeFiles/op3_online_walking_module_msgs__rosidl_typesupport_introspection_c.dir/rosidl_typesupport_introspection_c/op3_online_walking_module_msgs/msg/detail/walking_param__type_support.c.o[0m
[27.854s] [ 43%] [32mBuilding C object CMakeFiles/op3_online_walking_module_msgs__rosidl_typesupport_introspection_c.dir/rosidl_typesupport_introspection_c/op3_online_walking_module_msgs/msg/detail/preview_response__type_support.c.o[0m
[27.908s] [ 44%] [32mBuilding C object CMakeFiles/op3_online_walking_module_msgs__rosidl_typesupport_introspection_c.dir/rosidl_typesupport_introspection_c/op3_online_walking_module_msgs/msg/detail/preview_request__type_support.c.o[0m
[27.951s] [ 45%] [32mBuilding C object CMakeFiles/op3_online_walking_module_msgs__rosidl_typesupport_introspection_c.dir/rosidl_typesupport_introspection_c/op3_online_walking_module_msgs/msg/detail/foot_step_array__type_support.c.o[0m
[28.003s] [ 46%] [32mBuilding C object CMakeFiles/op3_online_walking_module_msgs__rosidl_typesupport_introspection_c.dir/rosidl_typesupport_introspection_c/op3_online_walking_module_msgs/msg/detail/foot_step_command__type_support.c.o[0m
[28.047s] [ 47%] [32mBuilding C object CMakeFiles/op3_online_walking_module_msgs__rosidl_typesupport_introspection_c.dir/rosidl_typesupport_introspection_c/op3_online_walking_module_msgs/msg/detail/kinematics_pose__type_support.c.o[0m
[28.103s] [ 47%] [32m[1mLinking C shared library libop3_online_walking_module_msgs__rosidl_typesupport_introspection_c.so[0m
[28.159s] [ 47%] Built target op3_online_walking_module_msgs__rosidl_typesupport_introspection_c
[28.172s] [ 48%] [34m[1mGenerating C type support for eProsima Fast-RTPS[0m
[29.332s] [ 48%] [32mBuilding CXX object CMakeFiles/op3_online_walking_module_msgs__rosidl_typesupport_fastrtps_c.dir/rosidl_typesupport_fastrtps_c/op3_online_walking_module_msgs/msg/detail/joint_pose__type_support_c.cpp.o[0m
[29.717s] [ 49%] [32mBuilding CXX object CMakeFiles/op3_online_walking_module_msgs__rosidl_typesupport_fastrtps_c.dir/rosidl_typesupport_fastrtps_c/op3_online_walking_module_msgs/srv/detail/get_joint_pose__type_support_c.cpp.o[0m
[30.146s] [ 50%] [32mBuilding CXX object CMakeFiles/op3_online_walking_module_msgs__rosidl_typesupport_fastrtps_c.dir/rosidl_typesupport_fastrtps_c/op3_online_walking_module_msgs/srv/detail/get_kinematics_pose__type_support_c.cpp.o[0m
[30.651s] [ 51%] [32mBuilding CXX object CMakeFiles/op3_online_walking_module_msgs__rosidl_typesupport_fastrtps_c.dir/rosidl_typesupport_fastrtps_c/op3_online_walking_module_msgs/srv/detail/get_preview_matrix__type_support_c.cpp.o[0m
[31.203s] [ 52%] [32mBuilding CXX object CMakeFiles/op3_online_walking_module_msgs__rosidl_typesupport_fastrtps_c.dir/rosidl_typesupport_fastrtps_c/op3_online_walking_module_msgs/msg/detail/step2_d_array__type_support_c.cpp.o[0m
[31.595s] [ 53%] [32mBuilding CXX object CMakeFiles/op3_online_walking_module_msgs__rosidl_typesupport_fastrtps_c.dir/rosidl_typesupport_fastrtps_c/op3_online_walking_module_msgs/msg/detail/step2_d__type_support_c.cpp.o[0m
[31.999s] [ 53%] [32mBuilding CXX object CMakeFiles/op3_online_walking_module_msgs__rosidl_typesupport_fastrtps_c.dir/rosidl_typesupport_fastrtps_c/op3_online_walking_module_msgs/msg/detail/walking_param__type_support_c.cpp.o[0m
[32.497s] [ 54%] [32mBuilding CXX object CMakeFiles/op3_online_walking_module_msgs__rosidl_typesupport_fastrtps_c.dir/rosidl_typesupport_fastrtps_c/op3_online_walking_module_msgs/msg/detail/preview_response__type_support_c.cpp.o[0m
[33.058s] [ 55%] [32mBuilding CXX object CMakeFiles/op3_online_walking_module_msgs__rosidl_typesupport_fastrtps_c.dir/rosidl_typesupport_fastrtps_c/op3_online_walking_module_msgs/msg/detail/preview_request__type_support_c.cpp.o[0m
[33.455s] [ 56%] [32mBuilding CXX object CMakeFiles/op3_online_walking_module_msgs__rosidl_typesupport_fastrtps_c.dir/rosidl_typesupport_fastrtps_c/op3_online_walking_module_msgs/msg/detail/foot_step_array__type_support_c.cpp.o[0m
[33.880s] [ 57%] [32mBuilding CXX object CMakeFiles/op3_online_walking_module_msgs__rosidl_typesupport_fastrtps_c.dir/rosidl_typesupport_fastrtps_c/op3_online_walking_module_msgs/msg/detail/foot_step_command__type_support_c.cpp.o[0m
[34.293s] [ 58%] [32mBuilding CXX object CMakeFiles/op3_online_walking_module_msgs__rosidl_typesupport_fastrtps_c.dir/rosidl_typesupport_fastrtps_c/op3_online_walking_module_msgs/msg/detail/kinematics_pose__type_support_c.cpp.o[0m
[34.721s] [ 58%] [32m[1mLinking CXX shared library libop3_online_walking_module_msgs__rosidl_typesupport_fastrtps_c.so[0m
[34.851s] [ 58%] Built target op3_online_walking_module_msgs__rosidl_typesupport_fastrtps_c
[34.868s] [ 59%] [34m[1mGenerating C++ introspection for ROS interfaces[0m
[36.015s] [ 60%] [32mBuilding CXX object CMakeFiles/op3_online_walking_module_msgs__rosidl_typesupport_introspection_cpp.dir/rosidl_typesupport_introspection_cpp/op3_online_walking_module_msgs/msg/detail/joint_pose__type_support.cpp.o[0m
[36.497s] [ 61%] [32mBuilding CXX object CMakeFiles/op3_online_walking_module_msgs__rosidl_typesupport_introspection_cpp.dir/rosidl_typesupport_introspection_cpp/op3_online_walking_module_msgs/srv/detail/get_kinematics_pose__type_support.cpp.o[0m
[36.991s] [ 62%] [32mBuilding CXX object CMakeFiles/op3_online_walking_module_msgs__rosidl_typesupport_introspection_cpp.dir/rosidl_typesupport_introspection_cpp/op3_online_walking_module_msgs/srv/detail/get_preview_matrix__type_support.cpp.o[0m
[37.505s] [ 63%] [32mBuilding CXX object CMakeFiles/op3_online_walking_module_msgs__rosidl_typesupport_introspection_cpp.dir/rosidl_typesupport_introspection_cpp/op3_online_walking_module_msgs/srv/detail/get_joint_pose__type_support.cpp.o[0m
[38.066s] [ 63%] [32mBuilding CXX object CMakeFiles/op3_online_walking_module_msgs__rosidl_typesupport_introspection_cpp.dir/rosidl_typesupport_introspection_cpp/op3_online_walking_module_msgs/msg/detail/step2_d_array__type_support.cpp.o[0m
[38.604s] [ 64%] [32mBuilding CXX object CMakeFiles/op3_online_walking_module_msgs__rosidl_typesupport_introspection_cpp.dir/rosidl_typesupport_introspection_cpp/op3_online_walking_module_msgs/msg/detail/step2_d__type_support.cpp.o[0m
[39.142s] [ 65%] [32mBuilding CXX object CMakeFiles/op3_online_walking_module_msgs__rosidl_typesupport_introspection_cpp.dir/rosidl_typesupport_introspection_cpp/op3_online_walking_module_msgs/msg/detail/walking_param__type_support.cpp.o[0m
[39.769s] [ 66%] [32mBuilding CXX object CMakeFiles/op3_online_walking_module_msgs__rosidl_typesupport_introspection_cpp.dir/rosidl_typesupport_introspection_cpp/op3_online_walking_module_msgs/msg/detail/preview_response__type_support.cpp.o[0m
[40.294s] [ 67%] [32mBuilding CXX object CMakeFiles/op3_online_walking_module_msgs__rosidl_typesupport_introspection_cpp.dir/rosidl_typesupport_introspection_cpp/op3_online_walking_module_msgs/msg/detail/preview_request__type_support.cpp.o[0m
[40.757s] [ 68%] [32mBuilding CXX object CMakeFiles/op3_online_walking_module_msgs__rosidl_typesupport_introspection_cpp.dir/rosidl_typesupport_introspection_cpp/op3_online_walking_module_msgs/msg/detail/foot_step_array__type_support.cpp.o[0m
[41.316s] [ 68%] [32mBuilding CXX object CMakeFiles/op3_online_walking_module_msgs__rosidl_typesupport_introspection_cpp.dir/rosidl_typesupport_introspection_cpp/op3_online_walking_module_msgs/msg/detail/foot_step_command__type_support.cpp.o[0m
[41.796s] [ 69%] [32mBuilding CXX object CMakeFiles/op3_online_walking_module_msgs__rosidl_typesupport_introspection_cpp.dir/rosidl_typesupport_introspection_cpp/op3_online_walking_module_msgs/msg/detail/kinematics_pose__type_support.cpp.o[0m
[42.284s] [ 70%] [32m[1mLinking CXX shared library libop3_online_walking_module_msgs__rosidl_typesupport_introspection_cpp.so[0m
[42.418s] [ 70%] Built target op3_online_walking_module_msgs__rosidl_typesupport_introspection_cpp
[42.435s] [ 71%] [34m[1mGenerating C++ type support for eProsima Fast-RTPS[0m
[43.778s] [ 72%] [32mBuilding CXX object CMakeFiles/op3_online_walking_module_msgs__rosidl_typesupport_fastrtps_cpp.dir/rosidl_typesupport_fastrtps_cpp/op3_online_walking_module_msgs/msg/detail/dds_fastrtps/joint_pose__type_support.cpp.o[0m
[44.272s] [ 73%] [32mBuilding CXX object CMakeFiles/op3_online_walking_module_msgs__rosidl_typesupport_fastrtps_cpp.dir/rosidl_typesupport_fastrtps_cpp/op3_online_walking_module_msgs/srv/detail/dds_fastrtps/get_preview_matrix__type_support.cpp.o[0m
[44.708s] [ 74%] [32mBuilding CXX object CMakeFiles/op3_online_walking_module_msgs__rosidl_typesupport_fastrtps_cpp.dir/rosidl_typesupport_fastrtps_cpp/op3_online_walking_module_msgs/srv/detail/dds_fastrtps/get_kinematics_pose__type_support.cpp.o[0m
[45.309s] [ 75%] [32mBuilding CXX object CMakeFiles/op3_online_walking_module_msgs__rosidl_typesupport_fastrtps_cpp.dir/rosidl_typesupport_fastrtps_cpp/op3_online_walking_module_msgs/srv/detail/dds_fastrtps/get_joint_pose__type_support.cpp.o[0m
[45.849s] [ 75%] [32mBuilding CXX object CMakeFiles/op3_online_walking_module_msgs__rosidl_typesupport_fastrtps_cpp.dir/rosidl_typesupport_fastrtps_cpp/op3_online_walking_module_msgs/msg/detail/dds_fastrtps/step2_d_array__type_support.cpp.o[0m
[46.410s] [ 76%] [32mBuilding CXX object CMakeFiles/op3_online_walking_module_msgs__rosidl_typesupport_fastrtps_cpp.dir/rosidl_typesupport_fastrtps_cpp/op3_online_walking_module_msgs/msg/detail/dds_fastrtps/step2_d__type_support.cpp.o[0m
[46.800s] [ 77%] [32mBuilding CXX object CMakeFiles/op3_online_walking_module_msgs__rosidl_typesupport_fastrtps_cpp.dir/rosidl_typesupport_fastrtps_cpp/op3_online_walking_module_msgs/msg/detail/dds_fastrtps/walking_param__type_support.cpp.o[0m
[47.257s] [ 78%] [32mBuilding CXX object CMakeFiles/op3_online_walking_module_msgs__rosidl_typesupport_fastrtps_cpp.dir/rosidl_typesupport_fastrtps_cpp/op3_online_walking_module_msgs/msg/detail/dds_fastrtps/preview_response__type_support.cpp.o[0m
[47.751s] [ 79%] [32mBuilding CXX object CMakeFiles/op3_online_walking_module_msgs__rosidl_typesupport_fastrtps_cpp.dir/rosidl_typesupport_fastrtps_cpp/op3_online_walking_module_msgs/msg/detail/dds_fastrtps/preview_request__type_support.cpp.o[0m
[48.303s] [ 80%] [32mBuilding CXX object CMakeFiles/op3_online_walking_module_msgs__rosidl_typesupport_fastrtps_cpp.dir/rosidl_typesupport_fastrtps_cpp/op3_online_walking_module_msgs/msg/detail/dds_fastrtps/foot_step_array__type_support.cpp.o[0m
[48.874s] [ 80%] [32mBuilding CXX object CMakeFiles/op3_online_walking_module_msgs__rosidl_typesupport_fastrtps_cpp.dir/rosidl_typesupport_fastrtps_cpp/op3_online_walking_module_msgs/msg/detail/dds_fastrtps/foot_step_command__type_support.cpp.o[0m
[49.365s] [ 81%] [32mBuilding CXX object CMakeFiles/op3_online_walking_module_msgs__rosidl_typesupport_fastrtps_cpp.dir/rosidl_typesupport_fastrtps_cpp/op3_online_walking_module_msgs/msg/detail/dds_fastrtps/kinematics_pose__type_support.cpp.o[0m
[49.699s] [ 82%] [32m[1mLinking CXX shared library libop3_online_walking_module_msgs__rosidl_typesupport_fastrtps_cpp.so[0m
[49.794s] [ 82%] Built target op3_online_walking_module_msgs__rosidl_typesupport_fastrtps_cpp
[49.820s] [ 82%] Built target op3_online_walking_module_msgs
[49.855s] [ 83%] [34m[1mGenerating Python code for ROS interfaces[0m
[51.563s] [ 83%] Built target op3_online_walking_module_msgs__py
[51.590s] [ 84%] [32mBuilding C object CMakeFiles/op3_online_walking_module_msgs__rosidl_generator_py.dir/rosidl_generator_py/op3_online_walking_module_msgs/msg/_joint_pose_s.c.o[0m
[51.726s] [ 85%] [32mBuilding C object CMakeFiles/op3_online_walking_module_msgs__rosidl_generator_py.dir/rosidl_generator_py/op3_online_walking_module_msgs/srv/_get_preview_matrix_s.c.o[0m
[51.916s] [ 86%] [32mBuilding C object CMakeFiles/op3_online_walking_module_msgs__rosidl_generator_py.dir/rosidl_generator_py/op3_online_walking_module_msgs/srv/_get_kinematics_pose_s.c.o[0m
[52.087s] [ 87%] [32mBuilding C object CMakeFiles/op3_online_walking_module_msgs__rosidl_generator_py.dir/rosidl_generator_py/op3_online_walking_module_msgs/srv/_get_joint_pose_s.c.o[0m
[52.246s] [ 87%] [32mBuilding C object CMakeFiles/op3_online_walking_module_msgs__rosidl_generator_py.dir/rosidl_generator_py/op3_online_walking_module_msgs/msg/_step2_d_array_s.c.o[0m
[52.392s] [ 88%] [32mBuilding C object CMakeFiles/op3_online_walking_module_msgs__rosidl_generator_py.dir/rosidl_generator_py/op3_online_walking_module_msgs/msg/_step2_d_s.c.o[0m
[52.597s] [ 89%] [32mBuilding C object CMakeFiles/op3_online_walking_module_msgs__rosidl_generator_py.dir/rosidl_generator_py/op3_online_walking_module_msgs/msg/_walking_param_s.c.o[0m
[52.740s] [ 90%] [32mBuilding C object CMakeFiles/op3_online_walking_module_msgs__rosidl_generator_py.dir/rosidl_generator_py/op3_online_walking_module_msgs/msg/_preview_response_s.c.o[0m
[52.980s] [ 91%] [32mBuilding C object CMakeFiles/op3_online_walking_module_msgs__rosidl_generator_py.dir/rosidl_generator_py/op3_online_walking_module_msgs/msg/_preview_request_s.c.o[0m
[53.101s] [ 92%] [32mBuilding C object CMakeFiles/op3_online_walking_module_msgs__rosidl_generator_py.dir/rosidl_generator_py/op3_online_walking_module_msgs/msg/_foot_step_array_s.c.o[0m
[53.215s] [ 92%] [32mBuilding C object CMakeFiles/op3_online_walking_module_msgs__rosidl_generator_py.dir/rosidl_generator_py/op3_online_walking_module_msgs/msg/_foot_step_command_s.c.o[0m
[53.315s] [ 93%] [32mBuilding C object CMakeFiles/op3_online_walking_module_msgs__rosidl_generator_py.dir/rosidl_generator_py/op3_online_walking_module_msgs/msg/_kinematics_pose_s.c.o[0m
[53.496s] [ 94%] [32m[1mLinking C shared library rosidl_generator_py/op3_online_walking_module_msgs/libop3_online_walking_module_msgs__rosidl_generator_py.so[0m
[53.544s] [ 94%] Built target op3_online_walking_module_msgs__rosidl_generator_py
[53.578s] [ 95%] [32mBuilding C object CMakeFiles/op3_online_walking_module_msgs__rosidl_typesupport_fastrtps_c__pyext.dir/rosidl_generator_py/op3_online_walking_module_msgs/_op3_online_walking_module_msgs_s.ep.rosidl_typesupport_fastrtps_c.c.o[0m
[53.809s] [ 96%] [32m[1mLinking C shared library rosidl_generator_py/op3_online_walking_module_msgs/op3_online_walking_module_msgs_s__rosidl_typesupport_fastrtps_c.cpython-310-x86_64-linux-gnu.so[0m
[53.873s] [ 96%] Built target op3_online_walking_module_msgs__rosidl_typesupport_fastrtps_c__pyext
[53.901s] [ 97%] [32mBuilding C object CMakeFiles/op3_online_walking_module_msgs__rosidl_typesupport_c__pyext.dir/rosidl_generator_py/op3_online_walking_module_msgs/_op3_online_walking_module_msgs_s.ep.rosidl_typesupport_c.c.o[0m
[54.074s] [ 98%] [32m[1mLinking C shared library rosidl_generator_py/op3_online_walking_module_msgs/op3_online_walking_module_msgs_s__rosidl_typesupport_c.cpython-310-x86_64-linux-gnu.so[0m
[54.148s] [ 98%] Built target op3_online_walking_module_msgs__rosidl_typesupport_c__pyext
[54.178s] [ 99%] [32mBuilding C object CMakeFiles/op3_online_walking_module_msgs__rosidl_typesupport_introspection_c__pyext.dir/rosidl_generator_py/op3_online_walking_module_msgs/_op3_online_walking_module_msgs_s.ep.rosidl_typesupport_introspection_c.c.o[0m
[54.402s] [100%] [32m[1mLinking C shared library rosidl_generator_py/op3_online_walking_module_msgs/op3_online_walking_module_msgs_s__rosidl_typesupport_introspection_c.cpython-310-x86_64-linux-gnu.so[0m
[54.473s] [100%] Built target op3_online_walking_module_msgs__rosidl_typesupport_introspection_c__pyext
[54.491s] Invoked command in '/home/evan/Documents/BRONE_audio_gaze_project/build/op3_online_walking_module_msgs' returned '0': CMAKE_PREFIX_PATH=${CMAKE_PREFIX_PATH}:/home/evan/Documents/BRONE_audio_gaze_project/install/algo_gaze:/home/evan/Documents/BRONE_audio_gaze_project/install/brone_gaze:/opt/ros/humble /usr/bin/cmake --build /home/evan/Documents/BRONE_audio_gaze_project/build/op3_online_walking_module_msgs -- -j12 -l12
[54.495s] Invoking command in '/home/evan/Documents/BRONE_audio_gaze_project/build/op3_online_walking_module_msgs': CMAKE_PREFIX_PATH=${CMAKE_PREFIX_PATH}:/home/evan/Documents/BRONE_audio_gaze_project/install/algo_gaze:/home/evan/Documents/BRONE_audio_gaze_project/install/brone_gaze:/opt/ros/humble /usr/bin/cmake --install /home/evan/Documents/BRONE_audio_gaze_project/build/op3_online_walking_module_msgs
[58.688s] -- Install configuration: ""
[58.688s] -- Execute custom install script
[58.688s] -- Symlinking: /home/evan/Documents/BRONE_audio_gaze_project/install/op3_online_walking_module_msgs/share/ament_index/resource_index/rosidl_interfaces/op3_online_walking_module_msgs
[58.688s] -- Symlinking: /home/evan/Documents/BRONE_audio_gaze_project/install/op3_online_walking_module_msgs/include/op3_online_walking_module_msgs/op3_online_walking_module_msgs/msg/detail/foot_step_array__functions.h
[58.688s] -- Symlinking: /home/evan/Documents/BRONE_audio_gaze_project/install/op3_online_walking_module_msgs/include/op3_online_walking_module_msgs/op3_online_walking_module_msgs/msg/detail/foot_step_array__struct.h
[58.688s] -- Symlinking: /home/evan/Documents/BRONE_audio_gaze_project/install/op3_online_walking_module_msgs/include/op3_online_walking_module_msgs/op3_online_walking_module_msgs/msg/detail/foot_step_array__type_support.h
[58.688s] -- Symlinking: /home/evan/Documents/BRONE_audio_gaze_project/install/op3_online_walking_module_msgs/include/op3_online_walking_module_msgs/op3_online_walking_module_msgs/msg/detail/foot_step_command__functions.h
[58.688s] -- Symlinking: /home/evan/Documents/BRONE_audio_gaze_project/install/op3_online_walking_module_msgs/include/op3_online_walking_module_msgs/op3_online_walking_module_msgs/msg/detail/foot_step_command__struct.h
[58.688s] -- Symlinking: /home/evan/Documents/BRONE_audio_gaze_project/install/op3_online_walking_module_msgs/include/op3_online_walking_module_msgs/op3_online_walking_module_msgs/msg/detail/foot_step_command__type_support.h
[58.689s] -- Symlinking: /home/evan/Documents/BRONE_audio_gaze_project/install/op3_online_walking_module_msgs/include/op3_online_walking_module_msgs/op3_online_walking_module_msgs/msg/detail/joint_pose__functions.h
[58.692s] -- Symlinking: /home/evan/Documents/BRONE_audio_gaze_project/install/op3_online_walking_module_msgs/include/op3_online_walking_module_msgs/op3_online_walking_module_msgs/msg/detail/joint_pose__struct.h
[58.692s] -- Symlinking: /home/evan/Documents/BRONE_audio_gaze_project/install/op3_online_walking_module_msgs/include/op3_online_walking_module_msgs/op3_online_walking_module_msgs/msg/detail/joint_pose__type_support.h
[58.692s] -- Symlinking: /home/evan/Documents/BRONE_audio_gaze_project/install/op3_online_walking_module_msgs/include/op3_online_walking_module_msgs/op3_online_walking_module_msgs/msg/detail/kinematics_pose__functions.h
[58.692s] -- Symlinking: /home/evan/Documents/BRONE_audio_gaze_project/install/op3_online_walking_module_msgs/include/op3_online_walking_module_msgs/op3_online_walking_module_msgs/msg/detail/kinematics_pose__struct.h
[58.692s] -- Symlinking: /home/evan/Documents/BRONE_audio_gaze_project/install/op3_online_walking_module_msgs/include/op3_online_walking_module_msgs/op3_online_walking_module_msgs/msg/detail/kinematics_pose__type_support.h
[58.692s] -- Symlinking: /home/evan/Documents/BRONE_audio_gaze_project/install/op3_online_walking_module_msgs/include/op3_online_walking_module_msgs/op3_online_walking_module_msgs/msg/detail/preview_request__functions.h
[58.692s] -- Symlinking: /home/evan/Documents/BRONE_audio_gaze_project/install/op3_online_walking_module_msgs/include/op3_online_walking_module_msgs/op3_online_walking_module_msgs/msg/detail/preview_request__struct.h
[58.692s] -- Symlinking: /home/evan/Documents/BRONE_audio_gaze_project/install/op3_online_walking_module_msgs/include/op3_online_walking_module_msgs/op3_online_walking_module_msgs/msg/detail/preview_request__type_support.h
[58.692s] -- Symlinking: /home/evan/Documents/BRONE_audio_gaze_project/install/op3_online_walking_module_msgs/include/op3_online_walking_module_msgs/op3_online_walking_module_msgs/msg/detail/preview_response__functions.h
[58.692s] -- Symlinking: /home/evan/Documents/BRONE_audio_gaze_project/install/op3_online_walking_module_msgs/include/op3_online_walking_module_msgs/op3_online_walking_module_msgs/msg/detail/preview_response__struct.h
[58.692s] -- Symlinking: /home/evan/Documents/BRONE_audio_gaze_project/install/op3_online_walking_module_msgs/include/op3_online_walking_module_msgs/op3_online_walking_module_msgs/msg/detail/preview_response__type_support.h
[58.692s] -- Symlinking: /home/evan/Documents/BRONE_audio_gaze_project/install/op3_online_walking_module_msgs/include/op3_online_walking_module_msgs/op3_online_walking_module_msgs/msg/detail/step2_d__functions.h
[58.692s] -- Symlinking: /home/evan/Documents/BRONE_audio_gaze_project/install/op3_online_walking_module_msgs/include/op3_online_walking_module_msgs/op3_online_walking_module_msgs/msg/detail/step2_d__struct.h
[58.693s] -- Symlinking: /home/evan/Documents/BRONE_audio_gaze_project/install/op3_online_walking_module_msgs/include/op3_online_walking_module_msgs/op3_online_walking_module_msgs/msg/detail/step2_d__type_support.h
[58.693s] -- Symlinking: /home/evan/Documents/BRONE_audio_gaze_project/install/op3_online_walking_module_msgs/include/op3_online_walking_module_msgs/op3_online_walking_module_msgs/msg/detail/step2_d_array__functions.h
[58.693s] -- Symlinking: /home/evan/Documents/BRONE_audio_gaze_project/install/op3_online_walking_module_msgs/include/op3_online_walking_module_msgs/op3_online_walking_module_msgs/msg/detail/step2_d_array__struct.h
[58.693s] -- Symlinking: /home/evan/Documents/BRONE_audio_gaze_project/install/op3_online_walking_module_msgs/include/op3_online_walking_module_msgs/op3_online_walking_module_msgs/msg/detail/step2_d_array__type_support.h
[58.693s] -- Symlinking: /home/evan/Documents/BRONE_audio_gaze_project/install/op3_online_walking_module_msgs/include/op3_online_walking_module_msgs/op3_online_walking_module_msgs/msg/detail/walking_param__functions.h
[58.693s] -- Symlinking: /home/evan/Documents/BRONE_audio_gaze_project/install/op3_online_walking_module_msgs/include/op3_online_walking_module_msgs/op3_online_walking_module_msgs/msg/detail/walking_param__struct.h
[58.693s] -- Symlinking: /home/evan/Documents/BRONE_audio_gaze_project/install/op3_online_walking_module_msgs/include/op3_online_walking_module_msgs/op3_online_walking_module_msgs/msg/detail/walking_param__type_support.h
[58.693s] -- Symlinking: /home/evan/Documents/BRONE_audio_gaze_project/install/op3_online_walking_module_msgs/include/op3_online_walking_module_msgs/op3_online_walking_module_msgs/msg/foot_step_array.h
[58.693s] -- Symlinking: /home/evan/Documents/BRONE_audio_gaze_project/install/op3_online_walking_module_msgs/include/op3_online_walking_module_msgs/op3_online_walking_module_msgs/msg/foot_step_command.h
[58.693s] -- Symlinking: /home/evan/Documents/BRONE_audio_gaze_project/install/op3_online_walking_module_msgs/include/op3_online_walking_module_msgs/op3_online_walking_module_msgs/msg/joint_pose.h
[58.693s] -- Symlinking: /home/evan/Documents/BRONE_audio_gaze_project/install/op3_online_walking_module_msgs/include/op3_online_walking_module_msgs/op3_online_walking_module_msgs/msg/kinematics_pose.h
[58.693s] -- Symlinking: /home/evan/Documents/BRONE_audio_gaze_project/install/op3_online_walking_module_msgs/include/op3_online_walking_module_msgs/op3_online_walking_module_msgs/msg/preview_request.h
[58.693s] -- Symlinking: /home/evan/Documents/BRONE_audio_gaze_project/install/op3_online_walking_module_msgs/include/op3_online_walking_module_msgs/op3_online_walking_module_msgs/msg/preview_response.h
[58.693s] -- Symlinking: /home/evan/Documents/BRONE_audio_gaze_project/install/op3_online_walking_module_msgs/include/op3_online_walking_module_msgs/op3_online_walking_module_msgs/msg/rosidl_generator_c__visibility_control.h
[58.693s] -- Symlinking: /home/evan/Documents/BRONE_audio_gaze_project/install/op3_online_walking_module_msgs/include/op3_online_walking_module_msgs/op3_online_walking_module_msgs/msg/step2_d.h
[58.693s] -- Symlinking: /home/evan/Documents/BRONE_audio_gaze_project/install/op3_online_walking_module_msgs/include/op3_online_walking_module_msgs/op3_online_walking_module_msgs/msg/step2_d_array.h
[58.693s] -- Symlinking: /home/evan/Documents/BRONE_audio_gaze_project/install/op3_online_walking_module_msgs/include/op3_online_walking_module_msgs/op3_online_walking_module_msgs/msg/walking_param.h
[58.693s] -- Symlinking: /home/evan/Documents/BRONE_audio_gaze_project/install/op3_online_walking_module_msgs/include/op3_online_walking_module_msgs/op3_online_walking_module_msgs/srv/detail/get_joint_pose__functions.h
[58.694s] -- Symlinking: /home/evan/Documents/BRONE_audio_gaze_project/install/op3_online_walking_module_msgs/include/op3_online_walking_module_msgs/op3_online_walking_module_msgs/srv/detail/get_joint_pose__struct.h
[58.694s] -- Symlinking: /home/evan/Documents/BRONE_audio_gaze_project/install/op3_online_walking_module_msgs/include/op3_online_walking_module_msgs/op3_online_walking_module_msgs/srv/detail/get_joint_pose__type_support.h
[58.694s] -- Symlinking: /home/evan/Documents/BRONE_audio_gaze_project/install/op3_online_walking_module_msgs/include/op3_online_walking_module_msgs/op3_online_walking_module_msgs/srv/detail/get_kinematics_pose__functions.h
[58.694s] -- Symlinking: /home/evan/Documents/BRONE_audio_gaze_project/install/op3_online_walking_module_msgs/include/op3_online_walking_module_msgs/op3_online_walking_module_msgs/srv/detail/get_kinematics_pose__struct.h
[58.694s] -- Symlinking: /home/evan/Documents/BRONE_audio_gaze_project/install/op3_online_walking_module_msgs/include/op3_online_walking_module_msgs/op3_online_walking_module_msgs/srv/detail/get_kinematics_pose__type_support.h
[58.694s] -- Symlinking: /home/evan/Documents/BRONE_audio_gaze_project/install/op3_online_walking_module_msgs/include/op3_online_walking_module_msgs/op3_online_walking_module_msgs/srv/detail/get_preview_matrix__functions.h
[58.694s] -- Symlinking: /home/evan/Documents/BRONE_audio_gaze_project/install/op3_online_walking_module_msgs/include/op3_online_walking_module_msgs/op3_online_walking_module_msgs/srv/detail/get_preview_matrix__struct.h
[58.694s] -- Symlinking: /home/evan/Documents/BRONE_audio_gaze_project/install/op3_online_walking_module_msgs/include/op3_online_walking_module_msgs/op3_online_walking_module_msgs/srv/detail/get_preview_matrix__type_support.h
[58.694s] -- Symlinking: /home/evan/Documents/BRONE_audio_gaze_project/install/op3_online_walking_module_msgs/include/op3_online_walking_module_msgs/op3_online_walking_module_msgs/srv/get_joint_pose.h
[58.694s] -- Symlinking: /home/evan/Documents/BRONE_audio_gaze_project/install/op3_online_walking_module_msgs/include/op3_online_walking_module_msgs/op3_online_walking_module_msgs/srv/get_kinematics_pose.h
[58.694s] -- Symlinking: /home/evan/Documents/BRONE_audio_gaze_project/install/op3_online_walking_module_msgs/include/op3_online_walking_module_msgs/op3_online_walking_module_msgs/srv/get_preview_matrix.h
[58.694s] -- Symlinking: /home/evan/Documents/BRONE_audio_gaze_project/install/op3_online_walking_module_msgs/share/op3_online_walking_module_msgs/environment/library_path.sh
[58.694s] -- Symlinking: /home/evan/Documents/BRONE_audio_gaze_project/install/op3_online_walking_module_msgs/share/op3_online_walking_module_msgs/environment/library_path.dsv
[58.694s] -- Symlinking: /home/evan/Documents/BRONE_audio_gaze_project/install/op3_online_walking_module_msgs/include/op3_online_walking_module_msgs/op3_online_walking_module_msgs/msg/detail/foot_step_array__rosidl_typesupport_fastrtps_c.h
[58.694s] -- Symlinking: /home/evan/Documents/BRONE_audio_gaze_project/install/op3_online_walking_module_msgs/include/op3_online_walking_module_msgs/op3_online_walking_module_msgs/msg/detail/foot_step_command__rosidl_typesupport_fastrtps_c.h
[58.694s] -- Symlinking: /home/evan/Documents/BRONE_audio_gaze_project/install/op3_online_walking_module_msgs/include/op3_online_walking_module_msgs/op3_online_walking_module_msgs/msg/detail/joint_pose__rosidl_typesupport_fastrtps_c.h
[58.696s] -- Symlinking: /home/evan/Documents/BRONE_audio_gaze_project/install/op3_online_walking_module_msgs/include/op3_online_walking_module_msgs/op3_online_walking_module_msgs/msg/detail/kinematics_pose__rosidl_typesupport_fastrtps_c.h
[58.697s] -- Symlinking: /home/evan/Documents/BRONE_audio_gaze_project/install/op3_online_walking_module_msgs/include/op3_online_walking_module_msgs/op3_online_walking_module_msgs/msg/detail/preview_request__rosidl_typesupport_fastrtps_c.h
[58.697s] -- Symlinking: /home/evan/Documents/BRONE_audio_gaze_project/install/op3_online_walking_module_msgs/include/op3_online_walking_module_msgs/op3_online_walking_module_msgs/msg/detail/preview_response__rosidl_typesupport_fastrtps_c.h
[58.697s] -- Symlinking: /home/evan/Documents/BRONE_audio_gaze_project/install/op3_online_walking_module_msgs/include/op3_online_walking_module_msgs/op3_online_walking_module_msgs/msg/detail/step2_d__rosidl_typesupport_fastrtps_c.h
[58.697s] -- Symlinking: /home/evan/Documents/BRONE_audio_gaze_project/install/op3_online_walking_module_msgs/include/op3_online_walking_module_msgs/op3_online_walking_module_msgs/msg/detail/step2_d_array__rosidl_typesupport_fastrtps_c.h
[58.697s] -- Symlinking: /home/evan/Documents/BRONE_audio_gaze_project/install/op3_online_walking_module_msgs/include/op3_online_walking_module_msgs/op3_online_walking_module_msgs/msg/detail/walking_param__rosidl_typesupport_fastrtps_c.h
[58.697s] -- Symlinking: /home/evan/Documents/BRONE_audio_gaze_project/install/op3_online_walking_module_msgs/include/op3_online_walking_module_msgs/op3_online_walking_module_msgs/msg/rosidl_typesupport_fastrtps_c__visibility_control.h
[58.697s] -- Symlinking: /home/evan/Documents/BRONE_audio_gaze_project/install/op3_online_walking_module_msgs/include/op3_online_walking_module_msgs/op3_online_walking_module_msgs/srv/detail/get_joint_pose__rosidl_typesupport_fastrtps_c.h
[58.697s] -- Symlinking: /home/evan/Documents/BRONE_audio_gaze_project/install/op3_online_walking_module_msgs/include/op3_online_walking_module_msgs/op3_online_walking_module_msgs/srv/detail/get_kinematics_pose__rosidl_typesupport_fastrtps_c.h
[58.697s] -- Symlinking: /home/evan/Documents/BRONE_audio_gaze_project/install/op3_online_walking_module_msgs/include/op3_online_walking_module_msgs/op3_online_walking_module_msgs/srv/detail/get_preview_matrix__rosidl_typesupport_fastrtps_c.h
[58.697s] -- Symlinking: /home/evan/Documents/BRONE_audio_gaze_project/install/op3_online_walking_module_msgs/include/op3_online_walking_module_msgs/op3_online_walking_module_msgs/msg/detail/foot_step_array__builder.hpp
[58.697s] -- Symlinking: /home/evan/Documents/BRONE_audio_gaze_project/install/op3_online_walking_module_msgs/include/op3_online_walking_module_msgs/op3_online_walking_module_msgs/msg/detail/foot_step_array__struct.hpp
[58.697s] -- Symlinking: /home/evan/Documents/BRONE_audio_gaze_project/install/op3_online_walking_module_msgs/include/op3_online_walking_module_msgs/op3_online_walking_module_msgs/msg/detail/foot_step_array__traits.hpp
[58.697s] -- Symlinking: /home/evan/Documents/BRONE_audio_gaze_project/install/op3_online_walking_module_msgs/include/op3_online_walking_module_msgs/op3_online_walking_module_msgs/msg/detail/foot_step_array__type_support.hpp
[58.697s] -- Symlinking: /home/evan/Documents/BRONE_audio_gaze_project/install/op3_online_walking_module_msgs/include/op3_online_walking_module_msgs/op3_online_walking_module_msgs/msg/detail/foot_step_command__builder.hpp
[58.697s] -- Symlinking: /home/evan/Documents/BRONE_audio_gaze_project/install/op3_online_walking_module_msgs/include/op3_online_walking_module_msgs/op3_online_walking_module_msgs/msg/detail/foot_step_command__struct.hpp
[58.697s] -- Symlinking: /home/evan/Documents/BRONE_audio_gaze_project/install/op3_online_walking_module_msgs/include/op3_online_walking_module_msgs/op3_online_walking_module_msgs/msg/detail/foot_step_command__traits.hpp
[58.697s] -- Symlinking: /home/evan/Documents/BRONE_audio_gaze_project/install/op3_online_walking_module_msgs/include/op3_online_walking_module_msgs/op3_online_walking_module_msgs/msg/detail/foot_step_command__type_support.hpp
[58.698s] -- Symlinking: /home/evan/Documents/BRONE_audio_gaze_project/install/op3_online_walking_module_msgs/include/op3_online_walking_module_msgs/op3_online_walking_module_msgs/msg/detail/joint_pose__builder.hpp
[58.698s] -- Symlinking: /home/evan/Documents/BRONE_audio_gaze_project/install/op3_online_walking_module_msgs/include/op3_online_walking_module_msgs/op3_online_walking_module_msgs/msg/detail/joint_pose__struct.hpp
[58.698s] -- Symlinking: /home/evan/Documents/BRONE_audio_gaze_project/install/op3_online_walking_module_msgs/include/op3_online_walking_module_msgs/op3_online_walking_module_msgs/msg/detail/joint_pose__traits.hpp
[58.698s] -- Symlinking: /home/evan/Documents/BRONE_audio_gaze_project/install/op3_online_walking_module_msgs/include/op3_online_walking_module_msgs/op3_online_walking_module_msgs/msg/detail/joint_pose__type_support.hpp
[58.698s] -- Symlinking: /home/evan/Documents/BRONE_audio_gaze_project/install/op3_online_walking_module_msgs/include/op3_online_walking_module_msgs/op3_online_walking_module_msgs/msg/detail/kinematics_pose__builder.hpp
[58.698s] -- Symlinking: /home/evan/Documents/BRONE_audio_gaze_project/install/op3_online_walking_module_msgs/include/op3_online_walking_module_msgs/op3_online_walking_module_msgs/msg/detail/kinematics_pose__struct.hpp
[58.698s] -- Symlinking: /home/evan/Documents/BRONE_audio_gaze_project/install/op3_online_walking_module_msgs/include/op3_online_walking_module_msgs/op3_online_walking_module_msgs/msg/detail/kinematics_pose__traits.hpp
[58.698s] -- Symlinking: /home/evan/Documents/BRONE_audio_gaze_project/install/op3_online_walking_module_msgs/include/op3_online_walking_module_msgs/op3_online_walking_module_msgs/msg/detail/kinematics_pose__type_support.hpp
[58.702s] -- Symlinking: /home/evan/Documents/BRONE_audio_gaze_project/install/op3_online_walking_module_msgs/include/op3_online_walking_module_msgs/op3_online_walking_module_msgs/msg/detail/preview_request__builder.hpp
[58.704s] -- Symlinking: /home/evan/Documents/BRONE_audio_gaze_project/install/op3_online_walking_module_msgs/include/op3_online_walking_module_msgs/op3_online_walking_module_msgs/msg/detail/preview_request__struct.hpp
[58.716s] -- Symlinking: /home/evan/Documents/BRONE_audio_gaze_project/install/op3_online_walking_module_msgs/include/op3_online_walking_module_msgs/op3_online_walking_module_msgs/msg/detail/preview_request__traits.hpp
[58.730s] -- Symlinking: /home/evan/Documents/BRONE_audio_gaze_project/install/op3_online_walking_module_msgs/include/op3_online_walking_module_msgs/op3_online_walking_module_msgs/msg/detail/preview_request__type_support.hpp
[58.748s] -- Symlinking: /home/evan/Documents/BRONE_audio_gaze_project/install/op3_online_walking_module_msgs/include/op3_online_walking_module_msgs/op3_online_walking_module_msgs/msg/detail/preview_response__builder.hpp
[58.763s] -- Symlinking: /home/evan/Documents/BRONE_audio_gaze_project/install/op3_online_walking_module_msgs/include/op3_online_walking_module_msgs/op3_online_walking_module_msgs/msg/detail/preview_response__struct.hpp
[58.778s] -- Symlinking: /home/evan/Documents/BRONE_audio_gaze_project/install/op3_online_walking_module_msgs/include/op3_online_walking_module_msgs/op3_online_walking_module_msgs/msg/detail/preview_response__traits.hpp
[58.792s] -- Symlinking: /home/evan/Documents/BRONE_audio_gaze_project/install/op3_online_walking_module_msgs/include/op3_online_walking_module_msgs/op3_online_walking_module_msgs/msg/detail/preview_response__type_support.hpp
[58.807s] -- Symlinking: /home/evan/Documents/BRONE_audio_gaze_project/install/op3_online_walking_module_msgs/include/op3_online_walking_module_msgs/op3_online_walking_module_msgs/msg/detail/step2_d__builder.hpp
[58.822s] -- Symlinking: /home/evan/Documents/BRONE_audio_gaze_project/install/op3_online_walking_module_msgs/include/op3_online_walking_module_msgs/op3_online_walking_module_msgs/msg/detail/step2_d__struct.hpp
[58.836s] -- Symlinking: /home/evan/Documents/BRONE_audio_gaze_project/install/op3_online_walking_module_msgs/include/op3_online_walking_module_msgs/op3_online_walking_module_msgs/msg/detail/step2_d__traits.hpp
[58.851s] -- Symlinking: /home/evan/Documents/BRONE_audio_gaze_project/install/op3_online_walking_module_msgs/include/op3_online_walking_module_msgs/op3_online_walking_module_msgs/msg/detail/step2_d__type_support.hpp
[58.864s] -- Symlinking: /home/evan/Documents/BRONE_audio_gaze_project/install/op3_online_walking_module_msgs/include/op3_online_walking_module_msgs/op3_online_walking_module_msgs/msg/detail/step2_d_array__builder.hpp
[58.880s] -- Symlinking: /home/evan/Documents/BRONE_audio_gaze_project/install/op3_online_walking_module_msgs/include/op3_online_walking_module_msgs/op3_online_walking_module_msgs/msg/detail/step2_d_array__struct.hpp
[58.900s] -- Symlinking: /home/evan/Documents/BRONE_audio_gaze_project/install/op3_online_walking_module_msgs/include/op3_online_walking_module_msgs/op3_online_walking_module_msgs/msg/detail/step2_d_array__traits.hpp
[58.909s] -- Symlinking: /home/evan/Documents/BRONE_audio_gaze_project/install/op3_online_walking_module_msgs/include/op3_online_walking_module_msgs/op3_online_walking_module_msgs/msg/detail/step2_d_array__type_support.hpp
[58.924s] -- Symlinking: /home/evan/Documents/BRONE_audio_gaze_project/install/op3_online_walking_module_msgs/include/op3_online_walking_module_msgs/op3_online_walking_module_msgs/msg/detail/walking_param__builder.hpp
[58.939s] -- Symlinking: /home/evan/Documents/BRONE_audio_gaze_project/install/op3_online_walking_module_msgs/include/op3_online_walking_module_msgs/op3_online_walking_module_msgs/msg/detail/walking_param__struct.hpp
[58.957s] -- Symlinking: /home/evan/Documents/BRONE_audio_gaze_project/install/op3_online_walking_module_msgs/include/op3_online_walking_module_msgs/op3_online_walking_module_msgs/msg/detail/walking_param__traits.hpp
[58.970s] -- Symlinking: /home/evan/Documents/BRONE_audio_gaze_project/install/op3_online_walking_module_msgs/include/op3_online_walking_module_msgs/op3_online_walking_module_msgs/msg/detail/walking_param__type_support.hpp
[58.986s] -- Symlinking: /home/evan/Documents/BRONE_audio_gaze_project/install/op3_online_walking_module_msgs/include/op3_online_walking_module_msgs/op3_online_walking_module_msgs/msg/foot_step_array.hpp
[59.009s] -- Symlinking: /home/evan/Documents/BRONE_audio_gaze_project/install/op3_online_walking_module_msgs/include/op3_online_walking_module_msgs/op3_online_walking_module_msgs/msg/foot_step_command.hpp
[59.026s] -- Symlinking: /home/evan/Documents/BRONE_audio_gaze_project/install/op3_online_walking_module_msgs/include/op3_online_walking_module_msgs/op3_online_walking_module_msgs/msg/joint_pose.hpp
[59.043s] -- Symlinking: /home/evan/Documents/BRONE_audio_gaze_project/install/op3_online_walking_module_msgs/include/op3_online_walking_module_msgs/op3_online_walking_module_msgs/msg/kinematics_pose.hpp
[59.057s] -- Symlinking: /home/evan/Documents/BRONE_audio_gaze_project/install/op3_online_walking_module_msgs/include/op3_online_walking_module_msgs/op3_online_walking_module_msgs/msg/preview_request.hpp
[59.068s] -- Symlinking: /home/evan/Documents/BRONE_audio_gaze_project/install/op3_online_walking_module_msgs/include/op3_online_walking_module_msgs/op3_online_walking_module_msgs/msg/preview_response.hpp
[59.079s] -- Symlinking: /home/evan/Documents/BRONE_audio_gaze_project/install/op3_online_walking_module_msgs/include/op3_online_walking_module_msgs/op3_online_walking_module_msgs/msg/rosidl_generator_cpp__visibility_control.hpp
[59.090s] -- Symlinking: /home/evan/Documents/BRONE_audio_gaze_project/install/op3_online_walking_module_msgs/include/op3_online_walking_module_msgs/op3_online_walking_module_msgs/msg/step2_d.hpp
[59.102s] -- Symlinking: /home/evan/Documents/BRONE_audio_gaze_project/install/op3_online_walking_module_msgs/include/op3_online_walking_module_msgs/op3_online_walking_module_msgs/msg/step2_d_array.hpp
[59.115s] -- Symlinking: /home/evan/Documents/BRONE_audio_gaze_project/install/op3_online_walking_module_msgs/include/op3_online_walking_module_msgs/op3_online_walking_module_msgs/msg/walking_param.hpp
[59.128s] -- Symlinking: /home/evan/Documents/BRONE_audio_gaze_project/install/op3_online_walking_module_msgs/include/op3_online_walking_module_msgs/op3_online_walking_module_msgs/srv/detail/get_joint_pose__builder.hpp
[59.141s] -- Symlinking: /home/evan/Documents/BRONE_audio_gaze_project/install/op3_online_walking_module_msgs/include/op3_online_walking_module_msgs/op3_online_walking_module_msgs/srv/detail/get_joint_pose__struct.hpp
[59.154s] -- Symlinking: /home/evan/Documents/BRONE_audio_gaze_project/install/op3_online_walking_module_msgs/include/op3_online_walking_module_msgs/op3_online_walking_module_msgs/srv/detail/get_joint_pose__traits.hpp
[59.175s] -- Symlinking: /home/evan/Documents/BRONE_audio_gaze_project/install/op3_online_walking_module_msgs/include/op3_online_walking_module_msgs/op3_online_walking_module_msgs/srv/detail/get_joint_pose__type_support.hpp
[59.197s] -- Symlinking: /home/evan/Documents/BRONE_audio_gaze_project/install/op3_online_walking_module_msgs/include/op3_online_walking_module_msgs/op3_online_walking_module_msgs/srv/detail/get_kinematics_pose__builder.hpp
[59.216s] -- Symlinking: /home/evan/Documents/BRONE_audio_gaze_project/install/op3_online_walking_module_msgs/include/op3_online_walking_module_msgs/op3_online_walking_module_msgs/srv/detail/get_kinematics_pose__struct.hpp
[59.227s] -- Symlinking: /home/evan/Documents/BRONE_audio_gaze_project/install/op3_online_walking_module_msgs/include/op3_online_walking_module_msgs/op3_online_walking_module_msgs/srv/detail/get_kinematics_pose__traits.hpp
[59.236s] -- Symlinking: /home/evan/Documents/BRONE_audio_gaze_project/install/op3_online_walking_module_msgs/include/op3_online_walking_module_msgs/op3_online_walking_module_msgs/srv/detail/get_kinematics_pose__type_support.hpp
[59.245s] -- Symlinking: /home/evan/Documents/BRONE_audio_gaze_project/install/op3_online_walking_module_msgs/include/op3_online_walking_module_msgs/op3_online_walking_module_msgs/srv/detail/get_preview_matrix__builder.hpp
[59.254s] -- Symlinking: /home/evan/Documents/BRONE_audio_gaze_project/install/op3_online_walking_module_msgs/include/op3_online_walking_module_msgs/op3_online_walking_module_msgs/srv/detail/get_preview_matrix__struct.hpp
[59.263s] -- Symlinking: /home/evan/Documents/BRONE_audio_gaze_project/install/op3_online_walking_module_msgs/include/op3_online_walking_module_msgs/op3_online_walking_module_msgs/srv/detail/get_preview_matrix__traits.hpp
[59.272s] -- Symlinking: /home/evan/Documents/BRONE_audio_gaze_project/install/op3_online_walking_module_msgs/include/op3_online_walking_module_msgs/op3_online_walking_module_msgs/srv/detail/get_preview_matrix__type_support.hpp
[59.289s] -- Symlinking: /home/evan/Documents/BRONE_audio_gaze_project/install/op3_online_walking_module_msgs/include/op3_online_walking_module_msgs/op3_online_walking_module_msgs/srv/get_joint_pose.hpp
[59.301s] -- Symlinking: /home/evan/Documents/BRONE_audio_gaze_project/install/op3_online_walking_module_msgs/include/op3_online_walking_module_msgs/op3_online_walking_module_msgs/srv/get_kinematics_pose.hpp
[59.314s] -- Symlinking: /home/evan/Documents/BRONE_audio_gaze_project/install/op3_online_walking_module_msgs/include/op3_online_walking_module_msgs/op3_online_walking_module_msgs/srv/get_preview_matrix.hpp
[59.327s] -- Symlinking: /home/evan/Documents/BRONE_audio_gaze_project/install/op3_online_walking_module_msgs/include/op3_online_walking_module_msgs/op3_online_walking_module_msgs/msg/detail/foot_step_array__rosidl_typesupport_fastrtps_cpp.hpp
[59.341s] -- Symlinking: /home/evan/Documents/BRONE_audio_gaze_project/install/op3_online_walking_module_msgs/include/op3_online_walking_module_msgs/op3_online_walking_module_msgs/msg/detail/foot_step_command__rosidl_typesupport_fastrtps_cpp.hpp
[59.352s] -- Symlinking: /home/evan/Documents/BRONE_audio_gaze_project/install/op3_online_walking_module_msgs/include/op3_online_walking_module_msgs/op3_online_walking_module_msgs/msg/detail/joint_pose__rosidl_typesupport_fastrtps_cpp.hpp
[59.364s] -- Symlinking: /home/evan/Documents/BRONE_audio_gaze_project/install/op3_online_walking_module_msgs/include/op3_online_walking_module_msgs/op3_online_walking_module_msgs/msg/detail/kinematics_pose__rosidl_typesupport_fastrtps_cpp.hpp
[59.375s] -- Symlinking: /home/evan/Documents/BRONE_audio_gaze_project/install/op3_online_walking_module_msgs/include/op3_online_walking_module_msgs/op3_online_walking_module_msgs/msg/detail/preview_request__rosidl_typesupport_fastrtps_cpp.hpp
[59.387s] -- Symlinking: /home/evan/Documents/BRONE_audio_gaze_project/install/op3_online_walking_module_msgs/include/op3_online_walking_module_msgs/op3_online_walking_module_msgs/msg/detail/preview_response__rosidl_typesupport_fastrtps_cpp.hpp
[59.399s] -- Symlinking: /home/evan/Documents/BRONE_audio_gaze_project/install/op3_online_walking_module_msgs/include/op3_online_walking_module_msgs/op3_online_walking_module_msgs/msg/detail/step2_d__rosidl_typesupport_fastrtps_cpp.hpp
[59.410s] -- Symlinking: /home/evan/Documents/BRONE_audio_gaze_project/install/op3_online_walking_module_msgs/include/op3_online_walking_module_msgs/op3_online_walking_module_msgs/msg/detail/step2_d_array__rosidl_typesupport_fastrtps_cpp.hpp
[59.422s] -- Symlinking: /home/evan/Documents/BRONE_audio_gaze_project/install/op3_online_walking_module_msgs/include/op3_online_walking_module_msgs/op3_online_walking_module_msgs/msg/detail/walking_param__rosidl_typesupport_fastrtps_cpp.hpp
[59.434s] -- Symlinking: /home/evan/Documents/BRONE_audio_gaze_project/install/op3_online_walking_module_msgs/include/op3_online_walking_module_msgs/op3_online_walking_module_msgs/msg/rosidl_typesupport_fastrtps_cpp__visibility_control.h
[59.445s] -- Symlinking: /home/evan/Documents/BRONE_audio_gaze_project/install/op3_online_walking_module_msgs/include/op3_online_walking_module_msgs/op3_online_walking_module_msgs/srv/detail/get_joint_pose__rosidl_typesupport_fastrtps_cpp.hpp
[59.456s] -- Symlinking: /home/evan/Documents/BRONE_audio_gaze_project/install/op3_online_walking_module_msgs/include/op3_online_walking_module_msgs/op3_online_walking_module_msgs/srv/detail/get_kinematics_pose__rosidl_typesupport_fastrtps_cpp.hpp
[59.468s] -- Symlinking: /home/evan/Documents/BRONE_audio_gaze_project/install/op3_online_walking_module_msgs/include/op3_online_walking_module_msgs/op3_online_walking_module_msgs/srv/detail/get_preview_matrix__rosidl_typesupport_fastrtps_cpp.hpp
[59.481s] -- Symlinking: /home/evan/Documents/BRONE_audio_gaze_project/install/op3_online_walking_module_msgs/include/op3_online_walking_module_msgs/op3_online_walking_module_msgs/msg/detail/foot_step_array__rosidl_typesupport_introspection_c.h
[59.492s] -- Symlinking: /home/evan/Documents/BRONE_audio_gaze_project/install/op3_online_walking_module_msgs/include/op3_online_walking_module_msgs/op3_online_walking_module_msgs/msg/detail/foot_step_command__rosidl_typesupport_introspection_c.h
[59.504s] -- Symlinking: /home/evan/Documents/BRONE_audio_gaze_project/install/op3_online_walking_module_msgs/include/op3_online_walking_module_msgs/op3_online_walking_module_msgs/msg/detail/joint_pose__rosidl_typesupport_introspection_c.h
[59.517s] -- Symlinking: /home/evan/Documents/BRONE_audio_gaze_project/install/op3_online_walking_module_msgs/include/op3_online_walking_module_msgs/op3_online_walking_module_msgs/msg/detail/kinematics_pose__rosidl_typesupport_introspection_c.h
[59.528s] -- Symlinking: /home/evan/Documents/BRONE_audio_gaze_project/install/op3_online_walking_module_msgs/include/op3_online_walking_module_msgs/op3_online_walking_module_msgs/msg/detail/preview_request__rosidl_typesupport_introspection_c.h
[59.540s] -- Symlinking: /home/evan/Documents/BRONE_audio_gaze_project/install/op3_online_walking_module_msgs/include/op3_online_walking_module_msgs/op3_online_walking_module_msgs/msg/detail/preview_response__rosidl_typesupport_introspection_c.h
[59.552s] -- Symlinking: /home/evan/Documents/BRONE_audio_gaze_project/install/op3_online_walking_module_msgs/include/op3_online_walking_module_msgs/op3_online_walking_module_msgs/msg/detail/step2_d__rosidl_typesupport_introspection_c.h
[59.564s] -- Symlinking: /home/evan/Documents/BRONE_audio_gaze_project/install/op3_online_walking_module_msgs/include/op3_online_walking_module_msgs/op3_online_walking_module_msgs/msg/detail/step2_d_array__rosidl_typesupport_introspection_c.h
[59.576s] -- Symlinking: /home/evan/Documents/BRONE_audio_gaze_project/install/op3_online_walking_module_msgs/include/op3_online_walking_module_msgs/op3_online_walking_module_msgs/msg/detail/walking_param__rosidl_typesupport_introspection_c.h
[59.592s] -- Symlinking: /home/evan/Documents/BRONE_audio_gaze_project/install/op3_online_walking_module_msgs/include/op3_online_walking_module_msgs/op3_online_walking_module_msgs/msg/rosidl_typesupport_introspection_c__visibility_control.h
[59.605s] -- Symlinking: /home/evan/Documents/BRONE_audio_gaze_project/install/op3_online_walking_module_msgs/include/op3_online_walking_module_msgs/op3_online_walking_module_msgs/srv/detail/get_joint_pose__rosidl_typesupport_introspection_c.h
[59.617s] -- Symlinking: /home/evan/Documents/BRONE_audio_gaze_project/install/op3_online_walking_module_msgs/include/op3_online_walking_module_msgs/op3_online_walking_module_msgs/srv/detail/get_kinematics_pose__rosidl_typesupport_introspection_c.h
[59.628s] -- Symlinking: /home/evan/Documents/BRONE_audio_gaze_project/install/op3_online_walking_module_msgs/include/op3_online_walking_module_msgs/op3_online_walking_module_msgs/srv/detail/get_preview_matrix__rosidl_typesupport_introspection_c.h
[59.641s] -- Symlinking: /home/evan/Documents/BRONE_audio_gaze_project/install/op3_online_walking_module_msgs/include/op3_online_walking_module_msgs/op3_online_walking_module_msgs/msg/detail/foot_step_array__rosidl_typesupport_introspection_cpp.hpp
[59.654s] -- Symlinking: /home/evan/Documents/BRONE_audio_gaze_project/install/op3_online_walking_module_msgs/include/op3_online_walking_module_msgs/op3_online_walking_module_msgs/msg/detail/foot_step_command__rosidl_typesupport_introspection_cpp.hpp
[59.667s] -- Symlinking: /home/evan/Documents/BRONE_audio_gaze_project/install/op3_online_walking_module_msgs/include/op3_online_walking_module_msgs/op3_online_walking_module_msgs/msg/detail/joint_pose__rosidl_typesupport_introspection_cpp.hpp
[59.679s] -- Symlinking: /home/evan/Documents/BRONE_audio_gaze_project/install/op3_online_walking_module_msgs/include/op3_online_walking_module_msgs/op3_online_walking_module_msgs/msg/detail/kinematics_pose__rosidl_typesupport_introspection_cpp.hpp
[59.691s] -- Symlinking: /home/evan/Documents/BRONE_audio_gaze_project/install/op3_online_walking_module_msgs/include/op3_online_walking_module_msgs/op3_online_walking_module_msgs/msg/detail/preview_request__rosidl_typesupport_introspection_cpp.hpp
[59.703s] -- Symlinking: /home/evan/Documents/BRONE_audio_gaze_project/install/op3_online_walking_module_msgs/include/op3_online_walking_module_msgs/op3_online_walking_module_msgs/msg/detail/preview_response__rosidl_typesupport_introspection_cpp.hpp
[59.715s] -- Symlinking: /home/evan/Documents/BRONE_audio_gaze_project/install/op3_online_walking_module_msgs/include/op3_online_walking_module_msgs/op3_online_walking_module_msgs/msg/detail/step2_d__rosidl_typesupport_introspection_cpp.hpp
[59.727s] -- Symlinking: /home/evan/Documents/BRONE_audio_gaze_project/install/op3_online_walking_module_msgs/include/op3_online_walking_module_msgs/op3_online_walking_module_msgs/msg/detail/step2_d_array__rosidl_typesupport_introspection_cpp.hpp
[59.739s] -- Symlinking: /home/evan/Documents/BRONE_audio_gaze_project/install/op3_online_walking_module_msgs/include/op3_online_walking_module_msgs/op3_online_walking_module_msgs/msg/detail/walking_param__rosidl_typesupport_introspection_cpp.hpp
[59.752s] -- Symlinking: /home/evan/Documents/BRONE_audio_gaze_project/install/op3_online_walking_module_msgs/include/op3_online_walking_module_msgs/op3_online_walking_module_msgs/srv/detail/get_joint_pose__rosidl_typesupport_introspection_cpp.hpp
[59.765s] -- Symlinking: /home/evan/Documents/BRONE_audio_gaze_project/install/op3_online_walking_module_msgs/include/op3_online_walking_module_msgs/op3_online_walking_module_msgs/srv/detail/get_kinematics_pose__rosidl_typesupport_introspection_cpp.hpp
[59.776s] -- Symlinking: /home/evan/Documents/BRONE_audio_gaze_project/install/op3_online_walking_module_msgs/include/op3_online_walking_module_msgs/op3_online_walking_module_msgs/srv/detail/get_preview_matrix__rosidl_typesupport_introspection_cpp.hpp
[59.789s] -- Symlinking: /home/evan/Documents/BRONE_audio_gaze_project/install/op3_online_walking_module_msgs/share/op3_online_walking_module_msgs/environment/pythonpath.sh
[59.802s] -- Symlinking: /home/evan/Documents/BRONE_audio_gaze_project/install/op3_online_walking_module_msgs/share/op3_online_walking_module_msgs/environment/pythonpath.dsv
[59.815s] -- Symlinking: /home/evan/Documents/BRONE_audio_gaze_project/install/op3_online_walking_module_msgs/local/lib/python3.10/dist-packages/op3_online_walking_module_msgs-0.1.1-py3.10.egg-info/PKG-INFO
[59.828s] -- Symlinking: /home/evan/Documents/BRONE_audio_gaze_project/install/op3_online_walking_module_msgs/local/lib/python3.10/dist-packages/op3_online_walking_module_msgs-0.1.1-py3.10.egg-info/SOURCES.txt
[59.839s] -- Symlinking: /home/evan/Documents/BRONE_audio_gaze_project/install/op3_online_walking_module_msgs/local/lib/python3.10/dist-packages/op3_online_walking_module_msgs-0.1.1-py3.10.egg-info/dependency_links.txt
[59.852s] -- Symlinking: /home/evan/Documents/BRONE_audio_gaze_project/install/op3_online_walking_module_msgs/local/lib/python3.10/dist-packages/op3_online_walking_module_msgs-0.1.1-py3.10.egg-info/top_level.txt
[59.865s] -- Symlinking: /home/evan/Documents/BRONE_audio_gaze_project/install/op3_online_walking_module_msgs/local/lib/python3.10/dist-packages/op3_online_walking_module_msgs/__init__.py
[59.880s] -- Symlinking: /home/evan/Documents/BRONE_audio_gaze_project/install/op3_online_walking_module_msgs/local/lib/python3.10/dist-packages/op3_online_walking_module_msgs/_op3_online_walking_module_msgs_s.ep.rosidl_typesupport_c.c
[59.894s] -- Symlinking: /home/evan/Documents/BRONE_audio_gaze_project/install/op3_online_walking_module_msgs/local/lib/python3.10/dist-packages/op3_online_walking_module_msgs/_op3_online_walking_module_msgs_s.ep.rosidl_typesupport_fastrtps_c.c
[59.907s] -- Symlinking: /home/evan/Documents/BRONE_audio_gaze_project/install/op3_online_walking_module_msgs/local/lib/python3.10/dist-packages/op3_online_walking_module_msgs/_op3_online_walking_module_msgs_s.ep.rosidl_typesupport_introspection_c.c
[59.917s] -- Symlinking: /home/evan/Documents/BRONE_audio_gaze_project/install/op3_online_walking_module_msgs/local/lib/python3.10/dist-packages/op3_online_walking_module_msgs/libop3_online_walking_module_msgs__rosidl_generator_py.so
[59.930s] -- Symlinking: /home/evan/Documents/BRONE_audio_gaze_project/install/op3_online_walking_module_msgs/local/lib/python3.10/dist-packages/op3_online_walking_module_msgs/msg/__init__.py
[59.945s] -- Symlinking: /home/evan/Documents/BRONE_audio_gaze_project/install/op3_online_walking_module_msgs/local/lib/python3.10/dist-packages/op3_online_walking_module_msgs/msg/_foot_step_array.py
[59.958s] -- Symlinking: /home/evan/Documents/BRONE_audio_gaze_project/install/op3_online_walking_module_msgs/local/lib/python3.10/dist-packages/op3_online_walking_module_msgs/msg/_foot_step_array_s.c
[59.970s] -- Symlinking: /home/evan/Documents/BRONE_audio_gaze_project/install/op3_online_walking_module_msgs/local/lib/python3.10/dist-packages/op3_online_walking_module_msgs/msg/_foot_step_command.py
[59.983s] -- Symlinking: /home/evan/Documents/BRONE_audio_gaze_project/install/op3_online_walking_module_msgs/local/lib/python3.10/dist-packages/op3_online_walking_module_msgs/msg/_foot_step_command_s.c
[59.995s] -- Symlinking: /home/evan/Documents/BRONE_audio_gaze_project/install/op3_online_walking_module_msgs/local/lib/python3.10/dist-packages/op3_online_walking_module_msgs/msg/_joint_pose.py
[60.007s] -- Symlinking: /home/evan/Documents/BRONE_audio_gaze_project/install/op3_online_walking_module_msgs/local/lib/python3.10/dist-packages/op3_online_walking_module_msgs/msg/_joint_pose_s.c
[60.019s] -- Symlinking: /home/evan/Documents/BRONE_audio_gaze_project/install/op3_online_walking_module_msgs/local/lib/python3.10/dist-packages/op3_online_walking_module_msgs/msg/_kinematics_pose.py
[60.032s] -- Symlinking: /home/evan/Documents/BRONE_audio_gaze_project/install/op3_online_walking_module_msgs/local/lib/python3.10/dist-packages/op3_online_walking_module_msgs/msg/_kinematics_pose_s.c
[60.044s] -- Symlinking: /home/evan/Documents/BRONE_audio_gaze_project/install/op3_online_walking_module_msgs/local/lib/python3.10/dist-packages/op3_online_walking_module_msgs/msg/_preview_request.py
[60.056s] -- Symlinking: /home/evan/Documents/BRONE_audio_gaze_project/install/op3_online_walking_module_msgs/local/lib/python3.10/dist-packages/op3_online_walking_module_msgs/msg/_preview_request_s.c
[60.070s] -- Symlinking: /home/evan/Documents/BRONE_audio_gaze_project/install/op3_online_walking_module_msgs/local/lib/python3.10/dist-packages/op3_online_walking_module_msgs/msg/_preview_response.py
[60.087s] -- Symlinking: /home/evan/Documents/BRONE_audio_gaze_project/install/op3_online_walking_module_msgs/local/lib/python3.10/dist-packages/op3_online_walking_module_msgs/msg/_preview_response_s.c
[60.101s] -- Symlinking: /home/evan/Documents/BRONE_audio_gaze_project/install/op3_online_walking_module_msgs/local/lib/python3.10/dist-packages/op3_online_walking_module_msgs/msg/_step2_d.py
[60.114s] -- Symlinking: /home/evan/Documents/BRONE_audio_gaze_project/install/op3_online_walking_module_msgs/local/lib/python3.10/dist-packages/op3_online_walking_module_msgs/msg/_step2_d_array.py
[60.126s] -- Symlinking: /home/evan/Documents/BRONE_audio_gaze_project/install/op3_online_walking_module_msgs/local/lib/python3.10/dist-packages/op3_online_walking_module_msgs/msg/_step2_d_array_s.c
[60.139s] -- Symlinking: /home/evan/Documents/BRONE_audio_gaze_project/install/op3_online_walking_module_msgs/local/lib/python3.10/dist-packages/op3_online_walking_module_msgs/msg/_step2_d_s.c
[60.152s] -- Symlinking: /home/evan/Documents/BRONE_audio_gaze_project/install/op3_online_walking_module_msgs/local/lib/python3.10/dist-packages/op3_online_walking_module_msgs/msg/_walking_param.py
[60.165s] -- Symlinking: /home/evan/Documents/BRONE_audio_gaze_project/install/op3_online_walking_module_msgs/local/lib/python3.10/dist-packages/op3_online_walking_module_msgs/msg/_walking_param_s.c
[60.177s] -- Symlinking: /home/evan/Documents/BRONE_audio_gaze_project/install/op3_online_walking_module_msgs/local/lib/python3.10/dist-packages/op3_online_walking_module_msgs/op3_online_walking_module_msgs_s__rosidl_typesupport_c.cpython-310-x86_64-linux-gnu.so
[60.189s] -- Symlinking: /home/evan/Documents/BRONE_audio_gaze_project/install/op3_online_walking_module_msgs/local/lib/python3.10/dist-packages/op3_online_walking_module_msgs/op3_online_walking_module_msgs_s__rosidl_typesupport_fastrtps_c.cpython-310-x86_64-linux-gnu.so
[60.202s] -- Symlinking: /home/evan/Documents/BRONE_audio_gaze_project/install/op3_online_walking_module_msgs/local/lib/python3.10/dist-packages/op3_online_walking_module_msgs/op3_online_walking_module_msgs_s__rosidl_typesupport_introspection_c.cpython-310-x86_64-linux-gnu.so
[60.214s] -- Symlinking: /home/evan/Documents/BRONE_audio_gaze_project/install/op3_online_walking_module_msgs/local/lib/python3.10/dist-packages/op3_online_walking_module_msgs/srv/__init__.py
[60.226s] -- Symlinking: /home/evan/Documents/BRONE_audio_gaze_project/install/op3_online_walking_module_msgs/local/lib/python3.10/dist-packages/op3_online_walking_module_msgs/srv/_get_joint_pose.py
[60.240s] -- Symlinking: /home/evan/Documents/BRONE_audio_gaze_project/install/op3_online_walking_module_msgs/local/lib/python3.10/dist-packages/op3_online_walking_module_msgs/srv/_get_joint_pose_s.c
[60.251s] -- Symlinking: /home/evan/Documents/BRONE_audio_gaze_project/install/op3_online_walking_module_msgs/local/lib/python3.10/dist-packages/op3_online_walking_module_msgs/srv/_get_kinematics_pose.py
[60.264s] -- Symlinking: /home/evan/Documents/BRONE_audio_gaze_project/install/op3_online_walking_module_msgs/local/lib/python3.10/dist-packages/op3_online_walking_module_msgs/srv/_get_kinematics_pose_s.c
[60.276s] -- Symlinking: /home/evan/Documents/BRONE_audio_gaze_project/install/op3_online_walking_module_msgs/local/lib/python3.10/dist-packages/op3_online_walking_module_msgs/srv/_get_preview_matrix.py
[60.290s] -- Symlinking: /home/evan/Documents/BRONE_audio_gaze_project/install/op3_online_walking_module_msgs/local/lib/python3.10/dist-packages/op3_online_walking_module_msgs/srv/_get_preview_matrix_s.c
[60.303s] -- Up-to-date symlink: /home/evan/Documents/BRONE_audio_gaze_project/install/op3_online_walking_module_msgs/local/lib/python3.10/dist-packages/op3_online_walking_module_msgs/op3_online_walking_module_msgs_s__rosidl_typesupport_fastrtps_c.cpython-310-x86_64-linux-gnu.so
[60.303s] -- Up-to-date symlink: /home/evan/Documents/BRONE_audio_gaze_project/install/op3_online_walking_module_msgs/local/lib/python3.10/dist-packages/op3_online_walking_module_msgs/op3_online_walking_module_msgs_s__rosidl_typesupport_introspection_c.cpython-310-x86_64-linux-gnu.so
[60.304s] -- Up-to-date symlink: /home/evan/Documents/BRONE_audio_gaze_project/install/op3_online_walking_module_msgs/local/lib/python3.10/dist-packages/op3_online_walking_module_msgs/op3_online_walking_module_msgs_s__rosidl_typesupport_c.cpython-310-x86_64-linux-gnu.so
[60.304s] -- Symlinking: /home/evan/Documents/BRONE_audio_gaze_project/install/op3_online_walking_module_msgs/share/ament_index/resource_index/rust_packages/op3_online_walking_module_msgs
[60.318s] -- Symlinking: /home/evan/Documents/BRONE_audio_gaze_project/install/op3_online_walking_module_msgs/share/op3_online_walking_module_msgs/rust/Cargo.toml
[60.332s] -- Symlinking: /home/evan/Documents/BRONE_audio_gaze_project/install/op3_online_walking_module_msgs/share/op3_online_walking_module_msgs/rust/build.rs
[60.345s] -- Symlinking: /home/evan/Documents/BRONE_audio_gaze_project/install/op3_online_walking_module_msgs/share/op3_online_walking_module_msgs/rust/src/lib.rs
[60.372s] -- Symlinking: /home/evan/Documents/BRONE_audio_gaze_project/install/op3_online_walking_module_msgs/share/op3_online_walking_module_msgs/rust/src/msg.rs
[60.378s] -- Symlinking: /home/evan/Documents/BRONE_audio_gaze_project/install/op3_online_walking_module_msgs/share/op3_online_walking_module_msgs/rust/src/msg/rmw.rs
[60.390s] -- Symlinking: /home/evan/Documents/BRONE_audio_gaze_project/install/op3_online_walking_module_msgs/share/op3_online_walking_module_msgs/rust/src/srv.rs
[60.407s] -- Symlinking: /home/evan/Documents/BRONE_audio_gaze_project/install/op3_online_walking_module_msgs/share/op3_online_walking_module_msgs/rust/src/srv/rmw.rs
[60.421s] -- Symlinking: /home/evan/Documents/BRONE_audio_gaze_project/install/op3_online_walking_module_msgs/share/op3_online_walking_module_msgs/msg/JointPose.idl
[60.434s] -- Symlinking: /home/evan/Documents/BRONE_audio_gaze_project/install/op3_online_walking_module_msgs/share/op3_online_walking_module_msgs/msg/KinematicsPose.idl
[60.451s] -- Symlinking: /home/evan/Documents/BRONE_audio_gaze_project/install/op3_online_walking_module_msgs/share/op3_online_walking_module_msgs/msg/FootStepCommand.idl
[60.463s] -- Symlinking: /home/evan/Documents/BRONE_audio_gaze_project/install/op3_online_walking_module_msgs/share/op3_online_walking_module_msgs/msg/FootStepArray.idl
[60.482s] -- Symlinking: /home/evan/Documents/BRONE_audio_gaze_project/install/op3_online_walking_module_msgs/share/op3_online_walking_module_msgs/msg/PreviewRequest.idl
[60.493s] -- Symlinking: /home/evan/Documents/BRONE_audio_gaze_project/install/op3_online_walking_module_msgs/share/op3_online_walking_module_msgs/msg/PreviewResponse.idl
[60.505s] -- Symlinking: /home/evan/Documents/BRONE_audio_gaze_project/install/op3_online_walking_module_msgs/share/op3_online_walking_module_msgs/msg/WalkingParam.idl
[60.522s] -- Symlinking: /home/evan/Documents/BRONE_audio_gaze_project/install/op3_online_walking_module_msgs/share/op3_online_walking_module_msgs/msg/Step2D.idl
[60.536s] -- Symlinking: /home/evan/Documents/BRONE_audio_gaze_project/install/op3_online_walking_module_msgs/share/op3_online_walking_module_msgs/msg/Step2DArray.idl
[60.550s] -- Symlinking: /home/evan/Documents/BRONE_audio_gaze_project/install/op3_online_walking_module_msgs/share/op3_online_walking_module_msgs/srv/GetJointPose.idl
[60.563s] -- Symlinking: /home/evan/Documents/BRONE_audio_gaze_project/install/op3_online_walking_module_msgs/share/op3_online_walking_module_msgs/srv/GetKinematicsPose.idl
[60.577s] -- Symlinking: /home/evan/Documents/BRONE_audio_gaze_project/install/op3_online_walking_module_msgs/share/op3_online_walking_module_msgs/srv/GetPreviewMatrix.idl
[60.589s] -- Symlinking: /home/evan/Documents/BRONE_audio_gaze_project/install/op3_online_walking_module_msgs/share/op3_online_walking_module_msgs/msg/JointPose.msg
[60.601s] -- Symlinking: /home/evan/Documents/BRONE_audio_gaze_project/install/op3_online_walking_module_msgs/share/op3_online_walking_module_msgs/msg/KinematicsPose.msg
[60.615s] -- Symlinking: /home/evan/Documents/BRONE_audio_gaze_project/install/op3_online_walking_module_msgs/share/op3_online_walking_module_msgs/msg/FootStepCommand.msg
[60.627s] -- Symlinking: /home/evan/Documents/BRONE_audio_gaze_project/install/op3_online_walking_module_msgs/share/op3_online_walking_module_msgs/msg/FootStepArray.msg
[60.641s] -- Symlinking: /home/evan/Documents/BRONE_audio_gaze_project/install/op3_online_walking_module_msgs/share/op3_online_walking_module_msgs/msg/PreviewRequest.msg
[60.652s] -- Symlinking: /home/evan/Documents/BRONE_audio_gaze_project/install/op3_online_walking_module_msgs/share/op3_online_walking_module_msgs/msg/PreviewResponse.msg
[60.667s] -- Symlinking: /home/evan/Documents/BRONE_audio_gaze_project/install/op3_online_walking_module_msgs/share/op3_online_walking_module_msgs/msg/WalkingParam.msg
[60.678s] -- Symlinking: /home/evan/Documents/BRONE_audio_gaze_project/install/op3_online_walking_module_msgs/share/op3_online_walking_module_msgs/msg/Step2D.msg
[60.692s] -- Symlinking: /home/evan/Documents/BRONE_audio_gaze_project/install/op3_online_walking_module_msgs/share/op3_online_walking_module_msgs/msg/Step2DArray.msg
[60.705s] -- Symlinking: /home/evan/Documents/BRONE_audio_gaze_project/install/op3_online_walking_module_msgs/share/op3_online_walking_module_msgs/srv/GetJointPose.srv
[60.719s] -- Symlinking: /home/evan/Documents/BRONE_audio_gaze_project/install/op3_online_walking_module_msgs/share/op3_online_walking_module_msgs/srv/GetJointPose_Request.msg
[60.731s] -- Symlinking: /home/evan/Documents/BRONE_audio_gaze_project/install/op3_online_walking_module_msgs/share/op3_online_walking_module_msgs/srv/GetJointPose_Response.msg
[60.746s] -- Symlinking: /home/evan/Documents/BRONE_audio_gaze_project/install/op3_online_walking_module_msgs/share/op3_online_walking_module_msgs/srv/GetKinematicsPose.srv
[60.771s] -- Symlinking: /home/evan/Documents/BRONE_audio_gaze_project/install/op3_online_walking_module_msgs/share/op3_online_walking_module_msgs/srv/GetKinematicsPose_Request.msg
[60.790s] -- Symlinking: /home/evan/Documents/BRONE_audio_gaze_project/install/op3_online_walking_module_msgs/share/op3_online_walking_module_msgs/srv/GetKinematicsPose_Response.msg
[60.805s] -- Symlinking: /home/evan/Documents/BRONE_audio_gaze_project/install/op3_online_walking_module_msgs/share/op3_online_walking_module_msgs/srv/GetPreviewMatrix.srv
[60.817s] -- Symlinking: /home/evan/Documents/BRONE_audio_gaze_project/install/op3_online_walking_module_msgs/share/op3_online_walking_module_msgs/srv/GetPreviewMatrix_Request.msg
[60.830s] -- Symlinking: /home/evan/Documents/BRONE_audio_gaze_project/install/op3_online_walking_module_msgs/share/op3_online_walking_module_msgs/srv/GetPreviewMatrix_Response.msg
[60.844s] -- Symlinking: /home/evan/Documents/BRONE_audio_gaze_project/install/op3_online_walking_module_msgs/share/ament_index/resource_index/package_run_dependencies/op3_online_walking_module_msgs
[60.856s] -- Symlinking: /home/evan/Documents/BRONE_audio_gaze_project/install/op3_online_walking_module_msgs/share/ament_index/resource_index/parent_prefix_path/op3_online_walking_module_msgs
[60.870s] -- Symlinking: /home/evan/Documents/BRONE_audio_gaze_project/install/op3_online_walking_module_msgs/share/op3_online_walking_module_msgs/environment/ament_prefix_path.sh
[60.883s] -- Symlinking: /home/evan/Documents/BRONE_audio_gaze_project/install/op3_online_walking_module_msgs/share/op3_online_walking_module_msgs/environment/ament_prefix_path.dsv
[60.896s] -- Symlinking: /home/evan/Documents/BRONE_audio_gaze_project/install/op3_online_walking_module_msgs/share/op3_online_walking_module_msgs/environment/path.sh
[60.911s] -- Symlinking: /home/evan/Documents/BRONE_audio_gaze_project/install/op3_online_walking_module_msgs/share/op3_online_walking_module_msgs/environment/path.dsv
[60.925s] -- Symlinking: /home/evan/Documents/BRONE_audio_gaze_project/install/op3_online_walking_module_msgs/share/op3_online_walking_module_msgs/local_setup.bash
[60.938s] -- Symlinking: /home/evan/Documents/BRONE_audio_gaze_project/install/op3_online_walking_module_msgs/share/op3_online_walking_module_msgs/local_setup.sh
[60.950s] -- Symlinking: /home/evan/Documents/BRONE_audio_gaze_project/install/op3_online_walking_module_msgs/share/op3_online_walking_module_msgs/local_setup.zsh
[60.964s] -- Symlinking: /home/evan/Documents/BRONE_audio_gaze_project/install/op3_online_walking_module_msgs/share/op3_online_walking_module_msgs/local_setup.dsv
[60.979s] -- Symlinking: /home/evan/Documents/BRONE_audio_gaze_project/install/op3_online_walking_module_msgs/share/op3_online_walking_module_msgs/package.dsv
[60.993s] -- Symlinking: /home/evan/Documents/BRONE_audio_gaze_project/install/op3_online_walking_module_msgs/share/ament_index/resource_index/packages/op3_online_walking_module_msgs
[61.005s] -- Symlinking: /home/evan/Documents/BRONE_audio_gaze_project/install/op3_online_walking_module_msgs/share/op3_online_walking_module_msgs/cmake/rosidl_cmake-extras.cmake
[61.018s] -- Symlinking: /home/evan/Documents/BRONE_audio_gaze_project/install/op3_online_walking_module_msgs/share/op3_online_walking_module_msgs/cmake/ament_cmake_export_dependencies-extras.cmake
[61.032s] -- Symlinking: /home/evan/Documents/BRONE_audio_gaze_project/install/op3_online_walking_module_msgs/share/op3_online_walking_module_msgs/cmake/ament_cmake_export_include_directories-extras.cmake
[61.044s] -- Symlinking: /home/evan/Documents/BRONE_audio_gaze_project/install/op3_online_walking_module_msgs/share/op3_online_walking_module_msgs/cmake/ament_cmake_export_libraries-extras.cmake
[61.056s] -- Symlinking: /home/evan/Documents/BRONE_audio_gaze_project/install/op3_online_walking_module_msgs/share/op3_online_walking_module_msgs/cmake/ament_cmake_export_targets-extras.cmake
[61.069s] -- Symlinking: /home/evan/Documents/BRONE_audio_gaze_project/install/op3_online_walking_module_msgs/share/op3_online_walking_module_msgs/cmake/rosidl_cmake_export_typesupport_targets-extras.cmake
[61.082s] -- Symlinking: /home/evan/Documents/BRONE_audio_gaze_project/install/op3_online_walking_module_msgs/share/op3_online_walking_module_msgs/cmake/rosidl_cmake_export_typesupport_libraries-extras.cmake
[61.094s] -- Symlinking: /home/evan/Documents/BRONE_audio_gaze_project/install/op3_online_walking_module_msgs/share/op3_online_walking_module_msgs/cmake/op3_online_walking_module_msgsConfig.cmake
[61.107s] -- Symlinking: /home/evan/Documents/BRONE_audio_gaze_project/install/op3_online_walking_module_msgs/share/op3_online_walking_module_msgs/cmake/op3_online_walking_module_msgsConfig-version.cmake
[61.120s] -- Symlinking: /home/evan/Documents/BRONE_audio_gaze_project/install/op3_online_walking_module_msgs/share/op3_online_walking_module_msgs/package.xml
[61.134s] -- Installing: /home/evan/Documents/BRONE_audio_gaze_project/install/op3_online_walking_module_msgs/lib/libop3_online_walking_module_msgs__rosidl_generator_c.so
[61.135s] -- Set runtime path of "/home/evan/Documents/BRONE_audio_gaze_project/install/op3_online_walking_module_msgs/lib/libop3_online_walking_module_msgs__rosidl_generator_c.so" to ""
[61.135s] -- Installing: /home/evan/Documents/BRONE_audio_gaze_project/install/op3_online_walking_module_msgs/lib/libop3_online_walking_module_msgs__rosidl_typesupport_fastrtps_c.so
[61.136s] -- Set runtime path of "/home/evan/Documents/BRONE_audio_gaze_project/install/op3_online_walking_module_msgs/lib/libop3_online_walking_module_msgs__rosidl_typesupport_fastrtps_c.so" to ""
[61.136s] -- Installing: /home/evan/Documents/BRONE_audio_gaze_project/install/op3_online_walking_module_msgs/lib/libop3_online_walking_module_msgs__rosidl_typesupport_fastrtps_cpp.so
[61.137s] -- Set runtime path of "/home/evan/Documents/BRONE_audio_gaze_project/install/op3_online_walking_module_msgs/lib/libop3_online_walking_module_msgs__rosidl_typesupport_fastrtps_cpp.so" to ""
[61.137s] -- Installing: /home/evan/Documents/BRONE_audio_gaze_project/install/op3_online_walking_module_msgs/lib/libop3_online_walking_module_msgs__rosidl_typesupport_introspection_c.so
[61.138s] -- Set runtime path of "/home/evan/Documents/BRONE_audio_gaze_project/install/op3_online_walking_module_msgs/lib/libop3_online_walking_module_msgs__rosidl_typesupport_introspection_c.so" to ""
[61.138s] -- Installing: /home/evan/Documents/BRONE_audio_gaze_project/install/op3_online_walking_module_msgs/lib/libop3_online_walking_module_msgs__rosidl_typesupport_c.so
[61.140s] -- Set runtime path of "/home/evan/Documents/BRONE_audio_gaze_project/install/op3_online_walking_module_msgs/lib/libop3_online_walking_module_msgs__rosidl_typesupport_c.so" to ""
[61.140s] -- Installing: /home/evan/Documents/BRONE_audio_gaze_project/install/op3_online_walking_module_msgs/lib/libop3_online_walking_module_msgs__rosidl_typesupport_introspection_cpp.so
[61.140s] -- Set runtime path of "/home/evan/Documents/BRONE_audio_gaze_project/install/op3_online_walking_module_msgs/lib/libop3_online_walking_module_msgs__rosidl_typesupport_introspection_cpp.so" to ""
[61.140s] -- Installing: /home/evan/Documents/BRONE_audio_gaze_project/install/op3_online_walking_module_msgs/lib/libop3_online_walking_module_msgs__rosidl_typesupport_cpp.so
[61.141s] -- Set runtime path of "/home/evan/Documents/BRONE_audio_gaze_project/install/op3_online_walking_module_msgs/lib/libop3_online_walking_module_msgs__rosidl_typesupport_cpp.so" to ""
[61.225s] Listing '/home/evan/Documents/BRONE_audio_gaze_project/install/op3_online_walking_module_msgs/local/lib/python3.10/dist-packages/op3_online_walking_module_msgs'...
[61.225s] Compiling '/home/evan/Documents/BRONE_audio_gaze_project/install/op3_online_walking_module_msgs/local/lib/python3.10/dist-packages/op3_online_walking_module_msgs/__init__.py'...
[61.225s] Listing '/home/evan/Documents/BRONE_audio_gaze_project/install/op3_online_walking_module_msgs/local/lib/python3.10/dist-packages/op3_online_walking_module_msgs/msg'...
[61.225s] Compiling '/home/evan/Documents/BRONE_audio_gaze_project/install/op3_online_walking_module_msgs/local/lib/python3.10/dist-packages/op3_online_walking_module_msgs/msg/__init__.py'...
[61.225s] Compiling '/home/evan/Documents/BRONE_audio_gaze_project/install/op3_online_walking_module_msgs/local/lib/python3.10/dist-packages/op3_online_walking_module_msgs/msg/_foot_step_array.py'...
[61.225s] Compiling '/home/evan/Documents/BRONE_audio_gaze_project/install/op3_online_walking_module_msgs/local/lib/python3.10/dist-packages/op3_online_walking_module_msgs/msg/_foot_step_command.py'...
[61.225s] Compiling '/home/evan/Documents/BRONE_audio_gaze_project/install/op3_online_walking_module_msgs/local/lib/python3.10/dist-packages/op3_online_walking_module_msgs/msg/_joint_pose.py'...
[61.225s] Compiling '/home/evan/Documents/BRONE_audio_gaze_project/install/op3_online_walking_module_msgs/local/lib/python3.10/dist-packages/op3_online_walking_module_msgs/msg/_kinematics_pose.py'...
[61.226s] Compiling '/home/evan/Documents/BRONE_audio_gaze_project/install/op3_online_walking_module_msgs/local/lib/python3.10/dist-packages/op3_online_walking_module_msgs/msg/_preview_request.py'...
[61.226s] Compiling '/home/evan/Documents/BRONE_audio_gaze_project/install/op3_online_walking_module_msgs/local/lib/python3.10/dist-packages/op3_online_walking_module_msgs/msg/_preview_response.py'...
[61.226s] Compiling '/home/evan/Documents/BRONE_audio_gaze_project/install/op3_online_walking_module_msgs/local/lib/python3.10/dist-packages/op3_online_walking_module_msgs/msg/_step2_d.py'...
[61.226s] Compiling '/home/evan/Documents/BRONE_audio_gaze_project/install/op3_online_walking_module_msgs/local/lib/python3.10/dist-packages/op3_online_walking_module_msgs/msg/_step2_d_array.py'...
[61.226s] Compiling '/home/evan/Documents/BRONE_audio_gaze_project/install/op3_online_walking_module_msgs/local/lib/python3.10/dist-packages/op3_online_walking_module_msgs/msg/_walking_param.py'...
[61.226s] Listing '/home/evan/Documents/BRONE_audio_gaze_project/install/op3_online_walking_module_msgs/local/lib/python3.10/dist-packages/op3_online_walking_module_msgs/srv'...
[61.226s] Compiling '/home/evan/Documents/BRONE_audio_gaze_project/install/op3_online_walking_module_msgs/local/lib/python3.10/dist-packages/op3_online_walking_module_msgs/srv/__init__.py'...
[61.226s] Compiling '/home/evan/Documents/BRONE_audio_gaze_project/install/op3_online_walking_module_msgs/local/lib/python3.10/dist-packages/op3_online_walking_module_msgs/srv/_get_joint_pose.py'...
[61.226s] Compiling '/home/evan/Documents/BRONE_audio_gaze_project/install/op3_online_walking_module_msgs/local/lib/python3.10/dist-packages/op3_online_walking_module_msgs/srv/_get_kinematics_pose.py'...
[61.226s] Compiling '/home/evan/Documents/BRONE_audio_gaze_project/install/op3_online_walking_module_msgs/local/lib/python3.10/dist-packages/op3_online_walking_module_msgs/srv/_get_preview_matrix.py'...
[61.233s] -- Installing: /home/evan/Documents/BRONE_audio_gaze_project/install/op3_online_walking_module_msgs/lib/libop3_online_walking_module_msgs__rosidl_generator_py.so
[61.233s] -- Set runtime path of "/home/evan/Documents/BRONE_audio_gaze_project/install/op3_online_walking_module_msgs/lib/libop3_online_walking_module_msgs__rosidl_generator_py.so" to ""
[61.233s] -- Installing: /home/evan/Documents/BRONE_audio_gaze_project/install/op3_online_walking_module_msgs/share/op3_online_walking_module_msgs/cmake/export_op3_online_walking_module_msgs__rosidl_generator_cExport.cmake
[61.234s] -- Installing: /home/evan/Documents/BRONE_audio_gaze_project/install/op3_online_walking_module_msgs/share/op3_online_walking_module_msgs/cmake/export_op3_online_walking_module_msgs__rosidl_generator_cExport-noconfig.cmake
[61.234s] -- Installing: /home/evan/Documents/BRONE_audio_gaze_project/install/op3_online_walking_module_msgs/share/op3_online_walking_module_msgs/cmake/export_op3_online_walking_module_msgs__rosidl_typesupport_fastrtps_cExport.cmake
[61.235s] -- Installing: /home/evan/Documents/BRONE_audio_gaze_project/install/op3_online_walking_module_msgs/share/op3_online_walking_module_msgs/cmake/export_op3_online_walking_module_msgs__rosidl_typesupport_fastrtps_cExport-noconfig.cmake
[61.238s] -- Installing: /home/evan/Documents/BRONE_audio_gaze_project/install/op3_online_walking_module_msgs/share/op3_online_walking_module_msgs/cmake/export_op3_online_walking_module_msgs__rosidl_generator_cppExport.cmake
[61.238s] -- Installing: /home/evan/Documents/BRONE_audio_gaze_project/install/op3_online_walking_module_msgs/share/op3_online_walking_module_msgs/cmake/export_op3_online_walking_module_msgs__rosidl_typesupport_fastrtps_cppExport.cmake
[61.239s] -- Installing: /home/evan/Documents/BRONE_audio_gaze_project/install/op3_online_walking_module_msgs/share/op3_online_walking_module_msgs/cmake/export_op3_online_walking_module_msgs__rosidl_typesupport_fastrtps_cppExport-noconfig.cmake
[61.240s] -- Installing: /home/evan/Documents/BRONE_audio_gaze_project/install/op3_online_walking_module_msgs/share/op3_online_walking_module_msgs/cmake/op3_online_walking_module_msgs__rosidl_typesupport_introspection_cExport.cmake
[61.240s] -- Installing: /home/evan/Documents/BRONE_audio_gaze_project/install/op3_online_walking_module_msgs/share/op3_online_walking_module_msgs/cmake/op3_online_walking_module_msgs__rosidl_typesupport_introspection_cExport-noconfig.cmake
[61.242s] -- Installing: /home/evan/Documents/BRONE_audio_gaze_project/install/op3_online_walking_module_msgs/share/op3_online_walking_module_msgs/cmake/op3_online_walking_module_msgs__rosidl_typesupport_cExport.cmake
[61.242s] -- Installing: /home/evan/Documents/BRONE_audio_gaze_project/install/op3_online_walking_module_msgs/share/op3_online_walking_module_msgs/cmake/op3_online_walking_module_msgs__rosidl_typesupport_cExport-noconfig.cmake
[61.243s] -- Installing: /home/evan/Documents/BRONE_audio_gaze_project/install/op3_online_walking_module_msgs/share/op3_online_walking_module_msgs/cmake/op3_online_walking_module_msgs__rosidl_typesupport_introspection_cppExport.cmake
[61.244s] -- Installing: /home/evan/Documents/BRONE_audio_gaze_project/install/op3_online_walking_module_msgs/share/op3_online_walking_module_msgs/cmake/op3_online_walking_module_msgs__rosidl_typesupport_introspection_cppExport-noconfig.cmake
[61.245s] -- Installing: /home/evan/Documents/BRONE_audio_gaze_project/install/op3_online_walking_module_msgs/share/op3_online_walking_module_msgs/cmake/op3_online_walking_module_msgs__rosidl_typesupport_cppExport.cmake
[61.245s] -- Installing: /home/evan/Documents/BRONE_audio_gaze_project/install/op3_online_walking_module_msgs/share/op3_online_walking_module_msgs/cmake/op3_online_walking_module_msgs__rosidl_typesupport_cppExport-noconfig.cmake
[61.246s] -- Installing: /home/evan/Documents/BRONE_audio_gaze_project/install/op3_online_walking_module_msgs/share/op3_online_walking_module_msgs/cmake/export_op3_online_walking_module_msgs__rosidl_generator_pyExport.cmake
[61.246s] -- Installing: /home/evan/Documents/BRONE_audio_gaze_project/install/op3_online_walking_module_msgs/share/op3_online_walking_module_msgs/cmake/export_op3_online_walking_module_msgs__rosidl_generator_pyExport-noconfig.cmake
[61.257s] Invoked command in '/home/evan/Documents/BRONE_audio_gaze_project/build/op3_online_walking_module_msgs' returned '0': CMAKE_PREFIX_PATH=${CMAKE_PREFIX_PATH}:/home/evan/Documents/BRONE_audio_gaze_project/install/algo_gaze:/home/evan/Documents/BRONE_audio_gaze_project/install/brone_gaze:/opt/ros/humble /usr/bin/cmake --install /home/evan/Documents/BRONE_audio_gaze_project/build/op3_online_walking_module_msgs
