[  5%] [32mBuilding CXX object CMakeFiles/self_test_node.dir/src/test_node.cpp.o[0m
[ 11%] [32mBuilding CXX object CMakeFiles/op_demo_node.dir/src/soccer/ball_follower.cpp.o[0m
[ 16%] [32mBuilding CXX object CMakeFiles/op_demo_node.dir/src/soccer/ball_tracker.cpp.o[0m
[ 22%] [32mBuilding CXX object CMakeFiles/op_demo_node.dir/src/demo_node.cpp.o[0m
[ 27%] [32mBuilding CXX object CMakeFiles/op_demo_node.dir/src/soccer/soccer_demo.cpp.o[0m
[ 33%] [32mBuilding CXX object CMakeFiles/self_test_node.dir/src/soccer/soccer_demo.cpp.o[0m
[ 38%] [32mBuilding CXX object CMakeFiles/self_test_node.dir/src/soccer/ball_follower.cpp.o[0m
[ 44%] [32mBuilding CXX object CMakeFiles/op_demo_node.dir/src/action/action_demo.cpp.o[0m
[ 50%] [32mBuilding CXX object CMakeFiles/self_test_node.dir/src/soccer/ball_tracker.cpp.o[0m
[ 55%] [32mBuilding CXX object CMakeFiles/op_demo_node.dir/src/vision/face_tracker.cpp.o[0m
[ 61%] [32mBuilding CXX object CMakeFiles/op_demo_node.dir/src/vision/vision_demo.cpp.o[0m
[ 66%] [32mBuilding CXX object CMakeFiles/self_test_node.dir/src/action/action_demo.cpp.o[0m
[ 72%] [32m[1mLinking CXX executable op_demo_node[0m
[ 77%] [32mBuilding CXX object CMakeFiles/self_test_node.dir/src/test/mic_test.cpp.o[0m
[ 77%] Built target op_demo_node
[ 83%] [32mBuilding CXX object CMakeFiles/self_test_node.dir/src/vision/face_tracker.cpp.o[0m
[ 88%] [32mBuilding CXX object CMakeFiles/self_test_node.dir/src/test/button_test.cpp.o[0m
[ 94%] [32mBuilding CXX object CMakeFiles/self_test_node.dir/src/vision/vision_demo.cpp.o[0m
[100%] [32m[1mLinking CXX executable self_test_node[0m
[100%] Built target self_test_node
-- Install configuration: ""
-- Execute custom install script
-- Symlinking: /home/evan/Documents/algo_gaze_project/install/op3_demo/lib/op3_demo/op_demo_node
-- Symlinking: /home/evan/Documents/algo_gaze_project/install/op3_demo/lib/op3_demo/self_test_node
-- Symlinking: /home/evan/Documents/algo_gaze_project/install/op3_demo/include/op3_demo/action_demo.h
-- Symlinking: /home/evan/Documents/algo_gaze_project/install/op3_demo/include/op3_demo/ball_follower.h
-- Symlinking: /home/evan/Documents/algo_gaze_project/install/op3_demo/include/op3_demo/ball_tracker.h
-- Symlinking: /home/evan/Documents/algo_gaze_project/install/op3_demo/include/op3_demo/button_test.h
-- Symlinking: /home/evan/Documents/algo_gaze_project/install/op3_demo/include/op3_demo/face_tracker.h
-- Symlinking: /home/evan/Documents/algo_gaze_project/install/op3_demo/include/op3_demo/mic_test.h
-- Symlinking: /home/evan/Documents/algo_gaze_project/install/op3_demo/include/op3_demo/op_demo.h
-- Symlinking: /home/evan/Documents/algo_gaze_project/install/op3_demo/include/op3_demo/soccer_demo.h
-- Symlinking: /home/evan/Documents/algo_gaze_project/install/op3_demo/include/op3_demo/vision_demo.h
-- Symlinking: /home/evan/Documents/algo_gaze_project/install/op3_demo/share/op3_demo/data/mp3/Autonomous soccer mode.mp3
-- Symlinking: /home/evan/Documents/algo_gaze_project/install/op3_demo/share/op3_demo/data/mp3/Bye bye.mp3
-- Symlinking: /home/evan/Documents/algo_gaze_project/install/op3_demo/share/op3_demo/data/mp3/Clap please.mp3
-- Symlinking: /home/evan/Documents/algo_gaze_project/install/op3_demo/share/op3_demo/data/mp3/Demonstration ready mode.mp3
-- Symlinking: /home/evan/Documents/algo_gaze_project/install/op3_demo/share/op3_demo/data/mp3/Headstand.mp3
-- Symlinking: /home/evan/Documents/algo_gaze_project/install/op3_demo/share/op3_demo/data/mp3/Interactive motion mode.mp3
-- Symlinking: /home/evan/Documents/algo_gaze_project/install/op3_demo/share/op3_demo/data/mp3/Intro01.mp3
-- Symlinking: /home/evan/Documents/algo_gaze_project/install/op3_demo/share/op3_demo/data/mp3/Intro02.mp3
-- Symlinking: /home/evan/Documents/algo_gaze_project/install/op3_demo/share/op3_demo/data/mp3/Intro03.mp3
-- Symlinking: /home/evan/Documents/algo_gaze_project/install/op3_demo/share/op3_demo/data/mp3/Introduction.mp3
-- Symlinking: /home/evan/Documents/algo_gaze_project/install/op3_demo/share/op3_demo/data/mp3/Left kick.mp3
-- Symlinking: /home/evan/Documents/algo_gaze_project/install/op3_demo/share/op3_demo/data/mp3/No.mp3
-- Symlinking: /home/evan/Documents/algo_gaze_project/install/op3_demo/share/op3_demo/data/mp3/Oops.mp3
-- Symlinking: /home/evan/Documents/algo_gaze_project/install/op3_demo/share/op3_demo/data/mp3/Right kick.mp3
-- Symlinking: /home/evan/Documents/algo_gaze_project/install/op3_demo/share/op3_demo/data/mp3/Sensor calibration complete.mp3
-- Symlinking: /home/evan/Documents/algo_gaze_project/install/op3_demo/share/op3_demo/data/mp3/Sensor calibration fail.mp3
-- Symlinking: /home/evan/Documents/algo_gaze_project/install/op3_demo/share/op3_demo/data/mp3/Shoot.mp3
-- Symlinking: /home/evan/Documents/algo_gaze_project/install/op3_demo/share/op3_demo/data/mp3/Sit down.mp3
-- Symlinking: /home/evan/Documents/algo_gaze_project/install/op3_demo/share/op3_demo/data/mp3/Stand up.mp3
-- Symlinking: /home/evan/Documents/algo_gaze_project/install/op3_demo/share/op3_demo/data/mp3/Start motion demonstration.mp3
-- Symlinking: /home/evan/Documents/algo_gaze_project/install/op3_demo/share/op3_demo/data/mp3/Start soccer demonstration.mp3
-- Symlinking: /home/evan/Documents/algo_gaze_project/install/op3_demo/share/op3_demo/data/mp3/Start vision processing demonstration.mp3
-- Symlinking: /home/evan/Documents/algo_gaze_project/install/op3_demo/share/op3_demo/data/mp3/System shutdown.mp3
-- Symlinking: /home/evan/Documents/algo_gaze_project/install/op3_demo/share/op3_demo/data/mp3/Thank you.mp3
-- Symlinking: /home/evan/Documents/algo_gaze_project/install/op3_demo/share/op3_demo/data/mp3/Vision processing mode.mp3
-- Symlinking: /home/evan/Documents/algo_gaze_project/install/op3_demo/share/op3_demo/data/mp3/Wow.mp3
-- Symlinking: /home/evan/Documents/algo_gaze_project/install/op3_demo/share/op3_demo/data/mp3/Yes go.mp3
-- Symlinking: /home/evan/Documents/algo_gaze_project/install/op3_demo/share/op3_demo/data/mp3/Yes.mp3
-- Symlinking: /home/evan/Documents/algo_gaze_project/install/op3_demo/share/op3_demo/data/mp3/intro_test.mp3
-- Symlinking: /home/evan/Documents/algo_gaze_project/install/op3_demo/share/op3_demo/data/mp3/test/Announce mic test.mp3
-- Symlinking: /home/evan/Documents/algo_gaze_project/install/op3_demo/share/op3_demo/data/mp3/test/Button test mode.mp3
-- Symlinking: /home/evan/Documents/algo_gaze_project/install/op3_demo/share/op3_demo/data/mp3/test/Mic test mode.mp3
-- Symlinking: /home/evan/Documents/algo_gaze_project/install/op3_demo/share/op3_demo/data/mp3/test/Mode button long pressed.mp3
-- Symlinking: /home/evan/Documents/algo_gaze_project/install/op3_demo/share/op3_demo/data/mp3/test/Mode button pressed.mp3
-- Symlinking: /home/evan/Documents/algo_gaze_project/install/op3_demo/share/op3_demo/data/mp3/test/Self test ready mode.mp3
-- Symlinking: /home/evan/Documents/algo_gaze_project/install/op3_demo/share/op3_demo/data/mp3/test/Start button long pressed.mp3
-- Symlinking: /home/evan/Documents/algo_gaze_project/install/op3_demo/share/op3_demo/data/mp3/test/Start button pressed.mp3
-- Symlinking: /home/evan/Documents/algo_gaze_project/install/op3_demo/share/op3_demo/data/mp3/test/Start button test mode.mp3
-- Symlinking: /home/evan/Documents/algo_gaze_project/install/op3_demo/share/op3_demo/data/mp3/test/Start mic test mode.mp3
-- Symlinking: /home/evan/Documents/algo_gaze_project/install/op3_demo/share/op3_demo/data/mp3/test/Start playing.mp3
-- Symlinking: /home/evan/Documents/algo_gaze_project/install/op3_demo/share/op3_demo/data/mp3/test/Start recording.mp3
-- Symlinking: /home/evan/Documents/algo_gaze_project/install/op3_demo/share/op3_demo/data/mp3/test/User button long pressed.mp3
-- Symlinking: /home/evan/Documents/algo_gaze_project/install/op3_demo/share/op3_demo/data/mp3/test/User button pressed.mp3
-- Symlinking: /home/evan/Documents/algo_gaze_project/install/op3_demo/share/op3_demo/launch/demo.launch.xml
-- Symlinking: /home/evan/Documents/algo_gaze_project/install/op3_demo/share/op3_demo/launch/face_detection_op3.launch.xml
-- Symlinking: /home/evan/Documents/algo_gaze_project/install/op3_demo/share/op3_demo/launch/self_test.launch.xml
-- Symlinking: /home/evan/Documents/algo_gaze_project/install/op3_demo/share/op3_demo/list/action_script.yaml
-- Symlinking: /home/evan/Documents/algo_gaze_project/install/op3_demo/share/op3_demo/list/action_script_bk.yaml
-- Symlinking: /home/evan/Documents/algo_gaze_project/install/op3_demo/share/ament_index/resource_index/package_run_dependencies/op3_demo
-- Symlinking: /home/evan/Documents/algo_gaze_project/install/op3_demo/share/ament_index/resource_index/parent_prefix_path/op3_demo
-- Symlinking: /home/evan/Documents/algo_gaze_project/install/op3_demo/share/op3_demo/environment/ament_prefix_path.sh
-- Symlinking: /home/evan/Documents/algo_gaze_project/install/op3_demo/share/op3_demo/environment/ament_prefix_path.dsv
-- Symlinking: /home/evan/Documents/algo_gaze_project/install/op3_demo/share/op3_demo/environment/path.sh
-- Symlinking: /home/evan/Documents/algo_gaze_project/install/op3_demo/share/op3_demo/environment/path.dsv
-- Symlinking: /home/evan/Documents/algo_gaze_project/install/op3_demo/share/op3_demo/local_setup.bash
-- Symlinking: /home/evan/Documents/algo_gaze_project/install/op3_demo/share/op3_demo/local_setup.sh
-- Symlinking: /home/evan/Documents/algo_gaze_project/install/op3_demo/share/op3_demo/local_setup.zsh
-- Symlinking: /home/evan/Documents/algo_gaze_project/install/op3_demo/share/op3_demo/local_setup.dsv
-- Symlinking: /home/evan/Documents/algo_gaze_project/install/op3_demo/share/op3_demo/package.dsv
-- Symlinking: /home/evan/Documents/algo_gaze_project/install/op3_demo/share/ament_index/resource_index/packages/op3_demo
-- Symlinking: /home/evan/Documents/algo_gaze_project/install/op3_demo/share/op3_demo/cmake/op3_demoConfig.cmake
-- Symlinking: /home/evan/Documents/algo_gaze_project/install/op3_demo/share/op3_demo/cmake/op3_demoConfig-version.cmake
-- Symlinking: /home/evan/Documents/algo_gaze_project/install/op3_demo/share/op3_demo/package.xml
