-- The C compiler identification is GNU 11.4.0
-- The CXX compiler identification is GNU 11.4.0
-- Detecting C compiler ABI info
-- Detecting C compiler ABI info - done
-- Check for working C compiler: /usr/bin/cc - skipped
-- Detecting C compile features
-- Detecting C compile features - done
-- Detecting CXX compiler ABI info
-- Detecting CXX compiler ABI info - done
-- Check for working CXX compiler: /usr/bin/c++ - skipped
-- Detecting CXX compile features
-- Detecting CXX compile features - done
-- Found ament_cmake: 1.3.14 (/opt/ros/humble/share/ament_cmake/cmake)
-- Found Python3: /usr/bin/python3 (found version "3.10.12") found components: Interpreter 
-- Override CMake install command with custom implementation using symlinks instead of copying resources
-- Found rclcpp: 16.0.19 (/opt/ros/humble/share/rclcpp/cmake)
-- Found rosidl_generator_c: 3.1.8 (/opt/ros/humble/share/rosidl_generator_c/cmake)
-- Found rosidl_adapter: 3.1.8 (/opt/ros/humble/share/rosidl_adapter/cmake)
-- Found rosidl_generator_cpp: 3.1.8 (/opt/ros/humble/share/rosidl_generator_cpp/cmake)
-- Using all available rosidl_typesupport_c: rosidl_typesupport_fastrtps_c;rosidl_typesupport_introspection_c
-- Using all available rosidl_typesupport_cpp: rosidl_typesupport_fastrtps_cpp;rosidl_typesupport_introspection_cpp
-- Found rmw_implementation_cmake: 6.1.2 (/opt/ros/humble/share/rmw_implementation_cmake/cmake)
-- Found rmw_fastrtps_cpp: 6.2.10 (/opt/ros/humble/share/rmw_fastrtps_cpp/cmake)
-- Found OpenSSL: /usr/lib/x86_64-linux-gnu/libcrypto.so (found version "3.0.2")  
-- Found FastRTPS: /opt/ros/humble/include  
-- Using RMW implementation 'rmw_fastrtps_cpp' as default
-- Looking for pthread.h
-- Looking for pthread.h - found
-- Performing Test CMAKE_HAVE_LIBC_PTHREAD
-- Performing Test CMAKE_HAVE_LIBC_PTHREAD - Success
-- Found Threads: TRUE  
-- Found robotis_device: 0.2.9 (/home/evan/Documents/algo_gaze_project/install/robotis_device/share/robotis_device/cmake)
-- Configuring done
-- Generating done
-- Build files have been written to: /home/evan/Documents/algo_gaze_project/build/robotis_framework_common
[100%] [32m[1mLinking CXX static library librobotis_framework_common.a[0m
[100%] Built target robotis_framework_common
-- Install configuration: ""
-- Execute custom install script
-- Symlinking: /home/evan/Documents/algo_gaze_project/install/robotis_framework_common/lib/librobotis_framework_common.a
-- Symlinking: /home/evan/Documents/algo_gaze_project/install/robotis_framework_common/include/robotis_framework_common/motion_module.h
-- Symlinking: /home/evan/Documents/algo_gaze_project/install/robotis_framework_common/include/robotis_framework_common/sensor_module.h
-- Symlinking: /home/evan/Documents/algo_gaze_project/install/robotis_framework_common/include/robotis_framework_common/singleton.h
-- Symlinking: /home/evan/Documents/algo_gaze_project/install/robotis_framework_common/share/ament_index/resource_index/package_run_dependencies/robotis_framework_common
-- Symlinking: /home/evan/Documents/algo_gaze_project/install/robotis_framework_common/share/ament_index/resource_index/parent_prefix_path/robotis_framework_common
-- Symlinking: /home/evan/Documents/algo_gaze_project/install/robotis_framework_common/share/robotis_framework_common/environment/ament_prefix_path.sh
-- Symlinking: /home/evan/Documents/algo_gaze_project/install/robotis_framework_common/share/robotis_framework_common/environment/ament_prefix_path.dsv
-- Symlinking: /home/evan/Documents/algo_gaze_project/install/robotis_framework_common/share/robotis_framework_common/environment/path.sh
-- Symlinking: /home/evan/Documents/algo_gaze_project/install/robotis_framework_common/share/robotis_framework_common/environment/path.dsv
-- Symlinking: /home/evan/Documents/algo_gaze_project/install/robotis_framework_common/share/robotis_framework_common/local_setup.bash
-- Symlinking: /home/evan/Documents/algo_gaze_project/install/robotis_framework_common/share/robotis_framework_common/local_setup.sh
-- Symlinking: /home/evan/Documents/algo_gaze_project/install/robotis_framework_common/share/robotis_framework_common/local_setup.zsh
-- Symlinking: /home/evan/Documents/algo_gaze_project/install/robotis_framework_common/share/robotis_framework_common/local_setup.dsv
-- Symlinking: /home/evan/Documents/algo_gaze_project/install/robotis_framework_common/share/robotis_framework_common/package.dsv
-- Symlinking: /home/evan/Documents/algo_gaze_project/install/robotis_framework_common/share/ament_index/resource_index/packages/robotis_framework_common
-- Symlinking: /home/evan/Documents/algo_gaze_project/install/robotis_framework_common/share/robotis_framework_common/cmake/ament_cmake_export_include_directories-extras.cmake
-- Symlinking: /home/evan/Documents/algo_gaze_project/install/robotis_framework_common/share/robotis_framework_common/cmake/robotis_framework_commonConfig.cmake
-- Symlinking: /home/evan/Documents/algo_gaze_project/install/robotis_framework_common/share/robotis_framework_common/cmake/robotis_framework_commonConfig-version.cmake
-- Symlinking: /home/evan/Documents/algo_gaze_project/install/robotis_framework_common/share/robotis_framework_common/package.xml
