[0.088s] Invoking command in '/home/evan/Documents/algo_gaze_project/build/robotis_framework_common': AMENT_PREFIX_PATH=/home/evan/Documents/algo_gaze_project/install/robotis_device:/home/evan/Documents/algo_gaze_project/install/dynamixel_sdk:${AMENT_PREFIX_PATH} CMAKE_PREFIX_PATH=/home/evan/Documents/algo_gaze_project/install/robotis_device:/home/evan/Documents/algo_gaze_project/install/dynamixel_sdk:/opt/ros/humble LD_LIBRARY_PATH=/home/evan/Documents/algo_gaze_project/install/robotis_device/lib:/home/evan/Documents/algo_gaze_project/install/dynamixel_sdk/lib:${LD_LIBRARY_PATH} PYTHONPATH=/home/evan/Documents/algo_gaze_project/install/dynamixel_sdk/local/lib/python3.10/dist-packages:${PYTHONPATH} /usr/bin/cmake /home/evan/Documents/algo_gaze_project/ROBOTIS-Framework/robotis_framework_common -DAMENT_CMAKE_SYMLINK_INSTALL=1 -DCMAKE_INSTALL_PREFIX=/home/evan/Documents/algo_gaze_project/install/robotis_framework_common
[0.317s] -- The C compiler identification is GNU 11.4.0
[0.324s] -- The CXX compiler identification is GNU 11.4.0
[0.341s] -- Detecting C compiler ABI info
[0.472s] -- Detecting C compiler ABI info - done
[0.482s] -- Check for working C compiler: /usr/bin/cc - skipped
[0.482s] -- Detecting C compile features
[0.483s] -- Detecting C compile features - done
[0.491s] -- Detecting CXX compiler ABI info
[0.623s] -- Detecting CXX compiler ABI info - done
[0.631s] -- Check for working CXX compiler: /usr/bin/c++ - skipped
[0.631s] -- Detecting CXX compile features
[0.632s] -- Detecting CXX compile features - done
[0.636s] -- Found ament_cmake: 1.3.14 (/opt/ros/humble/share/ament_cmake/cmake)
[0.973s] -- Found Python3: /usr/bin/python3 (found version "3.10.12") found components: Interpreter 
[1.100s] -- Override CMake install command with custom implementation using symlinks instead of copying resources
[1.160s] -- Found rclcpp: 16.0.19 (/opt/ros/humble/share/rclcpp/cmake)
[1.252s] -- Found rosidl_generator_c: 3.1.8 (/opt/ros/humble/share/rosidl_generator_c/cmake)
[1.265s] -- Found rosidl_adapter: 3.1.8 (/opt/ros/humble/share/rosidl_adapter/cmake)
[1.288s] -- Found rosidl_generator_cpp: 3.1.8 (/opt/ros/humble/share/rosidl_generator_cpp/cmake)
[1.311s] -- Using all available rosidl_typesupport_c: rosidl_typesupport_fastrtps_c;rosidl_typesupport_introspection_c
[1.334s] -- Using all available rosidl_typesupport_cpp: rosidl_typesupport_fastrtps_cpp;rosidl_typesupport_introspection_cpp
[1.404s] -- Found rmw_implementation_cmake: 6.1.2 (/opt/ros/humble/share/rmw_implementation_cmake/cmake)
[1.405s] -- Found rmw_fastrtps_cpp: 6.2.10 (/opt/ros/humble/share/rmw_fastrtps_cpp/cmake)
[1.601s] -- Found OpenSSL: /usr/lib/x86_64-linux-gnu/libcrypto.so (found version "3.0.2")  
[1.672s] -- Found FastRTPS: /opt/ros/humble/include  
[1.774s] -- Using RMW implementation 'rmw_fastrtps_cpp' as default
[1.783s] -- Looking for pthread.h
[1.900s] -- Looking for pthread.h - found
[1.900s] -- Performing Test CMAKE_HAVE_LIBC_PTHREAD
[2.078s] -- Performing Test CMAKE_HAVE_LIBC_PTHREAD - Success
[2.079s] -- Found Threads: TRUE  
[2.182s] -- Found robotis_device: 0.2.9 (/home/evan/Documents/algo_gaze_project/install/robotis_device/share/robotis_device/cmake)
[2.465s] -- Configuring done
[2.573s] -- Generating done
[2.624s] -- Build files have been written to: /home/evan/Documents/algo_gaze_project/build/robotis_framework_common
[2.743s] Invoked command in '/home/evan/Documents/algo_gaze_project/build/robotis_framework_common' returned '0': AMENT_PREFIX_PATH=/home/evan/Documents/algo_gaze_project/install/robotis_device:/home/evan/Documents/algo_gaze_project/install/dynamixel_sdk:${AMENT_PREFIX_PATH} CMAKE_PREFIX_PATH=/home/evan/Documents/algo_gaze_project/install/robotis_device:/home/evan/Documents/algo_gaze_project/install/dynamixel_sdk:/opt/ros/humble LD_LIBRARY_PATH=/home/evan/Documents/algo_gaze_project/install/robotis_device/lib:/home/evan/Documents/algo_gaze_project/install/dynamixel_sdk/lib:${LD_LIBRARY_PATH} PYTHONPATH=/home/evan/Documents/algo_gaze_project/install/dynamixel_sdk/local/lib/python3.10/dist-packages:${PYTHONPATH} /usr/bin/cmake /home/evan/Documents/algo_gaze_project/ROBOTIS-Framework/robotis_framework_common -DAMENT_CMAKE_SYMLINK_INSTALL=1 -DCMAKE_INSTALL_PREFIX=/home/evan/Documents/algo_gaze_project/install/robotis_framework_common
[2.751s] Invoking command in '/home/evan/Documents/algo_gaze_project/build/robotis_framework_common': AMENT_PREFIX_PATH=/home/evan/Documents/algo_gaze_project/install/robotis_device:/home/evan/Documents/algo_gaze_project/install/dynamixel_sdk:${AMENT_PREFIX_PATH} CMAKE_PREFIX_PATH=/home/evan/Documents/algo_gaze_project/install/robotis_device:/home/evan/Documents/algo_gaze_project/install/dynamixel_sdk:/opt/ros/humble LD_LIBRARY_PATH=/home/evan/Documents/algo_gaze_project/install/robotis_device/lib:/home/evan/Documents/algo_gaze_project/install/dynamixel_sdk/lib:${LD_LIBRARY_PATH} PYTHONPATH=/home/evan/Documents/algo_gaze_project/install/dynamixel_sdk/local/lib/python3.10/dist-packages:${PYTHONPATH} /usr/bin/cmake --build /home/evan/Documents/algo_gaze_project/build/robotis_framework_common -- -j12 -l12
[4.186s] [100%] [32m[1mLinking CXX static library librobotis_framework_common.a[0m
[4.186s] [100%] Built target robotis_framework_common
[4.280s] Invoked command in '/home/evan/Documents/algo_gaze_project/build/robotis_framework_common' returned '0': AMENT_PREFIX_PATH=/home/evan/Documents/algo_gaze_project/install/robotis_device:/home/evan/Documents/algo_gaze_project/install/dynamixel_sdk:${AMENT_PREFIX_PATH} CMAKE_PREFIX_PATH=/home/evan/Documents/algo_gaze_project/install/robotis_device:/home/evan/Documents/algo_gaze_project/install/dynamixel_sdk:/opt/ros/humble LD_LIBRARY_PATH=/home/evan/Documents/algo_gaze_project/install/robotis_device/lib:/home/evan/Documents/algo_gaze_project/install/dynamixel_sdk/lib:${LD_LIBRARY_PATH} PYTHONPATH=/home/evan/Documents/algo_gaze_project/install/dynamixel_sdk/local/lib/python3.10/dist-packages:${PYTHONPATH} /usr/bin/cmake --build /home/evan/Documents/algo_gaze_project/build/robotis_framework_common -- -j12 -l12
[4.286s] Invoking command in '/home/evan/Documents/algo_gaze_project/build/robotis_framework_common': AMENT_PREFIX_PATH=/home/evan/Documents/algo_gaze_project/install/robotis_device:/home/evan/Documents/algo_gaze_project/install/dynamixel_sdk:${AMENT_PREFIX_PATH} CMAKE_PREFIX_PATH=/home/evan/Documents/algo_gaze_project/install/robotis_device:/home/evan/Documents/algo_gaze_project/install/dynamixel_sdk:/opt/ros/humble LD_LIBRARY_PATH=/home/evan/Documents/algo_gaze_project/install/robotis_device/lib:/home/evan/Documents/algo_gaze_project/install/dynamixel_sdk/lib:${LD_LIBRARY_PATH} PYTHONPATH=/home/evan/Documents/algo_gaze_project/install/dynamixel_sdk/local/lib/python3.10/dist-packages:${PYTHONPATH} /usr/bin/cmake --install /home/evan/Documents/algo_gaze_project/build/robotis_framework_common
[11.762s] -- Install configuration: ""
[11.762s] -- Execute custom install script
[11.763s] -- Symlinking: /home/evan/Documents/algo_gaze_project/install/robotis_framework_common/lib/librobotis_framework_common.a
[11.763s] -- Symlinking: /home/evan/Documents/algo_gaze_project/install/robotis_framework_common/include/robotis_framework_common/motion_module.h
[11.763s] -- Symlinking: /home/evan/Documents/algo_gaze_project/install/robotis_framework_common/include/robotis_framework_common/sensor_module.h
[11.763s] -- Symlinking: /home/evan/Documents/algo_gaze_project/install/robotis_framework_common/include/robotis_framework_common/singleton.h
[11.763s] -- Symlinking: /home/evan/Documents/algo_gaze_project/install/robotis_framework_common/share/ament_index/resource_index/package_run_dependencies/robotis_framework_common
[11.764s] -- Symlinking: /home/evan/Documents/algo_gaze_project/install/robotis_framework_common/share/ament_index/resource_index/parent_prefix_path/robotis_framework_common
[11.764s] -- Symlinking: /home/evan/Documents/algo_gaze_project/install/robotis_framework_common/share/robotis_framework_common/environment/ament_prefix_path.sh
[11.764s] -- Symlinking: /home/evan/Documents/algo_gaze_project/install/robotis_framework_common/share/robotis_framework_common/environment/ament_prefix_path.dsv
[11.765s] -- Symlinking: /home/evan/Documents/algo_gaze_project/install/robotis_framework_common/share/robotis_framework_common/environment/path.sh
[11.766s] -- Symlinking: /home/evan/Documents/algo_gaze_project/install/robotis_framework_common/share/robotis_framework_common/environment/path.dsv
[11.766s] -- Symlinking: /home/evan/Documents/algo_gaze_project/install/robotis_framework_common/share/robotis_framework_common/local_setup.bash
[11.766s] -- Symlinking: /home/evan/Documents/algo_gaze_project/install/robotis_framework_common/share/robotis_framework_common/local_setup.sh
[11.766s] -- Symlinking: /home/evan/Documents/algo_gaze_project/install/robotis_framework_common/share/robotis_framework_common/local_setup.zsh
[11.766s] -- Symlinking: /home/evan/Documents/algo_gaze_project/install/robotis_framework_common/share/robotis_framework_common/local_setup.dsv
[11.766s] -- Symlinking: /home/evan/Documents/algo_gaze_project/install/robotis_framework_common/share/robotis_framework_common/package.dsv
[11.766s] -- Symlinking: /home/evan/Documents/algo_gaze_project/install/robotis_framework_common/share/ament_index/resource_index/packages/robotis_framework_common
[11.767s] -- Symlinking: /home/evan/Documents/algo_gaze_project/install/robotis_framework_common/share/robotis_framework_common/cmake/ament_cmake_export_include_directories-extras.cmake
[11.767s] -- Symlinking: /home/evan/Documents/algo_gaze_project/install/robotis_framework_common/share/robotis_framework_common/cmake/robotis_framework_commonConfig.cmake
[11.767s] -- Symlinking: /home/evan/Documents/algo_gaze_project/install/robotis_framework_common/share/robotis_framework_common/cmake/robotis_framework_commonConfig-version.cmake
[11.767s] -- Symlinking: /home/evan/Documents/algo_gaze_project/install/robotis_framework_common/share/robotis_framework_common/package.xml
[11.778s] Invoked command in '/home/evan/Documents/algo_gaze_project/build/robotis_framework_common' returned '0': AMENT_PREFIX_PATH=/home/evan/Documents/algo_gaze_project/install/robotis_device:/home/evan/Documents/algo_gaze_project/install/dynamixel_sdk:${AMENT_PREFIX_PATH} CMAKE_PREFIX_PATH=/home/evan/Documents/algo_gaze_project/install/robotis_device:/home/evan/Documents/algo_gaze_project/install/dynamixel_sdk:/opt/ros/humble LD_LIBRARY_PATH=/home/evan/Documents/algo_gaze_project/install/robotis_device/lib:/home/evan/Documents/algo_gaze_project/install/dynamixel_sdk/lib:${LD_LIBRARY_PATH} PYTHONPATH=/home/evan/Documents/algo_gaze_project/install/dynamixel_sdk/local/lib/python3.10/dist-packages:${PYTHONPATH} /usr/bin/cmake --install /home/evan/Documents/algo_gaze_project/build/robotis_framework_common
