[01m[K/home/evan/Documents/algo_gaze_project/ROBOTIS-OP3/op3_localization/src/op3_localization.cpp:[m[K In member function ‘[01m[Kvoid robotis_op::OP3Localization::process()[m[K’:
[01m[K/home/evan/Documents/algo_gaze_project/ROBOTIS-OP3/op3_localization/src/op3_localization.cpp:158:66:[m[K [01;31m[Kerror: [m[Kno match for ‘[01m[Koperator+[m[K’ (operand types are ‘[01m[Kstd_msgs::msg::Header_<std::allocator<void> >::_stamp_type[m[K’ {aka ‘[01m[Kbuiltin_interfaces::msg::Time_<std::allocator<void> >[m[K’} and ‘[01m[Krclcpp::Duration[m[K’)
  158 | cpp::Time transform_expiration = ([32m[Kpelvis_pose_.header.stamp[m[K [01;31m[K+[m[K [34m[Ktransform_tolerance[m[K);
      |                                   [32m[K~~~~~~~~~~~~~~~~~~~~~~~~~[m[K [01;31m[K^[m[K [34m[K~~~~~~~~~~~~~~~~~~~[m[K
      |                                                       [32m[K|[m[K       [34m[K|[m[K
      |                                                       [32m[K|[m[K       [34m[Krclcpp::Duration[m[K
      |                                                       [32m[Kstd_msgs::msg::Header_<std::allocator<void> >::_stamp_type {aka builtin_interfaces::msg::Time_<std::allocator<void> >}[m[K

In file included from [01m[K/usr/include/c++/11/bits/stl_algobase.h:67[m[K,
                 from [01m[K/usr/include/c++/11/bits/char_traits.h:39[m[K,
                 from [01m[K/usr/include/c++/11/string:40[m[K,
                 from [01m[K/home/evan/Documents/algo_gaze_project/ROBOTIS-OP3/op3_localization/include/op3_localization/op3_localization.h:23[m[K,
                 from [01m[K/home/evan/Documents/algo_gaze_project/ROBOTIS-OP3/op3_localization/src/op3_localization.cpp:19[m[K:
[01m[K/usr/include/c++/11/bits/stl_iterator.h:585:5:[m[K [01;36m[Knote: [m[Kcandidate: ‘[01m[Ktemplate<class _Iterator> constexpr std::reverse_iterator<_Iterator> std::operator+(typename std::reverse_iterator<_Iterator>::difference_type, const std::reverse_iterator<_Iterator>&)[m[K’
  585 |     [01;36m[Koperator[m[K+(typename reverse_iterator<_Iterator>::difference_type __n,
      |     [01;36m[K^~~~~~~~[m[K
[01m[K/usr/include/c++/11/bits/stl_iterator.h:585:5:[m[K [01;36m[Knote: [m[K  template argument deduction/substitution failed:
[01m[K/home/evan/Documents/algo_gaze_project/ROBOTIS-OP3/op3_localization/src/op3_localization.cpp:158:68:[m[K [01;36m[Knote: [m[K  ‘[01m[Krclcpp::Duration[m[K’ is not derived from ‘[01m[Kconst std::reverse_iterator<_Iterator>[m[K’
  158 | p::Time transform_expiration = (pelvis_pose_.header.stamp + [01;36m[Ktransform_tolerance[m[K);
      |                                                             [01;36m[K^~~~~~~~~~~~~~~~~~~[m[K

In file included from [01m[K/usr/include/c++/11/bits/stl_algobase.h:67[m[K,
                 from [01m[K/usr/include/c++/11/bits/char_traits.h:39[m[K,
                 from [01m[K/usr/include/c++/11/string:40[m[K,
                 from [01m[K/home/evan/Documents/algo_gaze_project/ROBOTIS-OP3/op3_localization/include/op3_localization/op3_localization.h:23[m[K,
                 from [01m[K/home/evan/Documents/algo_gaze_project/ROBOTIS-OP3/op3_localization/src/op3_localization.cpp:19[m[K:
[01m[K/usr/include/c++/11/bits/stl_iterator.h:1700:5:[m[K [01;36m[Knote: [m[Kcandidate: ‘[01m[Ktemplate<class _Iterator> constexpr std::move_iterator<_IteratorL> std::operator+(typename std::move_iterator<_IteratorL>::difference_type, const std::move_iterator<_IteratorL>&)[m[K’
 1700 |     [01;36m[Koperator[m[K+(typename move_iterator<_Iterator>::difference_type __n,
      |     [01;36m[K^~~~~~~~[m[K
[01m[K/usr/include/c++/11/bits/stl_iterator.h:1700:5:[m[K [01;36m[Knote: [m[K  template argument deduction/substitution failed:
[01m[K/home/evan/Documents/algo_gaze_project/ROBOTIS-OP3/op3_localization/src/op3_localization.cpp:158:68:[m[K [01;36m[Knote: [m[K  ‘[01m[Krclcpp::Duration[m[K’ is not derived from ‘[01m[Kconst std::move_iterator<_IteratorL>[m[K’
  158 | p::Time transform_expiration = (pelvis_pose_.header.stamp + [01;36m[Ktransform_tolerance[m[K);
      |                                                             [01;36m[K^~~~~~~~~~~~~~~~~~~[m[K

In file included from [01m[K/usr/include/c++/11/string:55[m[K,
                 from [01m[K/home/evan/Documents/algo_gaze_project/ROBOTIS-OP3/op3_localization/include/op3_localization/op3_localization.h:23[m[K,
                 from [01m[K/home/evan/Documents/algo_gaze_project/ROBOTIS-OP3/op3_localization/src/op3_localization.cpp:19[m[K:
[01m[K/usr/include/c++/11/bits/basic_string.h:6095:5:[m[K [01;36m[Knote: [m[Kcandidate: ‘[01m[Ktemplate<class _CharT, class _Traits, class _Alloc> std::__cxx11::basic_string<_CharT, _Traits, _Allocator> std::operator+(const std::__cxx11::basic_string<_CharT, _Traits, _Allocator>&, const std::__cxx11::basic_string<_CharT, _Traits, _Allocator>&)[m[K’
 6095 |     [01;36m[Koperator[m[K+(const basic_string<_CharT, _Traits, _Alloc>& __lhs,
      |     [01;36m[K^~~~~~~~[m[K
[01m[K/usr/include/c++/11/bits/basic_string.h:6095:5:[m[K [01;36m[Knote: [m[K  template argument deduction/substitution failed:
[01m[K/home/evan/Documents/algo_gaze_project/ROBOTIS-OP3/op3_localization/src/op3_localization.cpp:158:68:[m[K [01;36m[Knote: [m[K  ‘[01m[Kstd_msgs::msg::Header_<std::allocator<void> >::_stamp_type[m[K’ {aka ‘[01m[Kbuiltin_interfaces::msg::Time_<std::allocator<void> >[m[K’} is not derived from ‘[01m[Kconst std::__cxx11::basic_string<_CharT, _Traits, _Allocator>[m[K’
  158 | p::Time transform_expiration = (pelvis_pose_.header.stamp + [01;36m[Ktransform_tolerance[m[K);
      |                                                             [01;36m[K^~~~~~~~~~~~~~~~~~~[m[K

In file included from [01m[K/usr/include/c++/11/string:56[m[K,
                 from [01m[K/home/evan/Documents/algo_gaze_project/ROBOTIS-OP3/op3_localization/include/op3_localization/op3_localization.h:23[m[K,
                 from [01m[K/home/evan/Documents/algo_gaze_project/ROBOTIS-OP3/op3_localization/src/op3_localization.cpp:19[m[K:
[01m[K/usr/include/c++/11/bits/basic_string.tcc:1169:5:[m[K [01;36m[Knote: [m[Kcandidate: ‘[01m[Ktemplate<class _CharT, class _Traits, class _Alloc> std::__cxx11::basic_string<_CharT, _Traits, _Allocator> std::operator+(const _CharT*, const std::__cxx11::basic_string<_CharT, _Traits, _Allocator>&)[m[K’
 1169 |     [01;36m[Koperator[m[K+(const _CharT* __lhs,
      |     [01;36m[K^~~~~~~~[m[K
[01m[K/usr/include/c++/11/bits/basic_string.tcc:1169:5:[m[K [01;36m[Knote: [m[K  template argument deduction/substitution failed:
[01m[K/home/evan/Documents/algo_gaze_project/ROBOTIS-OP3/op3_localization/src/op3_localization.cpp:158:68:[m[K [01;36m[Knote: [m[K  mismatched types ‘[01m[Kconst _CharT*[m[K’ and ‘[01m[Kbuiltin_interfaces::msg::Time_<std::allocator<void> >[m[K’
  158 | p::Time transform_expiration = (pelvis_pose_.header.stamp + [01;36m[Ktransform_tolerance[m[K);
      |                                                             [01;36m[K^~~~~~~~~~~~~~~~~~~[m[K

In file included from [01m[K/usr/include/c++/11/string:56[m[K,
                 from [01m[K/home/evan/Documents/algo_gaze_project/ROBOTIS-OP3/op3_localization/include/op3_localization/op3_localization.h:23[m[K,
                 from [01m[K/home/evan/Documents/algo_gaze_project/ROBOTIS-OP3/op3_localization/src/op3_localization.cpp:19[m[K:
[01m[K/usr/include/c++/11/bits/basic_string.tcc:1189:5:[m[K [01;36m[Knote: [m[Kcandidate: ‘[01m[Ktemplate<class _CharT, class _Traits, class _Alloc> std::__cxx11::basic_string<_CharT, _Traits, _Allocator> std::operator+(_CharT, const std::__cxx11::basic_string<_CharT, _Traits, _Allocator>&)[m[K’
 1189 |     [01;36m[Koperator[m[K+(_CharT __lhs, const basic_string<_CharT, _Traits, _Alloc>& __rhs)
      |     [01;36m[K^~~~~~~~[m[K
[01m[K/usr/include/c++/11/bits/basic_string.tcc:1189:5:[m[K [01;36m[Knote: [m[K  template argument deduction/substitution failed:
[01m[K/home/evan/Documents/algo_gaze_project/ROBOTIS-OP3/op3_localization/src/op3_localization.cpp:158:68:[m[K [01;36m[Knote: [m[K  ‘[01m[Krclcpp::Duration[m[K’ is not derived from ‘[01m[Kconst std::__cxx11::basic_string<_CharT, _Traits, _Allocator>[m[K’
  158 | p::Time transform_expiration = (pelvis_pose_.header.stamp + [01;36m[Ktransform_tolerance[m[K);
      |                                                             [01;36m[K^~~~~~~~~~~~~~~~~~~[m[K

In file included from [01m[K/usr/include/c++/11/string:55[m[K,
                 from [01m[K/home/evan/Documents/algo_gaze_project/ROBOTIS-OP3/op3_localization/include/op3_localization/op3_localization.h:23[m[K,
                 from [01m[K/home/evan/Documents/algo_gaze_project/ROBOTIS-OP3/op3_localization/src/op3_localization.cpp:19[m[K:
[01m[K/usr/include/c++/11/bits/basic_string.h:6132:5:[m[K [01;36m[Knote: [m[Kcandidate: ‘[01m[Ktemplate<class _CharT, class _Traits, class _Alloc> std::__cxx11::basic_string<_CharT, _Traits, _Allocator> std::operator+(const std::__cxx11::basic_string<_CharT, _Traits, _Allocator>&, const _CharT*)[m[K’
 6132 |     [01;36m[Koperator[m[K+(const basic_string<_CharT, _Traits, _Alloc>& __lhs,
      |     [01;36m[K^~~~~~~~[m[K
[01m[K/usr/include/c++/11/bits/basic_string.h:6132:5:[m[K [01;36m[Knote: [m[K  template argument deduction/substitution failed:
[01m[K/home/evan/Documents/algo_gaze_project/ROBOTIS-OP3/op3_localization/src/op3_localization.cpp:158:68:[m[K [01;36m[Knote: [m[K  ‘[01m[Kstd_msgs::msg::Header_<std::allocator<void> >::_stamp_type[m[K’ {aka ‘[01m[Kbuiltin_interfaces::msg::Time_<std::allocator<void> >[m[K’} is not derived from ‘[01m[Kconst std::__cxx11::basic_string<_CharT, _Traits, _Allocator>[m[K’
  158 | p::Time transform_expiration = (pelvis_pose_.header.stamp + [01;36m[Ktransform_tolerance[m[K);
      |                                                             [01;36m[K^~~~~~~~~~~~~~~~~~~[m[K

In file included from [01m[K/usr/include/c++/11/string:55[m[K,
                 from [01m[K/home/evan/Documents/algo_gaze_project/ROBOTIS-OP3/op3_localization/include/op3_localization/op3_localization.h:23[m[K,
                 from [01m[K/home/evan/Documents/algo_gaze_project/ROBOTIS-OP3/op3_localization/src/op3_localization.cpp:19[m[K:
[01m[K/usr/include/c++/11/bits/basic_string.h:6148:5:[m[K [01;36m[Knote: [m[Kcandidate: ‘[01m[Ktemplate<class _CharT, class _Traits, class _Alloc> std::__cxx11::basic_string<_CharT, _Traits, _Allocator> std::operator+(const std::__cxx11::basic_string<_CharT, _Traits, _Allocator>&, _CharT)[m[K’
 6148 |     [01;36m[Koperator[m[K+(const basic_string<_CharT, _Traits, _Alloc>& __lhs, _CharT __rhs)
      |     [01;36m[K^~~~~~~~[m[K
[01m[K/usr/include/c++/11/bits/basic_string.h:6148:5:[m[K [01;36m[Knote: [m[K  template argument deduction/substitution failed:
[01m[K/home/evan/Documents/algo_gaze_project/ROBOTIS-OP3/op3_localization/src/op3_localization.cpp:158:68:[m[K [01;36m[Knote: [m[K  ‘[01m[Kstd_msgs::msg::Header_<std::allocator<void> >::_stamp_type[m[K’ {aka ‘[01m[Kbuiltin_interfaces::msg::Time_<std::allocator<void> >[m[K’} is not derived from ‘[01m[Kconst std::__cxx11::basic_string<_CharT, _Traits, _Allocator>[m[K’
  158 | p::Time transform_expiration = (pelvis_pose_.header.stamp + [01;36m[Ktransform_tolerance[m[K);
      |                                                             [01;36m[K^~~~~~~~~~~~~~~~~~~[m[K

In file included from [01m[K/usr/include/c++/11/string:55[m[K,
                 from [01m[K/home/evan/Documents/algo_gaze_project/ROBOTIS-OP3/op3_localization/include/op3_localization/op3_localization.h:23[m[K,
                 from [01m[K/home/evan/Documents/algo_gaze_project/ROBOTIS-OP3/op3_localization/src/op3_localization.cpp:19[m[K:
[01m[K/usr/include/c++/11/bits/basic_string.h:6160:5:[m[K [01;36m[Knote: [m[Kcandidate: ‘[01m[Ktemplate<class _CharT, class _Traits, class _Alloc> std::__cxx11::basic_string<_CharT, _Traits, _Allocator> std::operator+(std::__cxx11::basic_string<_CharT, _Traits, _Allocator>&&, const std::__cxx11::basic_string<_CharT, _Traits, _Allocator>&)[m[K’
 6160 |     [01;36m[Koperator[m[K+(basic_string<_CharT, _Traits, _Alloc>&& __lhs,
      |     [01;36m[K^~~~~~~~[m[K
[01m[K/usr/include/c++/11/bits/basic_string.h:6160:5:[m[K [01;36m[Knote: [m[K  template argument deduction/substitution failed:
[01m[K/home/evan/Documents/algo_gaze_project/ROBOTIS-OP3/op3_localization/src/op3_localization.cpp:158:68:[m[K [01;36m[Knote: [m[K  ‘[01m[Kstd_msgs::msg::Header_<std::allocator<void> >::_stamp_type[m[K’ {aka ‘[01m[Kbuiltin_interfaces::msg::Time_<std::allocator<void> >[m[K’} is not derived from ‘[01m[Kstd::__cxx11::basic_string<_CharT, _Traits, _Allocator>[m[K’
  158 | p::Time transform_expiration = (pelvis_pose_.header.stamp + [01;36m[Ktransform_tolerance[m[K);
      |                                                             [01;36m[K^~~~~~~~~~~~~~~~~~~[m[K

In file included from [01m[K/usr/include/c++/11/string:55[m[K,
                 from [01m[K/home/evan/Documents/algo_gaze_project/ROBOTIS-OP3/op3_localization/include/op3_localization/op3_localization.h:23[m[K,
                 from [01m[K/home/evan/Documents/algo_gaze_project/ROBOTIS-OP3/op3_localization/src/op3_localization.cpp:19[m[K:
[01m[K/usr/include/c++/11/bits/basic_string.h:6166:5:[m[K [01;36m[Knote: [m[Kcandidate: ‘[01m[Ktemplate<class _CharT, class _Traits, class _Alloc> std::__cxx11::basic_string<_CharT, _Traits, _Allocator> std::operator+(const std::__cxx11::basic_string<_CharT, _Traits, _Allocator>&, std::__cxx11::basic_string<_CharT, _Traits, _Allocator>&&)[m[K’
 6166 |     [01;36m[Koperator[m[K+(const basic_string<_CharT, _Traits, _Alloc>& __lhs,
      |     [01;36m[K^~~~~~~~[m[K
[01m[K/usr/include/c++/11/bits/basic_string.h:6166:5:[m[K [01;36m[Knote: [m[K  template argument deduction/substitution failed:
[01m[K/home/evan/Documents/algo_gaze_project/ROBOTIS-OP3/op3_localization/src/op3_localization.cpp:158:68:[m[K [01;36m[Knote: [m[K  ‘[01m[Kstd_msgs::msg::Header_<std::allocator<void> >::_stamp_type[m[K’ {aka ‘[01m[Kbuiltin_interfaces::msg::Time_<std::allocator<void> >[m[K’} is not derived from ‘[01m[Kconst std::__cxx11::basic_string<_CharT, _Traits, _Allocator>[m[K’
  158 | p::Time transform_expiration = (pelvis_pose_.header.stamp + [01;36m[Ktransform_tolerance[m[K);
      |                                                             [01;36m[K^~~~~~~~~~~~~~~~~~~[m[K

In file included from [01m[K/usr/include/c++/11/string:55[m[K,
                 from [01m[K/home/evan/Documents/algo_gaze_project/ROBOTIS-OP3/op3_localization/include/op3_localization/op3_localization.h:23[m[K,
                 from [01m[K/home/evan/Documents/algo_gaze_project/ROBOTIS-OP3/op3_localization/src/op3_localization.cpp:19[m[K:
[01m[K/usr/include/c++/11/bits/basic_string.h:6172:5:[m[K [01;36m[Knote: [m[Kcandidate: ‘[01m[Ktemplate<class _CharT, class _Traits, class _Alloc> std::__cxx11::basic_string<_CharT, _Traits, _Allocator> std::operator+(std::__cxx11::basic_string<_CharT, _Traits, _Allocator>&&, std::__cxx11::basic_string<_CharT, _Traits, _Allocator>&&)[m[K’
 6172 |     [01;36m[Koperator[m[K+(basic_string<_CharT, _Traits, _Alloc>&& __lhs,
      |     [01;36m[K^~~~~~~~[m[K
[01m[K/usr/include/c++/11/bits/basic_string.h:6172:5:[m[K [01;36m[Knote: [m[K  template argument deduction/substitution failed:
[01m[K/home/evan/Documents/algo_gaze_project/ROBOTIS-OP3/op3_localization/src/op3_localization.cpp:158:68:[m[K [01;36m[Knote: [m[K  ‘[01m[Kstd_msgs::msg::Header_<std::allocator<void> >::_stamp_type[m[K’ {aka ‘[01m[Kbuiltin_interfaces::msg::Time_<std::allocator<void> >[m[K’} is not derived from ‘[01m[Kstd::__cxx11::basic_string<_CharT, _Traits, _Allocator>[m[K’
  158 | p::Time transform_expiration = (pelvis_pose_.header.stamp + [01;36m[Ktransform_tolerance[m[K);
      |                                                             [01;36m[K^~~~~~~~~~~~~~~~~~~[m[K

In file included from [01m[K/usr/include/c++/11/string:55[m[K,
                 from [01m[K/home/evan/Documents/algo_gaze_project/ROBOTIS-OP3/op3_localization/include/op3_localization/op3_localization.h:23[m[K,
                 from [01m[K/home/evan/Documents/algo_gaze_project/ROBOTIS-OP3/op3_localization/src/op3_localization.cpp:19[m[K:
[01m[K/usr/include/c++/11/bits/basic_string.h:6194:5:[m[K [01;36m[Knote: [m[Kcandidate: ‘[01m[Ktemplate<class _CharT, class _Traits, class _Alloc> std::__cxx11::basic_string<_CharT, _Traits, _Allocator> std::operator+(const _CharT*, std::__cxx11::basic_string<_CharT, _Traits, _Allocator>&&)[m[K’
 6194 |     [01;36m[Koperator[m[K+(const _CharT* __lhs,
      |     [01;36m[K^~~~~~~~[m[K
[01m[K/usr/include/c++/11/bits/basic_string.h:6194:5:[m[K [01;36m[Knote: [m[K  template argument deduction/substitution failed:
[01m[K/home/evan/Documents/algo_gaze_project/ROBOTIS-OP3/op3_localization/src/op3_localization.cpp:158:68:[m[K [01;36m[Knote: [m[K  mismatched types ‘[01m[Kconst _CharT*[m[K’ and ‘[01m[Kbuiltin_interfaces::msg::Time_<std::allocator<void> >[m[K’
  158 | p::Time transform_expiration = (pelvis_pose_.header.stamp + [01;36m[Ktransform_tolerance[m[K);
      |                                                             [01;36m[K^~~~~~~~~~~~~~~~~~~[m[K

In file included from [01m[K/usr/include/c++/11/string:55[m[K,
                 from [01m[K/home/evan/Documents/algo_gaze_project/ROBOTIS-OP3/op3_localization/include/op3_localization/op3_localization.h:23[m[K,
                 from [01m[K/home/evan/Documents/algo_gaze_project/ROBOTIS-OP3/op3_localization/src/op3_localization.cpp:19[m[K:
[01m[K/usr/include/c++/11/bits/basic_string.h:6200:5:[m[K [01;36m[Knote: [m[Kcandidate: ‘[01m[Ktemplate<class _CharT, class _Traits, class _Alloc> std::__cxx11::basic_string<_CharT, _Traits, _Allocator> std::operator+(_CharT, std::__cxx11::basic_string<_CharT, _Traits, _Allocator>&&)[m[K’
 6200 |     [01;36m[Koperator[m[K+(_CharT __lhs,
      |     [01;36m[K^~~~~~~~[m[K
[01m[K/usr/include/c++/11/bits/basic_string.h:6200:5:[m[K [01;36m[Knote: [m[K  template argument deduction/substitution failed:
[01m[K/home/evan/Documents/algo_gaze_project/ROBOTIS-OP3/op3_localization/src/op3_localization.cpp:158:68:[m[K [01;36m[Knote: [m[K  ‘[01m[Krclcpp::Duration[m[K’ is not derived from ‘[01m[Kstd::__cxx11::basic_string<_CharT, _Traits, _Allocator>[m[K’
  158 | p::Time transform_expiration = (pelvis_pose_.header.stamp + [01;36m[Ktransform_tolerance[m[K);
      |                                                             [01;36m[K^~~~~~~~~~~~~~~~~~~[m[K

In file included from [01m[K/usr/include/c++/11/string:55[m[K,
                 from [01m[K/home/evan/Documents/algo_gaze_project/ROBOTIS-OP3/op3_localization/include/op3_localization/op3_localization.h:23[m[K,
                 from [01m[K/home/evan/Documents/algo_gaze_project/ROBOTIS-OP3/op3_localization/src/op3_localization.cpp:19[m[K:
[01m[K/usr/include/c++/11/bits/basic_string.h:6206:5:[m[K [01;36m[Knote: [m[Kcandidate: ‘[01m[Ktemplate<class _CharT, class _Traits, class _Alloc> std::__cxx11::basic_string<_CharT, _Traits, _Allocator> std::operator+(std::__cxx11::basic_string<_CharT, _Traits, _Allocator>&&, const _CharT*)[m[K’
 6206 |     [01;36m[Koperator[m[K+(basic_string<_CharT, _Traits, _Alloc>&& __lhs,
      |     [01;36m[K^~~~~~~~[m[K
[01m[K/usr/include/c++/11/bits/basic_string.h:6206:5:[m[K [01;36m[Knote: [m[K  template argument deduction/substitution failed:
[01m[K/home/evan/Documents/algo_gaze_project/ROBOTIS-OP3/op3_localization/src/op3_localization.cpp:158:68:[m[K [01;36m[Knote: [m[K  ‘[01m[Kstd_msgs::msg::Header_<std::allocator<void> >::_stamp_type[m[K’ {aka ‘[01m[Kbuiltin_interfaces::msg::Time_<std::allocator<void> >[m[K’} is not derived from ‘[01m[Kstd::__cxx11::basic_string<_CharT, _Traits, _Allocator>[m[K’
  158 | p::Time transform_expiration = (pelvis_pose_.header.stamp + [01;36m[Ktransform_tolerance[m[K);
      |                                                             [01;36m[K^~~~~~~~~~~~~~~~~~~[m[K

In file included from [01m[K/usr/include/c++/11/string:55[m[K,
                 from [01m[K/home/evan/Documents/algo_gaze_project/ROBOTIS-OP3/op3_localization/include/op3_localization/op3_localization.h:23[m[K,
                 from [01m[K/home/evan/Documents/algo_gaze_project/ROBOTIS-OP3/op3_localization/src/op3_localization.cpp:19[m[K:
[01m[K/usr/include/c++/11/bits/basic_string.h:6212:5:[m[K [01;36m[Knote: [m[Kcandidate: ‘[01m[Ktemplate<class _CharT, class _Traits, class _Alloc> std::__cxx11::basic_string<_CharT, _Traits, _Allocator> std::operator+(std::__cxx11::basic_string<_CharT, _Traits, _Allocator>&&, _CharT)[m[K’
 6212 |     [01;36m[Koperator[m[K+(basic_string<_CharT, _Traits, _Alloc>&& __lhs,
      |     [01;36m[K^~~~~~~~[m[K
[01m[K/usr/include/c++/11/bits/basic_string.h:6212:5:[m[K [01;36m[Knote: [m[K  template argument deduction/substitution failed:
[01m[K/home/evan/Documents/algo_gaze_project/ROBOTIS-OP3/op3_localization/src/op3_localization.cpp:158:68:[m[K [01;36m[Knote: [m[K  ‘[01m[Kstd_msgs::msg::Header_<std::allocator<void> >::_stamp_type[m[K’ {aka ‘[01m[Kbuiltin_interfaces::msg::Time_<std::allocator<void> >[m[K’} is not derived from ‘[01m[Kstd::__cxx11::basic_string<_CharT, _Traits, _Allocator>[m[K’
  158 | p::Time transform_expiration = (pelvis_pose_.header.stamp + [01;36m[Ktransform_tolerance[m[K);
      |                                                             [01;36m[K^~~~~~~~~~~~~~~~~~~[m[K

In file included from [01m[K/usr/include/eigen3/Eigen/Core:50[m[K,
                 from [01m[K/usr/include/eigen3/Eigen/Geometry:11[m[K,
                 from [01m[K/opt/ros/humble/include/tf2_eigen/tf2_eigen/tf2_eigen.hpp:34[m[K,
                 from [01m[K/home/evan/Documents/algo_gaze_project/ROBOTIS-OP3/op3_localization/include/op3_localization/op3_localization.h:33[m[K,
                 from [01m[K/home/evan/Documents/algo_gaze_project/ROBOTIS-OP3/op3_localization/src/op3_localization.cpp:19[m[K:
[01m[K/usr/include/c++/11/complex:332:5:[m[K [01;36m[Knote: [m[Kcandidate: ‘[01m[Ktemplate<class _Tp> std::complex<_Tp> std::operator+(const std::complex<_Tp>&, const std::complex<_Tp>&)[m[K’
  332 |     [01;36m[Koperator[m[K+(const complex<_Tp>& __x, const complex<_Tp>& __y)
      |     [01;36m[K^~~~~~~~[m[K
[01m[K/usr/include/c++/11/complex:332:5:[m[K [01;36m[Knote: [m[K  template argument deduction/substitution failed:
[01m[K/home/evan/Documents/algo_gaze_project/ROBOTIS-OP3/op3_localization/src/op3_localization.cpp:158:68:[m[K [01;36m[Knote: [m[K  ‘[01m[Kstd_msgs::msg::Header_<std::allocator<void> >::_stamp_type[m[K’ {aka ‘[01m[Kbuiltin_interfaces::msg::Time_<std::allocator<void> >[m[K’} is not derived from ‘[01m[Kconst std::complex<_Tp>[m[K’
  158 | p::Time transform_expiration = (pelvis_pose_.header.stamp + [01;36m[Ktransform_tolerance[m[K);
      |                                                             [01;36m[K^~~~~~~~~~~~~~~~~~~[m[K

In file included from [01m[K/usr/include/eigen3/Eigen/Core:50[m[K,
                 from [01m[K/usr/include/eigen3/Eigen/Geometry:11[m[K,
                 from [01m[K/opt/ros/humble/include/tf2_eigen/tf2_eigen/tf2_eigen.hpp:34[m[K,
                 from [01m[K/home/evan/Documents/algo_gaze_project/ROBOTIS-OP3/op3_localization/include/op3_localization/op3_localization.h:33[m[K,
                 from [01m[K/home/evan/Documents/algo_gaze_project/ROBOTIS-OP3/op3_localization/src/op3_localization.cpp:19[m[K:
[01m[K/usr/include/c++/11/complex:341:5:[m[K [01;36m[Knote: [m[Kcandidate: ‘[01m[Ktemplate<class _Tp> std::complex<_Tp> std::operator+(const std::complex<_Tp>&, const _Tp&)[m[K’
  341 |     [01;36m[Koperator[m[K+(const complex<_Tp>& __x, const _Tp& __y)
      |     [01;36m[K^~~~~~~~[m[K
[01m[K/usr/include/c++/11/complex:341:5:[m[K [01;36m[Knote: [m[K  template argument deduction/substitution failed:
[01m[K/home/evan/Documents/algo_gaze_project/ROBOTIS-OP3/op3_localization/src/op3_localization.cpp:158:68:[m[K [01;36m[Knote: [m[K  ‘[01m[Kstd_msgs::msg::Header_<std::allocator<void> >::_stamp_type[m[K’ {aka ‘[01m[Kbuiltin_interfaces::msg::Time_<std::allocator<void> >[m[K’} is not derived from ‘[01m[Kconst std::complex<_Tp>[m[K’
  158 | p::Time transform_expiration = (pelvis_pose_.header.stamp + [01;36m[Ktransform_tolerance[m[K);
      |                                                             [01;36m[K^~~~~~~~~~~~~~~~~~~[m[K

In file included from [01m[K/usr/include/eigen3/Eigen/Core:50[m[K,
                 from [01m[K/usr/include/eigen3/Eigen/Geometry:11[m[K,
                 from [01m[K/opt/ros/humble/include/tf2_eigen/tf2_eigen/tf2_eigen.hpp:34[m[K,
                 from [01m[K/home/evan/Documents/algo_gaze_project/ROBOTIS-OP3/op3_localization/include/op3_localization/op3_localization.h:33[m[K,
                 from [01m[K/home/evan/Documents/algo_gaze_project/ROBOTIS-OP3/op3_localization/src/op3_localization.cpp:19[m[K:
[01m[K/usr/include/c++/11/complex:350:5:[m[K [01;36m[Knote: [m[Kcandidate: ‘[01m[Ktemplate<class _Tp> std::complex<_Tp> std::operator+(const _Tp&, const std::complex<_Tp>&)[m[K’
  350 |     [01;36m[Koperator[m[K+(const _Tp& __x, const complex<_Tp>& __y)
      |     [01;36m[K^~~~~~~~[m[K
[01m[K/usr/include/c++/11/complex:350:5:[m[K [01;36m[Knote: [m[K  template argument deduction/substitution failed:
[01m[K/home/evan/Documents/algo_gaze_project/ROBOTIS-OP3/op3_localization/src/op3_localization.cpp:158:68:[m[K [01;36m[Knote: [m[K  ‘[01m[Krclcpp::Duration[m[K’ is not derived from ‘[01m[Kconst std::complex<_Tp>[m[K’
  158 | p::Time transform_expiration = (pelvis_pose_.header.stamp + [01;36m[Ktransform_tolerance[m[K);
      |                                                             [01;36m[K^~~~~~~~~~~~~~~~~~~[m[K

In file included from [01m[K/usr/include/eigen3/Eigen/Core:50[m[K,
                 from [01m[K/usr/include/eigen3/Eigen/Geometry:11[m[K,
                 from [01m[K/opt/ros/humble/include/tf2_eigen/tf2_eigen/tf2_eigen.hpp:34[m[K,
                 from [01m[K/home/evan/Documents/algo_gaze_project/ROBOTIS-OP3/op3_localization/include/op3_localization/op3_localization.h:33[m[K,
                 from [01m[K/home/evan/Documents/algo_gaze_project/ROBOTIS-OP3/op3_localization/src/op3_localization.cpp:19[m[K:
[01m[K/usr/include/c++/11/complex:451:5:[m[K [01;36m[Knote: [m[Kcandidate: ‘[01m[Ktemplate<class _Tp> std::complex<_Tp> std::operator+(const std::complex<_Tp>&)[m[K’
  451 |     [01;36m[Koperator[m[K+(const complex<_Tp>& __x)
      |     [01;36m[K^~~~~~~~[m[K
[01m[K/usr/include/c++/11/complex:451:5:[m[K [01;36m[Knote: [m[K  template argument deduction/substitution failed:
[01m[K/home/evan/Documents/algo_gaze_project/ROBOTIS-OP3/op3_localization/src/op3_localization.cpp:158:68:[m[K [01;36m[Knote: [m[K  ‘[01m[Kstd_msgs::msg::Header_<std::allocator<void> >::_stamp_type[m[K’ {aka ‘[01m[Kbuiltin_interfaces::msg::Time_<std::allocator<void> >[m[K’} is not derived from ‘[01m[Kconst std::complex<_Tp>[m[K’
  158 | p::Time transform_expiration = (pelvis_pose_.header.stamp + [01;36m[Ktransform_tolerance[m[K);
      |                                                             [01;36m[K^~~~~~~~~~~~~~~~~~~[m[K

In file included from [01m[K/opt/ros/humble/include/rclcpp/rclcpp/clock.hpp:24[m[K,
                 from [01m[K/opt/ros/humble/include/rclcpp/rclcpp/timer.hpp:27[m[K,
                 from [01m[K/opt/ros/humble/include/rclcpp/rclcpp/callback_group.hpp:30[m[K,
                 from [01m[K/opt/ros/humble/include/rclcpp/rclcpp/any_executable.hpp:20[m[K,
                 from [01m[K/opt/ros/humble/include/rclcpp/rclcpp/memory_strategy.hpp:25[m[K,
                 from [01m[K/opt/ros/humble/include/rclcpp/rclcpp/memory_strategies.hpp:18[m[K,
                 from [01m[K/opt/ros/humble/include/rclcpp/rclcpp/executor_options.hpp:20[m[K,
                 from [01m[K/opt/ros/humble/include/rclcpp/rclcpp/executor.hpp:37[m[K,
                 from [01m[K/opt/ros/humble/include/rclcpp/rclcpp/executors/multi_threaded_executor.hpp:25[m[K,
                 from [01m[K/opt/ros/humble/include/rclcpp/rclcpp/executors.hpp:21[m[K,
                 from [01m[K/opt/ros/humble/include/rclcpp/rclcpp/rclcpp.hpp:155[m[K,
                 from [01m[K/home/evan/Documents/algo_gaze_project/ROBOTIS-OP3/op3_localization/include/op3_localization/op3_localization.h:26[m[K,
                 from [01m[K/home/evan/Documents/algo_gaze_project/ROBOTIS-OP3/op3_localization/src/op3_localization.cpp:19[m[K:
[01m[K/opt/ros/humble/include/rclcpp/rclcpp/time.hpp:223:1:[m[K [01;36m[Knote: [m[Kcandidate: ‘[01m[Krclcpp::Time rclcpp::operator+(const rclcpp::Duration&, const rclcpp::Time&)[m[K’
  223 | [01;36m[Koperator[m[K+(const rclcpp::Duration & lhs, const rclcpp::Time & rhs);
      | [01;36m[K^~~~~~~~[m[K
[01m[K/opt/ros/humble/include/rclcpp/rclcpp/time.hpp:223:36:[m[K [01;36m[Knote: [m[K  no known conversion for argument 1 from ‘[01m[Kstd_msgs::msg::Header_<std::allocator<void> >::_stamp_type[m[K’ {aka ‘[01m[Kbuiltin_interfaces::msg::Time_<std::allocator<void> >[m[K’} to ‘[01m[Kconst rclcpp::Duration&[m[K’
  223 | operator+([01;36m[Kconst rclcpp::Duration & lhs[m[K, const rclcpp::Time & rhs);
      |           [01;36m[K~~~~~~~~~~~~~~~~~~~~~~~~~^~~[m[K
gmake[2]: *** [CMakeFiles/op3_localization.dir/build.make:90: CMakeFiles/op3_localization.dir/src/op3_localization.cpp.o] Error 1
gmake[1]: *** [CMakeFiles/Makefile2:137: CMakeFiles/op3_localization.dir/all] Error 2
gmake: *** [Makefile:146: all] Error 2
