[0.040s] Invoking command in '/home/evan/Documents/algo_gaze_project/build/op3_localization': AMENT_PREFIX_PATH=/home/evan/Documents/algo_gaze_project/install/robotis_math:${AMENT_PREFIX_PATH} CMAKE_PREFIX_PATH=/home/evan/Documents/algo_gaze_project/install/robotis_math:/opt/ros/humble LD_LIBRARY_PATH=/home/evan/Documents/algo_gaze_project/install/robotis_math/lib:${LD_LIBRARY_PATH} /usr/bin/cmake --build /home/evan/Documents/algo_gaze_project/build/op3_localization -- -j12 -l12
[0.079s] [35m[1mConsolidate compiler generated dependencies of target op3_localization[0m
[0.108s] [ 33%] [32mBuilding CXX object CMakeFiles/op3_localization.dir/src/op3_localization.cpp.o[0m
[9.777s] [01m[K/home/evan/Documents/algo_gaze_project/ROBOTIS-OP3/op3_localization/src/op3_localization.cpp:[m[K In member function ‘[01m[Kvoid robotis_op::OP3Localization::process()[m[K’:
[9.777s] [01m[K/home/evan/Documents/algo_gaze_project/ROBOTIS-OP3/op3_localization/src/op3_localization.cpp:158:66:[m[K [01;31m[Kerror: [m[Kno match for ‘[01m[Koperator+[m[K’ (operand types are ‘[01m[Kstd_msgs::msg::Header_<std::allocator<void> >::_stamp_type[m[K’ {aka ‘[01m[Kbuiltin_interfaces::msg::Time_<std::allocator<void> >[m[K’} and ‘[01m[Krclcpp::Duration[m[K’)
[9.777s]   158 | cpp::Time transform_expiration = ([32m[Kpelvis_pose_.header.stamp[m[K [01;31m[K+[m[K [34m[Ktransform_tolerance[m[K);
[9.778s]       |                                   [32m[K~~~~~~~~~~~~~~~~~~~~~~~~~[m[K [01;31m[K^[m[K [34m[K~~~~~~~~~~~~~~~~~~~[m[K
[9.779s]       |                                                       [32m[K|[m[K       [34m[K|[m[K
[9.779s]       |                                                       [32m[K|[m[K       [34m[Krclcpp::Duration[m[K
[9.780s]       |                                                       [32m[Kstd_msgs::msg::Header_<std::allocator<void> >::_stamp_type {aka builtin_interfaces::msg::Time_<std::allocator<void> >}[m[K
[9.780s] 
[9.780s] In file included from [01m[K/usr/include/c++/11/bits/stl_algobase.h:67[m[K,
[9.780s]                  from [01m[K/usr/include/c++/11/bits/char_traits.h:39[m[K,
[9.780s]                  from [01m[K/usr/include/c++/11/string:40[m[K,
[9.780s]                  from [01m[K/home/evan/Documents/algo_gaze_project/ROBOTIS-OP3/op3_localization/include/op3_localization/op3_localization.h:23[m[K,
[9.780s]                  from [01m[K/home/evan/Documents/algo_gaze_project/ROBOTIS-OP3/op3_localization/src/op3_localization.cpp:19[m[K:
[9.780s] [01m[K/usr/include/c++/11/bits/stl_iterator.h:585:5:[m[K [01;36m[Knote: [m[Kcandidate: ‘[01m[Ktemplate<class _Iterator> constexpr std::reverse_iterator<_Iterator> std::operator+(typename std::reverse_iterator<_Iterator>::difference_type, const std::reverse_iterator<_Iterator>&)[m[K’
[9.780s]   585 |     [01;36m[Koperator[m[K+(typename reverse_iterator<_Iterator>::difference_type __n,
[9.780s]       |     [01;36m[K^~~~~~~~[m[K
[9.780s] [01m[K/usr/include/c++/11/bits/stl_iterator.h:585:5:[m[K [01;36m[Knote: [m[K  template argument deduction/substitution failed:
[9.781s] [01m[K/home/evan/Documents/algo_gaze_project/ROBOTIS-OP3/op3_localization/src/op3_localization.cpp:158:68:[m[K [01;36m[Knote: [m[K  ‘[01m[Krclcpp::Duration[m[K’ is not derived from ‘[01m[Kconst std::reverse_iterator<_Iterator>[m[K’
[9.781s]   158 | p::Time transform_expiration = (pelvis_pose_.header.stamp + [01;36m[Ktransform_tolerance[m[K);
[9.781s]       |                                                             [01;36m[K^~~~~~~~~~~~~~~~~~~[m[K
[9.781s] 
[9.781s] In file included from [01m[K/usr/include/c++/11/bits/stl_algobase.h:67[m[K,
[9.781s]                  from [01m[K/usr/include/c++/11/bits/char_traits.h:39[m[K,
[9.781s]                  from [01m[K/usr/include/c++/11/string:40[m[K,
[9.781s]                  from [01m[K/home/evan/Documents/algo_gaze_project/ROBOTIS-OP3/op3_localization/include/op3_localization/op3_localization.h:23[m[K,
[9.781s]                  from [01m[K/home/evan/Documents/algo_gaze_project/ROBOTIS-OP3/op3_localization/src/op3_localization.cpp:19[m[K:
[9.781s] [01m[K/usr/include/c++/11/bits/stl_iterator.h:1700:5:[m[K [01;36m[Knote: [m[Kcandidate: ‘[01m[Ktemplate<class _Iterator> constexpr std::move_iterator<_IteratorL> std::operator+(typename std::move_iterator<_IteratorL>::difference_type, const std::move_iterator<_IteratorL>&)[m[K’
[9.781s]  1700 |     [01;36m[Koperator[m[K+(typename move_iterator<_Iterator>::difference_type __n,
[9.781s]       |     [01;36m[K^~~~~~~~[m[K
[9.781s] [01m[K/usr/include/c++/11/bits/stl_iterator.h:1700:5:[m[K [01;36m[Knote: [m[K  template argument deduction/substitution failed:
[9.781s] [01m[K/home/evan/Documents/algo_gaze_project/ROBOTIS-OP3/op3_localization/src/op3_localization.cpp:158:68:[m[K [01;36m[Knote: [m[K  ‘[01m[Krclcpp::Duration[m[K’ is not derived from ‘[01m[Kconst std::move_iterator<_IteratorL>[m[K’
[9.781s]   158 | p::Time transform_expiration = (pelvis_pose_.header.stamp + [01;36m[Ktransform_tolerance[m[K);
[9.781s]       |                                                             [01;36m[K^~~~~~~~~~~~~~~~~~~[m[K
[9.781s] 
[9.782s] In file included from [01m[K/usr/include/c++/11/string:55[m[K,
[9.782s]                  from [01m[K/home/evan/Documents/algo_gaze_project/ROBOTIS-OP3/op3_localization/include/op3_localization/op3_localization.h:23[m[K,
[9.782s]                  from [01m[K/home/evan/Documents/algo_gaze_project/ROBOTIS-OP3/op3_localization/src/op3_localization.cpp:19[m[K:
[9.782s] [01m[K/usr/include/c++/11/bits/basic_string.h:6095:5:[m[K [01;36m[Knote: [m[Kcandidate: ‘[01m[Ktemplate<class _CharT, class _Traits, class _Alloc> std::__cxx11::basic_string<_CharT, _Traits, _Allocator> std::operator+(const std::__cxx11::basic_string<_CharT, _Traits, _Allocator>&, const std::__cxx11::basic_string<_CharT, _Traits, _Allocator>&)[m[K’
[9.782s]  6095 |     [01;36m[Koperator[m[K+(const basic_string<_CharT, _Traits, _Alloc>& __lhs,
[9.782s]       |     [01;36m[K^~~~~~~~[m[K
[9.782s] [01m[K/usr/include/c++/11/bits/basic_string.h:6095:5:[m[K [01;36m[Knote: [m[K  template argument deduction/substitution failed:
[9.782s] [01m[K/home/evan/Documents/algo_gaze_project/ROBOTIS-OP3/op3_localization/src/op3_localization.cpp:158:68:[m[K [01;36m[Knote: [m[K  ‘[01m[Kstd_msgs::msg::Header_<std::allocator<void> >::_stamp_type[m[K’ {aka ‘[01m[Kbuiltin_interfaces::msg::Time_<std::allocator<void> >[m[K’} is not derived from ‘[01m[Kconst std::__cxx11::basic_string<_CharT, _Traits, _Allocator>[m[K’
[9.782s]   158 | p::Time transform_expiration = (pelvis_pose_.header.stamp + [01;36m[Ktransform_tolerance[m[K);
[9.782s]       |                                                             [01;36m[K^~~~~~~~~~~~~~~~~~~[m[K
[9.782s] 
[9.782s] In file included from [01m[K/usr/include/c++/11/string:56[m[K,
[9.782s]                  from [01m[K/home/evan/Documents/algo_gaze_project/ROBOTIS-OP3/op3_localization/include/op3_localization/op3_localization.h:23[m[K,
[9.782s]                  from [01m[K/home/evan/Documents/algo_gaze_project/ROBOTIS-OP3/op3_localization/src/op3_localization.cpp:19[m[K:
[9.782s] [01m[K/usr/include/c++/11/bits/basic_string.tcc:1169:5:[m[K [01;36m[Knote: [m[Kcandidate: ‘[01m[Ktemplate<class _CharT, class _Traits, class _Alloc> std::__cxx11::basic_string<_CharT, _Traits, _Allocator> std::operator+(const _CharT*, const std::__cxx11::basic_string<_CharT, _Traits, _Allocator>&)[m[K’
[9.784s]  1169 |     [01;36m[Koperator[m[K+(const _CharT* __lhs,
[9.784s]       |     [01;36m[K^~~~~~~~[m[K
[9.784s] [01m[K/usr/include/c++/11/bits/basic_string.tcc:1169:5:[m[K [01;36m[Knote: [m[K  template argument deduction/substitution failed:
[9.784s] [01m[K/home/evan/Documents/algo_gaze_project/ROBOTIS-OP3/op3_localization/src/op3_localization.cpp:158:68:[m[K [01;36m[Knote: [m[K  mismatched types ‘[01m[Kconst _CharT*[m[K’ and ‘[01m[Kbuiltin_interfaces::msg::Time_<std::allocator<void> >[m[K’
[9.785s]   158 | p::Time transform_expiration = (pelvis_pose_.header.stamp + [01;36m[Ktransform_tolerance[m[K);
[9.785s]       |                                                             [01;36m[K^~~~~~~~~~~~~~~~~~~[m[K
[9.785s] 
[9.785s] In file included from [01m[K/usr/include/c++/11/string:56[m[K,
[9.785s]                  from [01m[K/home/evan/Documents/algo_gaze_project/ROBOTIS-OP3/op3_localization/include/op3_localization/op3_localization.h:23[m[K,
[9.785s]                  from [01m[K/home/evan/Documents/algo_gaze_project/ROBOTIS-OP3/op3_localization/src/op3_localization.cpp:19[m[K:
[9.785s] [01m[K/usr/include/c++/11/bits/basic_string.tcc:1189:5:[m[K [01;36m[Knote: [m[Kcandidate: ‘[01m[Ktemplate<class _CharT, class _Traits, class _Alloc> std::__cxx11::basic_string<_CharT, _Traits, _Allocator> std::operator+(_CharT, const std::__cxx11::basic_string<_CharT, _Traits, _Allocator>&)[m[K’
[9.785s]  1189 |     [01;36m[Koperator[m[K+(_CharT __lhs, const basic_string<_CharT, _Traits, _Alloc>& __rhs)
[9.785s]       |     [01;36m[K^~~~~~~~[m[K
[9.785s] [01m[K/usr/include/c++/11/bits/basic_string.tcc:1189:5:[m[K [01;36m[Knote: [m[K  template argument deduction/substitution failed:
[9.785s] [01m[K/home/evan/Documents/algo_gaze_project/ROBOTIS-OP3/op3_localization/src/op3_localization.cpp:158:68:[m[K [01;36m[Knote: [m[K  ‘[01m[Krclcpp::Duration[m[K’ is not derived from ‘[01m[Kconst std::__cxx11::basic_string<_CharT, _Traits, _Allocator>[m[K’
[9.785s]   158 | p::Time transform_expiration = (pelvis_pose_.header.stamp + [01;36m[Ktransform_tolerance[m[K);
[9.785s]       |                                                             [01;36m[K^~~~~~~~~~~~~~~~~~~[m[K
[9.785s] 
[9.785s] In file included from [01m[K/usr/include/c++/11/string:55[m[K,
[9.785s]                  from [01m[K/home/evan/Documents/algo_gaze_project/ROBOTIS-OP3/op3_localization/include/op3_localization/op3_localization.h:23[m[K,
[9.785s]                  from [01m[K/home/evan/Documents/algo_gaze_project/ROBOTIS-OP3/op3_localization/src/op3_localization.cpp:19[m[K:
[9.786s] [01m[K/usr/include/c++/11/bits/basic_string.h:6132:5:[m[K [01;36m[Knote: [m[Kcandidate: ‘[01m[Ktemplate<class _CharT, class _Traits, class _Alloc> std::__cxx11::basic_string<_CharT, _Traits, _Allocator> std::operator+(const std::__cxx11::basic_string<_CharT, _Traits, _Allocator>&, const _CharT*)[m[K’
[9.786s]  6132 |     [01;36m[Koperator[m[K+(const basic_string<_CharT, _Traits, _Alloc>& __lhs,
[9.786s]       |     [01;36m[K^~~~~~~~[m[K
[9.786s] [01m[K/usr/include/c++/11/bits/basic_string.h:6132:5:[m[K [01;36m[Knote: [m[K  template argument deduction/substitution failed:
[9.786s] [01m[K/home/evan/Documents/algo_gaze_project/ROBOTIS-OP3/op3_localization/src/op3_localization.cpp:158:68:[m[K [01;36m[Knote: [m[K  ‘[01m[Kstd_msgs::msg::Header_<std::allocator<void> >::_stamp_type[m[K’ {aka ‘[01m[Kbuiltin_interfaces::msg::Time_<std::allocator<void> >[m[K’} is not derived from ‘[01m[Kconst std::__cxx11::basic_string<_CharT, _Traits, _Allocator>[m[K’
[9.786s]   158 | p::Time transform_expiration = (pelvis_pose_.header.stamp + [01;36m[Ktransform_tolerance[m[K);
[9.786s]       |                                                             [01;36m[K^~~~~~~~~~~~~~~~~~~[m[K
[9.786s] 
[9.786s] In file included from [01m[K/usr/include/c++/11/string:55[m[K,
[9.786s]                  from [01m[K/home/evan/Documents/algo_gaze_project/ROBOTIS-OP3/op3_localization/include/op3_localization/op3_localization.h:23[m[K,
[9.786s]                  from [01m[K/home/evan/Documents/algo_gaze_project/ROBOTIS-OP3/op3_localization/src/op3_localization.cpp:19[m[K:
[9.786s] [01m[K/usr/include/c++/11/bits/basic_string.h:6148:5:[m[K [01;36m[Knote: [m[Kcandidate: ‘[01m[Ktemplate<class _CharT, class _Traits, class _Alloc> std::__cxx11::basic_string<_CharT, _Traits, _Allocator> std::operator+(const std::__cxx11::basic_string<_CharT, _Traits, _Allocator>&, _CharT)[m[K’
[9.786s]  6148 |     [01;36m[Koperator[m[K+(const basic_string<_CharT, _Traits, _Alloc>& __lhs, _CharT __rhs)
[9.786s]       |     [01;36m[K^~~~~~~~[m[K
[9.786s] [01m[K/usr/include/c++/11/bits/basic_string.h:6148:5:[m[K [01;36m[Knote: [m[K  template argument deduction/substitution failed:
[9.786s] [01m[K/home/evan/Documents/algo_gaze_project/ROBOTIS-OP3/op3_localization/src/op3_localization.cpp:158:68:[m[K [01;36m[Knote: [m[K  ‘[01m[Kstd_msgs::msg::Header_<std::allocator<void> >::_stamp_type[m[K’ {aka ‘[01m[Kbuiltin_interfaces::msg::Time_<std::allocator<void> >[m[K’} is not derived from ‘[01m[Kconst std::__cxx11::basic_string<_CharT, _Traits, _Allocator>[m[K’
[9.786s]   158 | p::Time transform_expiration = (pelvis_pose_.header.stamp + [01;36m[Ktransform_tolerance[m[K);
[9.786s]       |                                                             [01;36m[K^~~~~~~~~~~~~~~~~~~[m[K
[9.787s] 
[9.787s] In file included from [01m[K/usr/include/c++/11/string:55[m[K,
[9.787s]                  from [01m[K/home/evan/Documents/algo_gaze_project/ROBOTIS-OP3/op3_localization/include/op3_localization/op3_localization.h:23[m[K,
[9.787s]                  from [01m[K/home/evan/Documents/algo_gaze_project/ROBOTIS-OP3/op3_localization/src/op3_localization.cpp:19[m[K:
[9.787s] [01m[K/usr/include/c++/11/bits/basic_string.h:6160:5:[m[K [01;36m[Knote: [m[Kcandidate: ‘[01m[Ktemplate<class _CharT, class _Traits, class _Alloc> std::__cxx11::basic_string<_CharT, _Traits, _Allocator> std::operator+(std::__cxx11::basic_string<_CharT, _Traits, _Allocator>&&, const std::__cxx11::basic_string<_CharT, _Traits, _Allocator>&)[m[K’
[9.787s]  6160 |     [01;36m[Koperator[m[K+(basic_string<_CharT, _Traits, _Alloc>&& __lhs,
[9.787s]       |     [01;36m[K^~~~~~~~[m[K
[9.787s] [01m[K/usr/include/c++/11/bits/basic_string.h:6160:5:[m[K [01;36m[Knote: [m[K  template argument deduction/substitution failed:
[9.787s] [01m[K/home/evan/Documents/algo_gaze_project/ROBOTIS-OP3/op3_localization/src/op3_localization.cpp:158:68:[m[K [01;36m[Knote: [m[K  ‘[01m[Kstd_msgs::msg::Header_<std::allocator<void> >::_stamp_type[m[K’ {aka ‘[01m[Kbuiltin_interfaces::msg::Time_<std::allocator<void> >[m[K’} is not derived from ‘[01m[Kstd::__cxx11::basic_string<_CharT, _Traits, _Allocator>[m[K’
[9.787s]   158 | p::Time transform_expiration = (pelvis_pose_.header.stamp + [01;36m[Ktransform_tolerance[m[K);
[9.787s]       |                                                             [01;36m[K^~~~~~~~~~~~~~~~~~~[m[K
[9.787s] 
[9.787s] In file included from [01m[K/usr/include/c++/11/string:55[m[K,
[9.787s]                  from [01m[K/home/evan/Documents/algo_gaze_project/ROBOTIS-OP3/op3_localization/include/op3_localization/op3_localization.h:23[m[K,
[9.789s]                  from [01m[K/home/evan/Documents/algo_gaze_project/ROBOTIS-OP3/op3_localization/src/op3_localization.cpp:19[m[K:
[9.790s] [01m[K/usr/include/c++/11/bits/basic_string.h:6166:5:[m[K [01;36m[Knote: [m[Kcandidate: ‘[01m[Ktemplate<class _CharT, class _Traits, class _Alloc> std::__cxx11::basic_string<_CharT, _Traits, _Allocator> std::operator+(const std::__cxx11::basic_string<_CharT, _Traits, _Allocator>&, std::__cxx11::basic_string<_CharT, _Traits, _Allocator>&&)[m[K’
[9.790s]  6166 |     [01;36m[Koperator[m[K+(const basic_string<_CharT, _Traits, _Alloc>& __lhs,
[9.790s]       |     [01;36m[K^~~~~~~~[m[K
[9.790s] [01m[K/usr/include/c++/11/bits/basic_string.h:6166:5:[m[K [01;36m[Knote: [m[K  template argument deduction/substitution failed:
[9.790s] [01m[K/home/evan/Documents/algo_gaze_project/ROBOTIS-OP3/op3_localization/src/op3_localization.cpp:158:68:[m[K [01;36m[Knote: [m[K  ‘[01m[Kstd_msgs::msg::Header_<std::allocator<void> >::_stamp_type[m[K’ {aka ‘[01m[Kbuiltin_interfaces::msg::Time_<std::allocator<void> >[m[K’} is not derived from ‘[01m[Kconst std::__cxx11::basic_string<_CharT, _Traits, _Allocator>[m[K’
[9.790s]   158 | p::Time transform_expiration = (pelvis_pose_.header.stamp + [01;36m[Ktransform_tolerance[m[K);
[9.790s]       |                                                             [01;36m[K^~~~~~~~~~~~~~~~~~~[m[K
[9.790s] 
[9.791s] In file included from [01m[K/usr/include/c++/11/string:55[m[K,
[9.791s]                  from [01m[K/home/evan/Documents/algo_gaze_project/ROBOTIS-OP3/op3_localization/include/op3_localization/op3_localization.h:23[m[K,
[9.791s]                  from [01m[K/home/evan/Documents/algo_gaze_project/ROBOTIS-OP3/op3_localization/src/op3_localization.cpp:19[m[K:
[9.791s] [01m[K/usr/include/c++/11/bits/basic_string.h:6172:5:[m[K [01;36m[Knote: [m[Kcandidate: ‘[01m[Ktemplate<class _CharT, class _Traits, class _Alloc> std::__cxx11::basic_string<_CharT, _Traits, _Allocator> std::operator+(std::__cxx11::basic_string<_CharT, _Traits, _Allocator>&&, std::__cxx11::basic_string<_CharT, _Traits, _Allocator>&&)[m[K’
[9.791s]  6172 |     [01;36m[Koperator[m[K+(basic_string<_CharT, _Traits, _Alloc>&& __lhs,
[9.791s]       |     [01;36m[K^~~~~~~~[m[K
[9.791s] [01m[K/usr/include/c++/11/bits/basic_string.h:6172:5:[m[K [01;36m[Knote: [m[K  template argument deduction/substitution failed:
[9.791s] [01m[K/home/evan/Documents/algo_gaze_project/ROBOTIS-OP3/op3_localization/src/op3_localization.cpp:158:68:[m[K [01;36m[Knote: [m[K  ‘[01m[Kstd_msgs::msg::Header_<std::allocator<void> >::_stamp_type[m[K’ {aka ‘[01m[Kbuiltin_interfaces::msg::Time_<std::allocator<void> >[m[K’} is not derived from ‘[01m[Kstd::__cxx11::basic_string<_CharT, _Traits, _Allocator>[m[K’
[9.791s]   158 | p::Time transform_expiration = (pelvis_pose_.header.stamp + [01;36m[Ktransform_tolerance[m[K);
[9.791s]       |                                                             [01;36m[K^~~~~~~~~~~~~~~~~~~[m[K
[9.791s] 
[9.791s] In file included from [01m[K/usr/include/c++/11/string:55[m[K,
[9.791s]                  from [01m[K/home/evan/Documents/algo_gaze_project/ROBOTIS-OP3/op3_localization/include/op3_localization/op3_localization.h:23[m[K,
[9.791s]                  from [01m[K/home/evan/Documents/algo_gaze_project/ROBOTIS-OP3/op3_localization/src/op3_localization.cpp:19[m[K:
[9.791s] [01m[K/usr/include/c++/11/bits/basic_string.h:6194:5:[m[K [01;36m[Knote: [m[Kcandidate: ‘[01m[Ktemplate<class _CharT, class _Traits, class _Alloc> std::__cxx11::basic_string<_CharT, _Traits, _Allocator> std::operator+(const _CharT*, std::__cxx11::basic_string<_CharT, _Traits, _Allocator>&&)[m[K’
[9.791s]  6194 |     [01;36m[Koperator[m[K+(const _CharT* __lhs,
[9.791s]       |     [01;36m[K^~~~~~~~[m[K
[9.791s] [01m[K/usr/include/c++/11/bits/basic_string.h:6194:5:[m[K [01;36m[Knote: [m[K  template argument deduction/substitution failed:
[9.792s] [01m[K/home/evan/Documents/algo_gaze_project/ROBOTIS-OP3/op3_localization/src/op3_localization.cpp:158:68:[m[K [01;36m[Knote: [m[K  mismatched types ‘[01m[Kconst _CharT*[m[K’ and ‘[01m[Kbuiltin_interfaces::msg::Time_<std::allocator<void> >[m[K’
[9.792s]   158 | p::Time transform_expiration = (pelvis_pose_.header.stamp + [01;36m[Ktransform_tolerance[m[K);
[9.792s]       |                                                             [01;36m[K^~~~~~~~~~~~~~~~~~~[m[K
[9.792s] 
[9.792s] In file included from [01m[K/usr/include/c++/11/string:55[m[K,
[9.792s]                  from [01m[K/home/evan/Documents/algo_gaze_project/ROBOTIS-OP3/op3_localization/include/op3_localization/op3_localization.h:23[m[K,
[9.792s]                  from [01m[K/home/evan/Documents/algo_gaze_project/ROBOTIS-OP3/op3_localization/src/op3_localization.cpp:19[m[K:
[9.792s] [01m[K/usr/include/c++/11/bits/basic_string.h:6200:5:[m[K [01;36m[Knote: [m[Kcandidate: ‘[01m[Ktemplate<class _CharT, class _Traits, class _Alloc> std::__cxx11::basic_string<_CharT, _Traits, _Allocator> std::operator+(_CharT, std::__cxx11::basic_string<_CharT, _Traits, _Allocator>&&)[m[K’
[9.792s]  6200 |     [01;36m[Koperator[m[K+(_CharT __lhs,
[9.792s]       |     [01;36m[K^~~~~~~~[m[K
[9.792s] [01m[K/usr/include/c++/11/bits/basic_string.h:6200:5:[m[K [01;36m[Knote: [m[K  template argument deduction/substitution failed:
[9.792s] [01m[K/home/evan/Documents/algo_gaze_project/ROBOTIS-OP3/op3_localization/src/op3_localization.cpp:158:68:[m[K [01;36m[Knote: [m[K  ‘[01m[Krclcpp::Duration[m[K’ is not derived from ‘[01m[Kstd::__cxx11::basic_string<_CharT, _Traits, _Allocator>[m[K’
[9.792s]   158 | p::Time transform_expiration = (pelvis_pose_.header.stamp + [01;36m[Ktransform_tolerance[m[K);
[9.792s]       |                                                             [01;36m[K^~~~~~~~~~~~~~~~~~~[m[K
[9.792s] 
[9.792s] In file included from [01m[K/usr/include/c++/11/string:55[m[K,
[9.792s]                  from [01m[K/home/evan/Documents/algo_gaze_project/ROBOTIS-OP3/op3_localization/include/op3_localization/op3_localization.h:23[m[K,
[9.792s]                  from [01m[K/home/evan/Documents/algo_gaze_project/ROBOTIS-OP3/op3_localization/src/op3_localization.cpp:19[m[K:
[9.793s] [01m[K/usr/include/c++/11/bits/basic_string.h:6206:5:[m[K [01;36m[Knote: [m[Kcandidate: ‘[01m[Ktemplate<class _CharT, class _Traits, class _Alloc> std::__cxx11::basic_string<_CharT, _Traits, _Allocator> std::operator+(std::__cxx11::basic_string<_CharT, _Traits, _Allocator>&&, const _CharT*)[m[K’
[9.793s]  6206 |     [01;36m[Koperator[m[K+(basic_string<_CharT, _Traits, _Alloc>&& __lhs,
[9.793s]       |     [01;36m[K^~~~~~~~[m[K
[9.793s] [01m[K/usr/include/c++/11/bits/basic_string.h:6206:5:[m[K [01;36m[Knote: [m[K  template argument deduction/substitution failed:
[9.793s] [01m[K/home/evan/Documents/algo_gaze_project/ROBOTIS-OP3/op3_localization/src/op3_localization.cpp:158:68:[m[K [01;36m[Knote: [m[K  ‘[01m[Kstd_msgs::msg::Header_<std::allocator<void> >::_stamp_type[m[K’ {aka ‘[01m[Kbuiltin_interfaces::msg::Time_<std::allocator<void> >[m[K’} is not derived from ‘[01m[Kstd::__cxx11::basic_string<_CharT, _Traits, _Allocator>[m[K’
[9.793s]   158 | p::Time transform_expiration = (pelvis_pose_.header.stamp + [01;36m[Ktransform_tolerance[m[K);
[9.793s]       |                                                             [01;36m[K^~~~~~~~~~~~~~~~~~~[m[K
[9.793s] 
[9.793s] In file included from [01m[K/usr/include/c++/11/string:55[m[K,
[9.793s]                  from [01m[K/home/evan/Documents/algo_gaze_project/ROBOTIS-OP3/op3_localization/include/op3_localization/op3_localization.h:23[m[K,
[9.793s]                  from [01m[K/home/evan/Documents/algo_gaze_project/ROBOTIS-OP3/op3_localization/src/op3_localization.cpp:19[m[K:
[9.793s] [01m[K/usr/include/c++/11/bits/basic_string.h:6212:5:[m[K [01;36m[Knote: [m[Kcandidate: ‘[01m[Ktemplate<class _CharT, class _Traits, class _Alloc> std::__cxx11::basic_string<_CharT, _Traits, _Allocator> std::operator+(std::__cxx11::basic_string<_CharT, _Traits, _Allocator>&&, _CharT)[m[K’
[9.793s]  6212 |     [01;36m[Koperator[m[K+(basic_string<_CharT, _Traits, _Alloc>&& __lhs,
[9.793s]       |     [01;36m[K^~~~~~~~[m[K
[9.795s] [01m[K/usr/include/c++/11/bits/basic_string.h:6212:5:[m[K [01;36m[Knote: [m[K  template argument deduction/substitution failed:
[9.796s] [01m[K/home/evan/Documents/algo_gaze_project/ROBOTIS-OP3/op3_localization/src/op3_localization.cpp:158:68:[m[K [01;36m[Knote: [m[K  ‘[01m[Kstd_msgs::msg::Header_<std::allocator<void> >::_stamp_type[m[K’ {aka ‘[01m[Kbuiltin_interfaces::msg::Time_<std::allocator<void> >[m[K’} is not derived from ‘[01m[Kstd::__cxx11::basic_string<_CharT, _Traits, _Allocator>[m[K’
[9.796s]   158 | p::Time transform_expiration = (pelvis_pose_.header.stamp + [01;36m[Ktransform_tolerance[m[K);
[9.796s]       |                                                             [01;36m[K^~~~~~~~~~~~~~~~~~~[m[K
[9.797s] 
[9.797s] In file included from [01m[K/usr/include/eigen3/Eigen/Core:50[m[K,
[9.797s]                  from [01m[K/usr/include/eigen3/Eigen/Geometry:11[m[K,
[9.797s]                  from [01m[K/opt/ros/humble/include/tf2_eigen/tf2_eigen/tf2_eigen.hpp:34[m[K,
[9.797s]                  from [01m[K/home/evan/Documents/algo_gaze_project/ROBOTIS-OP3/op3_localization/include/op3_localization/op3_localization.h:33[m[K,
[9.797s]                  from [01m[K/home/evan/Documents/algo_gaze_project/ROBOTIS-OP3/op3_localization/src/op3_localization.cpp:19[m[K:
[9.798s] [01m[K/usr/include/c++/11/complex:332:5:[m[K [01;36m[Knote: [m[Kcandidate: ‘[01m[Ktemplate<class _Tp> std::complex<_Tp> std::operator+(const std::complex<_Tp>&, const std::complex<_Tp>&)[m[K’
[9.798s]   332 |     [01;36m[Koperator[m[K+(const complex<_Tp>& __x, const complex<_Tp>& __y)
[9.798s]       |     [01;36m[K^~~~~~~~[m[K
[9.798s] [01m[K/usr/include/c++/11/complex:332:5:[m[K [01;36m[Knote: [m[K  template argument deduction/substitution failed:
[9.798s] [01m[K/home/evan/Documents/algo_gaze_project/ROBOTIS-OP3/op3_localization/src/op3_localization.cpp:158:68:[m[K [01;36m[Knote: [m[K  ‘[01m[Kstd_msgs::msg::Header_<std::allocator<void> >::_stamp_type[m[K’ {aka ‘[01m[Kbuiltin_interfaces::msg::Time_<std::allocator<void> >[m[K’} is not derived from ‘[01m[Kconst std::complex<_Tp>[m[K’
[9.798s]   158 | p::Time transform_expiration = (pelvis_pose_.header.stamp + [01;36m[Ktransform_tolerance[m[K);
[9.799s]       |                                                             [01;36m[K^~~~~~~~~~~~~~~~~~~[m[K
[9.799s] 
[9.799s] In file included from [01m[K/usr/include/eigen3/Eigen/Core:50[m[K,
[9.799s]                  from [01m[K/usr/include/eigen3/Eigen/Geometry:11[m[K,
[9.799s]                  from [01m[K/opt/ros/humble/include/tf2_eigen/tf2_eigen/tf2_eigen.hpp:34[m[K,
[9.799s]                  from [01m[K/home/evan/Documents/algo_gaze_project/ROBOTIS-OP3/op3_localization/include/op3_localization/op3_localization.h:33[m[K,
[9.799s]                  from [01m[K/home/evan/Documents/algo_gaze_project/ROBOTIS-OP3/op3_localization/src/op3_localization.cpp:19[m[K:
[9.799s] [01m[K/usr/include/c++/11/complex:341:5:[m[K [01;36m[Knote: [m[Kcandidate: ‘[01m[Ktemplate<class _Tp> std::complex<_Tp> std::operator+(const std::complex<_Tp>&, const _Tp&)[m[K’
[9.799s]   341 |     [01;36m[Koperator[m[K+(const complex<_Tp>& __x, const _Tp& __y)
[9.799s]       |     [01;36m[K^~~~~~~~[m[K
[9.799s] [01m[K/usr/include/c++/11/complex:341:5:[m[K [01;36m[Knote: [m[K  template argument deduction/substitution failed:
[9.799s] [01m[K/home/evan/Documents/algo_gaze_project/ROBOTIS-OP3/op3_localization/src/op3_localization.cpp:158:68:[m[K [01;36m[Knote: [m[K  ‘[01m[Kstd_msgs::msg::Header_<std::allocator<void> >::_stamp_type[m[K’ {aka ‘[01m[Kbuiltin_interfaces::msg::Time_<std::allocator<void> >[m[K’} is not derived from ‘[01m[Kconst std::complex<_Tp>[m[K’
[9.799s]   158 | p::Time transform_expiration = (pelvis_pose_.header.stamp + [01;36m[Ktransform_tolerance[m[K);
[9.799s]       |                                                             [01;36m[K^~~~~~~~~~~~~~~~~~~[m[K
[9.799s] 
[9.799s] In file included from [01m[K/usr/include/eigen3/Eigen/Core:50[m[K,
[9.799s]                  from [01m[K/usr/include/eigen3/Eigen/Geometry:11[m[K,
[9.800s]                  from [01m[K/opt/ros/humble/include/tf2_eigen/tf2_eigen/tf2_eigen.hpp:34[m[K,
[9.800s]                  from [01m[K/home/evan/Documents/algo_gaze_project/ROBOTIS-OP3/op3_localization/include/op3_localization/op3_localization.h:33[m[K,
[9.800s]                  from [01m[K/home/evan/Documents/algo_gaze_project/ROBOTIS-OP3/op3_localization/src/op3_localization.cpp:19[m[K:
[9.800s] [01m[K/usr/include/c++/11/complex:350:5:[m[K [01;36m[Knote: [m[Kcandidate: ‘[01m[Ktemplate<class _Tp> std::complex<_Tp> std::operator+(const _Tp&, const std::complex<_Tp>&)[m[K’
[9.800s]   350 |     [01;36m[Koperator[m[K+(const _Tp& __x, const complex<_Tp>& __y)
[9.800s]       |     [01;36m[K^~~~~~~~[m[K
[9.800s] [01m[K/usr/include/c++/11/complex:350:5:[m[K [01;36m[Knote: [m[K  template argument deduction/substitution failed:
[9.800s] [01m[K/home/evan/Documents/algo_gaze_project/ROBOTIS-OP3/op3_localization/src/op3_localization.cpp:158:68:[m[K [01;36m[Knote: [m[K  ‘[01m[Krclcpp::Duration[m[K’ is not derived from ‘[01m[Kconst std::complex<_Tp>[m[K’
[9.800s]   158 | p::Time transform_expiration = (pelvis_pose_.header.stamp + [01;36m[Ktransform_tolerance[m[K);
[9.800s]       |                                                             [01;36m[K^~~~~~~~~~~~~~~~~~~[m[K
[9.800s] 
[9.800s] In file included from [01m[K/usr/include/eigen3/Eigen/Core:50[m[K,
[9.800s]                  from [01m[K/usr/include/eigen3/Eigen/Geometry:11[m[K,
[9.800s]                  from [01m[K/opt/ros/humble/include/tf2_eigen/tf2_eigen/tf2_eigen.hpp:34[m[K,
[9.800s]                  from [01m[K/home/evan/Documents/algo_gaze_project/ROBOTIS-OP3/op3_localization/include/op3_localization/op3_localization.h:33[m[K,
[9.802s]                  from [01m[K/home/evan/Documents/algo_gaze_project/ROBOTIS-OP3/op3_localization/src/op3_localization.cpp:19[m[K:
[9.802s] [01m[K/usr/include/c++/11/complex:451:5:[m[K [01;36m[Knote: [m[Kcandidate: ‘[01m[Ktemplate<class _Tp> std::complex<_Tp> std::operator+(const std::complex<_Tp>&)[m[K’
[9.802s]   451 |     [01;36m[Koperator[m[K+(const complex<_Tp>& __x)
[9.802s]       |     [01;36m[K^~~~~~~~[m[K
[9.802s] [01m[K/usr/include/c++/11/complex:451:5:[m[K [01;36m[Knote: [m[K  template argument deduction/substitution failed:
[9.802s] [01m[K/home/evan/Documents/algo_gaze_project/ROBOTIS-OP3/op3_localization/src/op3_localization.cpp:158:68:[m[K [01;36m[Knote: [m[K  ‘[01m[Kstd_msgs::msg::Header_<std::allocator<void> >::_stamp_type[m[K’ {aka ‘[01m[Kbuiltin_interfaces::msg::Time_<std::allocator<void> >[m[K’} is not derived from ‘[01m[Kconst std::complex<_Tp>[m[K’
[9.802s]   158 | p::Time transform_expiration = (pelvis_pose_.header.stamp + [01;36m[Ktransform_tolerance[m[K);
[9.802s]       |                                                             [01;36m[K^~~~~~~~~~~~~~~~~~~[m[K
[9.802s] 
[9.802s] In file included from [01m[K/opt/ros/humble/include/rclcpp/rclcpp/clock.hpp:24[m[K,
[9.802s]                  from [01m[K/opt/ros/humble/include/rclcpp/rclcpp/timer.hpp:27[m[K,
[9.802s]                  from [01m[K/opt/ros/humble/include/rclcpp/rclcpp/callback_group.hpp:30[m[K,
[9.803s]                  from [01m[K/opt/ros/humble/include/rclcpp/rclcpp/any_executable.hpp:20[m[K,
[9.803s]                  from [01m[K/opt/ros/humble/include/rclcpp/rclcpp/memory_strategy.hpp:25[m[K,
[9.803s]                  from [01m[K/opt/ros/humble/include/rclcpp/rclcpp/memory_strategies.hpp:18[m[K,
[9.803s]                  from [01m[K/opt/ros/humble/include/rclcpp/rclcpp/executor_options.hpp:20[m[K,
[9.803s]                  from [01m[K/opt/ros/humble/include/rclcpp/rclcpp/executor.hpp:37[m[K,
[9.803s]                  from [01m[K/opt/ros/humble/include/rclcpp/rclcpp/executors/multi_threaded_executor.hpp:25[m[K,
[9.803s]                  from [01m[K/opt/ros/humble/include/rclcpp/rclcpp/executors.hpp:21[m[K,
[9.803s]                  from [01m[K/opt/ros/humble/include/rclcpp/rclcpp/rclcpp.hpp:155[m[K,
[9.803s]                  from [01m[K/home/evan/Documents/algo_gaze_project/ROBOTIS-OP3/op3_localization/include/op3_localization/op3_localization.h:26[m[K,
[9.803s]                  from [01m[K/home/evan/Documents/algo_gaze_project/ROBOTIS-OP3/op3_localization/src/op3_localization.cpp:19[m[K:
[9.803s] [01m[K/opt/ros/humble/include/rclcpp/rclcpp/time.hpp:223:1:[m[K [01;36m[Knote: [m[Kcandidate: ‘[01m[Krclcpp::Time rclcpp::operator+(const rclcpp::Duration&, const rclcpp::Time&)[m[K’
[9.804s]   223 | [01;36m[Koperator[m[K+(const rclcpp::Duration & lhs, const rclcpp::Time & rhs);
[9.804s]       | [01;36m[K^~~~~~~~[m[K
[9.804s] [01m[K/opt/ros/humble/include/rclcpp/rclcpp/time.hpp:223:36:[m[K [01;36m[Knote: [m[K  no known conversion for argument 1 from ‘[01m[Kstd_msgs::msg::Header_<std::allocator<void> >::_stamp_type[m[K’ {aka ‘[01m[Kbuiltin_interfaces::msg::Time_<std::allocator<void> >[m[K’} to ‘[01m[Kconst rclcpp::Duration&[m[K’
[9.804s]   223 | operator+([01;36m[Kconst rclcpp::Duration & lhs[m[K, const rclcpp::Time & rhs);
[9.804s]       |           [01;36m[K~~~~~~~~~~~~~~~~~~~~~~~~~^~~[m[K
[19.266s] gmake[2]: *** [CMakeFiles/op3_localization.dir/build.make:90: CMakeFiles/op3_localization.dir/src/op3_localization.cpp.o] Error 1
[19.268s] gmake[1]: *** [CMakeFiles/Makefile2:137: CMakeFiles/op3_localization.dir/all] Error 2
[19.268s] gmake: *** [Makefile:146: all] Error 2
[19.275s] Invoked command in '/home/evan/Documents/algo_gaze_project/build/op3_localization' returned '2': AMENT_PREFIX_PATH=/home/evan/Documents/algo_gaze_project/install/robotis_math:${AMENT_PREFIX_PATH} CMAKE_PREFIX_PATH=/home/evan/Documents/algo_gaze_project/install/robotis_math:/opt/ros/humble LD_LIBRARY_PATH=/home/evan/Documents/algo_gaze_project/install/robotis_math/lib:${LD_LIBRARY_PATH} /usr/bin/cmake --build /home/evan/Documents/algo_gaze_project/build/op3_localization -- -j12 -l12
