[35m[1mConsolidate compiler generated dependencies of target op3_extern_controller[0m
[100%] Built target op3_extern_controller
-- Install configuration: ""
-- Execute custom install script
-- Symlinking: /home/evan/Documents/algo_gaze_project/install/op3_webots_ros2/lib/op3_webots_ros2/op3_extern_controller
-- Symlinking: /home/evan/Documents/algo_gaze_project/install/op3_webots_ros2/include/op3_webots_ros2/op3_extern_controller.hpp
-- Symlinking: /home/evan/Documents/algo_gaze_project/install/op3_webots_ros2/share/op3_webots_ros2//launch/robot_launch.py
-- Symlinking: /home/evan/Documents/algo_gaze_project/install/op3_webots_ros2/share/op3_webots_ros2//resource/op3_pid_gain_default.yaml
-- Symlinking: /home/evan/Documents/algo_gaze_project/install/op3_webots_ros2/share/op3_webots_ros2//images/grid.png
-- Symlinking: /home/evan/Documents/algo_gaze_project/install/op3_webots_ros2/share/op3_webots_ros2//protos/RobotisOp3.proto
-- Symlinking: /home/evan/Documents/algo_gaze_project/install/op3_webots_ros2/share/op3_webots_ros2//worlds/.robotis_op3_extern.jpg
-- Symlinking: /home/evan/Documents/algo_gaze_project/install/op3_webots_ros2/share/op3_webots_ros2//worlds/.robotis_op3_extern.wbproj
-- Symlinking: /home/evan/Documents/algo_gaze_project/install/op3_webots_ros2/share/op3_webots_ros2//worlds/my_world.wbt
-- Symlinking: /home/evan/Documents/algo_gaze_project/install/op3_webots_ros2/share/op3_webots_ros2//worlds/robotis_op3_extern.wbt
-- Symlinking: /home/evan/Documents/algo_gaze_project/install/op3_webots_ros2/share/ament_index/resource_index/package_run_dependencies/op3_webots_ros2
-- Symlinking: /home/evan/Documents/algo_gaze_project/install/op3_webots_ros2/share/ament_index/resource_index/parent_prefix_path/op3_webots_ros2
-- Symlinking: /home/evan/Documents/algo_gaze_project/install/op3_webots_ros2/share/op3_webots_ros2/environment/ament_prefix_path.sh
-- Symlinking: /home/evan/Documents/algo_gaze_project/install/op3_webots_ros2/share/op3_webots_ros2/environment/ament_prefix_path.dsv
-- Symlinking: /home/evan/Documents/algo_gaze_project/install/op3_webots_ros2/share/op3_webots_ros2/environment/path.sh
-- Symlinking: /home/evan/Documents/algo_gaze_project/install/op3_webots_ros2/share/op3_webots_ros2/environment/path.dsv
-- Symlinking: /home/evan/Documents/algo_gaze_project/install/op3_webots_ros2/share/op3_webots_ros2/local_setup.bash
-- Symlinking: /home/evan/Documents/algo_gaze_project/install/op3_webots_ros2/share/op3_webots_ros2/local_setup.sh
-- Symlinking: /home/evan/Documents/algo_gaze_project/install/op3_webots_ros2/share/op3_webots_ros2/local_setup.zsh
-- Symlinking: /home/evan/Documents/algo_gaze_project/install/op3_webots_ros2/share/op3_webots_ros2/local_setup.dsv
-- Symlinking: /home/evan/Documents/algo_gaze_project/install/op3_webots_ros2/share/op3_webots_ros2/package.dsv
-- Symlinking: /home/evan/Documents/algo_gaze_project/install/op3_webots_ros2/share/ament_index/resource_index/packages/op3_webots_ros2
-- Symlinking: /home/evan/Documents/algo_gaze_project/install/op3_webots_ros2/share/op3_webots_ros2/cmake/op3_webots_ros2Config.cmake
-- Symlinking: /home/evan/Documents/algo_gaze_project/install/op3_webots_ros2/share/op3_webots_ros2/cmake/op3_webots_ros2Config-version.cmake
-- Symlinking: /home/evan/Documents/algo_gaze_project/install/op3_webots_ros2/share/op3_webots_ros2/package.xml
