[0.039s] Invoking command in '/home/evan/Documents/algo_gaze_project/build/op3_webots_ros2': CMAKE_PREFIX_PATH=/opt/ros/humble /usr/bin/cmake --build /home/evan/Documents/algo_gaze_project/build/op3_webots_ros2 -- -j12 -l12
[0.113s] [35m[1mConsolidate compiler generated dependencies of target op3_extern_controller[0m
[0.122s] [100%] Built target op3_extern_controller
[0.145s] Invoked command in '/home/evan/Documents/algo_gaze_project/build/op3_webots_ros2' returned '0': CMAKE_PREFIX_PATH=/opt/ros/humble /usr/bin/cmake --build /home/evan/Documents/algo_gaze_project/build/op3_webots_ros2 -- -j12 -l12
[0.146s] Invoking command in '/home/evan/Documents/algo_gaze_project/build/op3_webots_ros2': CMAKE_PREFIX_PATH=/opt/ros/humble /usr/bin/cmake --install /home/evan/Documents/algo_gaze_project/build/op3_webots_ros2
[0.417s] -- Install configuration: ""
[0.417s] -- Execute custom install script
[0.417s] -- Symlinking: /home/evan/Documents/algo_gaze_project/install/op3_webots_ros2/lib/op3_webots_ros2/op3_extern_controller
[0.418s] -- Symlinking: /home/evan/Documents/algo_gaze_project/install/op3_webots_ros2/include/op3_webots_ros2/op3_extern_controller.hpp
[0.418s] -- Symlinking: /home/evan/Documents/algo_gaze_project/install/op3_webots_ros2/share/op3_webots_ros2//launch/robot_launch.py
[0.418s] -- Symlinking: /home/evan/Documents/algo_gaze_project/install/op3_webots_ros2/share/op3_webots_ros2//resource/op3_pid_gain_default.yaml
[0.418s] -- Symlinking: /home/evan/Documents/algo_gaze_project/install/op3_webots_ros2/share/op3_webots_ros2//images/grid.png
[0.418s] -- Symlinking: /home/evan/Documents/algo_gaze_project/install/op3_webots_ros2/share/op3_webots_ros2//protos/RobotisOp3.proto
[0.418s] -- Symlinking: /home/evan/Documents/algo_gaze_project/install/op3_webots_ros2/share/op3_webots_ros2//worlds/.robotis_op3_extern.jpg
[0.418s] -- Symlinking: /home/evan/Documents/algo_gaze_project/install/op3_webots_ros2/share/op3_webots_ros2//worlds/.robotis_op3_extern.wbproj
[0.418s] -- Symlinking: /home/evan/Documents/algo_gaze_project/install/op3_webots_ros2/share/op3_webots_ros2//worlds/my_world.wbt
[0.418s] -- Symlinking: /home/evan/Documents/algo_gaze_project/install/op3_webots_ros2/share/op3_webots_ros2//worlds/robotis_op3_extern.wbt
[0.418s] -- Symlinking: /home/evan/Documents/algo_gaze_project/install/op3_webots_ros2/share/ament_index/resource_index/package_run_dependencies/op3_webots_ros2
[0.418s] -- Symlinking: /home/evan/Documents/algo_gaze_project/install/op3_webots_ros2/share/ament_index/resource_index/parent_prefix_path/op3_webots_ros2
[0.418s] -- Symlinking: /home/evan/Documents/algo_gaze_project/install/op3_webots_ros2/share/op3_webots_ros2/environment/ament_prefix_path.sh
[0.418s] -- Symlinking: /home/evan/Documents/algo_gaze_project/install/op3_webots_ros2/share/op3_webots_ros2/environment/ament_prefix_path.dsv
[0.418s] -- Symlinking: /home/evan/Documents/algo_gaze_project/install/op3_webots_ros2/share/op3_webots_ros2/environment/path.sh
[0.418s] -- Symlinking: /home/evan/Documents/algo_gaze_project/install/op3_webots_ros2/share/op3_webots_ros2/environment/path.dsv
[0.418s] -- Symlinking: /home/evan/Documents/algo_gaze_project/install/op3_webots_ros2/share/op3_webots_ros2/local_setup.bash
[0.418s] -- Symlinking: /home/evan/Documents/algo_gaze_project/install/op3_webots_ros2/share/op3_webots_ros2/local_setup.sh
[0.419s] -- Symlinking: /home/evan/Documents/algo_gaze_project/install/op3_webots_ros2/share/op3_webots_ros2/local_setup.zsh
[0.419s] -- Symlinking: /home/evan/Documents/algo_gaze_project/install/op3_webots_ros2/share/op3_webots_ros2/local_setup.dsv
[0.419s] -- Symlinking: /home/evan/Documents/algo_gaze_project/install/op3_webots_ros2/share/op3_webots_ros2/package.dsv
[0.419s] -- Symlinking: /home/evan/Documents/algo_gaze_project/install/op3_webots_ros2/share/ament_index/resource_index/packages/op3_webots_ros2
[0.419s] -- Symlinking: /home/evan/Documents/algo_gaze_project/install/op3_webots_ros2/share/op3_webots_ros2/cmake/op3_webots_ros2Config.cmake
[0.419s] -- Symlinking: /home/evan/Documents/algo_gaze_project/install/op3_webots_ros2/share/op3_webots_ros2/cmake/op3_webots_ros2Config-version.cmake
[0.419s] -- Symlinking: /home/evan/Documents/algo_gaze_project/install/op3_webots_ros2/share/op3_webots_ros2/package.xml
[0.445s] Invoked command in '/home/evan/Documents/algo_gaze_project/build/op3_webots_ros2' returned '0': CMAKE_PREFIX_PATH=/opt/ros/humble /usr/bin/cmake --install /home/evan/Documents/algo_gaze_project/build/op3_webots_ros2
