-- The C compiler identification is GNU 11.4.0
-- The CXX compiler identification is GNU 11.4.0
-- Detecting C compiler ABI info
-- Detecting C compiler ABI info - done
-- Check for working C compiler: /usr/bin/cc - skipped
-- Detecting C compile features
-- Detecting C compile features - done
-- Detecting CXX compiler ABI info
-- Detecting CXX compiler ABI info - done
-- Check for working CXX compiler: /usr/bin/c++ - skipped
-- Detecting CXX compile features
-- Detecting CXX compile features - done
-- Found ament_cmake: 1.3.14 (/opt/ros/humble/share/ament_cmake/cmake)
-- Found Python3: /usr/bin/python3 (found version "3.10.12") found components: Interpreter 
-- Override CMake install command with custom implementation using symlinks instead of copying resources
-- Found ament_index_cpp: 1.4.1 (/opt/ros/humble/share/ament_index_cpp/cmake)
-- Found rclcpp: 16.0.19 (/opt/ros/humble/share/rclcpp/cmake)
-- Found rosidl_generator_c: 3.1.8 (/opt/ros/humble/share/rosidl_generator_c/cmake)
-- Found rosidl_adapter: 3.1.8 (/opt/ros/humble/share/rosidl_adapter/cmake)
-- Found rosidl_generator_cpp: 3.1.8 (/opt/ros/humble/share/rosidl_generator_cpp/cmake)
-- Using all available rosidl_typesupport_c: rosidl_typesupport_fastrtps_c;rosidl_typesupport_introspection_c
-- Using all available rosidl_typesupport_cpp: rosidl_typesupport_fastrtps_cpp;rosidl_typesupport_introspection_cpp
-- Found rmw_implementation_cmake: 6.1.2 (/opt/ros/humble/share/rmw_implementation_cmake/cmake)
-- Found rmw_fastrtps_cpp: 6.2.10 (/opt/ros/humble/share/rmw_fastrtps_cpp/cmake)
-- Found OpenSSL: /usr/lib/x86_64-linux-gnu/libcrypto.so (found version "3.0.2")  
-- Found FastRTPS: /opt/ros/humble/include  
-- Using RMW implementation 'rmw_fastrtps_cpp' as default
-- Looking for pthread.h
-- Looking for pthread.h - found
-- Performing Test CMAKE_HAVE_LIBC_PTHREAD
-- Performing Test CMAKE_HAVE_LIBC_PTHREAD - Success
-- Found Threads: TRUE  
-- Found robotis_controller_msgs: 0.1.4 (/home/evan/Documents/algo_gaze_project/install/robotis_controller_msgs/share/robotis_controller_msgs/cmake)
-- Found op3_action_module_msgs: 0.1.1 (/home/evan/Documents/algo_gaze_project/install/op3_action_module_msgs/share/op3_action_module_msgs/cmake)
-- Found op3_walking_module_msgs: 0.1.1 (/home/evan/Documents/algo_gaze_project/install/op3_walking_module_msgs/share/op3_walking_module_msgs/cmake)
-- Found op3_online_walking_module_msgs: 0.1.1 (/home/evan/Documents/algo_gaze_project/install/op3_online_walking_module_msgs/share/op3_online_walking_module_msgs/cmake)
-- Found op3_tuning_module_msgs: 0.0.1 (/home/evan/Documents/algo_gaze_project/install/op3_tuning_module_msgs/share/op3_tuning_module_msgs/cmake)
-- Found dynamixel_sdk: 3.8.4 (/home/evan/Documents/algo_gaze_project/install/dynamixel_sdk/share/dynamixel_sdk/cmake)
-- Found robotis_framework_common: 0.2.9 (/home/evan/Documents/algo_gaze_project/install/robotis_framework_common/share/robotis_framework_common/cmake)
-- Found robotis_device: 0.2.9 (/home/evan/Documents/algo_gaze_project/install/robotis_device/share/robotis_device/cmake)
-- Found robotis_controller: 0.2.9 (/home/evan/Documents/algo_gaze_project/install/robotis_controller/share/robotis_controller/cmake)
-- Found robotis_math: 0.2.6 (/home/evan/Documents/algo_gaze_project/install/robotis_math/share/robotis_math/cmake)
-- Found op3_kinematics_dynamics: 0.2.1 (/home/evan/Documents/algo_gaze_project/install/op3_kinematics_dynamics/share/op3_kinematics_dynamics/cmake)
-- Found op3_balance_control: 0.2.1 (/home/evan/Documents/algo_gaze_project/install/op3_balance_control/share/op3_balance_control/cmake)
-- Found open_cr_module: 0.2.1 (/home/evan/Documents/algo_gaze_project/install/open_cr_module/share/open_cr_module/cmake)
-- Found op3_base_module: 0.2.1 (/home/evan/Documents/algo_gaze_project/install/op3_base_module/share/op3_base_module/cmake)
-- Found op3_head_control_module: 0.2.1 (/home/evan/Documents/algo_gaze_project/install/op3_head_control_module/share/op3_head_control_module/cmake)
-- Found op3_walking_module: 0.2.1 (/home/evan/Documents/algo_gaze_project/install/op3_walking_module/share/op3_walking_module/cmake)
-- Found op3_action_module: 0.2.1 (/home/evan/Documents/algo_gaze_project/install/op3_action_module/share/op3_action_module/cmake)
-- Found op3_direct_control_module: 0.2.1 (/home/evan/Documents/algo_gaze_project/install/op3_direct_control_module/share/op3_direct_control_module/cmake)
-- Found op3_online_walking_module: 0.2.1 (/home/evan/Documents/algo_gaze_project/install/op3_online_walking_module/share/op3_online_walking_module/cmake)
-- Found op3_tuning_module: 0.2.1 (/home/evan/Documents/algo_gaze_project/install/op3_tuning_module/share/op3_tuning_module/cmake)
-- Found PkgConfig: /usr/bin/pkg-config (found version "0.29.2") 
-- Checking for module 'yaml-cpp'
--   Found yaml-cpp, version 0.7.0
-- Configuring done
-- Generating done
-- Build files have been written to: /home/evan/Documents/algo_gaze_project/build/op3_manager
[ 50%] [32mBuilding CXX object CMakeFiles/op3_manager.dir/src/op3_manager.cpp.o[0m
[100%] [32m[1mLinking CXX executable op3_manager[0m
[100%] Built target op3_manager
-- Install configuration: ""
-- Execute custom install script
-- Symlinking: /home/evan/Documents/algo_gaze_project/install/op3_manager/lib/op3_manager/op3_manager
-- Symlinking: /home/evan/Documents/algo_gaze_project/install/op3_manager/share/op3_manager/config/OP3.robot
-- Symlinking: /home/evan/Documents/algo_gaze_project/install/op3_manager/share/op3_manager/config/dxl_init_OP3.yaml
-- Symlinking: /home/evan/Documents/algo_gaze_project/install/op3_manager/share/op3_manager/config/offset.yaml
-- Symlinking: /home/evan/Documents/algo_gaze_project/install/op3_manager/share/op3_manager/launch/op3_manager.launch.py
-- Symlinking: /home/evan/Documents/algo_gaze_project/install/op3_manager/share/op3_manager/launch/op3_simulation.launch.py
-- Symlinking: /home/evan/Documents/algo_gaze_project/install/op3_manager/share/ament_index/resource_index/package_run_dependencies/op3_manager
-- Symlinking: /home/evan/Documents/algo_gaze_project/install/op3_manager/share/ament_index/resource_index/parent_prefix_path/op3_manager
-- Symlinking: /home/evan/Documents/algo_gaze_project/install/op3_manager/share/op3_manager/environment/ament_prefix_path.sh
-- Symlinking: /home/evan/Documents/algo_gaze_project/install/op3_manager/share/op3_manager/environment/ament_prefix_path.dsv
-- Symlinking: /home/evan/Documents/algo_gaze_project/install/op3_manager/share/op3_manager/environment/path.sh
-- Symlinking: /home/evan/Documents/algo_gaze_project/install/op3_manager/share/op3_manager/environment/path.dsv
-- Symlinking: /home/evan/Documents/algo_gaze_project/install/op3_manager/share/op3_manager/local_setup.bash
-- Symlinking: /home/evan/Documents/algo_gaze_project/install/op3_manager/share/op3_manager/local_setup.sh
-- Symlinking: /home/evan/Documents/algo_gaze_project/install/op3_manager/share/op3_manager/local_setup.zsh
-- Symlinking: /home/evan/Documents/algo_gaze_project/install/op3_manager/share/op3_manager/local_setup.dsv
-- Symlinking: /home/evan/Documents/algo_gaze_project/install/op3_manager/share/op3_manager/package.dsv
-- Symlinking: /home/evan/Documents/algo_gaze_project/install/op3_manager/share/ament_index/resource_index/packages/op3_manager
-- Symlinking: /home/evan/Documents/algo_gaze_project/install/op3_manager/share/op3_manager/cmake/op3_managerConfig.cmake
-- Symlinking: /home/evan/Documents/algo_gaze_project/install/op3_manager/share/op3_manager/cmake/op3_managerConfig-version.cmake
-- Symlinking: /home/evan/Documents/algo_gaze_project/install/op3_manager/share/op3_manager/package.xml
