[0.034s] Invoking command in '/home/evan/Documents/BRONE_audio_gaze_project/build/op3_tuning_module_msgs': CMAKE_PREFIX_PATH=${CMAKE_PREFIX_PATH}:/home/evan/Documents/BRONE_audio_gaze_project/install/algo_gaze:/home/evan/Documents/BRONE_audio_gaze_project/install/brone_gaze:/opt/ros/humble /usr/bin/cmake /home/evan/Documents/BRONE_audio_gaze_project/ROBOTIS-OP3-msgs/op3_tuning_module_msgs -DAMENT_CMAKE_SYMLINK_INSTALL=1 -DCMAKE_INSTALL_PREFIX=/home/evan/Documents/BRONE_audio_gaze_project/install/op3_tuning_module_msgs
[0.111s] -- The C compiler identification is GNU 11.4.0
[0.203s] -- The CXX compiler identification is GNU 11.4.0
[0.213s] -- Detecting C compiler ABI info
[0.299s] -- Detecting C compiler ABI info - done
[0.307s] -- Check for working C compiler: /usr/bin/cc - skipped
[0.308s] -- Detecting C compile features
[0.310s] -- Detecting C compile features - done
[0.312s] -- Detecting CXX compiler ABI info
[0.408s] -- Detecting CXX compiler ABI info - done
[0.416s] -- Check for working CXX compiler: /usr/bin/c++ - skipped
[0.418s] -- Detecting CXX compile features
[0.418s] -- Detecting CXX compile features - done
[0.419s] -- Found ament_cmake: 1.3.14 (/opt/ros/humble/share/ament_cmake/cmake)
[0.620s] -- Found Python3: /usr/bin/python3 (found version "3.10.12") found components: Interpreter 
[0.725s] -- Override CMake install command with custom implementation using symlinks instead of copying resources
[0.764s] -- Found std_msgs: 4.9.1 (/opt/ros/humble/share/std_msgs/cmake)
[0.802s] -- Found rosidl_generator_c: 3.1.8 (/opt/ros/humble/share/rosidl_generator_c/cmake)
[0.807s] -- Found rosidl_adapter: 3.1.8 (/opt/ros/humble/share/rosidl_adapter/cmake)
[0.817s] -- Found rosidl_generator_cpp: 3.1.8 (/opt/ros/humble/share/rosidl_generator_cpp/cmake)
[0.833s] -- Using all available rosidl_typesupport_c: rosidl_typesupport_fastrtps_c;rosidl_typesupport_introspection_c
[0.856s] -- Using all available rosidl_typesupport_cpp: rosidl_typesupport_fastrtps_cpp;rosidl_typesupport_introspection_cpp
[0.887s] -- Found rosidl_default_generators: 1.2.1 (/opt/ros/humble/share/rosidl_default_generators/cmake)
[1.633s] -- Found ament_cmake_ros: 0.10.0 (/opt/ros/humble/share/ament_cmake_ros/cmake)
[2.324s] -- Using all available rosidl_typesupport_c: rosidl_typesupport_fastrtps_c;rosidl_typesupport_introspection_c
[3.110s] -- Using all available rosidl_typesupport_cpp: rosidl_typesupport_fastrtps_cpp;rosidl_typesupport_introspection_cpp
[3.186s] -- Found PythonInterp: /usr/bin/python3 (found suitable version "3.10.12", minimum required is "3.6") 
[3.187s] -- Found python_cmake_module: 0.10.0 (/opt/ros/humble/share/python_cmake_module/cmake)
[3.285s] -- Found PythonLibs: /usr/lib/x86_64-linux-gnu/libpython3.10.so (found suitable version "3.10.12", minimum required is "3.5") 
[3.285s] -- Using PYTHON_EXECUTABLE: /usr/bin/python3
[3.285s] -- Using PYTHON_INCLUDE_DIRS: /usr/include/python3.10
[3.286s] -- Using PYTHON_LIBRARIES: /usr/lib/x86_64-linux-gnu/libpython3.10.so
[3.361s] -- Found PythonExtra: .so  
[3.679s] -- Configuring done
[3.782s] -- Generating done
[3.833s] -- Build files have been written to: /home/evan/Documents/BRONE_audio_gaze_project/build/op3_tuning_module_msgs
[3.853s] Invoked command in '/home/evan/Documents/BRONE_audio_gaze_project/build/op3_tuning_module_msgs' returned '0': CMAKE_PREFIX_PATH=${CMAKE_PREFIX_PATH}:/home/evan/Documents/BRONE_audio_gaze_project/install/algo_gaze:/home/evan/Documents/BRONE_audio_gaze_project/install/brone_gaze:/opt/ros/humble /usr/bin/cmake /home/evan/Documents/BRONE_audio_gaze_project/ROBOTIS-OP3-msgs/op3_tuning_module_msgs -DAMENT_CMAKE_SYMLINK_INSTALL=1 -DCMAKE_INSTALL_PREFIX=/home/evan/Documents/BRONE_audio_gaze_project/install/op3_tuning_module_msgs
[3.854s] Invoking command in '/home/evan/Documents/BRONE_audio_gaze_project/build/op3_tuning_module_msgs': CMAKE_PREFIX_PATH=${CMAKE_PREFIX_PATH}:/home/evan/Documents/BRONE_audio_gaze_project/install/algo_gaze:/home/evan/Documents/BRONE_audio_gaze_project/install/brone_gaze:/opt/ros/humble /usr/bin/cmake --build /home/evan/Documents/BRONE_audio_gaze_project/build/op3_tuning_module_msgs -- -j12 -l12
[5.924s] [  1%] [34m[1mGenerating C code for ROS interfaces[0m
[5.924s] [  3%] [34m[1mGenerating Rust code for ROS interfaces[0m
[5.924s] [  4%] [34m[1mGenerating C++ code for ROS interfaces[0m
[5.924s] [  4%] Built target ament_cmake_python_symlink_op3_tuning_module_msgs
[5.924s] running egg_info
[5.924s] creating op3_tuning_module_msgs.egg-info
[5.924s] writing op3_tuning_module_msgs.egg-info/PKG-INFO
[5.924s] writing dependency_links to op3_tuning_module_msgs.egg-info/dependency_links.txt
[5.924s] writing top-level names to op3_tuning_module_msgs.egg-info/top_level.txt
[5.924s] writing manifest file 'op3_tuning_module_msgs.egg-info/SOURCES.txt'
[5.924s] reading manifest file 'op3_tuning_module_msgs.egg-info/SOURCES.txt'
[5.924s] writing manifest file 'op3_tuning_module_msgs.egg-info/SOURCES.txt'
[5.925s] [  4%] Built target ament_cmake_python_build_op3_tuning_module_msgs_egg
[5.932s] [  4%] Built target op3_tuning_module_msgs__rs
[7.543s] [  4%] Built target op3_tuning_module_msgs__cpp
[7.603s] [  6%] [34m[1mGenerating C++ type support for eProsima Fast-RTPS[0m
[7.637s] [  7%] [34m[1mGenerating C++ introspection for ROS interfaces[0m
[7.660s] [  9%] [34m[1mGenerating C++ type support dispatch for ROS interfaces[0m
[7.815s] [ 10%] [32mBuilding C object CMakeFiles/op3_tuning_module_msgs__rosidl_generator_c.dir/rosidl_generator_c/op3_tuning_module_msgs/msg/detail/joint_offset_position_data__functions.c.o[0m
[7.826s] [ 12%] [32mBuilding C object CMakeFiles/op3_tuning_module_msgs__rosidl_generator_c.dir/rosidl_generator_c/op3_tuning_module_msgs/srv/detail/get_present_joint_offset_data__functions.c.o[0m
[7.830s] [ 14%] [32mBuilding C object CMakeFiles/op3_tuning_module_msgs__rosidl_generator_c.dir/rosidl_generator_c/op3_tuning_module_msgs/msg/detail/joint_torque_on_off__functions.c.o[0m
[7.859s] [ 15%] [32mBuilding C object CMakeFiles/op3_tuning_module_msgs__rosidl_generator_c.dir/rosidl_generator_c/op3_tuning_module_msgs/msg/detail/joint_offset_data__functions.c.o[0m
[7.859s] [ 17%] [32mBuilding C object CMakeFiles/op3_tuning_module_msgs__rosidl_generator_c.dir/rosidl_generator_c/op3_tuning_module_msgs/msg/detail/joint_torque_on_off_array__functions.c.o[0m
[8.293s] [ 18%] [32m[1mLinking C shared library libop3_tuning_module_msgs__rosidl_generator_c.so[0m
[8.585s] [ 18%] Built target op3_tuning_module_msgs__rosidl_generator_c
[8.631s] [ 20%] [34m[1mGenerating C type support for eProsima Fast-RTPS[0m
[8.653s] [ 21%] [34m[1mGenerating C type support dispatch for ROS interfaces[0m
[8.667s] [ 23%] [34m[1mGenerating C introspection for ROS interfaces[0m
[10.354s] [ 25%] [32mBuilding CXX object CMakeFiles/op3_tuning_module_msgs__rosidl_typesupport_cpp.dir/rosidl_typesupport_cpp/op3_tuning_module_msgs/msg/joint_offset_data__type_support.cpp.o[0m
[10.368s] [ 26%] [32mBuilding CXX object CMakeFiles/op3_tuning_module_msgs__rosidl_typesupport_cpp.dir/rosidl_typesupport_cpp/op3_tuning_module_msgs/msg/joint_torque_on_off__type_support.cpp.o[0m
[10.368s] [ 28%] [32mBuilding CXX object CMakeFiles/op3_tuning_module_msgs__rosidl_typesupport_cpp.dir/rosidl_typesupport_cpp/op3_tuning_module_msgs/srv/get_present_joint_offset_data__type_support.cpp.o[0m
[10.373s] [ 29%] [32mBuilding CXX object CMakeFiles/op3_tuning_module_msgs__rosidl_typesupport_cpp.dir/rosidl_typesupport_cpp/op3_tuning_module_msgs/msg/joint_torque_on_off_array__type_support.cpp.o[0m
[10.393s] [ 31%] [32mBuilding CXX object CMakeFiles/op3_tuning_module_msgs__rosidl_typesupport_cpp.dir/rosidl_typesupport_cpp/op3_tuning_module_msgs/msg/joint_offset_position_data__type_support.cpp.o[0m
[11.017s] [ 32%] [32mBuilding CXX object CMakeFiles/op3_tuning_module_msgs__rosidl_typesupport_introspection_cpp.dir/rosidl_typesupport_introspection_cpp/op3_tuning_module_msgs/msg/detail/joint_offset_data__type_support.cpp.o[0m
[11.041s] [ 34%] [32mBuilding CXX object CMakeFiles/op3_tuning_module_msgs__rosidl_typesupport_introspection_cpp.dir/rosidl_typesupport_introspection_cpp/op3_tuning_module_msgs/msg/detail/joint_torque_on_off__type_support.cpp.o[0m
[11.085s] [ 35%] [32mBuilding CXX object CMakeFiles/op3_tuning_module_msgs__rosidl_typesupport_introspection_cpp.dir/rosidl_typesupport_introspection_cpp/op3_tuning_module_msgs/msg/detail/joint_offset_position_data__type_support.cpp.o[0m
[11.633s] [ 37%] [32mBuilding CXX object CMakeFiles/op3_tuning_module_msgs__rosidl_typesupport_c.dir/rosidl_typesupport_c/op3_tuning_module_msgs/msg/joint_offset_data__type_support.cpp.o[0m
[11.844s] [ 40%] [32mBuilding CXX object CMakeFiles/op3_tuning_module_msgs__rosidl_typesupport_fastrtps_cpp.dir/rosidl_typesupport_fastrtps_cpp/op3_tuning_module_msgs/msg/detail/dds_fastrtps/joint_offset_data__type_support.cpp.o[0m
[11.849s] [ 40%] [32mBuilding CXX object CMakeFiles/op3_tuning_module_msgs__rosidl_typesupport_c.dir/rosidl_typesupport_c/op3_tuning_module_msgs/msg/joint_offset_position_data__type_support.cpp.o[0m
[12.022s] [ 42%] [32mBuilding CXX object CMakeFiles/op3_tuning_module_msgs__rosidl_typesupport_c.dir/rosidl_typesupport_c/op3_tuning_module_msgs/msg/joint_torque_on_off__type_support.cpp.o[0m
[12.300s] [ 43%] [32mBuilding CXX object CMakeFiles/op3_tuning_module_msgs__rosidl_typesupport_c.dir/rosidl_typesupport_c/op3_tuning_module_msgs/msg/joint_torque_on_off_array__type_support.cpp.o[0m
[12.385s] [ 45%] [32mBuilding CXX object CMakeFiles/op3_tuning_module_msgs__rosidl_typesupport_fastrtps_c.dir/rosidl_typesupport_fastrtps_c/op3_tuning_module_msgs/msg/detail/joint_offset_data__type_support_c.cpp.o[0m
[12.492s] [ 46%] [32mBuilding CXX object CMakeFiles/op3_tuning_module_msgs__rosidl_typesupport_c.dir/rosidl_typesupport_c/op3_tuning_module_msgs/srv/get_present_joint_offset_data__type_support.cpp.o[0m
[12.524s] [ 48%] [32mBuilding CXX object CMakeFiles/op3_tuning_module_msgs__rosidl_typesupport_introspection_cpp.dir/rosidl_typesupport_introspection_cpp/op3_tuning_module_msgs/msg/detail/joint_torque_on_off_array__type_support.cpp.o[0m
[12.684s] [ 50%] [32m[1mLinking CXX shared library libop3_tuning_module_msgs__rosidl_typesupport_c.so[0m
[12.688s] [ 51%] [32mBuilding C object CMakeFiles/op3_tuning_module_msgs__rosidl_typesupport_introspection_c.dir/rosidl_typesupport_introspection_c/op3_tuning_module_msgs/msg/detail/joint_offset_data__type_support.c.o[0m
[12.808s] [ 53%] [32mBuilding CXX object CMakeFiles/op3_tuning_module_msgs__rosidl_typesupport_fastrtps_cpp.dir/rosidl_typesupport_fastrtps_cpp/op3_tuning_module_msgs/msg/detail/dds_fastrtps/joint_offset_position_data__type_support.cpp.o[0m
[12.945s] [ 54%] [32mBuilding C object CMakeFiles/op3_tuning_module_msgs__rosidl_typesupport_introspection_c.dir/rosidl_typesupport_introspection_c/op3_tuning_module_msgs/msg/detail/joint_offset_position_data__type_support.c.o[0m
[13.038s] [ 54%] Built target op3_tuning_module_msgs__rosidl_typesupport_c
[13.071s] [ 56%] [32m[1mLinking CXX shared library libop3_tuning_module_msgs__rosidl_typesupport_cpp.so[0m
[13.210s] [ 57%] [32mBuilding C object CMakeFiles/op3_tuning_module_msgs__rosidl_typesupport_introspection_c.dir/rosidl_typesupport_introspection_c/op3_tuning_module_msgs/msg/detail/joint_torque_on_off__type_support.c.o[0m
[13.340s] [ 57%] Built target op3_tuning_module_msgs__rosidl_typesupport_cpp
[13.402s] [ 59%] [32mBuilding C object CMakeFiles/op3_tuning_module_msgs__rosidl_typesupport_introspection_c.dir/rosidl_typesupport_introspection_c/op3_tuning_module_msgs/msg/detail/joint_torque_on_off_array__type_support.c.o[0m
[13.570s] [ 60%] [32mBuilding C object CMakeFiles/op3_tuning_module_msgs__rosidl_typesupport_introspection_c.dir/rosidl_typesupport_introspection_c/op3_tuning_module_msgs/srv/detail/get_present_joint_offset_data__type_support.c.o[0m
[13.785s] [ 62%] [32m[1mLinking C shared library libop3_tuning_module_msgs__rosidl_typesupport_introspection_c.so[0m
[13.905s] [ 62%] Built target op3_tuning_module_msgs__rosidl_typesupport_introspection_c
[14.539s] [ 64%] [32mBuilding CXX object CMakeFiles/op3_tuning_module_msgs__rosidl_typesupport_fastrtps_cpp.dir/rosidl_typesupport_fastrtps_cpp/op3_tuning_module_msgs/srv/detail/dds_fastrtps/get_present_joint_offset_data__type_support.cpp.o[0m
[14.708s] [ 65%] [32mBuilding CXX object CMakeFiles/op3_tuning_module_msgs__rosidl_typesupport_fastrtps_c.dir/rosidl_typesupport_fastrtps_c/op3_tuning_module_msgs/srv/detail/get_present_joint_offset_data__type_support_c.cpp.o[0m
[15.125s] [ 67%] [32mBuilding CXX object CMakeFiles/op3_tuning_module_msgs__rosidl_typesupport_introspection_cpp.dir/rosidl_typesupport_introspection_cpp/op3_tuning_module_msgs/srv/detail/get_present_joint_offset_data__type_support.cpp.o[0m
[15.953s] [ 68%] [32mBuilding CXX object CMakeFiles/op3_tuning_module_msgs__rosidl_typesupport_fastrtps_c.dir/rosidl_typesupport_fastrtps_c/op3_tuning_module_msgs/msg/detail/joint_torque_on_off_array__type_support_c.cpp.o[0m
[16.544s] [ 70%] [32mBuilding CXX object CMakeFiles/op3_tuning_module_msgs__rosidl_typesupport_fastrtps_cpp.dir/rosidl_typesupport_fastrtps_cpp/op3_tuning_module_msgs/msg/detail/dds_fastrtps/joint_torque_on_off_array__type_support.cpp.o[0m
[17.047s] [ 71%] [32mBuilding CXX object CMakeFiles/op3_tuning_module_msgs__rosidl_typesupport_fastrtps_c.dir/rosidl_typesupport_fastrtps_c/op3_tuning_module_msgs/msg/detail/joint_torque_on_off__type_support_c.cpp.o[0m
[17.133s] [ 73%] [32m[1mLinking CXX shared library libop3_tuning_module_msgs__rosidl_typesupport_introspection_cpp.so[0m
[17.340s] [ 73%] Built target op3_tuning_module_msgs__rosidl_typesupport_introspection_cpp
[17.912s] [ 75%] [32mBuilding CXX object CMakeFiles/op3_tuning_module_msgs__rosidl_typesupport_fastrtps_c.dir/rosidl_typesupport_fastrtps_c/op3_tuning_module_msgs/msg/detail/joint_offset_position_data__type_support_c.cpp.o[0m
[18.332s] [ 76%] [32mBuilding CXX object CMakeFiles/op3_tuning_module_msgs__rosidl_typesupport_fastrtps_cpp.dir/rosidl_typesupport_fastrtps_cpp/op3_tuning_module_msgs/msg/detail/dds_fastrtps/joint_torque_on_off__type_support.cpp.o[0m
[18.913s] [ 78%] [32m[1mLinking CXX shared library libop3_tuning_module_msgs__rosidl_typesupport_fastrtps_c.so[0m
[19.177s] [ 78%] Built target op3_tuning_module_msgs__rosidl_typesupport_fastrtps_c
[19.309s] [ 79%] [32m[1mLinking CXX shared library libop3_tuning_module_msgs__rosidl_typesupport_fastrtps_cpp.so[0m
[19.523s] [ 79%] Built target op3_tuning_module_msgs__rosidl_typesupport_fastrtps_cpp
[19.568s] [ 79%] Built target op3_tuning_module_msgs
[19.611s] [ 81%] [34m[1mGenerating Python code for ROS interfaces[0m
[21.095s] [ 81%] Built target op3_tuning_module_msgs__py
[21.146s] [ 82%] [32mBuilding C object CMakeFiles/op3_tuning_module_msgs__rosidl_generator_py.dir/rosidl_generator_py/op3_tuning_module_msgs/msg/_joint_offset_data_s.c.o[0m
[21.410s] [ 84%] [32mBuilding C object CMakeFiles/op3_tuning_module_msgs__rosidl_generator_py.dir/rosidl_generator_py/op3_tuning_module_msgs/srv/_get_present_joint_offset_data_s.c.o[0m
[21.609s] [ 85%] [32mBuilding C object CMakeFiles/op3_tuning_module_msgs__rosidl_generator_py.dir/rosidl_generator_py/op3_tuning_module_msgs/msg/_joint_torque_on_off_array_s.c.o[0m
[21.791s] [ 87%] [32mBuilding C object CMakeFiles/op3_tuning_module_msgs__rosidl_generator_py.dir/rosidl_generator_py/op3_tuning_module_msgs/msg/_joint_torque_on_off_s.c.o[0m
[21.957s] [ 89%] [32mBuilding C object CMakeFiles/op3_tuning_module_msgs__rosidl_generator_py.dir/rosidl_generator_py/op3_tuning_module_msgs/msg/_joint_offset_position_data_s.c.o[0m
[22.163s] [ 90%] [32m[1mLinking C shared library rosidl_generator_py/op3_tuning_module_msgs/libop3_tuning_module_msgs__rosidl_generator_py.so[0m
[22.242s] [ 90%] Built target op3_tuning_module_msgs__rosidl_generator_py
[22.292s] [ 92%] [32mBuilding C object CMakeFiles/op3_tuning_module_msgs__rosidl_typesupport_fastrtps_c__pyext.dir/rosidl_generator_py/op3_tuning_module_msgs/_op3_tuning_module_msgs_s.ep.rosidl_typesupport_fastrtps_c.c.o[0m
[22.494s] [ 93%] [32m[1mLinking C shared library rosidl_generator_py/op3_tuning_module_msgs/op3_tuning_module_msgs_s__rosidl_typesupport_fastrtps_c.cpython-310-x86_64-linux-gnu.so[0m
[22.567s] [ 93%] Built target op3_tuning_module_msgs__rosidl_typesupport_fastrtps_c__pyext
[22.604s] [ 95%] [32mBuilding C object CMakeFiles/op3_tuning_module_msgs__rosidl_typesupport_c__pyext.dir/rosidl_generator_py/op3_tuning_module_msgs/_op3_tuning_module_msgs_s.ep.rosidl_typesupport_c.c.o[0m
[22.762s] [ 96%] [32m[1mLinking C shared library rosidl_generator_py/op3_tuning_module_msgs/op3_tuning_module_msgs_s__rosidl_typesupport_c.cpython-310-x86_64-linux-gnu.so[0m
[22.811s] [ 96%] Built target op3_tuning_module_msgs__rosidl_typesupport_c__pyext
[22.839s] [ 98%] [32mBuilding C object CMakeFiles/op3_tuning_module_msgs__rosidl_typesupport_introspection_c__pyext.dir/rosidl_generator_py/op3_tuning_module_msgs/_op3_tuning_module_msgs_s.ep.rosidl_typesupport_introspection_c.c.o[0m
[22.981s] [100%] [32m[1mLinking C shared library rosidl_generator_py/op3_tuning_module_msgs/op3_tuning_module_msgs_s__rosidl_typesupport_introspection_c.cpython-310-x86_64-linux-gnu.so[0m
[23.080s] [100%] Built target op3_tuning_module_msgs__rosidl_typesupport_introspection_c__pyext
[23.126s] Invoked command in '/home/evan/Documents/BRONE_audio_gaze_project/build/op3_tuning_module_msgs' returned '0': CMAKE_PREFIX_PATH=${CMAKE_PREFIX_PATH}:/home/evan/Documents/BRONE_audio_gaze_project/install/algo_gaze:/home/evan/Documents/BRONE_audio_gaze_project/install/brone_gaze:/opt/ros/humble /usr/bin/cmake --build /home/evan/Documents/BRONE_audio_gaze_project/build/op3_tuning_module_msgs -- -j12 -l12
[23.127s] Invoking command in '/home/evan/Documents/BRONE_audio_gaze_project/build/op3_tuning_module_msgs': CMAKE_PREFIX_PATH=${CMAKE_PREFIX_PATH}:/home/evan/Documents/BRONE_audio_gaze_project/install/algo_gaze:/home/evan/Documents/BRONE_audio_gaze_project/install/brone_gaze:/opt/ros/humble /usr/bin/cmake --install /home/evan/Documents/BRONE_audio_gaze_project/build/op3_tuning_module_msgs
[24.619s] -- Install configuration: ""
[24.620s] -- Execute custom install script
[24.620s] -- Symlinking: /home/evan/Documents/BRONE_audio_gaze_project/install/op3_tuning_module_msgs/share/ament_index/resource_index/rosidl_interfaces/op3_tuning_module_msgs
[24.620s] -- Symlinking: /home/evan/Documents/BRONE_audio_gaze_project/install/op3_tuning_module_msgs/include/op3_tuning_module_msgs/op3_tuning_module_msgs/msg/detail/joint_offset_data__functions.h
[24.620s] -- Symlinking: /home/evan/Documents/BRONE_audio_gaze_project/install/op3_tuning_module_msgs/include/op3_tuning_module_msgs/op3_tuning_module_msgs/msg/detail/joint_offset_data__struct.h
[24.620s] -- Symlinking: /home/evan/Documents/BRONE_audio_gaze_project/install/op3_tuning_module_msgs/include/op3_tuning_module_msgs/op3_tuning_module_msgs/msg/detail/joint_offset_data__type_support.h
[24.620s] -- Symlinking: /home/evan/Documents/BRONE_audio_gaze_project/install/op3_tuning_module_msgs/include/op3_tuning_module_msgs/op3_tuning_module_msgs/msg/detail/joint_offset_position_data__functions.h
[24.620s] -- Symlinking: /home/evan/Documents/BRONE_audio_gaze_project/install/op3_tuning_module_msgs/include/op3_tuning_module_msgs/op3_tuning_module_msgs/msg/detail/joint_offset_position_data__struct.h
[24.621s] -- Symlinking: /home/evan/Documents/BRONE_audio_gaze_project/install/op3_tuning_module_msgs/include/op3_tuning_module_msgs/op3_tuning_module_msgs/msg/detail/joint_offset_position_data__type_support.h
[24.621s] -- Symlinking: /home/evan/Documents/BRONE_audio_gaze_project/install/op3_tuning_module_msgs/include/op3_tuning_module_msgs/op3_tuning_module_msgs/msg/detail/joint_torque_on_off__functions.h
[24.621s] -- Symlinking: /home/evan/Documents/BRONE_audio_gaze_project/install/op3_tuning_module_msgs/include/op3_tuning_module_msgs/op3_tuning_module_msgs/msg/detail/joint_torque_on_off__struct.h
[24.621s] -- Symlinking: /home/evan/Documents/BRONE_audio_gaze_project/install/op3_tuning_module_msgs/include/op3_tuning_module_msgs/op3_tuning_module_msgs/msg/detail/joint_torque_on_off__type_support.h
[24.621s] -- Symlinking: /home/evan/Documents/BRONE_audio_gaze_project/install/op3_tuning_module_msgs/include/op3_tuning_module_msgs/op3_tuning_module_msgs/msg/detail/joint_torque_on_off_array__functions.h
[24.621s] -- Symlinking: /home/evan/Documents/BRONE_audio_gaze_project/install/op3_tuning_module_msgs/include/op3_tuning_module_msgs/op3_tuning_module_msgs/msg/detail/joint_torque_on_off_array__struct.h
[24.621s] -- Symlinking: /home/evan/Documents/BRONE_audio_gaze_project/install/op3_tuning_module_msgs/include/op3_tuning_module_msgs/op3_tuning_module_msgs/msg/detail/joint_torque_on_off_array__type_support.h
[24.621s] -- Symlinking: /home/evan/Documents/BRONE_audio_gaze_project/install/op3_tuning_module_msgs/include/op3_tuning_module_msgs/op3_tuning_module_msgs/msg/joint_offset_data.h
[24.621s] -- Symlinking: /home/evan/Documents/BRONE_audio_gaze_project/install/op3_tuning_module_msgs/include/op3_tuning_module_msgs/op3_tuning_module_msgs/msg/joint_offset_position_data.h
[24.621s] -- Symlinking: /home/evan/Documents/BRONE_audio_gaze_project/install/op3_tuning_module_msgs/include/op3_tuning_module_msgs/op3_tuning_module_msgs/msg/joint_torque_on_off.h
[24.621s] -- Symlinking: /home/evan/Documents/BRONE_audio_gaze_project/install/op3_tuning_module_msgs/include/op3_tuning_module_msgs/op3_tuning_module_msgs/msg/joint_torque_on_off_array.h
[24.621s] -- Symlinking: /home/evan/Documents/BRONE_audio_gaze_project/install/op3_tuning_module_msgs/include/op3_tuning_module_msgs/op3_tuning_module_msgs/msg/rosidl_generator_c__visibility_control.h
[24.621s] -- Symlinking: /home/evan/Documents/BRONE_audio_gaze_project/install/op3_tuning_module_msgs/include/op3_tuning_module_msgs/op3_tuning_module_msgs/srv/detail/get_present_joint_offset_data__functions.h
[24.621s] -- Symlinking: /home/evan/Documents/BRONE_audio_gaze_project/install/op3_tuning_module_msgs/include/op3_tuning_module_msgs/op3_tuning_module_msgs/srv/detail/get_present_joint_offset_data__struct.h
[24.621s] -- Symlinking: /home/evan/Documents/BRONE_audio_gaze_project/install/op3_tuning_module_msgs/include/op3_tuning_module_msgs/op3_tuning_module_msgs/srv/detail/get_present_joint_offset_data__type_support.h
[24.621s] -- Symlinking: /home/evan/Documents/BRONE_audio_gaze_project/install/op3_tuning_module_msgs/include/op3_tuning_module_msgs/op3_tuning_module_msgs/srv/get_present_joint_offset_data.h
[24.622s] -- Symlinking: /home/evan/Documents/BRONE_audio_gaze_project/install/op3_tuning_module_msgs/share/op3_tuning_module_msgs/environment/library_path.sh
[24.622s] -- Symlinking: /home/evan/Documents/BRONE_audio_gaze_project/install/op3_tuning_module_msgs/share/op3_tuning_module_msgs/environment/library_path.dsv
[24.622s] -- Symlinking: /home/evan/Documents/BRONE_audio_gaze_project/install/op3_tuning_module_msgs/include/op3_tuning_module_msgs/op3_tuning_module_msgs/msg/detail/joint_offset_data__rosidl_typesupport_fastrtps_c.h
[24.622s] -- Symlinking: /home/evan/Documents/BRONE_audio_gaze_project/install/op3_tuning_module_msgs/include/op3_tuning_module_msgs/op3_tuning_module_msgs/msg/detail/joint_offset_position_data__rosidl_typesupport_fastrtps_c.h
[24.622s] -- Symlinking: /home/evan/Documents/BRONE_audio_gaze_project/install/op3_tuning_module_msgs/include/op3_tuning_module_msgs/op3_tuning_module_msgs/msg/detail/joint_torque_on_off__rosidl_typesupport_fastrtps_c.h
[24.622s] -- Symlinking: /home/evan/Documents/BRONE_audio_gaze_project/install/op3_tuning_module_msgs/include/op3_tuning_module_msgs/op3_tuning_module_msgs/msg/detail/joint_torque_on_off_array__rosidl_typesupport_fastrtps_c.h
[24.622s] -- Symlinking: /home/evan/Documents/BRONE_audio_gaze_project/install/op3_tuning_module_msgs/include/op3_tuning_module_msgs/op3_tuning_module_msgs/msg/rosidl_typesupport_fastrtps_c__visibility_control.h
[24.622s] -- Symlinking: /home/evan/Documents/BRONE_audio_gaze_project/install/op3_tuning_module_msgs/include/op3_tuning_module_msgs/op3_tuning_module_msgs/srv/detail/get_present_joint_offset_data__rosidl_typesupport_fastrtps_c.h
[24.622s] -- Symlinking: /home/evan/Documents/BRONE_audio_gaze_project/install/op3_tuning_module_msgs/include/op3_tuning_module_msgs/op3_tuning_module_msgs/msg/detail/joint_offset_data__builder.hpp
[24.622s] -- Symlinking: /home/evan/Documents/BRONE_audio_gaze_project/install/op3_tuning_module_msgs/include/op3_tuning_module_msgs/op3_tuning_module_msgs/msg/detail/joint_offset_data__struct.hpp
[24.622s] -- Symlinking: /home/evan/Documents/BRONE_audio_gaze_project/install/op3_tuning_module_msgs/include/op3_tuning_module_msgs/op3_tuning_module_msgs/msg/detail/joint_offset_data__traits.hpp
[24.622s] -- Symlinking: /home/evan/Documents/BRONE_audio_gaze_project/install/op3_tuning_module_msgs/include/op3_tuning_module_msgs/op3_tuning_module_msgs/msg/detail/joint_offset_data__type_support.hpp
[24.622s] -- Symlinking: /home/evan/Documents/BRONE_audio_gaze_project/install/op3_tuning_module_msgs/include/op3_tuning_module_msgs/op3_tuning_module_msgs/msg/detail/joint_offset_position_data__builder.hpp
[24.622s] -- Symlinking: /home/evan/Documents/BRONE_audio_gaze_project/install/op3_tuning_module_msgs/include/op3_tuning_module_msgs/op3_tuning_module_msgs/msg/detail/joint_offset_position_data__struct.hpp
[24.622s] -- Symlinking: /home/evan/Documents/BRONE_audio_gaze_project/install/op3_tuning_module_msgs/include/op3_tuning_module_msgs/op3_tuning_module_msgs/msg/detail/joint_offset_position_data__traits.hpp
[24.622s] -- Symlinking: /home/evan/Documents/BRONE_audio_gaze_project/install/op3_tuning_module_msgs/include/op3_tuning_module_msgs/op3_tuning_module_msgs/msg/detail/joint_offset_position_data__type_support.hpp
[24.622s] -- Symlinking: /home/evan/Documents/BRONE_audio_gaze_project/install/op3_tuning_module_msgs/include/op3_tuning_module_msgs/op3_tuning_module_msgs/msg/detail/joint_torque_on_off__builder.hpp
[24.623s] -- Symlinking: /home/evan/Documents/BRONE_audio_gaze_project/install/op3_tuning_module_msgs/include/op3_tuning_module_msgs/op3_tuning_module_msgs/msg/detail/joint_torque_on_off__struct.hpp
[24.623s] -- Symlinking: /home/evan/Documents/BRONE_audio_gaze_project/install/op3_tuning_module_msgs/include/op3_tuning_module_msgs/op3_tuning_module_msgs/msg/detail/joint_torque_on_off__traits.hpp
[24.623s] -- Symlinking: /home/evan/Documents/BRONE_audio_gaze_project/install/op3_tuning_module_msgs/include/op3_tuning_module_msgs/op3_tuning_module_msgs/msg/detail/joint_torque_on_off__type_support.hpp
[24.623s] -- Symlinking: /home/evan/Documents/BRONE_audio_gaze_project/install/op3_tuning_module_msgs/include/op3_tuning_module_msgs/op3_tuning_module_msgs/msg/detail/joint_torque_on_off_array__builder.hpp
[24.623s] -- Symlinking: /home/evan/Documents/BRONE_audio_gaze_project/install/op3_tuning_module_msgs/include/op3_tuning_module_msgs/op3_tuning_module_msgs/msg/detail/joint_torque_on_off_array__struct.hpp
[24.623s] -- Symlinking: /home/evan/Documents/BRONE_audio_gaze_project/install/op3_tuning_module_msgs/include/op3_tuning_module_msgs/op3_tuning_module_msgs/msg/detail/joint_torque_on_off_array__traits.hpp
[24.623s] -- Symlinking: /home/evan/Documents/BRONE_audio_gaze_project/install/op3_tuning_module_msgs/include/op3_tuning_module_msgs/op3_tuning_module_msgs/msg/detail/joint_torque_on_off_array__type_support.hpp
[24.623s] -- Symlinking: /home/evan/Documents/BRONE_audio_gaze_project/install/op3_tuning_module_msgs/include/op3_tuning_module_msgs/op3_tuning_module_msgs/msg/joint_offset_data.hpp
[24.623s] -- Symlinking: /home/evan/Documents/BRONE_audio_gaze_project/install/op3_tuning_module_msgs/include/op3_tuning_module_msgs/op3_tuning_module_msgs/msg/joint_offset_position_data.hpp
[24.623s] -- Symlinking: /home/evan/Documents/BRONE_audio_gaze_project/install/op3_tuning_module_msgs/include/op3_tuning_module_msgs/op3_tuning_module_msgs/msg/joint_torque_on_off.hpp
[24.623s] -- Symlinking: /home/evan/Documents/BRONE_audio_gaze_project/install/op3_tuning_module_msgs/include/op3_tuning_module_msgs/op3_tuning_module_msgs/msg/joint_torque_on_off_array.hpp
[24.623s] -- Symlinking: /home/evan/Documents/BRONE_audio_gaze_project/install/op3_tuning_module_msgs/include/op3_tuning_module_msgs/op3_tuning_module_msgs/msg/rosidl_generator_cpp__visibility_control.hpp
[24.623s] -- Symlinking: /home/evan/Documents/BRONE_audio_gaze_project/install/op3_tuning_module_msgs/include/op3_tuning_module_msgs/op3_tuning_module_msgs/srv/detail/get_present_joint_offset_data__builder.hpp
[24.623s] -- Symlinking: /home/evan/Documents/BRONE_audio_gaze_project/install/op3_tuning_module_msgs/include/op3_tuning_module_msgs/op3_tuning_module_msgs/srv/detail/get_present_joint_offset_data__struct.hpp
[24.623s] -- Symlinking: /home/evan/Documents/BRONE_audio_gaze_project/install/op3_tuning_module_msgs/include/op3_tuning_module_msgs/op3_tuning_module_msgs/srv/detail/get_present_joint_offset_data__traits.hpp
[24.623s] -- Symlinking: /home/evan/Documents/BRONE_audio_gaze_project/install/op3_tuning_module_msgs/include/op3_tuning_module_msgs/op3_tuning_module_msgs/srv/detail/get_present_joint_offset_data__type_support.hpp
[24.623s] -- Symlinking: /home/evan/Documents/BRONE_audio_gaze_project/install/op3_tuning_module_msgs/include/op3_tuning_module_msgs/op3_tuning_module_msgs/srv/get_present_joint_offset_data.hpp
[24.624s] -- Symlinking: /home/evan/Documents/BRONE_audio_gaze_project/install/op3_tuning_module_msgs/include/op3_tuning_module_msgs/op3_tuning_module_msgs/msg/detail/joint_offset_data__rosidl_typesupport_fastrtps_cpp.hpp
[24.627s] -- Symlinking: /home/evan/Documents/BRONE_audio_gaze_project/install/op3_tuning_module_msgs/include/op3_tuning_module_msgs/op3_tuning_module_msgs/msg/detail/joint_offset_position_data__rosidl_typesupport_fastrtps_cpp.hpp
[24.627s] -- Symlinking: /home/evan/Documents/BRONE_audio_gaze_project/install/op3_tuning_module_msgs/include/op3_tuning_module_msgs/op3_tuning_module_msgs/msg/detail/joint_torque_on_off__rosidl_typesupport_fastrtps_cpp.hpp
[24.627s] -- Symlinking: /home/evan/Documents/BRONE_audio_gaze_project/install/op3_tuning_module_msgs/include/op3_tuning_module_msgs/op3_tuning_module_msgs/msg/detail/joint_torque_on_off_array__rosidl_typesupport_fastrtps_cpp.hpp
[24.627s] -- Symlinking: /home/evan/Documents/BRONE_audio_gaze_project/install/op3_tuning_module_msgs/include/op3_tuning_module_msgs/op3_tuning_module_msgs/msg/rosidl_typesupport_fastrtps_cpp__visibility_control.h
[24.627s] -- Symlinking: /home/evan/Documents/BRONE_audio_gaze_project/install/op3_tuning_module_msgs/include/op3_tuning_module_msgs/op3_tuning_module_msgs/srv/detail/get_present_joint_offset_data__rosidl_typesupport_fastrtps_cpp.hpp
[24.627s] -- Symlinking: /home/evan/Documents/BRONE_audio_gaze_project/install/op3_tuning_module_msgs/include/op3_tuning_module_msgs/op3_tuning_module_msgs/msg/detail/joint_offset_data__rosidl_typesupport_introspection_c.h
[24.627s] -- Symlinking: /home/evan/Documents/BRONE_audio_gaze_project/install/op3_tuning_module_msgs/include/op3_tuning_module_msgs/op3_tuning_module_msgs/msg/detail/joint_offset_position_data__rosidl_typesupport_introspection_c.h
[24.628s] -- Symlinking: /home/evan/Documents/BRONE_audio_gaze_project/install/op3_tuning_module_msgs/include/op3_tuning_module_msgs/op3_tuning_module_msgs/msg/detail/joint_torque_on_off__rosidl_typesupport_introspection_c.h
[24.628s] -- Symlinking: /home/evan/Documents/BRONE_audio_gaze_project/install/op3_tuning_module_msgs/include/op3_tuning_module_msgs/op3_tuning_module_msgs/msg/detail/joint_torque_on_off_array__rosidl_typesupport_introspection_c.h
[24.628s] -- Symlinking: /home/evan/Documents/BRONE_audio_gaze_project/install/op3_tuning_module_msgs/include/op3_tuning_module_msgs/op3_tuning_module_msgs/msg/rosidl_typesupport_introspection_c__visibility_control.h
[24.632s] -- Symlinking: /home/evan/Documents/BRONE_audio_gaze_project/install/op3_tuning_module_msgs/include/op3_tuning_module_msgs/op3_tuning_module_msgs/srv/detail/get_present_joint_offset_data__rosidl_typesupport_introspection_c.h
[24.646s] -- Symlinking: /home/evan/Documents/BRONE_audio_gaze_project/install/op3_tuning_module_msgs/include/op3_tuning_module_msgs/op3_tuning_module_msgs/msg/detail/joint_offset_data__rosidl_typesupport_introspection_cpp.hpp
[24.666s] -- Symlinking: /home/evan/Documents/BRONE_audio_gaze_project/install/op3_tuning_module_msgs/include/op3_tuning_module_msgs/op3_tuning_module_msgs/msg/detail/joint_offset_position_data__rosidl_typesupport_introspection_cpp.hpp
[24.679s] -- Symlinking: /home/evan/Documents/BRONE_audio_gaze_project/install/op3_tuning_module_msgs/include/op3_tuning_module_msgs/op3_tuning_module_msgs/msg/detail/joint_torque_on_off__rosidl_typesupport_introspection_cpp.hpp
[24.693s] -- Symlinking: /home/evan/Documents/BRONE_audio_gaze_project/install/op3_tuning_module_msgs/include/op3_tuning_module_msgs/op3_tuning_module_msgs/msg/detail/joint_torque_on_off_array__rosidl_typesupport_introspection_cpp.hpp
[24.709s] -- Symlinking: /home/evan/Documents/BRONE_audio_gaze_project/install/op3_tuning_module_msgs/include/op3_tuning_module_msgs/op3_tuning_module_msgs/srv/detail/get_present_joint_offset_data__rosidl_typesupport_introspection_cpp.hpp
[24.722s] -- Symlinking: /home/evan/Documents/BRONE_audio_gaze_project/install/op3_tuning_module_msgs/share/op3_tuning_module_msgs/environment/pythonpath.sh
[24.736s] -- Symlinking: /home/evan/Documents/BRONE_audio_gaze_project/install/op3_tuning_module_msgs/share/op3_tuning_module_msgs/environment/pythonpath.dsv
[24.767s] -- Symlinking: /home/evan/Documents/BRONE_audio_gaze_project/install/op3_tuning_module_msgs/local/lib/python3.10/dist-packages/op3_tuning_module_msgs-0.0.1-py3.10.egg-info/PKG-INFO
[24.792s] -- Symlinking: /home/evan/Documents/BRONE_audio_gaze_project/install/op3_tuning_module_msgs/local/lib/python3.10/dist-packages/op3_tuning_module_msgs-0.0.1-py3.10.egg-info/SOURCES.txt
[24.815s] -- Symlinking: /home/evan/Documents/BRONE_audio_gaze_project/install/op3_tuning_module_msgs/local/lib/python3.10/dist-packages/op3_tuning_module_msgs-0.0.1-py3.10.egg-info/dependency_links.txt
[24.845s] -- Symlinking: /home/evan/Documents/BRONE_audio_gaze_project/install/op3_tuning_module_msgs/local/lib/python3.10/dist-packages/op3_tuning_module_msgs-0.0.1-py3.10.egg-info/top_level.txt
[24.869s] -- Symlinking: /home/evan/Documents/BRONE_audio_gaze_project/install/op3_tuning_module_msgs/local/lib/python3.10/dist-packages/op3_tuning_module_msgs/__init__.py
[24.882s] -- Symlinking: /home/evan/Documents/BRONE_audio_gaze_project/install/op3_tuning_module_msgs/local/lib/python3.10/dist-packages/op3_tuning_module_msgs/_op3_tuning_module_msgs_s.ep.rosidl_typesupport_c.c
[24.902s] -- Symlinking: /home/evan/Documents/BRONE_audio_gaze_project/install/op3_tuning_module_msgs/local/lib/python3.10/dist-packages/op3_tuning_module_msgs/_op3_tuning_module_msgs_s.ep.rosidl_typesupport_fastrtps_c.c
[24.929s] -- Symlinking: /home/evan/Documents/BRONE_audio_gaze_project/install/op3_tuning_module_msgs/local/lib/python3.10/dist-packages/op3_tuning_module_msgs/_op3_tuning_module_msgs_s.ep.rosidl_typesupport_introspection_c.c
[24.955s] -- Symlinking: /home/evan/Documents/BRONE_audio_gaze_project/install/op3_tuning_module_msgs/local/lib/python3.10/dist-packages/op3_tuning_module_msgs/libop3_tuning_module_msgs__rosidl_generator_py.so
[24.977s] -- Symlinking: /home/evan/Documents/BRONE_audio_gaze_project/install/op3_tuning_module_msgs/local/lib/python3.10/dist-packages/op3_tuning_module_msgs/msg/__init__.py
[25.003s] -- Symlinking: /home/evan/Documents/BRONE_audio_gaze_project/install/op3_tuning_module_msgs/local/lib/python3.10/dist-packages/op3_tuning_module_msgs/msg/_joint_offset_data.py
[25.030s] -- Symlinking: /home/evan/Documents/BRONE_audio_gaze_project/install/op3_tuning_module_msgs/local/lib/python3.10/dist-packages/op3_tuning_module_msgs/msg/_joint_offset_data_s.c
[25.056s] -- Symlinking: /home/evan/Documents/BRONE_audio_gaze_project/install/op3_tuning_module_msgs/local/lib/python3.10/dist-packages/op3_tuning_module_msgs/msg/_joint_offset_position_data.py
[25.082s] -- Symlinking: /home/evan/Documents/BRONE_audio_gaze_project/install/op3_tuning_module_msgs/local/lib/python3.10/dist-packages/op3_tuning_module_msgs/msg/_joint_offset_position_data_s.c
[25.101s] -- Symlinking: /home/evan/Documents/BRONE_audio_gaze_project/install/op3_tuning_module_msgs/local/lib/python3.10/dist-packages/op3_tuning_module_msgs/msg/_joint_torque_on_off.py
[25.115s] -- Symlinking: /home/evan/Documents/BRONE_audio_gaze_project/install/op3_tuning_module_msgs/local/lib/python3.10/dist-packages/op3_tuning_module_msgs/msg/_joint_torque_on_off_array.py
[25.128s] -- Symlinking: /home/evan/Documents/BRONE_audio_gaze_project/install/op3_tuning_module_msgs/local/lib/python3.10/dist-packages/op3_tuning_module_msgs/msg/_joint_torque_on_off_array_s.c
[25.140s] -- Symlinking: /home/evan/Documents/BRONE_audio_gaze_project/install/op3_tuning_module_msgs/local/lib/python3.10/dist-packages/op3_tuning_module_msgs/msg/_joint_torque_on_off_s.c
[25.156s] -- Symlinking: /home/evan/Documents/BRONE_audio_gaze_project/install/op3_tuning_module_msgs/local/lib/python3.10/dist-packages/op3_tuning_module_msgs/op3_tuning_module_msgs_s__rosidl_typesupport_c.cpython-310-x86_64-linux-gnu.so
[25.167s] -- Symlinking: /home/evan/Documents/BRONE_audio_gaze_project/install/op3_tuning_module_msgs/local/lib/python3.10/dist-packages/op3_tuning_module_msgs/op3_tuning_module_msgs_s__rosidl_typesupport_fastrtps_c.cpython-310-x86_64-linux-gnu.so
[25.180s] -- Symlinking: /home/evan/Documents/BRONE_audio_gaze_project/install/op3_tuning_module_msgs/local/lib/python3.10/dist-packages/op3_tuning_module_msgs/op3_tuning_module_msgs_s__rosidl_typesupport_introspection_c.cpython-310-x86_64-linux-gnu.so
[25.189s] -- Symlinking: /home/evan/Documents/BRONE_audio_gaze_project/install/op3_tuning_module_msgs/local/lib/python3.10/dist-packages/op3_tuning_module_msgs/srv/__init__.py
[25.200s] -- Symlinking: /home/evan/Documents/BRONE_audio_gaze_project/install/op3_tuning_module_msgs/local/lib/python3.10/dist-packages/op3_tuning_module_msgs/srv/_get_present_joint_offset_data.py
[25.210s] -- Symlinking: /home/evan/Documents/BRONE_audio_gaze_project/install/op3_tuning_module_msgs/local/lib/python3.10/dist-packages/op3_tuning_module_msgs/srv/_get_present_joint_offset_data_s.c
[25.233s] -- Up-to-date symlink: /home/evan/Documents/BRONE_audio_gaze_project/install/op3_tuning_module_msgs/local/lib/python3.10/dist-packages/op3_tuning_module_msgs/op3_tuning_module_msgs_s__rosidl_typesupport_fastrtps_c.cpython-310-x86_64-linux-gnu.so
[25.233s] -- Up-to-date symlink: /home/evan/Documents/BRONE_audio_gaze_project/install/op3_tuning_module_msgs/local/lib/python3.10/dist-packages/op3_tuning_module_msgs/op3_tuning_module_msgs_s__rosidl_typesupport_introspection_c.cpython-310-x86_64-linux-gnu.so
[25.234s] -- Up-to-date symlink: /home/evan/Documents/BRONE_audio_gaze_project/install/op3_tuning_module_msgs/local/lib/python3.10/dist-packages/op3_tuning_module_msgs/op3_tuning_module_msgs_s__rosidl_typesupport_c.cpython-310-x86_64-linux-gnu.so
[25.234s] -- Symlinking: /home/evan/Documents/BRONE_audio_gaze_project/install/op3_tuning_module_msgs/share/ament_index/resource_index/rust_packages/op3_tuning_module_msgs
[25.242s] -- Symlinking: /home/evan/Documents/BRONE_audio_gaze_project/install/op3_tuning_module_msgs/share/op3_tuning_module_msgs/rust/Cargo.toml
[25.255s] -- Symlinking: /home/evan/Documents/BRONE_audio_gaze_project/install/op3_tuning_module_msgs/share/op3_tuning_module_msgs/rust/build.rs
[25.267s] -- Symlinking: /home/evan/Documents/BRONE_audio_gaze_project/install/op3_tuning_module_msgs/share/op3_tuning_module_msgs/rust/src/lib.rs
[25.278s] -- Symlinking: /home/evan/Documents/BRONE_audio_gaze_project/install/op3_tuning_module_msgs/share/op3_tuning_module_msgs/rust/src/msg.rs
[25.288s] -- Symlinking: /home/evan/Documents/BRONE_audio_gaze_project/install/op3_tuning_module_msgs/share/op3_tuning_module_msgs/rust/src/msg/rmw.rs
[25.300s] -- Symlinking: /home/evan/Documents/BRONE_audio_gaze_project/install/op3_tuning_module_msgs/share/op3_tuning_module_msgs/rust/src/srv.rs
[25.312s] -- Symlinking: /home/evan/Documents/BRONE_audio_gaze_project/install/op3_tuning_module_msgs/share/op3_tuning_module_msgs/rust/src/srv/rmw.rs
[25.324s] -- Symlinking: /home/evan/Documents/BRONE_audio_gaze_project/install/op3_tuning_module_msgs/share/op3_tuning_module_msgs/msg/JointOffsetData.idl
[25.335s] -- Symlinking: /home/evan/Documents/BRONE_audio_gaze_project/install/op3_tuning_module_msgs/share/op3_tuning_module_msgs/msg/JointOffsetPositionData.idl
[25.346s] -- Symlinking: /home/evan/Documents/BRONE_audio_gaze_project/install/op3_tuning_module_msgs/share/op3_tuning_module_msgs/msg/JointTorqueOnOff.idl
[25.357s] -- Symlinking: /home/evan/Documents/BRONE_audio_gaze_project/install/op3_tuning_module_msgs/share/op3_tuning_module_msgs/msg/JointTorqueOnOffArray.idl
[25.368s] -- Symlinking: /home/evan/Documents/BRONE_audio_gaze_project/install/op3_tuning_module_msgs/share/op3_tuning_module_msgs/srv/GetPresentJointOffsetData.idl
[25.378s] -- Symlinking: /home/evan/Documents/BRONE_audio_gaze_project/install/op3_tuning_module_msgs/share/op3_tuning_module_msgs/msg/JointOffsetData.msg
[25.388s] -- Symlinking: /home/evan/Documents/BRONE_audio_gaze_project/install/op3_tuning_module_msgs/share/op3_tuning_module_msgs/msg/JointOffsetPositionData.msg
[25.402s] -- Symlinking: /home/evan/Documents/BRONE_audio_gaze_project/install/op3_tuning_module_msgs/share/op3_tuning_module_msgs/msg/JointTorqueOnOff.msg
[25.410s] -- Symlinking: /home/evan/Documents/BRONE_audio_gaze_project/install/op3_tuning_module_msgs/share/op3_tuning_module_msgs/msg/JointTorqueOnOffArray.msg
[25.421s] -- Symlinking: /home/evan/Documents/BRONE_audio_gaze_project/install/op3_tuning_module_msgs/share/op3_tuning_module_msgs/srv/GetPresentJointOffsetData.srv
[25.432s] -- Symlinking: /home/evan/Documents/BRONE_audio_gaze_project/install/op3_tuning_module_msgs/share/op3_tuning_module_msgs/srv/GetPresentJointOffsetData_Request.msg
[25.442s] -- Symlinking: /home/evan/Documents/BRONE_audio_gaze_project/install/op3_tuning_module_msgs/share/op3_tuning_module_msgs/srv/GetPresentJointOffsetData_Response.msg
[25.452s] -- Symlinking: /home/evan/Documents/BRONE_audio_gaze_project/install/op3_tuning_module_msgs/share/ament_index/resource_index/package_run_dependencies/op3_tuning_module_msgs
[25.465s] -- Symlinking: /home/evan/Documents/BRONE_audio_gaze_project/install/op3_tuning_module_msgs/share/ament_index/resource_index/parent_prefix_path/op3_tuning_module_msgs
[25.474s] -- Symlinking: /home/evan/Documents/BRONE_audio_gaze_project/install/op3_tuning_module_msgs/share/op3_tuning_module_msgs/environment/ament_prefix_path.sh
[25.485s] -- Symlinking: /home/evan/Documents/BRONE_audio_gaze_project/install/op3_tuning_module_msgs/share/op3_tuning_module_msgs/environment/ament_prefix_path.dsv
[25.496s] -- Symlinking: /home/evan/Documents/BRONE_audio_gaze_project/install/op3_tuning_module_msgs/share/op3_tuning_module_msgs/environment/path.sh
[25.509s] -- Symlinking: /home/evan/Documents/BRONE_audio_gaze_project/install/op3_tuning_module_msgs/share/op3_tuning_module_msgs/environment/path.dsv
[25.525s] -- Symlinking: /home/evan/Documents/BRONE_audio_gaze_project/install/op3_tuning_module_msgs/share/op3_tuning_module_msgs/local_setup.bash
[25.536s] -- Symlinking: /home/evan/Documents/BRONE_audio_gaze_project/install/op3_tuning_module_msgs/share/op3_tuning_module_msgs/local_setup.sh
[25.583s] -- Symlinking: /home/evan/Documents/BRONE_audio_gaze_project/install/op3_tuning_module_msgs/share/op3_tuning_module_msgs/local_setup.zsh
[25.590s] -- Symlinking: /home/evan/Documents/BRONE_audio_gaze_project/install/op3_tuning_module_msgs/share/op3_tuning_module_msgs/local_setup.dsv
[25.594s] -- Symlinking: /home/evan/Documents/BRONE_audio_gaze_project/install/op3_tuning_module_msgs/share/op3_tuning_module_msgs/package.dsv
[25.595s] -- Symlinking: /home/evan/Documents/BRONE_audio_gaze_project/install/op3_tuning_module_msgs/share/ament_index/resource_index/packages/op3_tuning_module_msgs
[25.606s] -- Symlinking: /home/evan/Documents/BRONE_audio_gaze_project/install/op3_tuning_module_msgs/share/op3_tuning_module_msgs/cmake/rosidl_cmake-extras.cmake
[25.626s] -- Symlinking: /home/evan/Documents/BRONE_audio_gaze_project/install/op3_tuning_module_msgs/share/op3_tuning_module_msgs/cmake/ament_cmake_export_dependencies-extras.cmake
[25.638s] -- Symlinking: /home/evan/Documents/BRONE_audio_gaze_project/install/op3_tuning_module_msgs/share/op3_tuning_module_msgs/cmake/ament_cmake_export_include_directories-extras.cmake
[25.650s] -- Symlinking: /home/evan/Documents/BRONE_audio_gaze_project/install/op3_tuning_module_msgs/share/op3_tuning_module_msgs/cmake/ament_cmake_export_libraries-extras.cmake
[25.660s] -- Symlinking: /home/evan/Documents/BRONE_audio_gaze_project/install/op3_tuning_module_msgs/share/op3_tuning_module_msgs/cmake/ament_cmake_export_targets-extras.cmake
[25.676s] -- Symlinking: /home/evan/Documents/BRONE_audio_gaze_project/install/op3_tuning_module_msgs/share/op3_tuning_module_msgs/cmake/rosidl_cmake_export_typesupport_targets-extras.cmake
[25.691s] -- Symlinking: /home/evan/Documents/BRONE_audio_gaze_project/install/op3_tuning_module_msgs/share/op3_tuning_module_msgs/cmake/rosidl_cmake_export_typesupport_libraries-extras.cmake
[25.704s] -- Symlinking: /home/evan/Documents/BRONE_audio_gaze_project/install/op3_tuning_module_msgs/share/op3_tuning_module_msgs/cmake/op3_tuning_module_msgsConfig.cmake
[25.716s] -- Symlinking: /home/evan/Documents/BRONE_audio_gaze_project/install/op3_tuning_module_msgs/share/op3_tuning_module_msgs/cmake/op3_tuning_module_msgsConfig-version.cmake
[25.728s] -- Symlinking: /home/evan/Documents/BRONE_audio_gaze_project/install/op3_tuning_module_msgs/share/op3_tuning_module_msgs/package.xml
[25.739s] -- Installing: /home/evan/Documents/BRONE_audio_gaze_project/install/op3_tuning_module_msgs/lib/libop3_tuning_module_msgs__rosidl_generator_c.so
[25.739s] -- Set runtime path of "/home/evan/Documents/BRONE_audio_gaze_project/install/op3_tuning_module_msgs/lib/libop3_tuning_module_msgs__rosidl_generator_c.so" to ""
[25.740s] -- Installing: /home/evan/Documents/BRONE_audio_gaze_project/install/op3_tuning_module_msgs/lib/libop3_tuning_module_msgs__rosidl_typesupport_fastrtps_c.so
[25.740s] -- Set runtime path of "/home/evan/Documents/BRONE_audio_gaze_project/install/op3_tuning_module_msgs/lib/libop3_tuning_module_msgs__rosidl_typesupport_fastrtps_c.so" to ""
[25.740s] -- Installing: /home/evan/Documents/BRONE_audio_gaze_project/install/op3_tuning_module_msgs/lib/libop3_tuning_module_msgs__rosidl_typesupport_fastrtps_cpp.so
[25.740s] -- Set runtime path of "/home/evan/Documents/BRONE_audio_gaze_project/install/op3_tuning_module_msgs/lib/libop3_tuning_module_msgs__rosidl_typesupport_fastrtps_cpp.so" to ""
[25.740s] -- Installing: /home/evan/Documents/BRONE_audio_gaze_project/install/op3_tuning_module_msgs/lib/libop3_tuning_module_msgs__rosidl_typesupport_introspection_c.so
[25.741s] -- Set runtime path of "/home/evan/Documents/BRONE_audio_gaze_project/install/op3_tuning_module_msgs/lib/libop3_tuning_module_msgs__rosidl_typesupport_introspection_c.so" to ""
[25.741s] -- Installing: /home/evan/Documents/BRONE_audio_gaze_project/install/op3_tuning_module_msgs/lib/libop3_tuning_module_msgs__rosidl_typesupport_c.so
[25.741s] -- Set runtime path of "/home/evan/Documents/BRONE_audio_gaze_project/install/op3_tuning_module_msgs/lib/libop3_tuning_module_msgs__rosidl_typesupport_c.so" to ""
[25.741s] -- Installing: /home/evan/Documents/BRONE_audio_gaze_project/install/op3_tuning_module_msgs/lib/libop3_tuning_module_msgs__rosidl_typesupport_introspection_cpp.so
[25.741s] -- Set runtime path of "/home/evan/Documents/BRONE_audio_gaze_project/install/op3_tuning_module_msgs/lib/libop3_tuning_module_msgs__rosidl_typesupport_introspection_cpp.so" to ""
[25.741s] -- Installing: /home/evan/Documents/BRONE_audio_gaze_project/install/op3_tuning_module_msgs/lib/libop3_tuning_module_msgs__rosidl_typesupport_cpp.so
[25.742s] -- Set runtime path of "/home/evan/Documents/BRONE_audio_gaze_project/install/op3_tuning_module_msgs/lib/libop3_tuning_module_msgs__rosidl_typesupport_cpp.so" to ""
[25.792s] Listing '/home/evan/Documents/BRONE_audio_gaze_project/install/op3_tuning_module_msgs/local/lib/python3.10/dist-packages/op3_tuning_module_msgs'...
[25.792s] Compiling '/home/evan/Documents/BRONE_audio_gaze_project/install/op3_tuning_module_msgs/local/lib/python3.10/dist-packages/op3_tuning_module_msgs/__init__.py'...
[25.792s] Listing '/home/evan/Documents/BRONE_audio_gaze_project/install/op3_tuning_module_msgs/local/lib/python3.10/dist-packages/op3_tuning_module_msgs/msg'...
[25.792s] Compiling '/home/evan/Documents/BRONE_audio_gaze_project/install/op3_tuning_module_msgs/local/lib/python3.10/dist-packages/op3_tuning_module_msgs/msg/__init__.py'...
[25.792s] Compiling '/home/evan/Documents/BRONE_audio_gaze_project/install/op3_tuning_module_msgs/local/lib/python3.10/dist-packages/op3_tuning_module_msgs/msg/_joint_offset_data.py'...
[25.792s] Compiling '/home/evan/Documents/BRONE_audio_gaze_project/install/op3_tuning_module_msgs/local/lib/python3.10/dist-packages/op3_tuning_module_msgs/msg/_joint_offset_position_data.py'...
[25.792s] Compiling '/home/evan/Documents/BRONE_audio_gaze_project/install/op3_tuning_module_msgs/local/lib/python3.10/dist-packages/op3_tuning_module_msgs/msg/_joint_torque_on_off.py'...
[25.792s] Compiling '/home/evan/Documents/BRONE_audio_gaze_project/install/op3_tuning_module_msgs/local/lib/python3.10/dist-packages/op3_tuning_module_msgs/msg/_joint_torque_on_off_array.py'...
[25.792s] Listing '/home/evan/Documents/BRONE_audio_gaze_project/install/op3_tuning_module_msgs/local/lib/python3.10/dist-packages/op3_tuning_module_msgs/srv'...
[25.792s] Compiling '/home/evan/Documents/BRONE_audio_gaze_project/install/op3_tuning_module_msgs/local/lib/python3.10/dist-packages/op3_tuning_module_msgs/srv/__init__.py'...
[25.792s] Compiling '/home/evan/Documents/BRONE_audio_gaze_project/install/op3_tuning_module_msgs/local/lib/python3.10/dist-packages/op3_tuning_module_msgs/srv/_get_present_joint_offset_data.py'...
[25.799s] -- Installing: /home/evan/Documents/BRONE_audio_gaze_project/install/op3_tuning_module_msgs/lib/libop3_tuning_module_msgs__rosidl_generator_py.so
[25.799s] -- Set runtime path of "/home/evan/Documents/BRONE_audio_gaze_project/install/op3_tuning_module_msgs/lib/libop3_tuning_module_msgs__rosidl_generator_py.so" to ""
[25.799s] -- Installing: /home/evan/Documents/BRONE_audio_gaze_project/install/op3_tuning_module_msgs/share/op3_tuning_module_msgs/cmake/export_op3_tuning_module_msgs__rosidl_generator_cExport.cmake
[25.799s] -- Installing: /home/evan/Documents/BRONE_audio_gaze_project/install/op3_tuning_module_msgs/share/op3_tuning_module_msgs/cmake/export_op3_tuning_module_msgs__rosidl_generator_cExport-noconfig.cmake
[25.799s] -- Installing: /home/evan/Documents/BRONE_audio_gaze_project/install/op3_tuning_module_msgs/share/op3_tuning_module_msgs/cmake/export_op3_tuning_module_msgs__rosidl_typesupport_fastrtps_cExport.cmake
[25.799s] -- Installing: /home/evan/Documents/BRONE_audio_gaze_project/install/op3_tuning_module_msgs/share/op3_tuning_module_msgs/cmake/export_op3_tuning_module_msgs__rosidl_typesupport_fastrtps_cExport-noconfig.cmake
[25.800s] -- Installing: /home/evan/Documents/BRONE_audio_gaze_project/install/op3_tuning_module_msgs/share/op3_tuning_module_msgs/cmake/export_op3_tuning_module_msgs__rosidl_generator_cppExport.cmake
[25.800s] -- Installing: /home/evan/Documents/BRONE_audio_gaze_project/install/op3_tuning_module_msgs/share/op3_tuning_module_msgs/cmake/export_op3_tuning_module_msgs__rosidl_typesupport_fastrtps_cppExport.cmake
[25.800s] -- Installing: /home/evan/Documents/BRONE_audio_gaze_project/install/op3_tuning_module_msgs/share/op3_tuning_module_msgs/cmake/export_op3_tuning_module_msgs__rosidl_typesupport_fastrtps_cppExport-noconfig.cmake
[25.801s] -- Installing: /home/evan/Documents/BRONE_audio_gaze_project/install/op3_tuning_module_msgs/share/op3_tuning_module_msgs/cmake/op3_tuning_module_msgs__rosidl_typesupport_introspection_cExport.cmake
[25.801s] -- Installing: /home/evan/Documents/BRONE_audio_gaze_project/install/op3_tuning_module_msgs/share/op3_tuning_module_msgs/cmake/op3_tuning_module_msgs__rosidl_typesupport_introspection_cExport-noconfig.cmake
[25.802s] -- Installing: /home/evan/Documents/BRONE_audio_gaze_project/install/op3_tuning_module_msgs/share/op3_tuning_module_msgs/cmake/op3_tuning_module_msgs__rosidl_typesupport_cExport.cmake
[25.802s] -- Installing: /home/evan/Documents/BRONE_audio_gaze_project/install/op3_tuning_module_msgs/share/op3_tuning_module_msgs/cmake/op3_tuning_module_msgs__rosidl_typesupport_cExport-noconfig.cmake
[25.802s] -- Installing: /home/evan/Documents/BRONE_audio_gaze_project/install/op3_tuning_module_msgs/share/op3_tuning_module_msgs/cmake/op3_tuning_module_msgs__rosidl_typesupport_introspection_cppExport.cmake
[25.803s] -- Installing: /home/evan/Documents/BRONE_audio_gaze_project/install/op3_tuning_module_msgs/share/op3_tuning_module_msgs/cmake/op3_tuning_module_msgs__rosidl_typesupport_introspection_cppExport-noconfig.cmake
[25.806s] -- Installing: /home/evan/Documents/BRONE_audio_gaze_project/install/op3_tuning_module_msgs/share/op3_tuning_module_msgs/cmake/op3_tuning_module_msgs__rosidl_typesupport_cppExport.cmake
[25.806s] -- Installing: /home/evan/Documents/BRONE_audio_gaze_project/install/op3_tuning_module_msgs/share/op3_tuning_module_msgs/cmake/op3_tuning_module_msgs__rosidl_typesupport_cppExport-noconfig.cmake
[25.807s] -- Installing: /home/evan/Documents/BRONE_audio_gaze_project/install/op3_tuning_module_msgs/share/op3_tuning_module_msgs/cmake/export_op3_tuning_module_msgs__rosidl_generator_pyExport.cmake
[25.807s] -- Installing: /home/evan/Documents/BRONE_audio_gaze_project/install/op3_tuning_module_msgs/share/op3_tuning_module_msgs/cmake/export_op3_tuning_module_msgs__rosidl_generator_pyExport-noconfig.cmake
[25.822s] Invoked command in '/home/evan/Documents/BRONE_audio_gaze_project/build/op3_tuning_module_msgs' returned '0': CMAKE_PREFIX_PATH=${CMAKE_PREFIX_PATH}:/home/evan/Documents/BRONE_audio_gaze_project/install/algo_gaze:/home/evan/Documents/BRONE_audio_gaze_project/install/brone_gaze:/opt/ros/humble /usr/bin/cmake --install /home/evan/Documents/BRONE_audio_gaze_project/build/op3_tuning_module_msgs
